<?xml version="1.0" encoding="UTF-8" ?>
<testsuites name="vitest tests" tests="5520" failures="0" errors="0" time="169.737996708">
    <testsuite name="src/build-version.spec.ts" timestamp="2026-09-01T22:49:41.589Z" hostname="dhcp-172-27-096-224.mobile.uci.edu" tests="10" failures="0" errors="0" skipped="0" time="0.002831458">
        <testcase classname="src/build-version.spec.ts" name="build-version: renderVersionArtifacts &gt; with an explicit build number (deterministic) &gt; embeds both the build number and version into version.prod.ts" time="0.000453417">
        </testcase>
        <testcase classname="src/build-version.spec.ts" name="build-version: renderVersionArtifacts &gt; with an explicit build number (deterministic) &gt; marks version.prod.ts as auto-generated so it is not hand-edited" time="0.000132334">
        </testcase>
        <testcase classname="src/build-version.spec.ts" name="build-version: renderVersionArtifacts &gt; with an explicit build number (deterministic) &gt; produces a manifest that the running app can parse, carrying the same build number" time="0.000114917">
        </testcase>
        <testcase classname="src/build-version.spec.ts" name="build-version: renderVersionArtifacts &gt; with an explicit build number (deterministic) &gt; keeps the bundle&apos;s build number and the manifest&apos;s build number identical (the comparison the service relies on)" time="0.00007625">
        </testcase>
        <testcase classname="src/build-version.spec.ts" name="build-version: renderVersionArtifacts &gt; with an explicit build number (deterministic) &gt; emits a TypeScript module that can be evaluated to the expected Version object" time="0.000087291">
        </testcase>
        <testcase classname="src/build-version.spec.ts" name="build-version: renderVersionArtifacts &gt; string-safety of interpolated values &gt; JSON-escapes a version containing quotes so the generated module stays valid" time="0.000076125">
        </testcase>
        <testcase classname="src/build-version.spec.ts" name="build-version: renderVersionArtifacts &gt; with a generated build number (default argument) &gt; derives a non-empty build number from the version when none is supplied" time="0.000146083">
        </testcase>
        <testcase classname="src/build-version.spec.ts" name="build-version: main() &gt; sends the bundle constant and the manifest to the two paths the prod build reads" time="0.001133208">
        </testcase>
        <testcase classname="src/build-version.spec.ts" name="build-version: main() &gt; announces the build number it produced" time="0.00024225">
        </testcase>
        <testcase classname="src/build-version.spec.ts" name="build-version: main() &gt; writes nothing when the script is merely required rather than run" time="0.000126334">
        </testcase>
    </testsuite>
    <testsuite name="src/test-zone-setup.spec.ts" timestamp="2026-09-01T22:49:41.590Z" hostname="dhcp-172-27-096-224.mobile.uci.edu" tests="3" failures="0" errors="0" skipped="0" time="0.001080833">
        <testcase classname="src/test-zone-setup.spec.ts" name="test-zone-setup &gt; runs each spec body inside a ProxyZone forked directly from the root zone" time="0.000264834">
        </testcase>
        <testcase classname="src/test-zone-setup.spec.ts" name="test-zone-setup &gt; supports fakeAsync, which requires an active ProxyZone" time="0.000275083">
        </testcase>
        <testcase classname="src/test-zone-setup.spec.ts" name="test-zone-setup &gt; supports waitForAsync, which requires an active ProxyZone" time="0.000425334">
        </testcase>
    </testsuite>
    <testsuite name="src/app/app.component.spec.ts" timestamp="2026-09-01T22:49:41.590Z" hostname="dhcp-172-27-096-224.mobile.uci.edu" tests="9" failures="0" errors="0" skipped="0" time="0.029358125">
        <testcase classname="src/app/app.component.spec.ts" name="AppComponent &gt; config-loaded detection &gt; marks config as loaded when env is accessible" time="0.003653125">
        </testcase>
        <testcase classname="src/app/app.component.spec.ts" name="AppComponent &gt; config-loaded detection &gt; marks config as not loaded when accessing env throws" time="0.001429333">
        </testcase>
        <testcase classname="src/app/app.component.spec.ts" name="AppComponent &gt; config-loaded detection &gt; renders the configuration-error panel when config is not loaded" time="0.001585417">
        </testcase>
        <testcase classname="src/app/app.component.spec.ts" name="AppComponent &gt; config-loaded detection &gt; does not render the configuration-error panel when config is loaded" time="0.00324625">
        </testcase>
        <testcase classname="src/app/app.component.spec.ts" name="AppComponent &gt; deployment-version polling guard &gt; does not start polling for the &apos;dev&apos; placeholder build" time="0.002741458">
        </testcase>
        <testcase classname="src/app/app.component.spec.ts" name="AppComponent &gt; deployment-version polling guard &gt; does not start polling when the config flag is disabled" time="0.003803208">
        </testcase>
        <testcase classname="src/app/app.component.spec.ts" name="AppComponent &gt; deployment-version polling guard &gt; does not start polling when config failed to load" time="0.00514625">
        </testcase>
        <testcase classname="src/app/app.component.spec.ts" name="AppComponent &gt; deployment-version polling guard &gt; starts polling for a real build when the config flag is enabled" time="0.00388675">
        </testcase>
        <testcase classname="src/app/app.component.spec.ts" name="AppComponent &gt; retry &gt; reloads the page" time="0.003396333">
        </testcase>
    </testsuite>
    <testsuite name="src/environments/version.spec.ts" timestamp="2026-09-01T22:49:41.591Z" hostname="dhcp-172-27-096-224.mobile.uci.edu" tests="2" failures="0" errors="0" skipped="0" time="0.00052025">
        <testcase classname="src/environments/version.spec.ts" name="Version (dev environment) &gt; exposes the version from package.json" time="0.00029175">
        </testcase>
        <testcase classname="src/environments/version.spec.ts" name="Version (dev environment) &gt; uses the &quot;dev&quot; build number placeholder" time="0.000077375">
        </testcase>
    </testsuite>
    <testsuite name="src/app/common/formly/formly-config.spec.ts" timestamp="2026-09-01T22:49:41.591Z" hostname="dhcp-172-27-096-224.mobile.uci.edu" tests="11" failures="0" errors="0" skipped="0" time="0.001264041">
        <testcase classname="src/app/common/formly/formly-config.spec.ts" name="formly validation messages &gt; minItemsValidationMessage reports the minItems bound" time="0.000282292">
        </testcase>
        <testcase classname="src/app/common/formly/formly-config.spec.ts" name="formly validation messages &gt; maxItemsValidationMessage reports the maxItems bound" time="0.000116125">
        </testcase>
        <testcase classname="src/app/common/formly/formly-config.spec.ts" name="formly validation messages &gt; minlengthValidationMessage reports the minLength bound" time="0.000075208">
        </testcase>
        <testcase classname="src/app/common/formly/formly-config.spec.ts" name="formly validation messages &gt; maxlengthValidationMessage reports the maxLength bound" time="0.000076458">
        </testcase>
        <testcase classname="src/app/common/formly/formly-config.spec.ts" name="formly validation messages &gt; minValidationMessage reports the min bound" time="0.000080541">
        </testcase>
        <testcase classname="src/app/common/formly/formly-config.spec.ts" name="formly validation messages &gt; maxValidationMessage reports the max bound" time="0.000066042">
        </testcase>
        <testcase classname="src/app/common/formly/formly-config.spec.ts" name="formly validation messages &gt; multipleOfValidationMessage reports the step value" time="0.000077917">
        </testcase>
        <testcase classname="src/app/common/formly/formly-config.spec.ts" name="formly validation messages &gt; exclusiveMinimumValidationMessage reports the exclusive minimum" time="0.000074459">
        </testcase>
        <testcase classname="src/app/common/formly/formly-config.spec.ts" name="formly validation messages &gt; exclusiveMaximumValidationMessage reports the exclusive maximum" time="0.000083041">
        </testcase>
        <testcase classname="src/app/common/formly/formly-config.spec.ts" name="formly validation messages &gt; constValidationMessage quotes the expected constant" time="0.000067917">
        </testcase>
        <testcase classname="src/app/common/formly/formly-config.spec.ts" name="formly validation messages &gt; renders the literal &apos;undefined&apos; when the relevant prop is missing" time="0.00007">
        </testcase>
    </testsuite>
    <testsuite name="src/app/common/formly/formly-utils.spec.ts" timestamp="2026-09-01T22:49:41.591Z" hostname="dhcp-172-27-096-224.mobile.uci.edu" tests="41" failures="0" errors="0" skipped="0" time="0.2955285">
        <testcase classname="src/app/common/formly/formly-utils.spec.ts" name="getFieldByName &gt; returns the field whose key matches the name" time="0.0002995">
        </testcase>
        <testcase classname="src/app/common/formly/formly-utils.spec.ts" name="getFieldByName &gt; returns undefined when no field matches" time="0.000064083">
        </testcase>
        <testcase classname="src/app/common/formly/formly-utils.spec.ts" name="getFieldByName &gt; returns the first match when several fields share a key" time="0.000058625">
        </testcase>
        <testcase classname="src/app/common/formly/formly-utils.spec.ts" name="setHideExpression &gt; sets the hide expression on each named field that exists" time="0.000105291">
        </testcase>
        <testcase classname="src/app/common/formly/formly-utils.spec.ts" name="setHideExpression &gt; is a no-op for names that are not present" time="0.000051958">
        </testcase>
        <testcase classname="src/app/common/formly/formly-utils.spec.ts" name="createShouldHideFieldFunc &gt; returns false when the parent model is missing" time="0.0005315">
        </testcase>
        <testcase classname="src/app/common/formly/formly-utils.spec.ts" name="createShouldHideFieldFunc &gt; returns hideOnNull when the target value is null/undefined" time="0.000233209">
        </testcase>
        <testcase classname="src/app/common/formly/formly-utils.spec.ts" name="createShouldHideFieldFunc &gt; hides in regex mode iff the value matches ^(expected)$" time="0.000265625">
        </testcase>
        <testcase classname="src/app/common/formly/formly-utils.spec.ts" name="createShouldHideFieldFunc &gt; hides in equals mode iff value.toString() equals the expected value" time="0.000088583">
        </testcase>
        <testcase classname="src/app/common/formly/formly-utils.spec.ts" name="setChildTypeDependency &gt; collects timestamp attribute names across all ports and sets a description expression on the child" time="0.000147542">
        </testcase>
        <testcase classname="src/app/common/formly/formly-utils.spec.ts" name="setChildTypeDependency &gt; emits an empty timestamp list when there are no timestamp-typed attributes" time="0.000063042">
        </testcase>
        <testcase classname="src/app/common/formly/formly-utils.spec.ts" name="setChildTypeDependency &gt; treats undefined attributes as an empty timestamp list" time="0.00004925">
        </testcase>
        <testcase classname="src/app/common/formly/formly-utils.spec.ts" name="setChildTypeDependency &gt; is a no-op when the named child field is not present" time="0.000051708">
        </testcase>
        <testcase classname="src/app/common/formly/formly-utils.spec.ts" name="createOutputFormChangeEventStream &gt; debounces bursts, emitting only the latest value once the debounce window elapses" time="0.001468041">
        </testcase>
        <testcase classname="src/app/common/formly/formly-utils.spec.ts" name="createOutputFormChangeEventStream &gt; drops a repeated identical value via distinctUntilChanged" time="0.000287958">
        </testcase>
        <testcase classname="src/app/common/formly/formly-utils.spec.ts" name="createOutputFormChangeEventStream &gt; gates emissions through the modelCheck predicate" time="0.000309875">
        </testcase>
        <testcase classname="src/app/common/formly/formly-utils.spec.ts" name="valueRules &gt; matchingValueRule &gt; selects the branch the sibling&apos;s value names" time="0.000106625">
        </testcase>
        <testcase classname="src/app/common/formly/formly-utils.spec.ts" name="valueRules &gt; matchingValueRule &gt; selects nothing when the sibling holds a value no branch names" time="0.000051709">
        </testcase>
        <testcase classname="src/app/common/formly/formly-utils.spec.ts" name="valueRules &gt; matchingValueRule &gt; selects nothing before the row has a sibling value at all" time="0.000055875">
        </testcase>
        <testcase classname="src/app/common/formly/formly-utils.spec.ts" name="valueRules &gt; createValueRulesValidator &gt; accepts a value the chosen parameter&apos;s set contains" time="0.000112417">
        </testcase>
        <testcase classname="src/app/common/formly/formly-utils.spec.ts" name="valueRules &gt; createValueRulesValidator &gt; rejects a value outside that set, including one of another parameter&apos;s" time="0.000063875">
        </testcase>
        <testcase classname="src/app/common/formly/formly-utils.spec.ts" name="valueRules &gt; createValueRulesValidator &gt; holds a numeric parameter to a number" time="0.000071584">
        </testcase>
        <testcase classname="src/app/common/formly/formly-utils.spec.ts" name="valueRules &gt; createValueRulesValidator &gt; holds a whole-number parameter to a whole number" time="0.000113209">
        </testcase>
        <testcase classname="src/app/common/formly/formly-utils.spec.ts" name="valueRules &gt; createValueRulesValidator &gt; leaves emptiness to the required rule rather than answering twice" time="0.000087084">
        </testcase>
        <testcase classname="src/app/common/formly/formly-utils.spec.ts" name="valueRules &gt; createValueRulesValidator &gt; accepts anything for a parameter no branch constrains" time="0.000040209">
        </testcase>
        <testcase classname="src/app/common/formly/formly-utils.spec.ts" name="valueRules &gt; createValueRulesValidator &gt; holds a value to the bound the estimator puts on it" time="0.000090125">
        </testcase>
        <testcase classname="src/app/common/formly/formly-utils.spec.ts" name="valueRules &gt; createValueRulesValidator &gt; holds a parameter with a pattern to the shape it declares" time="0.000144">
        </testcase>
        <testcase classname="src/app/common/formly/formly-utils.spec.ts" name="valueRules &gt; createValueRulesValidator &gt; judges the same value against whichever parameter the row now holds" time="0.000048208">
        </testcase>
        <testcase classname="src/app/common/formly/formly-utils.spec.ts" name="valueRules &gt; valueRulesValidationMessage &gt; names the accepted values when there is a set" time="0.000106208">
        </testcase>
        <testcase classname="src/app/common/formly/formly-utils.spec.ts" name="valueRules &gt; valueRulesValidationMessage &gt; distinguishes a whole number from a number, and names the bound where there is one" time="0.000086167">
        </testcase>
        <testcase classname="src/app/common/formly/formly-utils.spec.ts" name="valueRules &gt; valueRulesValidationMessage &gt; points at a working value where a pattern is what the branch declares" time="0.000053625">
        </testcase>
        <testcase classname="src/app/common/formly/formly-utils.spec.ts" name="valueRules &gt; valueRulesValidationMessage &gt; says only what it knows when a pattern branch offers no example" time="0.000057625">
        </testcase>
        <testcase classname="src/app/common/formly/formly-utils.spec.ts" name="valueRules &gt; valueRulesValidationMessage &gt; falls back to the numeric wording when no branch applies at all" time="0.000044333">
        </testcase>
        <testcase classname="src/app/common/formly/formly-utils.spec.ts" name="valueRules &gt; setValueRules in a rendered form &gt; gives the value field the control and the validator the rules call for" time="0.052294375">
        </testcase>
        <testcase classname="src/app/common/formly/formly-utils.spec.ts" name="valueRules &gt; setValueRules in a rendered form &gt; re-judges a value the row already holds when the parameter changes under it" time="0.029320208">
        </testcase>
        <testcase classname="src/app/common/formly/formly-utils.spec.ts" name="valueRules &gt; setValueRules in a rendered form &gt; clears the error once the parameter changes to one the value suits" time="0.029264709">
        </testcase>
        <testcase classname="src/app/common/formly/formly-utils.spec.ts" name="valueRules &gt; setValueRules in a rendered form &gt; re-judges when the new parameter constrains the value no rule did before" time="0.0621675">
        </testcase>
        <testcase classname="src/app/common/formly/formly-utils.spec.ts" name="valueRules &gt; setValueRules in a rendered form &gt; leaves an empty value to the required rule whichever parameter it sits under" time="0.030866208">
        </testcase>
        <testcase classname="src/app/common/formly/formly-utils.spec.ts" name="valueRules &gt; setValueRules in a rendered form &gt; gives the message of the parameter now chosen, not the one judged against" time="0.031301542">
        </testcase>
        <testcase classname="src/app/common/formly/formly-utils.spec.ts" name="valueRules &gt; setValueRules in a rendered form &gt; follows the parameter with the control the branch calls for" time="0.030441458">
        </testcase>
        <testcase classname="src/app/common/formly/formly-utils.spec.ts" name="valueRules &gt; setValueRules in a rendered form &gt; re-judges only the row whose parameter changed" time="0.024023459">
        </testcase>
    </testsuite>
    <testsuite name="src/app/common/service/blob-error-http-interceptor.service.spec.ts" timestamp="2026-09-01T22:49:41.593Z" hostname="dhcp-172-27-096-224.mobile.uci.edu" tests="8" failures="0" errors="0" skipped="0" time="0.004591083">
        <testcase classname="src/app/common/service/blob-error-http-interceptor.service.spec.ts" name="BlobErrorHttpInterceptor &gt; passes a successful response through unchanged" time="0.00087025">
        </testcase>
        <testcase classname="src/app/common/service/blob-error-http-interceptor.service.spec.ts" name="BlobErrorHttpInterceptor &gt; re-throws an error that is not an HttpErrorResponse unchanged" time="0.000599625">
        </testcase>
        <testcase classname="src/app/common/service/blob-error-http-interceptor.service.spec.ts" name="BlobErrorHttpInterceptor &gt; re-throws an HttpErrorResponse whose error is not a Blob unchanged" time="0.000160083">
        </testcase>
        <testcase classname="src/app/common/service/blob-error-http-interceptor.service.spec.ts" name="BlobErrorHttpInterceptor &gt; re-throws an HttpErrorResponse with a non-json Blob unchanged" time="0.000157541">
        </testcase>
        <testcase classname="src/app/common/service/blob-error-http-interceptor.service.spec.ts" name="BlobErrorHttpInterceptor &gt; parses an application/json Blob error into a new HttpErrorResponse, preserving status/headers/url" time="0.000773583">
        </testcase>
        <testcase classname="src/app/common/service/blob-error-http-interceptor.service.spec.ts" name="BlobErrorHttpInterceptor &gt; builds a new error with a null url when the original error has no url" time="0.000715791">
        </testcase>
        <testcase classname="src/app/common/service/blob-error-http-interceptor.service.spec.ts" name="BlobErrorHttpInterceptor &gt; re-throws the original error when the Blob contains malformed JSON" time="0.000608208">
        </testcase>
        <testcase classname="src/app/common/service/blob-error-http-interceptor.service.spec.ts" name="BlobErrorHttpInterceptor &gt; re-throws the original error when the FileReader fails" time="0.000409667">
        </testcase>
    </testsuite>
    <testsuite name="src/app/common/service/gui-config.service.spec.ts" timestamp="2026-09-01T22:49:41.594Z" hostname="dhcp-172-27-096-224.mobile.uci.edu" tests="15" failures="0" errors="0" skipped="0" time="0.0248455">
        <testcase classname="src/app/common/service/gui-config.service.spec.ts" name="GuiConfigService &gt; loadPreLogin fetches /config/pre-login and merges the response into env" time="0.003485042">
        </testcase>
        <testcase classname="src/app/common/service/gui-config.service.spec.ts" name="GuiConfigService &gt; loadPreLogin propagates errors so APP_INITIALIZER can surface them" time="0.002703583">
            <system-err>
Failed to load pre-login configuration: HttpErrorResponse {
  headers: HttpHeaders {
    headers: Map(0) {},
    normalizedNames: Map(0) {},
    lazyInit: undefined,
    lazyUpdate: null
  },
  status: 0,
  statusText: &apos;Unknown Error&apos;,
  url: &apos;api/config/pre-login&apos;,
  ok: false,
  type: undefined,
  redirected: undefined,
  responseType: undefined,
  name: &apos;HttpErrorResponse&apos;,
  message: &apos;Http failure response for api/config/pre-login: 0 &apos;,
  error: ProgressEvent { isTrusted: [Getter] }
}

            </system-err>
        </testcase>
        <testcase classname="src/app/common/service/gui-config.service.spec.ts" name="GuiConfigService &gt; loadPostLogin fetches /config/gui, /config/amber and /config/user-system in parallel and merges" time="0.002562208">
        </testcase>
        <testcase classname="src/app/common/service/gui-config.service.spec.ts" name="GuiConfigService &gt; loadPostLogin preserves pre-login fields when both phases run" time="0.002432708">
        </testcase>
        <testcase classname="src/app/common/service/gui-config.service.spec.ts" name="GuiConfigService &gt; load() only hits /config/pre-login when no access token is in localStorage" time="0.001925708">
        </testcase>
        <testcase classname="src/app/common/service/gui-config.service.spec.ts" name="GuiConfigService &gt; load() chains /config/gui + /config/amber + /config/user-system when a token is stored" time="0.002406">
        </testcase>
        <testcase classname="src/app/common/service/gui-config.service.spec.ts" name="GuiConfigService &gt; load() swallows post-login 403s so bootstrap is not blocked by an expired token" time="0.001385208">
            <system-err>
Failed to load authenticated config; continuing with pre-login only. HttpErrorResponse {
  headers: HttpHeaders {
    headers: Map(0) {},
    normalizedNames: Map(0) {},
    lazyInit: undefined,
    lazyUpdate: null
  },
  status: 403,
  statusText: &apos;Forbidden&apos;,
  url: &apos;api/config/gui&apos;,
  ok: false,
  type: undefined,
  redirected: undefined,
  responseType: undefined,
  name: &apos;HttpErrorResponse&apos;,
  message: &apos;Http failure response for api/config/gui: 403 Forbidden&apos;,
  error: {}
}

            </system-err>
        </testcase>
        <testcase classname="src/app/common/service/gui-config.service.spec.ts" name="GuiConfigService &gt; load() rejects when /config/pre-login itself fails so the bootstrap error is surfaced" time="0.001740792">
            <system-err>
Failed to load pre-login configuration: HttpErrorResponse {
  headers: HttpHeaders {
    headers: Map(0) {},
    normalizedNames: Map(0) {},
    lazyInit: undefined,
    lazyUpdate: null
  },
  status: 0,
  statusText: &apos;Unknown Error&apos;,
  url: &apos;api/config/pre-login&apos;,
  ok: false,
  type: undefined,
  redirected: undefined,
  responseType: undefined,
  name: &apos;HttpErrorResponse&apos;,
  message: &apos;Http failure response for api/config/pre-login: 0 &apos;,
  error: ProgressEvent { isTrusted: [Getter] }
}

            </system-err>
        </testcase>
        <testcase classname="src/app/common/service/gui-config.service.spec.ts" name="GuiConfigService &gt; source() keeps each endpoint&apos;s payload retrievable in isolation" time="0.00196975">
        </testcase>
        <testcase classname="src/app/common/service/gui-config.service.spec.ts" name="GuiConfigService &gt; source() does not bleed keys across sources" time="0.001109333">
        </testcase>
        <testcase classname="src/app/common/service/gui-config.service.spec.ts" name="GuiConfigService &gt; source() returns an empty object for an endpoint that has not loaded" time="0.00053375">
        </testcase>
        <testcase classname="src/app/common/service/gui-config.service.spec.ts" name="GuiConfigService &gt; env returns a stable reference between loads so two-way bindings persist" time="0.000508458">
        </testcase>
        <testcase classname="src/app/common/service/gui-config.service.spec.ts" name="GuiConfigService &gt; env reference is rebuilt after a new source loads" time="0.000625875">
        </testcase>
        <testcase classname="src/app/common/service/gui-config.service.spec.ts" name="GuiConfigService &gt; a write through env is discarded when a source reloads" time="0.00055">
        </testcase>
        <testcase classname="src/app/common/service/gui-config.service.spec.ts" name="GuiConfigService &gt; env merges sources in MERGE_ORDER so a later source wins on a shared key" time="0.000625791">
        </testcase>
    </testsuite>
    <testsuite name="src/app/common/service/unauthorized-http-interceptor.service.spec.ts" timestamp="2026-09-01T22:49:41.595Z" hostname="dhcp-172-27-096-224.mobile.uci.edu" tests="12" failures="0" errors="0" skipped="0" time="0.014510708">
        <testcase classname="src/app/common/service/unauthorized-http-interceptor.service.spec.ts" name="UnauthorizedHttpInterceptor &gt; logs out, notifies, and redirects to LOGIN on 401 for an authenticated request" time="0.002373667">
        </testcase>
        <testcase classname="src/app/common/service/unauthorized-http-interceptor.service.spec.ts" name="UnauthorizedHttpInterceptor &gt; leaves the session untouched when 401 comes back for an anonymous request" time="0.001051416">
        </testcase>
        <testcase classname="src/app/common/service/unauthorized-http-interceptor.service.spec.ts" name="UnauthorizedHttpInterceptor &gt; does not log out on non-401 errors even when Authorization was sent" time="0.000648792">
        </testcase>
        <testcase classname="src/app/common/service/unauthorized-http-interceptor.service.spec.ts" name="UnauthorizedHttpInterceptor &gt; omits returnUrl when the current route is the root" time="0.000803042">
        </testcase>
        <testcase classname="src/app/common/service/unauthorized-http-interceptor.service.spec.ts" name="UnauthorizedHttpInterceptor &gt; auth-endpoint allowlist &gt; does not log out on 401 from /api/auth/login" time="0.001733583">
        </testcase>
        <testcase classname="src/app/common/service/unauthorized-http-interceptor.service.spec.ts" name="UnauthorizedHttpInterceptor &gt; auth-endpoint allowlist &gt; does not log out on 401 from /api/auth/register" time="0.000694791">
        </testcase>
        <testcase classname="src/app/common/service/unauthorized-http-interceptor.service.spec.ts" name="UnauthorizedHttpInterceptor &gt; auth-endpoint allowlist &gt; does not log out on 401 from /api/auth/refresh" time="0.00050375">
        </testcase>
        <testcase classname="src/app/common/service/unauthorized-http-interceptor.service.spec.ts" name="UnauthorizedHttpInterceptor &gt; auth-endpoint allowlist &gt; does not log out on 401 from /api/auth/google/login" time="0.000501167">
        </testcase>
        <testcase classname="src/app/common/service/unauthorized-http-interceptor.service.spec.ts" name="UnauthorizedHttpInterceptor &gt; auth-endpoint allowlist &gt; does not log out on 401 from /api/auth/login?next=/dashboard" time="0.001645667">
        </testcase>
        <testcase classname="src/app/common/service/unauthorized-http-interceptor.service.spec.ts" name="UnauthorizedHttpInterceptor &gt; auth-endpoint allowlist &gt; still logs out on 401 from a URL that merely contains &apos;login&apos; in a non-auth segment" time="0.002223708">
        </testcase>
        <testcase classname="src/app/common/service/unauthorized-http-interceptor.service.spec.ts" name="UnauthorizedHttpInterceptor &gt; concurrent 401 deduplication &gt; fires logout side effects exactly once for a burst of 401s" time="0.001265833">
        </testcase>
        <testcase classname="src/app/common/service/unauthorized-http-interceptor.service.spec.ts" name="UnauthorizedHttpInterceptor &gt; concurrent 401 deduplication &gt; re-arms after a successful re-login so a later 401 triggers logout again" time="0.000800334">
        </testcase>
    </testsuite>
    <testsuite name="src/app/common/type/datasetVersionFileTree.spec.ts" timestamp="2026-09-01T22:49:41.595Z" hostname="dhcp-172-27-096-224.mobile.uci.edu" tests="23" failures="0" errors="0" skipped="0" time="0.008439542">
        <testcase classname="src/app/common/type/datasetVersionFileTree.spec.ts" name="getFullPathFromDatasetFileNode &gt; joins parentDir and name with a slash" time="0.000550375">
        </testcase>
        <testcase classname="src/app/common/type/datasetVersionFileTree.spec.ts" name="getFullPathFromDatasetFileNode &gt; produces a leading slash for a node whose parentDir is empty" time="0.000325541">
        </testcase>
        <testcase classname="src/app/common/type/datasetVersionFileTree.spec.ts" name="getRelativePathFromDatasetFileNode &gt; strips the datasets/owner/dataset/version prefix (4 segments)" time="0.000491875">
        </testcase>
        <testcase classname="src/app/common/type/datasetVersionFileTree.spec.ts" name="getRelativePathFromDatasetFileNode &gt; returns the bare file name for a file at the version root" time="0.000317666">
        </testcase>
        <testcase classname="src/app/common/type/datasetVersionFileTree.spec.ts" name="getRelativePathFromDatasetFileNode &gt; returns an empty string when there is no path below the version" time="0.000236417">
        </testcase>
        <testcase classname="src/app/common/type/datasetVersionFileTree.spec.ts" name="getRelativePathFromDatasetFileNode &gt; ignores empty segments from duplicate slashes when counting" time="0.000194542">
        </testcase>
        <testcase classname="src/app/common/type/datasetVersionFileTree.spec.ts" name="getPathsUnderOrEqualDatasetFileNode &gt; returns the single path for a file node" time="0.000374459">
        </testcase>
        <testcase classname="src/app/common/type/datasetVersionFileTree.spec.ts" name="getPathsUnderOrEqualDatasetFileNode &gt; collects every file path under a directory" time="0.000350958">
        </testcase>
        <testcase classname="src/app/common/type/datasetVersionFileTree.spec.ts" name="getPathsUnderOrEqualDatasetFileNode &gt; recurses into nested directories" time="0.0002445">
        </testcase>
        <testcase classname="src/app/common/type/datasetVersionFileTree.spec.ts" name="getPathsUnderOrEqualDatasetFileNode &gt; returns an empty array for an empty directory" time="0.000277542">
        </testcase>
        <testcase classname="src/app/common/type/datasetVersionFileTree.spec.ts" name="DatasetVersionFileTreeManager &gt; addNodeWithPath &gt; starts with no root nodes" time="0.000281291">
        </testcase>
        <testcase classname="src/app/common/type/datasetVersionFileTree.spec.ts" name="DatasetVersionFileTreeManager &gt; addNodeWithPath &gt; builds the intermediate directory structure and returns the leaf file node" time="0.000495958">
        </testcase>
        <testcase classname="src/app/common/type/datasetVersionFileTree.spec.ts" name="DatasetVersionFileTreeManager &gt; addNodeWithPath &gt; is idempotent when adding the same path twice" time="0.000272459">
        </testcase>
        <testcase classname="src/app/common/type/datasetVersionFileTree.spec.ts" name="DatasetVersionFileTreeManager &gt; addNodeWithPath &gt; adds siblings under an existing directory" time="0.000434416">
        </testcase>
        <testcase classname="src/app/common/type/datasetVersionFileTree.spec.ts" name="DatasetVersionFileTreeManager &gt; addNodeWithPath &gt; handles paths without a leading slash" time="0.000249792">
        </testcase>
        <testcase classname="src/app/common/type/datasetVersionFileTree.spec.ts" name="DatasetVersionFileTreeManager &gt; initializeWithRootNodes / constructor &gt; exposes provided root nodes" time="0.000361083">
        </testcase>
        <testcase classname="src/app/common/type/datasetVersionFileTree.spec.ts" name="DatasetVersionFileTreeManager &gt; removeNode &gt; removes a leaf node found by identity via BFS" time="0.000475833">
        </testcase>
        <testcase classname="src/app/common/type/datasetVersionFileTree.spec.ts" name="DatasetVersionFileTreeManager &gt; removeNode &gt; removes a whole subtree when removing an inner directory" time="0.000343">
        </testcase>
        <testcase classname="src/app/common/type/datasetVersionFileTree.spec.ts" name="DatasetVersionFileTreeManager &gt; removeNode &gt; does nothing for a node that is not present in the tree" time="0.000343042">
        </testcase>
        <testcase classname="src/app/common/type/datasetVersionFileTree.spec.ts" name="DatasetVersionFileTreeManager &gt; removeNode &gt; refuses to remove the synthetic root node" time="0.000271167">
        </testcase>
        <testcase classname="src/app/common/type/datasetVersionFileTree.spec.ts" name="DatasetVersionFileTreeManager &gt; removeNodeWithPath &gt; removes a node from its parent&apos;s children and the internal map" time="0.000371833">
        </testcase>
        <testcase classname="src/app/common/type/datasetVersionFileTree.spec.ts" name="DatasetVersionFileTreeManager &gt; removeNodeWithPath &gt; removes a whole subtree when removing a directory path" time="0.000239167">
        </testcase>
        <testcase classname="src/app/common/type/datasetVersionFileTree.spec.ts" name="DatasetVersionFileTreeManager &gt; removeNodeWithPath &gt; does nothing for an unknown path" time="0.000223083">
        </testcase>
    </testsuite>
    <testsuite name="src/app/common/util/array-utils.spec.ts" timestamp="2026-09-01T22:49:41.597Z" hostname="dhcp-172-27-096-224.mobile.uci.edu" tests="4" failures="0" errors="0" skipped="0" time="0.000767625">
        <testcase classname="src/app/common/util/array-utils.spec.ts" name="replaceOneImmutable &gt; should return a new array reference with the matched element replaced" time="0.000362583">
        </testcase>
        <testcase classname="src/app/common/util/array-utils.spec.ts" name="replaceOneImmutable &gt; should not mutate the original input array" time="0.0000895">
        </testcase>
        <testcase classname="src/app/common/util/array-utils.spec.ts" name="replaceOneImmutable &gt; should return the same array reference when the predicate matches nothing" time="0.000079917">
        </testcase>
        <testcase classname="src/app/common/util/array-utils.spec.ts" name="replaceOneImmutable &gt; should pass the element index as the second argument to the predicate" time="0.000084166">
        </testcase>
    </testsuite>
    <testsuite name="src/app/common/util/assert.spec.ts" timestamp="2026-09-01T22:49:41.597Z" hostname="dhcp-172-27-096-224.mobile.uci.edu" tests="22" failures="0" errors="0" skipped="0" time="0.002528709">
        <testcase classname="src/app/common/util/assert.spec.ts" name="assertType &gt; does not throw for defined values, including falsy ones" time="0.0005335">
        </testcase>
        <testcase classname="src/app/common/util/assert.spec.ts" name="assertType &gt; throws a TypeError for null" time="0.000145208">
        </testcase>
        <testcase classname="src/app/common/util/assert.spec.ts" name="assertType &gt; throws a TypeError for undefined" time="0.000088042">
        </testcase>
        <testcase classname="src/app/common/util/assert.spec.ts" name="assertType &gt; reports the received value in the error message" time="0.000134416">
        </testcase>
        <testcase classname="src/app/common/util/assert.spec.ts" name="assert &gt; does not throw when the condition is true" time="0.000101958">
        </testcase>
        <testcase classname="src/app/common/util/assert.spec.ts" name="assert &gt; throws an Error when the condition is false" time="0.000074375">
        </testcase>
        <testcase classname="src/app/common/util/assert.spec.ts" name="assert &gt; uses the supplied message on failure" time="0.0000915">
        </testcase>
        <testcase classname="src/app/common/util/assert.spec.ts" name="assert &gt; throws with an empty message when none is provided" time="0.000084792">
        </testcase>
        <testcase classname="src/app/common/util/assert.spec.ts" name="isType &gt; matches primitive types by typeof" time="0.000080875">
        </testcase>
        <testcase classname="src/app/common/util/assert.spec.ts" name="isType &gt; returns false when the primitive type does not match" time="0.000073375">
        </testcase>
        <testcase classname="src/app/common/util/assert.spec.ts" name="isType &gt; matches instances via instanceof for constructor types" time="0.000071542">
        </testcase>
        <testcase classname="src/app/common/util/assert.spec.ts" name="isType &gt; returns false for instances of an unrelated constructor" time="0.000061833">
        </testcase>
        <testcase classname="src/app/common/util/assert.spec.ts" name="asType &gt; returns the value unchanged when the type matches" time="0.000075792">
        </testcase>
        <testcase classname="src/app/common/util/assert.spec.ts" name="asType &gt; throws a TypeError when the type does not match" time="0.000084083">
        </testcase>
        <testcase classname="src/app/common/util/assert.spec.ts" name="isNull &gt; returns true for null and undefined" time="0.000080625">
        </testcase>
        <testcase classname="src/app/common/util/assert.spec.ts" name="isNull &gt; returns false for defined values, including falsy ones" time="0.00006325">
        </testcase>
        <testcase classname="src/app/common/util/assert.spec.ts" name="isNotNull &gt; returns false for null and undefined" time="0.000066416">
        </testcase>
        <testcase classname="src/app/common/util/assert.spec.ts" name="isNotNull &gt; returns true for defined values, including falsy ones" time="0.000062125">
        </testcase>
        <testcase classname="src/app/common/util/assert.spec.ts" name="isNotNull &gt; is the logical inverse of isNull" time="0.000098958">
        </testcase>
        <testcase classname="src/app/common/util/assert.spec.ts" name="nonNull &gt; returns the value unchanged for defined values" time="0.000084917">
        </testcase>
        <testcase classname="src/app/common/util/assert.spec.ts" name="nonNull &gt; throws a TypeError for null" time="0.000063042">
        </testcase>
        <testcase classname="src/app/common/util/assert.spec.ts" name="nonNull &gt; throws a TypeError for undefined" time="0.000060667">
        </testcase>
    </testsuite>
    <testsuite name="src/app/common/util/computing-unit.util.spec.ts" timestamp="2026-09-01T22:49:41.598Z" hostname="dhcp-172-27-096-224.mobile.uci.edu" tests="49" failures="0" errors="0" skipped="0" time="0.023552333">
        <testcase classname="src/app/common/util/computing-unit.util.spec.ts" name="parseResourceUnit &gt; should extract the unit from a resource string" time="0.000543834">
        </testcase>
        <testcase classname="src/app/common/util/computing-unit.util.spec.ts" name="parseResourceUnit &gt; should return an empty string for a unitless number" time="0.000282459">
        </testcase>
        <testcase classname="src/app/common/util/computing-unit.util.spec.ts" name="parseResourceUnit &gt; should return &quot;NaN&quot; for empty or &quot;NaN&quot; input" time="0.00027575">
        </testcase>
        <testcase classname="src/app/common/util/computing-unit.util.spec.ts" name="parseResourceUnit &gt; should return an empty string for a value that does not match the pattern" time="0.000179375">
        </testcase>
        <testcase classname="src/app/common/util/computing-unit.util.spec.ts" name="parseResourceNumber &gt; should extract the numeric value from a resource string" time="0.00025125">
        </testcase>
        <testcase classname="src/app/common/util/computing-unit.util.spec.ts" name="parseResourceNumber &gt; should handle decimal values" time="0.000171792">
        </testcase>
        <testcase classname="src/app/common/util/computing-unit.util.spec.ts" name="parseResourceNumber &gt; should return 0 for empty, invalid, or NaN input" time="0.00020075">
        </testcase>
        <testcase classname="src/app/common/util/computing-unit.util.spec.ts" name="cpuResourceConversion &gt; should convert millicores to cores with 4 decimals" time="0.000275834">
        </testcase>
        <testcase classname="src/app/common/util/computing-unit.util.spec.ts" name="cpuResourceConversion &gt; should convert cores to millicores with 2 decimals" time="0.000168583">
        </testcase>
        <testcase classname="src/app/common/util/computing-unit.util.spec.ts" name="cpuResourceConversion &gt; should round to whole numbers for smaller units" time="0.000327833">
        </testcase>
        <testcase classname="src/app/common/util/computing-unit.util.spec.ts" name="memoryResourceConversion &gt; should convert between memory units with 4 decimals" time="0.000213792">
        </testcase>
        <testcase classname="src/app/common/util/computing-unit.util.spec.ts" name="cpuPercentage &gt; should return 0 when usage or limit is &quot;N/A&quot;" time="0.000092">
        </testcase>
        <testcase classname="src/app/common/util/computing-unit.util.spec.ts" name="cpuPercentage &gt; should return 0 when the limit is not positive" time="0.000057833">
        </testcase>
        <testcase classname="src/app/common/util/computing-unit.util.spec.ts" name="cpuPercentage &gt; should compute the usage percentage" time="0.000053666">
        </testcase>
        <testcase classname="src/app/common/util/computing-unit.util.spec.ts" name="cpuPercentage &gt; should clamp the percentage at 100" time="0.000049708">
        </testcase>
        <testcase classname="src/app/common/util/computing-unit.util.spec.ts" name="memoryPercentage &gt; should return 0 when usage or limit is &quot;N/A&quot;" time="0.000065959">
        </testcase>
        <testcase classname="src/app/common/util/computing-unit.util.spec.ts" name="memoryPercentage &gt; should compute the usage percentage" time="0.000048167">
        </testcase>
        <testcase classname="src/app/common/util/computing-unit.util.spec.ts" name="memoryPercentage &gt; should clamp the percentage at 100" time="0.000053208">
        </testcase>
        <testcase classname="src/app/common/util/computing-unit.util.spec.ts" name="validateName &gt; should return an error for an empty name" time="0.000280208">
        </testcase>
        <testcase classname="src/app/common/util/computing-unit.util.spec.ts" name="validateName &gt; should return an error for names longer than 128 characters" time="0.000062042">
        </testcase>
        <testcase classname="src/app/common/util/computing-unit.util.spec.ts" name="validateName &gt; should return null for valid names" time="0.000280167">
        </testcase>
        <testcase classname="src/app/common/util/computing-unit.util.spec.ts" name="getComputingUnitBadgeColor &gt; should map known statuses to colors" time="0.00010625">
        </testcase>
        <testcase classname="src/app/common/util/computing-unit.util.spec.ts" name="getComputingUnitBadgeColor &gt; should default to red for unknown statuses" time="0.000083">
        </testcase>
        <testcase classname="src/app/common/util/computing-unit.util.spec.ts" name="getComputingUnitStatusTooltip &gt; should map statuses to tooltip text" time="0.000340792">
        </testcase>
        <testcase classname="src/app/common/util/computing-unit.util.spec.ts" name="getComputingUnitStatusTooltip &gt; should fall back to the raw status for unknown statuses" time="0.000108459">
        </testcase>
        <testcase classname="src/app/common/util/computing-unit.util.spec.ts" name="getComputingUnitCpuStatus / getComputingUnitMemoryStatus &gt; should derive status from the usage percentage" time="0.000118667">
        </testcase>
        <testcase classname="src/app/common/util/computing-unit.util.spec.ts" name="getComputingUnitCpuLimitUnit &gt; should return &quot;CPU&quot; for an empty unit and the unit otherwise" time="0.000086625">
        </testcase>
        <testcase classname="src/app/common/util/computing-unit.util.spec.ts" name="isComputingUnitShmTooLarge &gt; should return true only when shared memory exceeds the selected memory" time="0.000081541">
        </testcase>
        <testcase classname="src/app/common/util/computing-unit.util.spec.ts" name="isComputingUnitShmTooLarge &gt; should return false when shared memory equals the selected memory" time="0.000048208">
        </testcase>
        <testcase classname="src/app/common/util/computing-unit.util.spec.ts" name="isComputingUnitShmTooLarge &gt; should compare across mixed units" time="0.0000525">
        </testcase>
        <testcase classname="src/app/common/util/computing-unit.util.spec.ts" name="getJvmMemorySliderConfig &gt; should hide the slider for small memory sizes" time="0.00016075">
        </testcase>
        <testcase classname="src/app/common/util/computing-unit.util.spec.ts" name="getJvmMemorySliderConfig &gt; should show the slider and build doubling steps for larger memory sizes" time="0.000097833">
        </testcase>
        <testcase classname="src/app/common/util/computing-unit.util.spec.ts" name="buildLocalComputingUnitUri &gt; should build a uri including the port when present" time="0.000072583">
        </testcase>
        <testcase classname="src/app/common/util/computing-unit.util.spec.ts" name="buildLocalComputingUnitUri &gt; should omit the port when it is empty" time="0.000047625">
        </testcase>
        <testcase classname="src/app/common/util/computing-unit.util.spec.ts" name="cpuResourceConversion (fallback units) &gt; should fall back to the millicore scale for an unknown source unit" time="0.000051125">
        </testcase>
        <testcase classname="src/app/common/util/computing-unit.util.spec.ts" name="cpuResourceConversion (fallback units) &gt; should fall back to the core scale for an unknown target unit" time="0.000056084">
        </testcase>
        <testcase classname="src/app/common/util/computing-unit.util.spec.ts" name="memoryResourceConversion (edge branches) &gt; should treat a unitless source value as bytes" time="0.000050542">
        </testcase>
        <testcase classname="src/app/common/util/computing-unit.util.spec.ts" name="memoryResourceConversion (edge branches) &gt; should treat a unitless target unit as bytes" time="0.000046208">
        </testcase>
        <testcase classname="src/app/common/util/computing-unit.util.spec.ts" name="memoryResourceConversion (edge branches) &gt; should fall back to a byte scale for an unknown source unit" time="0.000047666">
        </testcase>
        <testcase classname="src/app/common/util/computing-unit.util.spec.ts" name="memoryResourceConversion (edge branches) &gt; should fall back to a byte scale for an unknown target unit" time="0.000047167">
        </testcase>
        <testcase classname="src/app/common/util/computing-unit.util.spec.ts" name="memoryPercentage (limit guard) &gt; should return 0 when the limit is not positive" time="0.000377792">
        </testcase>
        <testcase classname="src/app/common/util/computing-unit.util.spec.ts" name="isComputingUnitShmTooLarge (non-Gi selected memory) &gt; should treat a Mi selected memory as-is when comparing" time="0.000378458">
        </testcase>
        <testcase classname="src/app/common/util/computing-unit.util.spec.ts" name="getJvmMemorySliderConfig (memory unit handling) &gt; should convert a Mi memory value to whole GiB" time="0.000128209">
        </testcase>
        <testcase classname="src/app/common/util/computing-unit.util.spec.ts" name="getJvmMemorySliderConfig (memory unit handling) &gt; should floor sub-GiB Mi values up to a minimum of 1 GiB" time="0.000066625">
        </testcase>
        <testcase classname="src/app/common/util/computing-unit.util.spec.ts" name="getJvmMemorySliderConfig (memory unit handling) &gt; should build slider steps from a larger Mi value" time="0.000075375">
        </testcase>
        <testcase classname="src/app/common/util/computing-unit.util.spec.ts" name="getJvmMemorySliderConfig (memory unit handling) &gt; should default to 1 GiB for a value with an unrecognized memory unit" time="0.000117583">
        </testcase>
        <testcase classname="src/app/common/util/computing-unit.util.spec.ts" name="ComputingUnitMetadataComponent &gt; should expose the injected unit and a formatted creation time" time="0.004387792">
        </testcase>
        <testcase classname="src/app/common/util/computing-unit.util.spec.ts" name="ComputingUnitMetadataComponent &gt; should render owner access and the gpu limit when present" time="0.006911125">
        </testcase>
        <testcase classname="src/app/common/util/computing-unit.util.spec.ts" name="ComputingUnitMetadataComponent &gt; should render the access privilege and &quot;None&quot; when there is no gpu limit" time="0.004625209">
        </testcase>
    </testsuite>
    <testsuite name="src/app/common/util/context.spec.ts" timestamp="2026-09-01T22:49:41.600Z" hostname="dhcp-172-27-096-224.mobile.uci.edu" tests="23" failures="0" errors="0" skipped="0" time="0.004792208">
        <testcase classname="src/app/common/util/context.spec.ts" name="ContextManager &gt; should return the default context initially" time="0.000251541">
        </testcase>
        <testcase classname="src/app/common/util/context.spec.ts" name="ContextManager &gt; should throw when prevContext is called in the default context" time="0.000148625">
        </testcase>
        <testcase classname="src/app/common/util/context.spec.ts" name="ContextManager &gt; should expose the entered context and the previous context inside withContext" time="0.000100291">
        </testcase>
        <testcase classname="src/app/common/util/context.spec.ts" name="ContextManager &gt; should restore the default context after withContext completes" time="0.000103917">
        </testcase>
        <testcase classname="src/app/common/util/context.spec.ts" name="ContextManager &gt; should return the value returned by the callable" time="0.000062">
        </testcase>
        <testcase classname="src/app/common/util/context.spec.ts" name="ContextManager &gt; should restore the context and re-throw when the callable throws" time="0.000099375">
        </testcase>
        <testcase classname="src/app/common/util/context.spec.ts" name="ContextManager &gt; should restore each level correctly for nested withContext calls" time="0.0001055">
        </testcase>
        <testcase classname="src/app/common/util/context.spec.ts" name="ContextManager &gt; should keep context stacks of separately created managers isolated" time="0.000066709">
        </testcase>
        <testcase classname="src/app/common/util/context.spec.ts" name="ObservableContextManager &gt; should emit [exiting, entering] on the enter stream when a context is entered" time="0.000477958">
        </testcase>
        <testcase classname="src/app/common/util/context.spec.ts" name="ObservableContextManager &gt; should emit [exiting, entering] on the exit stream when a context is exited" time="0.0003585">
        </testcase>
        <testcase classname="src/app/common/util/context.spec.ts" name="ObservableContextManager &gt; should emit the enter event after the context stack is updated" time="0.000277792">
        </testcase>
        <testcase classname="src/app/common/util/context.spec.ts" name="ObservableContextManager &gt; should emit the exit event after the context stack is popped" time="0.000271291">
        </testcase>
        <testcase classname="src/app/common/util/context.spec.ts" name="ObservableContextManager &gt; should deliver both enter and exit events on the change context stream" time="0.000373083">
        </testcase>
        <testcase classname="src/app/common/util/context.spec.ts" name="ObservableContextManager &gt; should emit events in the correct order across nested withContext calls" time="0.000466333">
        </testcase>
        <testcase classname="src/app/common/util/context.spec.ts" name="ObservableContextManager &gt; should emit enter and exit events when the callable throws" time="0.000462541">
        </testcase>
        <testcase classname="src/app/common/util/context.spec.ts" name="ObservableContextManager &gt; should still provide the basic ContextManager behavior" time="0.000135667">
        </testcase>
        <testcase classname="src/app/common/util/context.spec.ts" name="ObservableContextManager &gt; should preserve object references through the stack and in emitted tuples" time="0.000165667">
        </testcase>
        <testcase classname="src/app/common/util/context.spec.ts" name="ObservableContextManager &gt; should unwind both levels via finally blocks when a nested callable throws" time="0.000172208">
        </testcase>
        <testcase classname="src/app/common/util/context.spec.ts" name="ObservableContextManager &gt; should not replay earlier events to a late subscriber" time="0.000087333">
        </testcase>
        <testcase classname="src/app/common/util/context.spec.ts" name="ObservableContextManager &gt; should allow prevContext() to be called inside the enter subscriber" time="0.000084542">
        </testcase>
        <testcase classname="src/app/common/util/context.spec.ts" name="ObservableContextManager &gt; should emit correctly for sequential sibling withContext calls" time="0.000098917">
        </testcase>
        <testcase classname="src/app/common/util/context.spec.ts" name="ObservableContextManager &gt; should handle entering the same context value as the current one" time="0.000098542">
        </testcase>
        <testcase classname="src/app/common/util/context.spec.ts" name="ObservableContextManager &gt; should return falsy values produced by the callable unchanged" time="0.000109125">
        </testcase>
    </testsuite>
    <testsuite name="src/app/common/util/email.spec.ts" timestamp="2026-09-01T22:49:41.601Z" hostname="dhcp-172-27-096-224.mobile.uci.edu" tests="7" failures="0" errors="0" skipped="0" time="0.000907">
        <testcase classname="src/app/common/util/email.spec.ts" name="validateEmailFormat &gt; rejects an empty address as empty rather than as malformed" time="0.00033575">
        </testcase>
        <testcase classname="src/app/common/util/email.spec.ts" name="validateEmailFormat &gt; treats a whitespace-only address as empty, not as a format error" time="0.000101833">
        </testcase>
        <testcase classname="src/app/common/util/email.spec.ts" name="validateEmailFormat &gt; trims surrounding whitespace before validating, so a padded address is accepted" time="0.000112833">
        </testcase>
        <testcase classname="src/app/common/util/email.spec.ts" name="validateEmailFormat &gt; treats a null or undefined address as empty rather than throwing" time="0.000065417">
        </testcase>
        <testcase classname="src/app/common/util/email.spec.ts" name="validateEmailFormat &gt; rejects an address with no dot after the @, as a format error" time="0.000091584">
        </testcase>
        <testcase classname="src/app/common/util/email.spec.ts" name="validateEmailFormat &gt; rejects trailing junk after an otherwise valid address" time="0.000051291">
        </testcase>
        <testcase classname="src/app/common/util/email.spec.ts" name="validateEmailFormat &gt; accepts a non-.com top-level domain" time="0.000051">
        </testcase>
    </testsuite>
    <testsuite name="src/app/common/util/error.spec.ts" timestamp="2026-09-01T22:49:41.602Z" hostname="dhcp-172-27-096-224.mobile.uci.edu" tests="8" failures="0" errors="0" skipped="0" time="0.002675">
        <testcase classname="src/app/common/util/error.spec.ts" name="extractErrorMessage &gt; should return the message from an Error instance" time="0.000702166">
        </testcase>
        <testcase classname="src/app/common/util/error.spec.ts" name="extractErrorMessage &gt; should return the error string when error is a plain string" time="0.00041675">
        </testcase>
        <testcase classname="src/app/common/util/error.spec.ts" name="extractErrorMessage &gt; should return the nested message when error is an object with a message" time="0.000438167">
        </testcase>
        <testcase classname="src/app/common/util/error.spec.ts" name="extractErrorMessage &gt; should return the fallback message for when error is null" time="0.000092417">
        </testcase>
        <testcase classname="src/app/common/util/error.spec.ts" name="extractErrorMessage &gt; should return the fallback message when error is a number" time="0.00005775">
        </testcase>
        <testcase classname="src/app/common/util/error.spec.ts" name="extractErrorMessage &gt; should return the fallback message when error is an empty object" time="0.000053833">
        </testcase>
        <testcase classname="src/app/common/util/error.spec.ts" name="extractErrorMessage &gt; should return the fallback message when error key value is neither a string nor an object with a message" time="0.000052542">
        </testcase>
        <testcase classname="src/app/common/util/error.spec.ts" name="extractErrorMessage &gt; should return the fallback message when error key value is null" time="0.000050042">
        </testcase>
    </testsuite>
    <testsuite name="src/app/common/util/format.util.spec.ts" timestamp="2026-09-01T22:49:41.602Z" hostname="dhcp-172-27-096-224.mobile.uci.edu" tests="23" failures="0" errors="0" skipped="0" time="0.008838667">
        <testcase classname="src/app/common/util/format.util.spec.ts" name="formatSpeed &gt; returns &quot;0.0 MB/s&quot; for zero, negative, or undefined input" time="0.000436292">
        </testcase>
        <testcase classname="src/app/common/util/format.util.spec.ts" name="formatSpeed &gt; converts bytes/s to MB/s with one decimal place" time="0.000154458">
        </testcase>
        <testcase classname="src/app/common/util/format.util.spec.ts" name="formatSpeed &gt; handles sub-MB throughput by rounding to one decimal" time="0.000105417">
        </testcase>
        <testcase classname="src/app/common/util/format.util.spec.ts" name="formatSpeed &gt; handles very large throughput without overflow" time="0.000062">
        </testcase>
        <testcase classname="src/app/common/util/format.util.spec.ts" name="formatTime &gt; returns &quot;1s&quot; for undefined, zero, or negative input" time="0.000067458">
        </testcase>
        <testcase classname="src/app/common/util/format.util.spec.ts" name="formatTime &gt; formats sub-minute durations in seconds" time="0.000174125">
        </testcase>
        <testcase classname="src/app/common/util/format.util.spec.ts" name="formatTime &gt; rounds fractional seconds" time="0.000197458">
        </testcase>
        <testcase classname="src/app/common/util/format.util.spec.ts" name="formatTime &gt; formats durations under one hour as minutes with optional seconds" time="0.000104708">
        </testcase>
        <testcase classname="src/app/common/util/format.util.spec.ts" name="formatTime &gt; formats durations of one hour or more as hours with optional minutes" time="0.000101208">
        </testcase>
        <testcase classname="src/app/common/util/format.util.spec.ts" name="formatRelativeTime &gt; returns &quot;Unknown&quot; when timestamp is undefined" time="0.000953833">
        </testcase>
        <testcase classname="src/app/common/util/format.util.spec.ts" name="formatRelativeTime &gt; formats sub-hour differences in minutes" time="0.000370666">
        </testcase>
        <testcase classname="src/app/common/util/format.util.spec.ts" name="formatRelativeTime &gt; formats sub-day differences in hours" time="0.000250042">
        </testcase>
        <testcase classname="src/app/common/util/format.util.spec.ts" name="formatRelativeTime &gt; formats sub-week differences in days" time="0.000841125">
        </testcase>
        <testcase classname="src/app/common/util/format.util.spec.ts" name="formatRelativeTime &gt; formats sub-month differences in weeks" time="0.000752875">
        </testcase>
        <testcase classname="src/app/common/util/format.util.spec.ts" name="formatRelativeTime &gt; falls back to a locale date string for differences beyond four weeks" time="0.001154291">
        </testcase>
        <testcase classname="src/app/common/util/format.util.spec.ts" name="formatCount &gt; renders counts under 1000 as plain integers" time="0.000372208">
        </testcase>
        <testcase classname="src/app/common/util/format.util.spec.ts" name="formatCount &gt; abbreviates counts of 1000+ to one-decimal thousands" time="0.000339708">
        </testcase>
        <testcase classname="src/app/common/util/format.util.spec.ts" name="parseIntOrDefault &gt; parses a well-formed integer string" time="0.000292917">
        </testcase>
        <testcase classname="src/app/common/util/format.util.spec.ts" name="parseIntOrDefault &gt; parses a leading integer and ignores the trailing non-numeric part" time="0.000291542">
        </testcase>
        <testcase classname="src/app/common/util/format.util.spec.ts" name="parseIntOrDefault &gt; preserves a legitimately stored 0 instead of falling back" time="0.00040425">
        </testcase>
        <testcase classname="src/app/common/util/format.util.spec.ts" name="parseIntOrDefault &gt; returns the fallback for null or undefined" time="0.0003125">
        </testcase>
        <testcase classname="src/app/common/util/format.util.spec.ts" name="parseIntOrDefault &gt; returns the fallback for an empty or whitespace-only string" time="0.000229875">
        </testcase>
        <testcase classname="src/app/common/util/format.util.spec.ts" name="parseIntOrDefault &gt; returns the fallback for an unparsable, non-numeric string" time="0.000184667">
        </testcase>
    </testsuite>
    <testsuite name="src/app/common/util/logical-operator-port-serde.spec.ts" timestamp="2026-09-01T22:49:41.603Z" hostname="dhcp-172-27-096-224.mobile.uci.edu" tests="6" failures="0" errors="0" skipped="0" time="0.000934458">
        <testcase classname="src/app/common/util/logical-operator-port-serde.spec.ts" name="parseLogicalOperatorPortID &gt; should parse a valid input port ID" time="0.000381458">
        </testcase>
        <testcase classname="src/app/common/util/logical-operator-port-serde.spec.ts" name="parseLogicalOperatorPortID &gt; should parse a valid output port ID with a multi-digit port number" time="0.000132333">
        </testcase>
        <testcase classname="src/app/common/util/logical-operator-port-serde.spec.ts" name="parseLogicalOperatorPortID &gt; should return undefined for an unknown port type" time="0.000071708">
        </testcase>
        <testcase classname="src/app/common/util/logical-operator-port-serde.spec.ts" name="parseLogicalOperatorPortID &gt; should return undefined when the port number is missing" time="0.000059958">
        </testcase>
        <testcase classname="src/app/common/util/logical-operator-port-serde.spec.ts" name="parseLogicalOperatorPortID &gt; should return undefined for a malformed port ID with extra segments" time="0.000060292">
        </testcase>
        <testcase classname="src/app/common/util/logical-operator-port-serde.spec.ts" name="parseLogicalOperatorPortID &gt; should return undefined for an empty string" time="0.000055542">
        </testcase>
    </testsuite>
    <testsuite name="src/app/common/util/media-type.util.spec.ts" timestamp="2026-09-01T22:49:41.604Z" hostname="dhcp-172-27-096-224.mobile.uci.edu" tests="22" failures="0" errors="0" skipped="0" time="0.00253775">
        <testcase classname="src/app/common/util/media-type.util.spec.ts" name="isImageUrl &gt; should return true for data:image/ data URLs" time="0.000457792">
        </testcase>
        <testcase classname="src/app/common/util/media-type.util.spec.ts" name="isImageUrl &gt; should return true for common image file extensions" time="0.000113583">
        </testcase>
        <testcase classname="src/app/common/util/media-type.util.spec.ts" name="isImageUrl &gt; should be case-insensitive for extensions" time="0.000071708">
        </testcase>
        <testcase classname="src/app/common/util/media-type.util.spec.ts" name="isImageUrl &gt; should return true for URLs with query strings" time="0.000083791">
        </testcase>
        <testcase classname="src/app/common/util/media-type.util.spec.ts" name="isImageUrl &gt; should return false for audio and video URLs" time="0.000071292">
        </testcase>
        <testcase classname="src/app/common/util/media-type.util.spec.ts" name="isImageUrl &gt; should return false for plain text strings" time="0.0000665">
        </testcase>
        <testcase classname="src/app/common/util/media-type.util.spec.ts" name="isAudioUrl &gt; should return true for data:audio/ data URLs" time="0.000167542">
        </testcase>
        <testcase classname="src/app/common/util/media-type.util.spec.ts" name="isAudioUrl &gt; should return true for common audio file extensions" time="0.000087">
        </testcase>
        <testcase classname="src/app/common/util/media-type.util.spec.ts" name="isAudioUrl &gt; should be case-insensitive for extensions" time="0.000061417">
        </testcase>
        <testcase classname="src/app/common/util/media-type.util.spec.ts" name="isAudioUrl &gt; should return true for URLs with query strings" time="0.000067166">
        </testcase>
        <testcase classname="src/app/common/util/media-type.util.spec.ts" name="isAudioUrl &gt; should return false for image and video URLs" time="0.000070084">
        </testcase>
        <testcase classname="src/app/common/util/media-type.util.spec.ts" name="isAudioUrl &gt; should return false for plain text strings" time="0.000062875">
        </testcase>
        <testcase classname="src/app/common/util/media-type.util.spec.ts" name="isVideoUrl &gt; should return true for data:video/ data URLs" time="0.000137208">
        </testcase>
        <testcase classname="src/app/common/util/media-type.util.spec.ts" name="isVideoUrl &gt; should return true for common video file extensions" time="0.0000725">
        </testcase>
        <testcase classname="src/app/common/util/media-type.util.spec.ts" name="isVideoUrl &gt; should return true for fal.media CDN URLs" time="0.000052375">
        </testcase>
        <testcase classname="src/app/common/util/media-type.util.spec.ts" name="isVideoUrl &gt; should be case-insensitive for extensions" time="0.000159416">
        </testcase>
        <testcase classname="src/app/common/util/media-type.util.spec.ts" name="isVideoUrl &gt; should return true for URLs with query strings" time="0.000076916">
        </testcase>
        <testcase classname="src/app/common/util/media-type.util.spec.ts" name="isVideoUrl &gt; should return false for image and audio URLs" time="0.00015325">
        </testcase>
        <testcase classname="src/app/common/util/media-type.util.spec.ts" name="isVideoUrl &gt; should return false for plain text strings" time="0.000067541">
        </testcase>
        <testcase classname="src/app/common/util/media-type.util.spec.ts" name="isVideoUrl &gt; should return false for non-string types" time="0.000068166">
        </testcase>
        <testcase classname="src/app/common/util/media-type.util.spec.ts" name="non-string type guard (shared) &gt; isAudioUrl should return false for non-string types" time="0.00006725">
        </testcase>
        <testcase classname="src/app/common/util/media-type.util.spec.ts" name="non-string type guard (shared) &gt; isImageUrl should return false for non-string types" time="0.000066709">
        </testcase>
    </testsuite>
    <testsuite name="src/app/common/util/panel-dock.spec.ts" timestamp="2026-09-01T22:49:41.605Z" hostname="dhcp-172-27-096-224.mobile.uci.edu" tests="6" failures="0" errors="0" skipped="0" time="0.002189292">
        <testcase classname="src/app/common/util/panel-dock.spec.ts" name="calculateTotalTranslate3d &gt; should parse a single translate3d fragment" time="0.00073775">
        </testcase>
        <testcase classname="src/app/common/util/panel-dock.spec.ts" name="calculateTotalTranslate3d &gt; should parse two translate3d fragments by summing" time="0.000375583">
        </testcase>
        <testcase classname="src/app/common/util/panel-dock.spec.ts" name="calculateTotalTranslate3d &gt; should parse decimal values in translate3d fragment" time="0.000214417">
        </testcase>
        <testcase classname="src/app/common/util/panel-dock.spec.ts" name="calculateTotalTranslate3d &gt; should parse negative values in translate3d fragment" time="0.000260791">
        </testcase>
        <testcase classname="src/app/common/util/panel-dock.spec.ts" name="calculateTotalTranslate3d &gt; should return [0, 0, 0] when no translate3d pattern exists" time="0.000225">
        </testcase>
        <testcase classname="src/app/common/util/panel-dock.spec.ts" name="calculateTotalTranslate3d &gt; should treat a translate3d fragment without px units as [0, 0, 0]" time="0.000237875">
        </testcase>
    </testsuite>
    <testsuite name="src/app/common/util/port-identity-serde.spec.ts" timestamp="2026-09-01T22:49:41.605Z" hostname="dhcp-172-27-096-224.mobile.uci.edu" tests="12" failures="0" errors="0" skipped="0" time="0.002812958">
        <testcase classname="src/app/common/util/port-identity-serde.spec.ts" name="serializePortIdentity &gt; should serialize an external port as id_internal" time="0.001209542">
        </testcase>
        <testcase classname="src/app/common/util/port-identity-serde.spec.ts" name="serializePortIdentity &gt; should serialize an internal port" time="0.000167709">
        </testcase>
        <testcase classname="src/app/common/util/port-identity-serde.spec.ts" name="serializePortIdentity &gt; should serialize port id zero" time="0.000144583">
        </testcase>
        <testcase classname="src/app/common/util/port-identity-serde.spec.ts" name="serializePortIdentity &gt; should serialize a large multi-digit port id" time="0.000063875">
        </testcase>
        <testcase classname="src/app/common/util/port-identity-serde.spec.ts" name="serializePortIdentity &gt; should serialize a large multi-digit internal port id" time="0.000054959">
        </testcase>
        <testcase classname="src/app/common/util/port-identity-serde.spec.ts" name="serializePortIdentity &gt; should pass a negative port id through without validation" time="0.000058625">
        </testcase>
        <testcase classname="src/app/common/util/port-identity-serde.spec.ts" name="serializePortIdentity &gt; should pass a negative internal port id through without validation" time="0.000052">
        </testcase>
        <testcase classname="src/app/common/util/port-identity-serde.spec.ts" name="serializePortIdentity &gt; should produce different keys for internal and external ports with the same id" time="0.000096208">
        </testcase>
        <testcase classname="src/app/common/util/port-identity-serde.spec.ts" name="serializePortIdentity &gt; should produce different keys for different ids" time="0.000060541">
        </testcase>
        <testcase classname="src/app/common/util/port-identity-serde.spec.ts" name="serializePortIdentity &gt; should be deterministic for equal inputs" time="0.000068375">
        </testcase>
        <testcase classname="src/app/common/util/port-identity-serde.spec.ts" name="serializePortIdentity &gt; should work as an object key for schema lookup" time="0.000068916">
        </testcase>
        <testcase classname="src/app/common/util/port-identity-serde.spec.ts" name="serializePortIdentity &gt; should stay parseable by the backend deserializer format" time="0.000076375">
        </testcase>
    </testsuite>
    <testsuite name="src/app/common/util/predicate.spec.ts" timestamp="2026-09-01T22:49:41.606Z" hostname="dhcp-172-27-096-224.mobile.uci.edu" tests="11" failures="0" errors="0" skipped="0" time="0.00203">
        <testcase classname="src/app/common/util/predicate.spec.ts" name="isNonNullObject &gt; should return true for plain objects" time="0.000612959">
        </testcase>
        <testcase classname="src/app/common/util/predicate.spec.ts" name="isNonNullObject &gt; should return true for arrays" time="0.000208083">
        </testcase>
        <testcase classname="src/app/common/util/predicate.spec.ts" name="isNonNullObject &gt; should return false for null and undefined" time="0.000143042">
        </testcase>
        <testcase classname="src/app/common/util/predicate.spec.ts" name="isNonNullObject &gt; should return false for primitives" time="0.000120291">
        </testcase>
        <testcase classname="src/app/common/util/predicate.spec.ts" name="isNonNullObject &gt; should return false for functions" time="0.000064042">
        </testcase>
        <testcase classname="src/app/common/util/predicate.spec.ts" name="isDefined &gt; returns false for undefined" time="0.000065583">
        </testcase>
        <testcase classname="src/app/common/util/predicate.spec.ts" name="isDefined &gt; returns false for null" time="0.000063291">
        </testcase>
        <testcase classname="src/app/common/util/predicate.spec.ts" name="isDefined &gt; returns true for defined primitive values" time="0.000091667">
        </testcase>
        <testcase classname="src/app/common/util/predicate.spec.ts" name="isDefined &gt; returns true for defined object and array values" time="0.000069583">
        </testcase>
        <testcase classname="src/app/common/util/predicate.spec.ts" name="isDefined &gt; narrows the type so the value is usable without a nullable guard" time="0.000080875">
        </testcase>
        <testcase classname="src/app/common/util/predicate.spec.ts" name="isDefined &gt; filters nullish entries out of a collection" time="0.00013425">
        </testcase>
    </testsuite>
    <testsuite name="src/app/common/util/set.spec.ts" timestamp="2026-09-01T22:49:41.606Z" hostname="dhcp-172-27-096-224.mobile.uci.edu" tests="8" failures="0" errors="0" skipped="0" time="0.001226292">
        <testcase classname="src/app/common/util/set.spec.ts" name="intersection &gt; returns only the elements common to both sets" time="0.000310792">
        </testcase>
        <testcase classname="src/app/common/util/set.spec.ts" name="intersection &gt; returns an empty set when there are no common elements" time="0.00008475">
        </testcase>
        <testcase classname="src/app/common/util/set.spec.ts" name="intersection &gt; returns an empty set when either input is empty" time="0.000076417">
        </testcase>
        <testcase classname="src/app/common/util/set.spec.ts" name="intersection &gt; works with string elements" time="0.0000825">
        </testcase>
        <testcase classname="src/app/common/util/set.spec.ts" name="intersection &gt; uses reference identity for object elements (SameValueZero)" time="0.000069084">
        </testcase>
        <testcase classname="src/app/common/util/set.spec.ts" name="intersection &gt; does not mutate either input set" time="0.000066667">
        </testcase>
        <testcase classname="src/app/common/util/set.spec.ts" name="intersection &gt; returns a brand-new set, not one of the inputs" time="0.000236667">
        </testcase>
        <testcase classname="src/app/common/util/set.spec.ts" name="intersection &gt; is symmetric in the elements it selects" time="0.000096209">
        </testcase>
    </testsuite>
    <testsuite name="src/app/common/util/size-formatter.util.spec.ts" timestamp="2026-09-01T22:49:41.607Z" hostname="dhcp-172-27-096-224.mobile.uci.edu" tests="6" failures="0" errors="0" skipped="0" time="0.000725292">
        <testcase classname="src/app/common/util/size-formatter.util.spec.ts" name="formatSize &gt; should correctly format a valid file size" time="0.0002805">
        </testcase>
        <testcase classname="src/app/common/util/size-formatter.util.spec.ts" name="formatSize &gt; should return &quot;0 Bytes&quot; for undefined or non-positive input" time="0.000090042">
        </testcase>
        <testcase classname="src/app/common/util/size-formatter.util.spec.ts" name="formatSize &gt; should correctly format large file sizes" time="0.000059875">
        </testcase>
        <testcase classname="src/app/common/util/size-formatter.util.spec.ts" name="formatSize &gt; should handle decimal places correctly" time="0.000053125">
        </testcase>
        <testcase classname="src/app/common/util/size-formatter.util.spec.ts" name="formatSize &gt; should successfully format a typical file size" time="0.000051625">
        </testcase>
        <testcase classname="src/app/common/util/size-formatter.util.spec.ts" name="formatSize &gt; should handle extremely large file sizes without failure" time="0.000100375">
        </testcase>
    </testsuite>
    <testsuite name="src/app/common/util/storage.spec.ts" timestamp="2026-09-01T22:49:41.607Z" hostname="dhcp-172-27-096-224.mobile.uci.edu" tests="12" failures="0" errors="0" skipped="0" time="0.002545041">
        <testcase classname="src/app/common/util/storage.spec.ts" name="storage util &gt; jsonCast &gt; parses a JSON string back into its original value" time="0.000651083">
        </testcase>
        <testcase classname="src/app/common/util/storage.spec.ts" name="storage util &gt; jsonCast &gt; throws when the input is not valid JSON" time="0.000205042">
        </testcase>
        <testcase classname="src/app/common/util/storage.spec.ts" name="storage util &gt; localStorage helpers &gt; stringifies the object when setting" time="0.000191083">
        </testcase>
        <testcase classname="src/app/common/util/storage.spec.ts" name="storage util &gt; localStorage helpers &gt; round-trips an object through set then get" time="0.000156709">
        </testcase>
        <testcase classname="src/app/common/util/storage.spec.ts" name="storage util &gt; localStorage helpers &gt; returns undefined when the key is absent" time="0.000122709">
        </testcase>
        <testcase classname="src/app/common/util/storage.spec.ts" name="storage util &gt; localStorage helpers &gt; returns undefined for an empty-string value (falsy guard)" time="0.000115833">
        </testcase>
        <testcase classname="src/app/common/util/storage.spec.ts" name="storage util &gt; localStorage helpers &gt; removes the stored key" time="0.00011825">
        </testcase>
        <testcase classname="src/app/common/util/storage.spec.ts" name="storage util &gt; localStorage helpers &gt; preserves falsy-but-defined values such as false and 0" time="0.000140584">
        </testcase>
        <testcase classname="src/app/common/util/storage.spec.ts" name="storage util &gt; sessionStorage helpers &gt; stringifies the object when setting" time="0.0001375">
        </testcase>
        <testcase classname="src/app/common/util/storage.spec.ts" name="storage util &gt; sessionStorage helpers &gt; round-trips an object through set then get" time="0.0002235">
        </testcase>
        <testcase classname="src/app/common/util/storage.spec.ts" name="storage util &gt; sessionStorage helpers &gt; returns null (not undefined) when the key is absent" time="0.000108">
        </testcase>
        <testcase classname="src/app/common/util/storage.spec.ts" name="storage util &gt; sessionStorage helpers &gt; removes the stored key" time="0.000116583">
        </testcase>
    </testsuite>
    <testsuite name="src/app/common/util/switch.spec.ts" timestamp="2026-09-01T22:49:41.608Z" hostname="dhcp-172-27-096-224.mobile.uci.edu" tests="4" failures="0" errors="0" skipped="0" time="0.001304333">
        <testcase classname="src/app/common/util/switch.spec.ts" name="exhaustiveGuard &gt; always throws when reached at runtime" time="0.00054">
        </testcase>
        <testcase classname="src/app/common/util/switch.spec.ts" name="exhaustiveGuard &gt; includes the offending value in the error message" time="0.000130583">
        </testcase>
        <testcase classname="src/app/common/util/switch.spec.ts" name="exhaustiveGuard &gt; serializes object values with JSON.stringify in the message" time="0.000282792">
        </testcase>
        <testcase classname="src/app/common/util/switch.spec.ts" name="exhaustiveGuard &gt; acts as the default branch of an exhaustive switch" time="0.000181042">
        </testcase>
    </testsuite>
    <testsuite name="src/app/common/util/url.spec.ts" timestamp="2026-09-01T22:49:41.608Z" hostname="dhcp-172-27-096-224.mobile.uci.edu" tests="7" failures="0" errors="0" skipped="0" time="0.002317625">
        <testcase classname="src/app/common/util/url.spec.ts" name="getWebsocketUrl &gt; when no explicit port is given &gt; rewrites an http base URI to the ws protocol" time="0.000721125">
        </testcase>
        <testcase classname="src/app/common/util/url.spec.ts" name="getWebsocketUrl &gt; when no explicit port is given &gt; rewrites an https base URI to the wss protocol" time="0.000769542">
        </testcase>
        <testcase classname="src/app/common/util/url.spec.ts" name="getWebsocketUrl &gt; when no explicit port is given &gt; resolves a relative endpoint against the base URI path" time="0.000207">
        </testcase>
        <testcase classname="src/app/common/util/url.spec.ts" name="getWebsocketUrl &gt; when no explicit port is given &gt; preserves a non-default port already present in the base URI" time="0.000092208">
        </testcase>
        <testcase classname="src/app/common/util/url.spec.ts" name="getWebsocketUrl &gt; when an explicit port is given &gt; targets the base URI hostname on that port" time="0.000084042">
        </testcase>
        <testcase classname="src/app/common/util/url.spec.ts" name="getWebsocketUrl &gt; when an explicit port is given &gt; always uses the unencrypted ws protocol regardless of the base scheme" time="0.000112708">
        </testcase>
        <testcase classname="src/app/common/util/url.spec.ts" name="getWebsocketUrl &gt; when an explicit port is given &gt; uses only the hostname of the base URI, dropping its original port" time="0.0000705">
        </testcase>
    </testsuite>
    <testsuite name="src/app/common/util/workflow-check.spec.ts" timestamp="2026-09-01T22:49:41.608Z" hostname="dhcp-172-27-096-224.mobile.uci.edu" tests="4" failures="0" errors="0" skipped="0" time="0.001082584">
        <testcase classname="src/app/common/util/workflow-check.spec.ts" name="checkIfWorkflowBroken &gt; should return false when every link references existing operators" time="0.000615083">
        </testcase>
        <testcase classname="src/app/common/util/workflow-check.spec.ts" name="checkIfWorkflowBroken &gt; should return true when a link source references a missing operator" time="0.000118459">
        </testcase>
        <testcase classname="src/app/common/util/workflow-check.spec.ts" name="checkIfWorkflowBroken &gt; should return true when a link target references a missing operator" time="0.000083375">
        </testcase>
        <testcase classname="src/app/common/util/workflow-check.spec.ts" name="checkIfWorkflowBroken &gt; should return false when the workflow has no links" time="0.000068875">
        </testcase>
    </testsuite>
    <testsuite name="src/app/common/util/workflow-compilation-utils.spec.ts" timestamp="2026-09-01T22:49:41.608Z" hostname="dhcp-172-27-096-224.mobile.uci.edu" tests="11" failures="0" errors="0" skipped="0" time="0.002916292">
        <testcase classname="src/app/common/util/workflow-compilation-utils.spec.ts" name="areAllPortSchemasEqual &gt; should return true for an empty schema array" time="0.000402625">
        </testcase>
        <testcase classname="src/app/common/util/workflow-compilation-utils.spec.ts" name="areAllPortSchemasEqual &gt; should return true for a single schema" time="0.000090667">
        </testcase>
        <testcase classname="src/app/common/util/workflow-compilation-utils.spec.ts" name="areAllPortSchemasEqual &gt; should return true for deeply equal schemas" time="0.000852333">
        </testcase>
        <testcase classname="src/app/common/util/workflow-compilation-utils.spec.ts" name="areAllPortSchemasEqual &gt; should return true when every schema is undefined" time="0.000139333">
        </testcase>
        <testcase classname="src/app/common/util/workflow-compilation-utils.spec.ts" name="areAllPortSchemasEqual &gt; should return false when defined schemas differ" time="0.000129208">
        </testcase>
        <testcase classname="src/app/common/util/workflow-compilation-utils.spec.ts" name="areAllPortSchemasEqual &gt; should return false when defined and undefined schemas are mixed" time="0.000062">
        </testcase>
        <testcase classname="src/app/common/util/workflow-compilation-utils.spec.ts" name="addCompilationError &gt; should create a failed state with the new operator error" time="0.000521709">
        </testcase>
        <testcase classname="src/app/common/util/workflow-compilation-utils.spec.ts" name="addCompilationError &gt; should default omitted error details to an empty string" time="0.000128833">
        </testcase>
        <testcase classname="src/app/common/util/workflow-compilation-utils.spec.ts" name="addCompilationError &gt; should initialize the output-schema map for an uninitialized state" time="0.000107291">
        </testcase>
        <testcase classname="src/app/common/util/workflow-compilation-utils.spec.ts" name="addCompilationError &gt; should preserve earlier errors when the input state is already failed" time="0.000148542">
        </testcase>
        <testcase classname="src/app/common/util/workflow-compilation-utils.spec.ts" name="addCompilationError &gt; should carry over the output-schema map from a succeeded state" time="0.000093375">
        </testcase>
    </testsuite>
    <testsuite name="src/app/dashboard/type/dashboard-entry.spec.ts" timestamp="2026-09-01T22:49:41.609Z" hostname="dhcp-172-27-096-224.mobile.uci.edu" tests="19" failures="0" errors="0" skipped="0" time="0.003116916">
        <testcase classname="src/app/dashboard/type/dashboard-entry.spec.ts" name="DashboardEntry &gt; constructor type mapping &gt; maps a DashboardWorkflow to the Workflow entity and copies workflow fields" time="0.000615209">
        </testcase>
        <testcase classname="src/app/dashboard/type/dashboard-entry.spec.ts" name="DashboardEntry &gt; constructor type mapping &gt; leaves coverImageUrl undefined when a workflow has no cover image" time="0.000093792">
        </testcase>
        <testcase classname="src/app/dashboard/type/dashboard-entry.spec.ts" name="DashboardEntry &gt; constructor type mapping &gt; maps a DashboardFile to the File entity and copies file fields" time="0.000183625">
        </testcase>
        <testcase classname="src/app/dashboard/type/dashboard-entry.spec.ts" name="DashboardEntry &gt; constructor type mapping &gt; maps a DashboardDataset to the Dataset entity and copies dataset fields" time="0.000174042">
        </testcase>
        <testcase classname="src/app/dashboard/type/dashboard-entry.spec.ts" name="DashboardEntry &gt; constructor type mapping &gt; maps a DashboardModel to the Model entity and copies model fields" time="0.000212834">
        </testcase>
        <testcase classname="src/app/dashboard/type/dashboard-entry.spec.ts" name="DashboardEntry &gt; constructor type mapping &gt; maps a DashboardWorkflowComputingUnit to the ComputingUnit entity and copies computing-unit fields" time="0.00016625">
        </testcase>
        <testcase classname="src/app/dashboard/type/dashboard-entry.spec.ts" name="DashboardEntry &gt; constructor type mapping &gt; initializes the shared counters and flags to their defaults" time="0.000091209">
        </testcase>
        <testcase classname="src/app/dashboard/type/dashboard-entry.spec.ts" name="DashboardEntry &gt; constructor type mapping &gt; throws for a value that matches no type predicate" time="0.000120375">
        </testcase>
        <testcase classname="src/app/dashboard/type/dashboard-entry.spec.ts" name="DashboardEntry &gt; setters &gt; setOwnerName updates ownerName" time="0.000090375">
        </testcase>
        <testcase classname="src/app/dashboard/type/dashboard-entry.spec.ts" name="DashboardEntry &gt; setters &gt; setOwnerAvatar updates ownerAvatar" time="0.000189625">
        </testcase>
        <testcase classname="src/app/dashboard/type/dashboard-entry.spec.ts" name="DashboardEntry &gt; setters &gt; setCount updates viewCount, cloneCount and likeCount together" time="0.000145041">
        </testcase>
        <testcase classname="src/app/dashboard/type/dashboard-entry.spec.ts" name="DashboardEntry &gt; setters &gt; setIsLiked updates isLiked" time="0.000091625">
        </testcase>
        <testcase classname="src/app/dashboard/type/dashboard-entry.spec.ts" name="DashboardEntry &gt; setters &gt; setAccessUsers replaces accessibleUserIds" time="0.00008375">
        </testcase>
        <testcase classname="src/app/dashboard/type/dashboard-entry.spec.ts" name="DashboardEntry &gt; setters &gt; setSize updates size" time="0.000066334">
        </testcase>
        <testcase classname="src/app/dashboard/type/dashboard-entry.spec.ts" name="DashboardEntry &gt; getters &gt; workflow getter returns the value for a workflow entry and throws for others" time="0.00014025">
        </testcase>
        <testcase classname="src/app/dashboard/type/dashboard-entry.spec.ts" name="DashboardEntry &gt; getters &gt; file getter returns the value for a file entry and throws for others" time="0.000113042">
        </testcase>
        <testcase classname="src/app/dashboard/type/dashboard-entry.spec.ts" name="DashboardEntry &gt; getters &gt; dataset getter returns the value for a dataset entry and throws for others" time="0.000101917">
        </testcase>
        <testcase classname="src/app/dashboard/type/dashboard-entry.spec.ts" name="DashboardEntry &gt; getters &gt; model getter returns the value for a model entry and throws for others" time="0.000092292">
        </testcase>
        <testcase classname="src/app/dashboard/type/dashboard-entry.spec.ts" name="DashboardEntry &gt; getters &gt; computingUnit getter returns the value for a computing-unit entry and throws for others" time="0.000116208">
        </testcase>
    </testsuite>
    <testsuite name="src/app/dashboard/type/search-filter-parameters.spec.ts" timestamp="2026-09-01T22:49:41.610Z" hostname="dhcp-172-27-096-224.mobile.uci.edu" tests="28" failures="0" errors="0" skipped="0" time="0.005265542">
        <testcase classname="src/app/dashboard/type/search-filter-parameters.spec.ts" name="toQueryStrings &gt; should return an empty string for empty keywords, an empty filter, and no optional arguments" time="0.000456083">
        </testcase>
        <testcase classname="src/app/dashboard/type/search-filter-parameters.spec.ts" name="toQueryStrings &gt; should emit one query parameter per keyword, preserving order" time="0.000126875">
        </testcase>
        <testcase classname="src/app/dashboard/type/search-filter-parameters.spec.ts" name="toQueryStrings &gt; should trim keywords and drop whitespace-only keywords" time="0.000069">
        </testcase>
        <testcase classname="src/app/dashboard/type/search-filter-parameters.spec.ts" name="toQueryStrings &gt; should URL-encode keyword values" time="0.00006825">
        </testcase>
        <testcase classname="src/app/dashboard/type/search-filter-parameters.spec.ts" name="toQueryStrings &gt; should preserve all four local date filters in a UTC-positive timezone" time="0.001611542">
        </testcase>
        <testcase classname="src/app/dashboard/type/search-filter-parameters.spec.ts" name="toQueryStrings &gt; should omit date filters that are null" time="0.000380417">
        </testcase>
        <testcase classname="src/app/dashboard/type/search-filter-parameters.spec.ts" name="toQueryStrings &gt; should emit repeated owner, id, and operator parameters, preserving order" time="0.000278083">
        </testcase>
        <testcase classname="src/app/dashboard/type/search-filter-parameters.spec.ts" name="toQueryStrings &gt; should URL-encode filter values" time="0.000094208">
        </testcase>
        <testcase classname="src/app/dashboard/type/search-filter-parameters.spec.ts" name="toQueryStrings &gt; should silently drop empty-string filter values" time="0.000073083">
        </testcase>
        <testcase classname="src/app/dashboard/type/search-filter-parameters.spec.ts" name="toQueryStrings &gt; should emit start and count when they are positive" time="0.000072708">
        </testcase>
        <testcase classname="src/app/dashboard/type/search-filter-parameters.spec.ts" name="toQueryStrings &gt; should omit start and count when they are 0" time="0.000073333">
        </testcase>
        <testcase classname="src/app/dashboard/type/search-filter-parameters.spec.ts" name="toQueryStrings &gt; should emit resourceType for a non-null type and omit it for null or undefined" time="0.000074542">
        </testcase>
        <testcase classname="src/app/dashboard/type/search-filter-parameters.spec.ts" name="toQueryStrings &gt; should emit orderBy for SortMethod.NameAsc even though its enum value is 0" time="0.000069458">
        </testcase>
        <testcase classname="src/app/dashboard/type/search-filter-parameters.spec.ts" name="toQueryStrings &gt; should emit the enum member name for other sort methods and omit orderBy when undefined" time="0.000063916">
        </testcase>
        <testcase classname="src/app/dashboard/type/search-filter-parameters.spec.ts" name="toQueryStrings &gt; should emit all parameter groups in the documented order when everything is populated" time="0.000107125">
        </testcase>
        <testcase classname="src/app/dashboard/type/search-filter-parameters.spec.ts" name="toQueryStrings &gt; should omit start, count, resourceType, and orderBy when called with only keywords and filters" time="0.000056625">
        </testcase>
        <testcase classname="src/app/dashboard/type/search-filter-parameters.spec.ts" name="searchTestEntries &gt; returns all entries untouched when nothing is constraining" time="0.000293292">
        </testcase>
        <testcase classname="src/app/dashboard/type/search-filter-parameters.spec.ts" name="searchTestEntries &gt; keeps only entries whose name contains a keyword substring" time="0.000097958">
        </testcase>
        <testcase classname="src/app/dashboard/type/search-filter-parameters.spec.ts" name="searchTestEntries &gt; matches when any of several keywords is a substring" time="0.000075125">
        </testcase>
        <testcase classname="src/app/dashboard/type/search-filter-parameters.spec.ts" name="searchTestEntries &gt; filters by createDateStart, keeping entries created on or after the start" time="0.000093041">
        </testcase>
        <testcase classname="src/app/dashboard/type/search-filter-parameters.spec.ts" name="searchTestEntries &gt; filters by createDateEnd inclusively through the end of that day" time="0.000101">
        </testcase>
        <testcase classname="src/app/dashboard/type/search-filter-parameters.spec.ts" name="searchTestEntries &gt; filters by modifiedDateStart and modifiedDateEnd against lastModifiedTime" time="0.000090709">
        </testcase>
        <testcase classname="src/app/dashboard/type/search-filter-parameters.spec.ts" name="searchTestEntries &gt; filters by owner name, matching any listed owner" time="0.000092791">
        </testcase>
        <testcase classname="src/app/dashboard/type/search-filter-parameters.spec.ts" name="searchTestEntries &gt; filters by workflow id, comparing the wid as a string" time="0.000093833">
        </testcase>
        <testcase classname="src/app/dashboard/type/search-filter-parameters.spec.ts" name="searchTestEntries &gt; filters by operator type present in the workflow content" time="0.000100375">
        </testcase>
        <testcase classname="src/app/dashboard/type/search-filter-parameters.spec.ts" name="searchTestEntries &gt; excludes non-workflow entries when a workflow-only filter is applied" time="0.000125875">
        </testcase>
        <testcase classname="src/app/dashboard/type/search-filter-parameters.spec.ts" name="searchTestEntries &gt; filters by resource type when a type is given" time="0.000078333">
        </testcase>
        <testcase classname="src/app/dashboard/type/search-filter-parameters.spec.ts" name="searchTestEntries &gt; applies all filters sequentially, keeping only entries that satisfy every one" time="0.000101541">
        </testcase>
    </testsuite>
    <testsuite name="src/app/dashboard/type/type-predicates.spec.ts" timestamp="2026-09-01T22:49:41.611Z" hostname="dhcp-172-27-096-224.mobile.uci.edu" tests="38" failures="0" errors="0" skipped="0" time="0.005357417">
        <testcase classname="src/app/dashboard/type/type-predicates.spec.ts" name="isDashboardWorkflow &gt; should return true for a realistic DashboardWorkflow" time="0.000493958">
        </testcase>
        <testcase classname="src/app/dashboard/type/type-predicates.spec.ts" name="isDashboardWorkflow &gt; should return false for null and undefined" time="0.00022525">
        </testcase>
        <testcase classname="src/app/dashboard/type/type-predicates.spec.ts" name="isDashboardWorkflow &gt; should return false for an object without a workflow field" time="0.000191042">
        </testcase>
        <testcase classname="src/app/dashboard/type/type-predicates.spec.ts" name="isDashboardWorkflow &gt; should return false when workflow is not an object" time="0.000194125">
        </testcase>
        <testcase classname="src/app/dashboard/type/type-predicates.spec.ts" name="isDashboardWorkflow &gt; should return false when workflow is null" time="0.000156584">
        </testcase>
        <testcase classname="src/app/dashboard/type/type-predicates.spec.ts" name="isDashboardFile &gt; should return true for a realistic DashboardFile" time="0.000214417">
        </testcase>
        <testcase classname="src/app/dashboard/type/type-predicates.spec.ts" name="isDashboardFile &gt; should return false for null and undefined" time="0.000177875">
        </testcase>
        <testcase classname="src/app/dashboard/type/type-predicates.spec.ts" name="isDashboardFile &gt; should return false for an empty object" time="0.000135041">
        </testcase>
        <testcase classname="src/app/dashboard/type/type-predicates.spec.ts" name="isDashboardFile &gt; should return false when ownerEmail is missing" time="0.000212917">
        </testcase>
        <testcase classname="src/app/dashboard/type/type-predicates.spec.ts" name="isDashboardFile &gt; should return false when file is missing" time="0.000273958">
        </testcase>
        <testcase classname="src/app/dashboard/type/type-predicates.spec.ts" name="isDashboardFile &gt; should return false when ownerEmail is not a string" time="0.000239125">
        </testcase>
        <testcase classname="src/app/dashboard/type/type-predicates.spec.ts" name="isDashboardFile &gt; should return false when file is null" time="0.00016275">
        </testcase>
        <testcase classname="src/app/dashboard/type/type-predicates.spec.ts" name="isDashboardDataset &gt; should return true for a realistic DashboardDataset" time="0.000208667">
        </testcase>
        <testcase classname="src/app/dashboard/type/type-predicates.spec.ts" name="isDashboardDataset &gt; should return false for null and undefined" time="0.000166917">
        </testcase>
        <testcase classname="src/app/dashboard/type/type-predicates.spec.ts" name="isDashboardDataset &gt; should return false for an object without a dataset field" time="0.000186375">
        </testcase>
        <testcase classname="src/app/dashboard/type/type-predicates.spec.ts" name="isDashboardDataset &gt; should return false when dataset is not an object" time="0.000223916">
        </testcase>
        <testcase classname="src/app/dashboard/type/type-predicates.spec.ts" name="isDashboardDataset &gt; should return false when dataset is null" time="0.00020525">
        </testcase>
        <testcase classname="src/app/dashboard/type/type-predicates.spec.ts" name="isDashboardWorkflowComputingUnit &gt; should return true for a realistic DashboardWorkflowComputingUnit" time="0.000249209">
        </testcase>
        <testcase classname="src/app/dashboard/type/type-predicates.spec.ts" name="isDashboardWorkflowComputingUnit &gt; should return false for null and undefined" time="0.000123334">
        </testcase>
        <testcase classname="src/app/dashboard/type/type-predicates.spec.ts" name="isDashboardWorkflowComputingUnit &gt; should return false for an object without a computingUnit field" time="0.000069916">
        </testcase>
        <testcase classname="src/app/dashboard/type/type-predicates.spec.ts" name="isDashboardWorkflowComputingUnit &gt; should return false when computingUnit is not an object" time="0.000061125">
        </testcase>
        <testcase classname="src/app/dashboard/type/type-predicates.spec.ts" name="isDashboardWorkflowComputingUnit &gt; should return false when computingUnit is null" time="0.000049667">
        </testcase>
        <testcase classname="src/app/dashboard/type/type-predicates.spec.ts" name="type predicate cross-classification &gt; isDashboardWorkflow should return true for the DashboardWorkflow fixture" time="0.000055959">
        </testcase>
        <testcase classname="src/app/dashboard/type/type-predicates.spec.ts" name="type predicate cross-classification &gt; isDashboardFile should return false for the DashboardWorkflow fixture" time="0.000042125">
        </testcase>
        <testcase classname="src/app/dashboard/type/type-predicates.spec.ts" name="type predicate cross-classification &gt; isDashboardDataset should return false for the DashboardWorkflow fixture" time="0.000041333">
        </testcase>
        <testcase classname="src/app/dashboard/type/type-predicates.spec.ts" name="type predicate cross-classification &gt; isDashboardWorkflowComputingUnit should return false for the DashboardWorkflow fixture" time="0.000041083">
        </testcase>
        <testcase classname="src/app/dashboard/type/type-predicates.spec.ts" name="type predicate cross-classification &gt; isDashboardWorkflow should return false for the DashboardFile fixture" time="0.000044125">
        </testcase>
        <testcase classname="src/app/dashboard/type/type-predicates.spec.ts" name="type predicate cross-classification &gt; isDashboardFile should return true for the DashboardFile fixture" time="0.000043125">
        </testcase>
        <testcase classname="src/app/dashboard/type/type-predicates.spec.ts" name="type predicate cross-classification &gt; isDashboardDataset should return false for the DashboardFile fixture" time="0.000042333">
        </testcase>
        <testcase classname="src/app/dashboard/type/type-predicates.spec.ts" name="type predicate cross-classification &gt; isDashboardWorkflowComputingUnit should return false for the DashboardFile fixture" time="0.0000465">
        </testcase>
        <testcase classname="src/app/dashboard/type/type-predicates.spec.ts" name="type predicate cross-classification &gt; isDashboardWorkflow should return false for the DashboardDataset fixture" time="0.000049666">
        </testcase>
        <testcase classname="src/app/dashboard/type/type-predicates.spec.ts" name="type predicate cross-classification &gt; isDashboardFile should return false for the DashboardDataset fixture" time="0.000045834">
        </testcase>
        <testcase classname="src/app/dashboard/type/type-predicates.spec.ts" name="type predicate cross-classification &gt; isDashboardDataset should return true for the DashboardDataset fixture" time="0.000041416">
        </testcase>
        <testcase classname="src/app/dashboard/type/type-predicates.spec.ts" name="type predicate cross-classification &gt; isDashboardWorkflowComputingUnit should return false for the DashboardDataset fixture" time="0.00004075">
        </testcase>
        <testcase classname="src/app/dashboard/type/type-predicates.spec.ts" name="type predicate cross-classification &gt; isDashboardWorkflow should return false for the DashboardWorkflowComputingUnit fixture" time="0.000049875">
        </testcase>
        <testcase classname="src/app/dashboard/type/type-predicates.spec.ts" name="type predicate cross-classification &gt; isDashboardFile should return false for the DashboardWorkflowComputingUnit fixture" time="0.000049084">
        </testcase>
        <testcase classname="src/app/dashboard/type/type-predicates.spec.ts" name="type predicate cross-classification &gt; isDashboardDataset should return false for the DashboardWorkflowComputingUnit fixture" time="0.000048209">
        </testcase>
        <testcase classname="src/app/dashboard/type/type-predicates.spec.ts" name="type predicate cross-classification &gt; isDashboardWorkflowComputingUnit should return true for the DashboardWorkflowComputingUnit fixture" time="0.000040792">
        </testcase>
    </testsuite>
    <testsuite name="src/app/hub/service/hub.service.spec.ts" timestamp="2026-09-01T22:49:41.613Z" hostname="dhcp-172-27-096-224.mobile.uci.edu" tests="15" failures="0" errors="0" skipped="0" time="0.017166042">
        <testcase classname="src/app/hub/service/hub.service.spec.ts" name="HubService &gt; should be created" time="0.001567208">
        </testcase>
        <testcase classname="src/app/hub/service/hub.service.spec.ts" name="HubService &gt; getCount GETs /count with the entityType param and emits the count" time="0.001024084">
        </testcase>
        <testcase classname="src/app/hub/service/hub.service.spec.ts" name="HubService &gt; cloneWorkflow POSTs to /workflow/clone/:wid with a null body and emits the new wid" time="0.001173">
        </testcase>
        <testcase classname="src/app/hub/service/hub.service.spec.ts" name="HubService &gt; isLiked GETs /isLiked appending every id and type, and emits the statuses" time="0.000928167">
        </testcase>
        <testcase classname="src/app/hub/service/hub.service.spec.ts" name="HubService &gt; postLike POSTs /like with a json body and emits the boolean result" time="0.001144375">
        </testcase>
        <testcase classname="src/app/hub/service/hub.service.spec.ts" name="HubService &gt; postUnlike POSTs /unlike with a json body and emits the boolean result" time="0.000943959">
        </testcase>
        <testcase classname="src/app/hub/service/hub.service.spec.ts" name="HubService &gt; toggleLike likes (not currently liked) then re-fetches the like count" time="0.000974916">
        </testcase>
        <testcase classname="src/app/hub/service/hub.service.spec.ts" name="HubService &gt; toggleLike unlikes (currently liked) then re-fetches the like count" time="0.000837167">
        </testcase>
        <testcase classname="src/app/hub/service/hub.service.spec.ts" name="HubService &gt; toggleLike keeps the current state when the action fails and defaults the count to 0" time="0.002246333">
        </testcase>
        <testcase classname="src/app/hub/service/hub.service.spec.ts" name="HubService &gt; postView POSTs /view with a json body and emits the view count" time="0.001654167">
        </testcase>
        <testcase classname="src/app/hub/service/hub.service.spec.ts" name="HubService &gt; getTops GETs /getTops with entityType, uid, limit and appended actionTypes" time="0.001380667">
        </testcase>
        <testcase classname="src/app/hub/service/hub.service.spec.ts" name="HubService &gt; getTops defaults uid to -1 and omits limit when it is not provided" time="0.000942292">
        </testcase>
        <testcase classname="src/app/hub/service/hub.service.spec.ts" name="HubService &gt; getCounts GETs /counts appending types, ids and actionTypes" time="0.000768208">
        </testcase>
        <testcase classname="src/app/hub/service/hub.service.spec.ts" name="HubService &gt; getCounts omits the actionType param when no actionTypes are given" time="0.0005925">
        </testcase>
        <testcase classname="src/app/hub/service/hub.service.spec.ts" name="HubService &gt; getUserAccess GETs /user-access appending types and ids, and emits the access list" time="0.000674917">
        </testcase>
    </testsuite>
    <testsuite name="src/app/hub/component/hub.component.spec.ts" timestamp="2026-09-01T22:49:41.614Z" hostname="dhcp-172-27-096-224.mobile.uci.edu" tests="9" failures="0" errors="0" skipped="0" time="0.141431541">
        <testcase classname="src/app/hub/component/hub.component.spec.ts" name="HubComponent &gt; creates with default isLogin = false and an empty sidebarTabs (no menu items render)" time="0.00483925">
        </testcase>
        <testcase classname="src/app/hub/component/hub.component.spec.ts" name="HubComponent &gt; passes the isLogin input through to the component" time="0.004849542">
        </testcase>
        <testcase classname="src/app/hub/component/hub.component.spec.ts" name="HubComponent &gt; injects GuiConfigService and exposes it for template gating" time="0.003598333">
        </testcase>
        <testcase classname="src/app/hub/component/hub.component.spec.ts" name="HubComponent &gt; renders only the Home item when home_enabled is the only flag set" time="0.060064333">
        </testcase>
        <testcase classname="src/app/hub/component/hub.component.spec.ts" name="HubComponent &gt; renders only the Workflows item when workflow_enabled is the only flag set" time="0.00852525">
        </testcase>
        <testcase classname="src/app/hub/component/hub.component.spec.ts" name="HubComponent &gt; renders only the Datasets item when dataset_enabled is the only flag set" time="0.018173083">
        </testcase>
        <testcase classname="src/app/hub/component/hub.component.spec.ts" name="HubComponent &gt; renders all three menu items when home, workflow, and dataset flags are enabled" time="0.004480709">
        </testcase>
        <testcase classname="src/app/hub/component/hub.component.spec.ts" name="HubComponent &gt; excludes disabled tabs while rendering enabled ones" time="0.013917834">
        </testcase>
        <testcase classname="src/app/hub/component/hub.component.spec.ts" name="HubComponent &gt; binds each menu item&apos;s routerLink to the correct routing constant" time="0.021727583">
        </testcase>
    </testsuite>
    <testsuite name="src/app/dashboard/component/dashboard.component.spec.ts" timestamp="2026-09-01T22:49:41.615Z" hostname="dhcp-172-27-096-224.mobile.uci.edu" tests="20" failures="0" errors="0" skipped="0" time="0.632981167">
        <testcase classname="src/app/dashboard/component/dashboard.component.spec.ts" name="DashboardComponent &gt; should create the component" time="0.025554083">
        </testcase>
        <testcase classname="src/app/dashboard/component/dashboard.component.spec.ts" name="DashboardComponent &gt; should render a sign-in link, not a provider button, when the user is NOT logged in" time="0.019693209">
        </testcase>
        <testcase classname="src/app/dashboard/component/dashboard.component.spec.ts" name="DashboardComponent &gt; should not render the sign-in link when the user IS logged in" time="0.043288834">
        </testcase>
        <testcase classname="src/app/dashboard/component/dashboard.component.spec.ts" name="DashboardComponent &gt; should render the powered-by attribution when attributionEnabled is true" time="0.024744125">
        </testcase>
        <testcase classname="src/app/dashboard/component/dashboard.component.spec.ts" name="DashboardComponent &gt; forumLogin &gt; stores the flarum_remember cookie on successful auth and does not register" time="0.035760083">
        </testcase>
        <testcase classname="src/app/dashboard/component/dashboard.component.spec.ts" name="DashboardComponent &gt; forumLogin &gt; hides the forum and does not register when auth fails with 404/500" time="0.0207415">
        </testcase>
        <testcase classname="src/app/dashboard/component/dashboard.component.spec.ts" name="DashboardComponent &gt; forumLogin &gt; registers at most once and stops when auth keeps failing (no infinite loop)" time="0.013175083">
        </testcase>
        <testcase classname="src/app/dashboard/component/dashboard.component.spec.ts" name="DashboardComponent &gt; forumLogin &gt; hides the forum when registration fails" time="0.025892917">
        </testcase>
        <testcase classname="src/app/dashboard/component/dashboard.component.spec.ts" name="DashboardComponent &gt; forumLogin &gt; does nothing when a flarum_remember cookie is already present" time="0.034036375">
        </testcase>
        <testcase classname="src/app/dashboard/component/dashboard.component.spec.ts" name="DashboardComponent &gt; should hide the navbar on workflow workspace routes" time="0.018691583">
        </testcase>
        <testcase classname="src/app/dashboard/component/dashboard.component.spec.ts" name="DashboardComponent &gt; exposes route constants without the legacy /dashboard prefix" time="0.020145333">
        </testcase>
        <testcase classname="src/app/dashboard/component/dashboard.component.spec.ts" name="DashboardComponent &gt; renders every sidebar tab&apos;s routerLink when fully enabled" time="0.068878125">
        </testcase>
        <testcase classname="src/app/dashboard/component/dashboard.component.spec.ts" name="DashboardComponent &gt; sidebar active-route highlighting (#3490) &gt; enables nzMatchRouter on the About item so it highlights when active" time="0.066376292">
        </testcase>
        <testcase classname="src/app/dashboard/component/dashboard.component.spec.ts" name="DashboardComponent &gt; sidebar active-route highlighting (#3490) &gt; enables nzMatchRouter on the Feedback item so it highlights when active" time="0.037744542">
        </testcase>
        <testcase classname="src/app/dashboard/component/dashboard.component.spec.ts" name="DashboardComponent &gt; sidebar active-route highlighting (#3490) &gt; (reference) Your Work items already enable nzMatchRouter" time="0.043335584">
        </testcase>
        <testcase classname="src/app/dashboard/component/dashboard.component.spec.ts" name="DashboardComponent &gt; public settings consumption &gt; applies logo, mini logo, and favicon from the public settings" time="0.034993333">
        </testcase>
        <testcase classname="src/app/dashboard/component/dashboard.component.spec.ts" name="DashboardComponent &gt; public settings consumption &gt; keeps the default branding when the settings are missing or the fetch fails" time="0.032172416">
        </testcase>
        <testcase classname="src/app/dashboard/component/dashboard.component.spec.ts" name="DashboardComponent &gt; public settings consumption &gt; toggles sidebar tabs from the public settings and treats missing keys as disabled" time="0.02313475">
        </testcase>
        <testcase classname="src/app/dashboard/component/dashboard.component.spec.ts" name="DashboardComponent &gt; public settings consumption &gt; leaves tabs unchanged when the settings fetch fails" time="0.023580708">
        </testcase>
        <testcase classname="src/app/dashboard/component/dashboard.component.spec.ts" name="DashboardComponent &gt; public settings consumption &gt; hides every tab until the settings load (no hardcoded default copy)" time="0.020459417">
        </testcase>
    </testsuite>
    <testsuite name="src/app/workspace/component/workspace.component.spec.ts" timestamp="2026-09-01T22:49:41.616Z" hostname="dhcp-172-27-096-224.mobile.uci.edu" tests="26" failures="0" errors="0" skipped="0" time="0.279973042">
        <testcase classname="src/app/workspace/component/workspace.component.spec.ts" name="WorkspaceComponent &gt; ngOnInit &gt; enables highlighting on the workflow action service" time="0.011639416">
        </testcase>
        <testcase classname="src/app/workspace/component/workspace.component.spec.ts" name="WorkspaceComponent &gt; ngAfterViewInit &gt; cold start (no wid in route): does not flip isLoading and registers metadata listener" time="0.047695083">
        </testcase>
        <testcase classname="src/app/workspace/component/workspace.component.spec.ts" name="WorkspaceComponent &gt; ngAfterViewInit &gt; warm start (wid in route): sets isLoading=true and disables modification before load" time="0.009813958">
        </testcase>
        <testcase classname="src/app/workspace/component/workspace.component.spec.ts" name="WorkspaceComponent &gt; loadWorkflowWithId &gt; on success: hands the workflow to the action service, clears undo/redo, and turns off loading" time="0.008484667">
        </testcase>
        <testcase classname="src/app/workspace/component/workspace.component.spec.ts" name="WorkspaceComponent &gt; loadWorkflowWithId &gt; on failure: resets to a new workflow, surfaces an access error, and turns off loading" time="0.007611584">
        </testcase>
        <testcase classname="src/app/workspace/component/workspace.component.spec.ts" name="WorkspaceComponent &gt; loadWorkflowWithId &gt; flags broken workflows via NotificationService.error but still loads them" time="0.008377125">
        </testcase>
        <testcase classname="src/app/workspace/component/workspace.component.spec.ts" name="WorkspaceComponent &gt; loadWorkflowWithId &gt; with autolayout=1: renders synchronously and lays the workflow out once" time="0.00905325">
        </testcase>
        <testcase classname="src/app/workspace/component/workspace.component.spec.ts" name="WorkspaceComponent &gt; loadWorkflowWithId &gt; without autolayout: uses the default rendering and does not lay out" time="0.006759167">
        </testcase>
        <testcase classname="src/app/workspace/component/workspace.component.spec.ts" name="WorkspaceComponent &gt; loadWorkflowWithId &gt; when URL fragment matches an element in the graph, highlights it" time="0.008473209">
        </testcase>
        <testcase classname="src/app/workspace/component/workspace.component.spec.ts" name="WorkspaceComponent &gt; loadWorkflowWithId &gt; when URL fragment does not match any element, surfaces an error and clears the fragment" time="0.010011334">
        </testcase>
        <testcase classname="src/app/workspace/component/workspace.component.spec.ts" name="WorkspaceComponent &gt; triggerCenter &gt; delegates to the texera graph" time="0.009297458">
        </testcase>
        <testcase classname="src/app/workspace/component/workspace.component.spec.ts" name="WorkspaceComponent &gt; registerAutoPersistWorkflow &gt; is idempotent — only subscribes to workflowChanged once across repeated calls" time="0.009509125">
        </testcase>
        <testcase classname="src/app/workspace/component/workspace.component.spec.ts" name="WorkspaceComponent &gt; registerAutoPersistWorkflow &gt; updates the URL via location.go to /user/workflow/&lt;wid&gt; (no /dashboard prefix) when the persisted wid differs" time="0.006994292">
        </testcase>
        <testcase classname="src/app/workspace/component/workspace.component.spec.ts" name="WorkspaceComponent &gt; registerAutoPersistWorkflow &gt; skips the URL update when the persisted wid matches the current metadata" time="0.007701542">
        </testcase>
        <testcase classname="src/app/workspace/component/workspace.component.spec.ts" name="WorkspaceComponent &gt; registerAutoPersistWorkflow &gt; does not persist an edit made by a signed-out visitor" time="0.009860833">
        </testcase>
        <testcase classname="src/app/workspace/component/workspace.component.spec.ts" name="WorkspaceComponent &gt; registerAutoPersistWorkflow &gt; does not persist when workflow persistence is switched off" time="0.007303708">
        </testcase>
        <testcase classname="src/app/workspace/component/workspace.component.spec.ts" name="WorkspaceComponent &gt; updateViewCount &gt; posts a view event with the route&apos;s wid and the current user&apos;s uid" time="0.011852916">
        </testcase>
        <testcase classname="src/app/workspace/component/workspace.component.spec.ts" name="WorkspaceComponent &gt; updateViewCount &gt; falls back to uid=0 when no user is signed in" time="0.006345625">
        </testcase>
        <testcase classname="src/app/workspace/component/workspace.component.spec.ts" name="WorkspaceComponent &gt; onWIDChange &gt; syncs writeAccess from metadata.readonly each time the metadata changes" time="0.014958375">
        </testcase>
        <testcase classname="src/app/workspace/component/workspace.component.spec.ts" name="WorkspaceComponent &gt; onWIDChange &gt; ignores metadata emissions that have no wid yet" time="0.007898042">
        </testcase>
        <testcase classname="src/app/workspace/component/workspace.component.spec.ts" name="WorkspaceComponent &gt; ngOnDestroy &gt; persists the workflow on destroy when the user is signed in and persist is enabled" time="0.011653875">
        </testcase>
        <testcase classname="src/app/workspace/component/workspace.component.spec.ts" name="WorkspaceComponent &gt; ngOnDestroy &gt; skips the persist call when the user is not signed in" time="0.008081917">
        </testcase>
        <testcase classname="src/app/workspace/component/workspace.component.spec.ts" name="WorkspaceComponent &gt; ngOnDestroy &gt; tears down every piece of websocket-derived state when leaving the workspace (issue #3120)" time="0.009225416">
        </testcase>
        <testcase classname="src/app/workspace/component/workspace.component.spec.ts" name="WorkspaceComponent &gt; ngOnDestroy &gt; clears the workflow session state when the computing unit is switched in-canvas (issue #3120)" time="0.008356375">
        </testcase>
        <testcase classname="src/app/workspace/component/workspace.component.spec.ts" name="WorkspaceComponent &gt; copilotEnabled &gt; passes through to GuiConfigService.env.copilotEnabled" time="0.009988375">
        </testcase>
        <testcase classname="src/app/workspace/component/workspace.component.spec.ts" name="WorkspaceComponent &gt; child rendering side effects &gt; publishes the resolved ViewContainerRef to CodeEditorService.vc on view init" time="0.012105083">
        </testcase>
    </testsuite>
    <testsuite name="src/app/workspace/types/execute-workflow.interface.spec.ts" timestamp="2026-09-01T22:49:41.617Z" hostname="dhcp-172-27-096-224.mobile.uci.edu" tests="7" failures="0" errors="0" skipped="0" time="0.000765166">
        <testcase classname="src/app/workspace/types/execute-workflow.interface.spec.ts" name="isWebPaginationUpdate &gt; returns true for a pagination-mode update" time="0.000239166">
        </testcase>
        <testcase classname="src/app/workspace/types/execute-workflow.interface.spec.ts" name="isWebPaginationUpdate &gt; returns false for snapshot- and delta-mode updates" time="0.000085042">
        </testcase>
        <testcase classname="src/app/workspace/types/execute-workflow.interface.spec.ts" name="isWebDataUpdate &gt; returns true for snapshot- and delta-mode updates" time="0.000071458">
        </testcase>
        <testcase classname="src/app/workspace/types/execute-workflow.interface.spec.ts" name="isWebDataUpdate &gt; returns false for a pagination-mode update" time="0.000047375">
        </testcase>
        <testcase classname="src/app/workspace/types/execute-workflow.interface.spec.ts" name="isWebDataUpdate &gt; returns false for an undefined update without throwing" time="0.00004575">
        </testcase>
        <testcase classname="src/app/workspace/types/execute-workflow.interface.spec.ts" name="isNotInExecution &gt; returns true for terminal or uninitialized states" time="0.000081417">
        </testcase>
        <testcase classname="src/app/workspace/types/execute-workflow.interface.spec.ts" name="isNotInExecution &gt; returns false for active execution states" time="0.000092542">
        </testcase>
    </testsuite>
    <testsuite name="src/app/workspace/types/operator-schema.interface.spec.ts" timestamp="2026-09-01T22:49:41.617Z" hostname="dhcp-172-27-096-224.mobile.uci.edu" tests="17" failures="0" errors="0" skipped="0" time="0.00255575">
        <testcase classname="src/app/workspace/types/operator-schema.interface.spec.ts" name="areOperatorSchemasEqual &gt; returns true for two identically-shaped schemas" time="0.000751625">
        </testcase>
        <testcase classname="src/app/workspace/types/operator-schema.interface.spec.ts" name="areOperatorSchemasEqual &gt; returns false when operatorType differs" time="0.00040475">
        </testcase>
        <testcase classname="src/app/workspace/types/operator-schema.interface.spec.ts" name="areOperatorSchemasEqual &gt; returns false when operatorVersion differs" time="0.000180625">
        </testcase>
        <testcase classname="src/app/workspace/types/operator-schema.interface.spec.ts" name="areOperatorSchemasEqual &gt; returns false when a nested jsonSchema field differs" time="0.000093166">
        </testcase>
        <testcase classname="src/app/workspace/types/operator-schema.interface.spec.ts" name="areOperatorSchemasEqual &gt; returns false when jsonSchema arrays differ only in order" time="0.000090209">
        </testcase>
        <testcase classname="src/app/workspace/types/operator-schema.interface.spec.ts" name="areOperatorSchemasEqual &gt; returns false when additionalMetadata.userFriendlyName differs" time="0.000079208">
        </testcase>
        <testcase classname="src/app/workspace/types/operator-schema.interface.spec.ts" name="areOperatorSchemasEqual &gt; returns false when additionalMetadata.operatorGroupName differs" time="0.000068292">
        </testcase>
        <testcase classname="src/app/workspace/types/operator-schema.interface.spec.ts" name="areOperatorSchemasEqual &gt; returns false when a boolean metadata flag differs" time="0.000070125">
        </testcase>
        <testcase classname="src/app/workspace/types/operator-schema.interface.spec.ts" name="areOperatorSchemasEqual &gt; returns false when additionalMetadata.operatorDescription differs" time="0.0000625">
        </testcase>
        <testcase classname="src/app/workspace/types/operator-schema.interface.spec.ts" name="areOperatorSchemasEqual &gt; returns false when additionalMetadata.allowPortCustomization differs" time="0.000061417">
        </testcase>
        <testcase classname="src/app/workspace/types/operator-schema.interface.spec.ts" name="areOperatorSchemasEqual &gt; returns false when the number of input ports differs" time="0.00007">
        </testcase>
        <testcase classname="src/app/workspace/types/operator-schema.interface.spec.ts" name="areOperatorSchemasEqual &gt; returns false when an input port&apos;s displayName differs" time="0.000076458">
        </testcase>
        <testcase classname="src/app/workspace/types/operator-schema.interface.spec.ts" name="areOperatorSchemasEqual &gt; returns false when an input port&apos;s disallowMultiLinks differs" time="0.000059958">
        </testcase>
        <testcase classname="src/app/workspace/types/operator-schema.interface.spec.ts" name="areOperatorSchemasEqual &gt; returns false when input ports match as a set but differ in order" time="0.00006175">
        </testcase>
        <testcase classname="src/app/workspace/types/operator-schema.interface.spec.ts" name="areOperatorSchemasEqual &gt; returns false when the number of output ports differs" time="0.000081042">
        </testcase>
        <testcase classname="src/app/workspace/types/operator-schema.interface.spec.ts" name="areOperatorSchemasEqual &gt; returns false when an output port&apos;s displayName differs" time="0.00006925">
        </testcase>
        <testcase classname="src/app/workspace/types/operator-schema.interface.spec.ts" name="areOperatorSchemasEqual &gt; returns false when output ports match as a set but differ in order" time="0.000066084">
        </testcase>
    </testsuite>
    <testsuite name="src/app/workspace/types/shared-editing.interface.spec.ts" timestamp="2026-09-01T22:49:41.618Z" hostname="dhcp-172-27-096-224.mobile.uci.edu" tests="29" failures="0" errors="0" skipped="0" time="0.007288709">
        <testcase classname="src/app/workspace/types/shared-editing.interface.spec.ts" name="createYTypeFromObject &gt; returns primitive numbers and booleans unchanged" time="0.000271208">
        </testcase>
        <testcase classname="src/app/workspace/types/shared-editing.interface.spec.ts" name="createYTypeFromObject &gt; returns null and undefined as-is" time="0.000094334">
        </testcase>
        <testcase classname="src/app/workspace/types/shared-editing.interface.spec.ts" name="createYTypeFromObject &gt; converts a string into a Y.Text carrying the same content" time="0.000341666">
        </testcase>
        <testcase classname="src/app/workspace/types/shared-editing.interface.spec.ts" name="createYTypeFromObject &gt; converts an array into a Y.Array preserving order and values" time="0.000219583">
        </testcase>
        <testcase classname="src/app/workspace/types/shared-editing.interface.spec.ts" name="createYTypeFromObject &gt; skips undefined entries when building a Y.Array" time="0.000301917">
        </testcase>
        <testcase classname="src/app/workspace/types/shared-editing.interface.spec.ts" name="createYTypeFromObject &gt; converts a plain object into a Y.Map whose string values become Y.Text" time="0.00018825">
        </testcase>
        <testcase classname="src/app/workspace/types/shared-editing.interface.spec.ts" name="createYTypeFromObject &gt; skips undefined object values" time="0.000143542">
        </testcase>
        <testcase classname="src/app/workspace/types/shared-editing.interface.spec.ts" name="createYTypeFromObject &gt; recursively converts nested objects and arrays" time="0.00021725">
        </testcase>
        <testcase classname="src/app/workspace/types/shared-editing.interface.spec.ts" name="createYTypeFromObject &gt; throws a TypeError for unsupported object kinds" time="0.000093">
        </testcase>
        <testcase classname="src/app/workspace/types/shared-editing.interface.spec.ts" name="updateYTypeFromObject &gt; returns false for null or undefined arguments" time="0.000114792">
        </testcase>
        <testcase classname="src/app/workspace/types/shared-editing.interface.spec.ts" name="updateYTypeFromObject &gt; returns false when the top-level new value is a primitive" time="0.000106209">
        </testcase>
        <testcase classname="src/app/workspace/types/shared-editing.interface.spec.ts" name="updateYTypeFromObject &gt; returns false and leaves the value untouched on a structural type mismatch" time="0.000118917">
        </testcase>
        <testcase classname="src/app/workspace/types/shared-editing.interface.spec.ts" name="updateYTypeFromObject &gt; updates a Y.Map&apos;s scalar and string fields in place" time="0.000732583">
        </testcase>
        <testcase classname="src/app/workspace/types/shared-editing.interface.spec.ts" name="updateYTypeFromObject &gt; adds new object keys and removes the ones the new object no longer carries" time="0.000291292">
        </testcase>
        <testcase classname="src/app/workspace/types/shared-editing.interface.spec.ts" name="updateYTypeFromObject &gt; keeps a key whose new value is explicitly undefined" time="0.000131667">
        </testcase>
        <testcase classname="src/app/workspace/types/shared-editing.interface.spec.ts" name="updateYTypeFromObject &gt; appends new items to a Y.Array in place" time="0.000375833">
        </testcase>
        <testcase classname="src/app/workspace/types/shared-editing.interface.spec.ts" name="updateYTypeFromObject &gt; deletes removed items from a Y.Array in place" time="0.000423584">
        </testcase>
        <testcase classname="src/app/workspace/types/shared-editing.interface.spec.ts" name="updateYTypeFromObject &gt; mutates an existing array element in place when it stays an object" time="0.000318917">
        </testcase>
        <testcase classname="src/app/workspace/types/shared-editing.interface.spec.ts" name="updateYTypeFromObject &gt; recursively updates deeply nested structures" time="0.000252917">
        </testcase>
        <testcase classname="src/app/workspace/types/shared-editing.interface.spec.ts" name="createYTypeFromObject edge kinds &gt; returns values of the non-storable primitive kinds unchanged" time="0.000086458">
        </testcase>
        <testcase classname="src/app/workspace/types/shared-editing.interface.spec.ts" name="createYTypeFromObject edge kinds &gt; converts a boxed String object into a Y.Text, losing its content" time="0.000227708">
            <system-err>
Invalid access: Add Yjs type to a document before reading data.[0m

            </system-err>
        </testcase>
        <testcase classname="src/app/workspace/types/shared-editing.interface.spec.ts" name="updateYTypeFromObject edge kinds &gt; returns false for the non-storable primitive kinds" time="0.000143458">
        </testcase>
        <testcase classname="src/app/workspace/types/shared-editing.interface.spec.ts" name="updateYTypeFromObject edge kinds &gt; leaves a Y.Text untouched when the new string is identical" time="0.000647">
        </testcase>
        <testcase classname="src/app/workspace/types/shared-editing.interface.spec.ts" name="updateYTypeFromObject edge kinds &gt; updates a Y.Text from a boxed String" time="0.000271334">
        </testcase>
        <testcase classname="src/app/workspace/types/shared-editing.interface.spec.ts" name="updateYTypeFromObject edge kinds &gt; stores an undefined array entry as null" time="0.000192541">
        </testcase>
        <testcase classname="src/app/workspace/types/shared-editing.interface.spec.ts" name="updateYTypeFromObject edge kinds &gt; replaces an array element outright when its kind changes" time="0.000297917">
        </testcase>
        <testcase classname="src/app/workspace/types/shared-editing.interface.spec.ts" name="updateYTypeFromObject edge kinds &gt; aligns an array whose additions sit before its removals" time="0.000213583">
        </testcase>
        <testcase classname="src/app/workspace/types/shared-editing.interface.spec.ts" name="updateYTypeFromObject unsupported kinds &gt; returns false for a matching type it has no merge strategy for" time="0.000101">
        </testcase>
        <testcase classname="src/app/workspace/types/shared-editing.interface.spec.ts" name="updateYTypeFromObject identical boxed strings &gt; writes nothing when the new value is the very String object already stored" time="0.000063959">
        </testcase>
    </testsuite>
    <testsuite name="src/app/common/component/computing-unit-create-modal/computing-unit-create-modal.component.spec.ts" timestamp="2026-09-01T22:49:41.619Z" hostname="dhcp-172-27-096-224.mobile.uci.edu" tests="37" failures="0" errors="0" skipped="0" time="0.894292042">
        <testcase classname="src/app/common/component/computing-unit-create-modal/computing-unit-create-modal.component.spec.ts" name="ComputingUnitCreateModalComponent &gt; should create" time="0.00767025">
        </testcase>
        <testcase classname="src/app/common/component/computing-unit-create-modal/computing-unit-create-modal.component.spec.ts" name="ComputingUnitCreateModalComponent &gt; prefers the kubernetes type when available" time="0.002681541">
        </testcase>
        <testcase classname="src/app/common/component/computing-unit-create-modal/computing-unit-create-modal.component.spec.ts" name="ComputingUnitCreateModalComponent &gt; falls back to the first available type when kubernetes is absent" time="0.002381875">
        </testcase>
        <testcase classname="src/app/common/component/computing-unit-create-modal/computing-unit-create-modal.component.spec.ts" name="ComputingUnitCreateModalComponent &gt; applies fetched limit options with first-option defaults" time="0.002981083">
        </testcase>
        <testcase classname="src/app/common/component/computing-unit-create-modal/computing-unit-create-modal.component.spec.ts" name="ComputingUnitCreateModalComponent &gt; falls back to hardcoded defaults when option lists are empty" time="0.002377584">
        </testcase>
        <testcase classname="src/app/common/component/computing-unit-create-modal/computing-unit-create-modal.component.spec.ts" name="ComputingUnitCreateModalComponent &gt; rejects a kubernetes create with an empty name but still closes the modal on Ok" time="0.00217925">
        </testcase>
        <testcase classname="src/app/common/component/computing-unit-create-modal/computing-unit-create-modal.component.spec.ts" name="ComputingUnitCreateModalComponent &gt; rejects a local create with a blank URI" time="0.002113166">
        </testcase>
        <testcase classname="src/app/common/component/computing-unit-create-modal/computing-unit-create-modal.component.spec.ts" name="ComputingUnitCreateModalComponent &gt; rejects a create without a selected type" time="0.002189083">
        </testcase>
        <testcase classname="src/app/common/component/computing-unit-create-modal/computing-unit-create-modal.component.spec.ts" name="ComputingUnitCreateModalComponent &gt; emits unitCreated and a success toast on a successful kubernetes create" time="0.004441458">
        </testcase>
        <testcase classname="src/app/common/component/computing-unit-create-modal/computing-unit-create-modal.component.spec.ts" name="ComputingUnitCreateModalComponent &gt; closes without creating on Cancel" time="0.001947042">
        </testcase>
        <testcase classname="src/app/common/component/computing-unit-create-modal/computing-unit-create-modal.component.spec.ts" name="ComputingUnitCreateModalComponent &gt; reconfigures the JVM memory slider when the memory selection changes" time="0.002212625">
        </testcase>
        <testcase classname="src/app/common/component/computing-unit-create-modal/computing-unit-create-modal.component.spec.ts" name="ComputingUnitCreateModalComponent &gt; flags shared memory larger than total memory" time="0.001959792">
        </testcase>
        <testcase classname="src/app/common/component/computing-unit-create-modal/computing-unit-create-modal.component.spec.ts" name="ComputingUnitCreateModalComponent &gt; toggles the advanced-settings panel" time="0.004591209">
        </testcase>
        <testcase classname="src/app/common/component/computing-unit-create-modal/computing-unit-create-modal.component.spec.ts" name="ComputingUnitCreateModalComponent &gt; re-collapses the advanced-settings panel each time the modal opens" time="0.005191583">
        </testcase>
        <testcase classname="src/app/common/component/computing-unit-create-modal/computing-unit-create-modal.component.spec.ts" name="ComputingUnitCreateModalComponent &gt; resets the advanced values each time the modal opens" time="0.0045685">
        </testcase>
        <testcase classname="src/app/common/component/computing-unit-create-modal/computing-unit-create-modal.component.spec.ts" name="ComputingUnitCreateModalComponent &gt; surfaces the max-JVM warning on the collapsed header" time="0.002228334">
        </testcase>
        <testcase classname="src/app/common/component/computing-unit-create-modal/computing-unit-create-modal.component.spec.ts" name="ComputingUnitCreateModalComponent &gt; prefers the shm warning over the JVM warning when both apply" time="0.001876584">
        </testcase>
        <testcase classname="src/app/common/component/computing-unit-create-modal/computing-unit-create-modal.component.spec.ts" name="ComputingUnitCreateModalComponent &gt; flags a collapsed warning only when collapsed and shm exceeds memory" time="0.001666">
        </testcase>
        <testcase classname="src/app/common/component/computing-unit-create-modal/computing-unit-create-modal.component.spec.ts" name="ComputingUnitCreateModalComponent &gt; suppresses the shm warning until the memory options have loaded" time="0.00185125">
        </testcase>
        <testcase classname="src/app/common/component/computing-unit-create-modal/computing-unit-create-modal.component.spec.ts" name="ComputingUnitCreateModalComponent &gt; does not flag a warning when shm fits within memory" time="0.003188">
        </testcase>
        <testcase classname="src/app/common/component/computing-unit-create-modal/computing-unit-create-modal.component.spec.ts" name="ComputingUnitCreateModalComponent &gt; initializes the local computing unit URI from the window location" time="0.002428417">
        </testcase>
        <testcase classname="src/app/common/component/computing-unit-create-modal/computing-unit-create-modal.component.spec.ts" name="ComputingUnitCreateModalComponent &gt; builds the local URI with and without a port" time="0.002397791">
        </testcase>
        <testcase classname="src/app/common/component/computing-unit-create-modal/computing-unit-create-modal.component.spec.ts" name="ComputingUnitCreateModalComponent &gt; toasts when fetching computing unit types fails" time="0.002251417">
        </testcase>
        <testcase classname="src/app/common/component/computing-unit-create-modal/computing-unit-create-modal.component.spec.ts" name="ComputingUnitCreateModalComponent &gt; toasts when fetching resource limit options fails" time="0.002098375">
        </testcase>
        <testcase classname="src/app/common/component/computing-unit-create-modal/computing-unit-create-modal.component.spec.ts" name="ComputingUnitCreateModalComponent &gt; toasts when the create request fails" time="0.010331166">
        </testcase>
        <testcase classname="src/app/common/component/computing-unit-create-modal/computing-unit-create-modal.component.spec.ts" name="ComputingUnitCreateModalComponent &gt; shows GPU selection for a single non-zero option and hides it for a single zero option" time="0.002461125">
        </testcase>
        <testcase classname="src/app/common/component/computing-unit-create-modal/computing-unit-create-modal.component.spec.ts" name="ComputingUnitCreateModalComponent &gt; snaps the JVM memory slider to the nearest valid step" time="0.002238875">
        </testcase>
        <testcase classname="src/app/common/component/computing-unit-create-modal/computing-unit-create-modal.component.spec.ts" name="ComputingUnitCreateModalComponent &gt; flags max JVM memory only when the slider is shown at its maximum" time="0.002184875">
        </testcase>
        <testcase classname="src/app/common/component/computing-unit-create-modal/computing-unit-create-modal.component.spec.ts" name="ComputingUnitCreateModalComponent &gt; preserves a valid previous JVM selection when switching between large memory options" time="0.002090583">
        </testcase>
        <testcase classname="src/app/common/component/computing-unit-create-modal/computing-unit-create-modal.component.spec.ts" name="ComputingUnitCreateModalComponent &gt; resets the JVM selection when switching to an unrecognized memory unit" time="0.002819875">
        </testcase>
        <testcase classname="src/app/common/component/computing-unit-create-modal/computing-unit-create-modal.component.spec.ts" name="ComputingUnitCreateModalComponent &gt; template rendering &gt; renders the full kubernetes form with GPU select, shm warning, JVM slider and max-memory alert" time="0.124900292">
        </testcase>
        <testcase classname="src/app/common/component/computing-unit-create-modal/computing-unit-create-modal.component.spec.ts" name="ComputingUnitCreateModalComponent &gt; template rendering &gt; expands and collapses the advanced panel when the toggle button is clicked" time="0.127341917">
        </testcase>
        <testcase classname="src/app/common/component/computing-unit-create-modal/computing-unit-create-modal.component.spec.ts" name="ComputingUnitCreateModalComponent &gt; template rendering &gt; renders the minimal kubernetes form without GPU select, warnings, or slider" time="0.162891708">
        </testcase>
        <testcase classname="src/app/common/component/computing-unit-create-modal/computing-unit-create-modal.component.spec.ts" name="ComputingUnitCreateModalComponent &gt; template rendering &gt; renders the local form with name and URI inputs" time="0.043260833">
        </testcase>
        <testcase classname="src/app/common/component/computing-unit-create-modal/computing-unit-create-modal.component.spec.ts" name="ComputingUnitCreateModalComponent &gt; template rendering &gt; updates the form state through the rendered controls" time="0.188947417">
        </testcase>
        <testcase classname="src/app/common/component/computing-unit-create-modal/computing-unit-create-modal.component.spec.ts" name="ComputingUnitCreateModalComponent &gt; template rendering &gt; falls back to a slider minimum of 0 when no JVM steps are configured" time="0.07424625">
        </testcase>
        <testcase classname="src/app/common/component/computing-unit-create-modal/computing-unit-create-modal.component.spec.ts" name="ComputingUnitCreateModalComponent &gt; template rendering &gt; wires the footer buttons to cancel and create" time="0.080446375">
        </testcase>
    </testsuite>
    <testsuite name="src/app/common/formly/preset-wrapper/preset-wrapper.component.spec.ts" timestamp="2026-09-01T22:49:41.621Z" hostname="dhcp-172-27-096-224.mobile.uci.edu" tests="36" failures="0" errors="0" skipped="0" time="0.590296042">
        <testcase classname="src/app/common/formly/preset-wrapper/preset-wrapper.component.spec.ts" name="PresetWrapperComponent &gt; should create" time="0.021640792">
        </testcase>
        <testcase classname="src/app/common/formly/preset-wrapper/preset-wrapper.component.spec.ts" name="PresetWrapperComponent &gt; ngOnInit &gt; throws when field.key is missing" time="0.004655333">
        </testcase>
        <testcase classname="src/app/common/formly/preset-wrapper/preset-wrapper.component.spec.ts" name="PresetWrapperComponent &gt; ngOnInit &gt; throws when templateOptions is missing" time="0.002269667">
        </testcase>
        <testcase classname="src/app/common/formly/preset-wrapper/preset-wrapper.component.spec.ts" name="PresetWrapperComponent &gt; ngOnInit &gt; throws when templateOptions.presetKey is missing" time="0.002077458">
        </testcase>
        <testcase classname="src/app/common/formly/preset-wrapper/preset-wrapper.component.spec.ts" name="PresetWrapperComponent &gt; ngOnInit &gt; populates searchResults from presetService.getPresets on init" time="0.007453375">
        </testcase>
        <testcase classname="src/app/common/formly/preset-wrapper/preset-wrapper.component.spec.ts" name="PresetWrapperComponent &gt; ngOnInit &gt; seeds the search term from the form control&apos;s value" time="0.011883583">
        </testcase>
        <testcase classname="src/app/common/formly/preset-wrapper/preset-wrapper.component.spec.ts" name="PresetWrapperComponent &gt; ngOnInit &gt; seeds an empty search term when the form control holds null" time="0.002838458">
        </testcase>
        <testcase classname="src/app/common/formly/preset-wrapper/preset-wrapper.component.spec.ts" name="PresetWrapperComponent &gt; setupFieldConfig &gt; merges the preset wrappers and the preset key into the given config" time="0.005235292">
        </testcase>
        <testcase classname="src/app/common/formly/preset-wrapper/preset-wrapper.component.spec.ts" name="PresetWrapperComponent &gt; functional api &gt; applyPreset forwards to PresetService with the configured presetType + applyTarget" time="0.002503708">
        </testcase>
        <testcase classname="src/app/common/formly/preset-wrapper/preset-wrapper.component.spec.ts" name="PresetWrapperComponent &gt; functional api &gt; deletePreset forwards to PresetService with the configured presetType + saveTarget" time="0.005066709">
        </testcase>
        <testcase classname="src/app/common/formly/preset-wrapper/preset-wrapper.component.spec.ts" name="PresetWrapperComponent &gt; functional api &gt; getEntryTitle returns the value at field.key" time="0.012865166">
        </testcase>
        <testcase classname="src/app/common/formly/preset-wrapper/preset-wrapper.component.spec.ts" name="PresetWrapperComponent &gt; functional api &gt; getEntryDescription joins all non-key values with commas" time="0.052564583">
        </testcase>
        <testcase classname="src/app/common/formly/preset-wrapper/preset-wrapper.component.spec.ts" name="PresetWrapperComponent &gt; functional api &gt; getSearchResults &gt; returns a copy of all presets when showAllResults is true" time="0.014977041">
        </testcase>
        <testcase classname="src/app/common/formly/preset-wrapper/preset-wrapper.component.spec.ts" name="PresetWrapperComponent &gt; functional api &gt; getSearchResults &gt; returns all presets when showAllResults is true even if the search term doesn&apos;t match" time="0.005645458">
        </testcase>
        <testcase classname="src/app/common/formly/preset-wrapper/preset-wrapper.component.spec.ts" name="PresetWrapperComponent &gt; functional api &gt; getSearchResults &gt; filters by case-insensitive prefix match on the entry title when showAllResults is false" time="0.034542375">
        </testcase>
        <testcase classname="src/app/common/formly/preset-wrapper/preset-wrapper.component.spec.ts" name="PresetWrapperComponent &gt; functional api &gt; getSearchResults &gt; returns the full list when search term is empty and showAllResults is false" time="0.050124916">
        </testcase>
        <testcase classname="src/app/common/formly/preset-wrapper/preset-wrapper.component.spec.ts" name="PresetWrapperComponent &gt; functional api &gt; getSearchResults &gt; returns an empty list when the search term matches nothing" time="0.006310917">
        </testcase>
        <testcase classname="src/app/common/formly/preset-wrapper/preset-wrapper.component.spec.ts" name="PresetWrapperComponent &gt; dropdown visibility &gt; re-fetches presets and updates searchResults when the dropdown opens" time="0.005848709">
        </testcase>
        <testcase classname="src/app/common/formly/preset-wrapper/preset-wrapper.component.spec.ts" name="PresetWrapperComponent &gt; dropdown visibility &gt; does not refetch when the dropdown closes" time="0.030615083">
        </testcase>
        <testcase classname="src/app/common/formly/preset-wrapper/preset-wrapper.component.spec.ts" name="PresetWrapperComponent &gt; PresetService stream subscriptions &gt; updates searchResults when savePresetsStream emits a matching event" time="0.0157795">
        </testcase>
        <testcase classname="src/app/common/formly/preset-wrapper/preset-wrapper.component.spec.ts" name="PresetWrapperComponent &gt; PresetService stream subscriptions &gt; ignores savePresetsStream events for a different presetType" time="0.023523208">
        </testcase>
        <testcase classname="src/app/common/formly/preset-wrapper/preset-wrapper.component.spec.ts" name="PresetWrapperComponent &gt; PresetService stream subscriptions &gt; ignores savePresetsStream events for a different saveTarget" time="0.018097875">
        </testcase>
        <testcase classname="src/app/common/formly/preset-wrapper/preset-wrapper.component.spec.ts" name="PresetWrapperComponent &gt; PresetService stream subscriptions &gt; does not refresh searchResults from form value changes while the dropdown is closed" time="0.021971125">
        </testcase>
        <testcase classname="src/app/common/formly/preset-wrapper/preset-wrapper.component.spec.ts" name="PresetWrapperComponent &gt; PresetService stream subscriptions &gt; refreshes searchResults from form value changes while the dropdown is open" time="0.008282709">
        </testcase>
        <testcase classname="src/app/common/formly/preset-wrapper/preset-wrapper.component.spec.ts" name="PresetWrapperComponent &gt; PresetService stream subscriptions &gt; adopts the preset carried by a matching applyPresetStream event" time="0.007318583">
        </testcase>
        <testcase classname="src/app/common/formly/preset-wrapper/preset-wrapper.component.spec.ts" name="PresetWrapperComponent &gt; PresetService stream subscriptions &gt; ignores applyPresetStream events for a different presetType or applyTarget" time="0.0045855">
        </testcase>
        <testcase classname="src/app/common/formly/preset-wrapper/preset-wrapper.component.spec.ts" name="PresetWrapperComponent &gt; PresetService stream subscriptions &gt; clears the search term when the form value becomes null while the dropdown is open" time="0.008780584">
        </testcase>
        <testcase classname="src/app/common/formly/preset-wrapper/preset-wrapper.component.spec.ts" name="PresetWrapperComponent &gt; PresetService stream subscriptions &gt; stops responding to stream events after ngOnDestroy" time="0.027816917">
        </testcase>
        <testcase classname="src/app/common/formly/preset-wrapper/preset-wrapper.component.spec.ts" name="PresetWrapperComponent &gt; savePreset &gt; creates a preset built from sibling preset-wrapper fields when the preset is valid" time="0.004541041">
        </testcase>
        <testcase classname="src/app/common/formly/preset-wrapper/preset-wrapper.component.spec.ts" name="PresetWrapperComponent &gt; savePreset &gt; shows an error toast and does not create a preset when the preset is invalid" time="0.008438042">
        </testcase>
        <testcase classname="src/app/common/formly/preset-wrapper/preset-wrapper.component.spec.ts" name="PresetWrapperComponent &gt; template rendering &gt; routes the dropdown&apos;s own visibility event into onDropdownVisibilityEvent" time="0.023113708">
        </testcase>
        <testcase classname="src/app/common/formly/preset-wrapper/preset-wrapper.component.spec.ts" name="PresetWrapperComponent &gt; template rendering &gt; renders the save button and saves the preset when it is clicked" time="0.042981875">
        </testcase>
        <testcase classname="src/app/common/formly/preset-wrapper/preset-wrapper.component.spec.ts" name="PresetWrapperComponent &gt; template rendering &gt; renders one dropdown row per preset, titled and described" time="0.015279916">
        </testcase>
        <testcase classname="src/app/common/formly/preset-wrapper/preset-wrapper.component.spec.ts" name="PresetWrapperComponent &gt; template rendering &gt; renders no dropdown rows when there are no presets" time="0.010361542">
        </testcase>
        <testcase classname="src/app/common/formly/preset-wrapper/preset-wrapper.component.spec.ts" name="PresetWrapperComponent &gt; template rendering &gt; applies the preset when its row is clicked" time="0.038373833">
        </testcase>
        <testcase classname="src/app/common/formly/preset-wrapper/preset-wrapper.component.spec.ts" name="PresetWrapperComponent &gt; template rendering &gt; deletes the preset from its row&apos;s delete button without applying it" time="0.029668667">
        </testcase>
    </testsuite>
    <testsuite name="src/app/common/formly/repeat-dnd/repeat-dnd.component.spec.ts" timestamp="2026-09-01T22:49:41.623Z" hostname="dhcp-172-27-096-224.mobile.uci.edu" tests="16" failures="0" errors="0" skipped="0" time="0.352787625">
        <testcase classname="src/app/common/formly/repeat-dnd/repeat-dnd.component.spec.ts" name="FormlyRepeatDndComponent &gt; should create" time="0.008661041">
        </testcase>
        <testcase classname="src/app/common/formly/repeat-dnd/repeat-dnd.component.spec.ts" name="FormlyRepeatDndComponent &gt; should do nothing when previousIndex equals currentIndex" time="0.0051585">
        </testcase>
        <testcase classname="src/app/common/formly/repeat-dnd/repeat-dnd.component.spec.ts" name="FormlyRepeatDndComponent &gt; should do nothing when model is undefined" time="0.002445833">
        </testcase>
        <testcase classname="src/app/common/formly/repeat-dnd/repeat-dnd.component.spec.ts" name="FormlyRepeatDndComponent &gt; should reorder model, fieldGroup, formControl, and call reorder callback" time="0.002401125">
        </testcase>
        <testcase classname="src/app/common/formly/repeat-dnd/repeat-dnd.component.spec.ts" name="FormlyRepeatDndComponent &gt; still reorders a section that declares no reorder callback" time="0.005667">
        </testcase>
        <testcase classname="src/app/common/formly/repeat-dnd/repeat-dnd.component.spec.ts" name="FormlyRepeatDndComponent &gt; rendered rows &gt; renders one row per entry" time="0.032291833">
        </testcase>
        <testcase classname="src/app/common/formly/repeat-dnd/repeat-dnd.component.spec.ts" name="FormlyRepeatDndComponent &gt; rendered rows &gt; makes each row draggable, with its own drag handle" time="0.059675416">
        </testcase>
        <testcase classname="src/app/common/formly/repeat-dnd/repeat-dnd.component.spec.ts" name="FormlyRepeatDndComponent &gt; rendered rows &gt; removes the row whose button was pressed" time="0.036261833">
        </testcase>
        <testcase classname="src/app/common/formly/repeat-dnd/repeat-dnd.component.spec.ts" name="FormlyRepeatDndComponent &gt; rendered rows &gt; appends a row from the add button" time="0.040202916">
        </testcase>
        <testcase classname="src/app/common/formly/repeat-dnd/repeat-dnd.component.spec.ts" name="FormlyRepeatDndComponent &gt; rendered rows &gt; labels the add button Add when the field does not name it" time="0.0117465">
        </testcase>
        <testcase classname="src/app/common/formly/repeat-dnd/repeat-dnd.component.spec.ts" name="FormlyRepeatDndComponent &gt; rendered rows &gt; uses the field&apos;s own label for the add button when it has one" time="0.018697459">
        </testcase>
        <testcase classname="src/app/common/formly/repeat-dnd/repeat-dnd.component.spec.ts" name="FormlyRepeatDndComponent &gt; rendered rows &gt; locks the add button for a disabled section" time="0.068635083">
        </testcase>
        <testcase classname="src/app/common/formly/repeat-dnd/repeat-dnd.component.spec.ts" name="FormlyRepeatDndComponent &gt; rendered rows &gt; leaves the add button available otherwise" time="0.015236666">
        </testcase>
        <testcase classname="src/app/common/formly/repeat-dnd/repeat-dnd.component.spec.ts" name="FormlyRepeatDndComponent &gt; rendered rows &gt; leaves the add button available for a section that declares no template options at all" time="0.0153">
        </testcase>
        <testcase classname="src/app/common/formly/repeat-dnd/repeat-dnd.component.spec.ts" name="FormlyRepeatDndComponent &gt; rendered rows &gt; renders each row&apos;s own sub-fields" time="0.0187205">
        </testcase>
        <testcase classname="src/app/common/formly/repeat-dnd/repeat-dnd.component.spec.ts" name="FormlyRepeatDndComponent &gt; rendered rows &gt; forwards a drop on the row list to onDrop" time="0.010930334">
        </testcase>
    </testsuite>
    <testsuite name="src/app/common/service/deployment-version/deployment-version.service.spec.ts" timestamp="2026-09-01T22:49:41.623Z" hostname="dhcp-172-27-096-224.mobile.uci.edu" tests="18" failures="0" errors="0" skipped="0" time="0.013652208">
        <testcase classname="src/app/common/service/deployment-version/deployment-version.service.spec.ts" name="DeploymentVersionService &gt; checkForUpdate (positive) &gt; reports an update when the deployed build differs from the running one" time="0.002696042">
        </testcase>
        <testcase classname="src/app/common/service/deployment-version/deployment-version.service.spec.ts" name="DeploymentVersionService &gt; checkForUpdate (no update / negative) &gt; reports no update when the build matches the running one" time="0.000968667">
        </testcase>
        <testcase classname="src/app/common/service/deployment-version/deployment-version.service.spec.ts" name="DeploymentVersionService &gt; checkForUpdate (malformed manifest) &gt; ignores a manifest with no buildNumber field" time="0.000547792">
        </testcase>
        <testcase classname="src/app/common/service/deployment-version/deployment-version.service.spec.ts" name="DeploymentVersionService &gt; checkForUpdate (malformed manifest) &gt; ignores an empty-string buildNumber" time="0.000432">
        </testcase>
        <testcase classname="src/app/common/service/deployment-version/deployment-version.service.spec.ts" name="DeploymentVersionService &gt; checkForUpdate (malformed manifest) &gt; ignores a non-string buildNumber" time="0.000407667">
        </testcase>
        <testcase classname="src/app/common/service/deployment-version/deployment-version.service.spec.ts" name="DeploymentVersionService &gt; checkForUpdate (malformed manifest) &gt; ignores a null response body" time="0.001011875">
        </testcase>
        <testcase classname="src/app/common/service/deployment-version/deployment-version.service.spec.ts" name="DeploymentVersionService &gt; checkForUpdate (transport failures stay silent) &gt; returns false on a network error" time="0.000593458">
        </testcase>
        <testcase classname="src/app/common/service/deployment-version/deployment-version.service.spec.ts" name="DeploymentVersionService &gt; checkForUpdate (transport failures stay silent) &gt; returns false on a 404 (manifest not deployed)" time="0.000409166">
        </testcase>
        <testcase classname="src/app/common/service/deployment-version/deployment-version.service.spec.ts" name="DeploymentVersionService &gt; checkForUpdate (transport failures stay silent) &gt; returns false on a 500 server error" time="0.000573833">
        </testcase>
        <testcase classname="src/app/common/service/deployment-version/deployment-version.service.spec.ts" name="DeploymentVersionService &gt; checkForUpdate (request shape) &gt; requests the manifest with a cache-busting query param so a CDN/browser cache cannot mask a deploy" time="0.000579791">
        </testcase>
        <testcase classname="src/app/common/service/deployment-version/deployment-version.service.spec.ts" name="DeploymentVersionService &gt; promptReload &gt; shows exactly one sticky, dismissible notification with a refresh message" time="0.000491583">
        </testcase>
        <testcase classname="src/app/common/service/deployment-version/deployment-version.service.spec.ts" name="DeploymentVersionService &gt; promptReload &gt; reloads the page when the notification is clicked" time="0.000527833">
        </testcase>
        <testcase classname="src/app/common/service/deployment-version/deployment-version.service.spec.ts" name="DeploymentVersionService &gt; startPollingForUpdates &gt; polls after the interval and prompts once when a new deployment is detected" time="0.0006715">
        </testcase>
        <testcase classname="src/app/common/service/deployment-version/deployment-version.service.spec.ts" name="DeploymentVersionService &gt; startPollingForUpdates &gt; does not prompt while the deployed build is unchanged" time="0.001005875">
        </testcase>
        <testcase classname="src/app/common/service/deployment-version/deployment-version.service.spec.ts" name="DeploymentVersionService &gt; startPollingForUpdates &gt; prompts only once and stops polling after an update is found" time="0.000880416">
        </testcase>
        <testcase classname="src/app/common/service/deployment-version/deployment-version.service.spec.ts" name="DeploymentVersionService &gt; startPollingForUpdates &gt; uses a 5 minute default poll interval" time="0.000518375">
        </testcase>
        <testcase classname="src/app/common/service/deployment-version/deployment-version.service.spec.ts" name="DeploymentVersionService &gt; startPollingForUpdates &gt; does not poll before the default 5 minute interval elapses" time="0.000438709">
        </testcase>
        <testcase classname="src/app/common/service/deployment-version/deployment-version.service.spec.ts" name="DeploymentVersionService &gt; startPollingForUpdates &gt; keeps polling and still prompts after a transient request failure" time="0.000543333">
        </testcase>
    </testsuite>
    <testsuite name="src/app/common/service/global-error-handler/global-error-handler.service.spec.ts" timestamp="2026-09-01T22:49:41.624Z" hostname="dhcp-172-27-096-224.mobile.uci.edu" tests="16" failures="0" errors="0" skipped="0" time="0.006504208">
        <testcase classname="src/app/common/service/global-error-handler/global-error-handler.service.spec.ts" name="isChunkLoadError &gt; detects chunk-load failures" time="0.00102825">
        </testcase>
        <testcase classname="src/app/common/service/global-error-handler/global-error-handler.service.spec.ts" name="isChunkLoadError &gt; detects chunk-load failures from a plain object message" time="0.00044825">
        </testcase>
        <testcase classname="src/app/common/service/global-error-handler/global-error-handler.service.spec.ts" name="isChunkLoadError &gt; matches case-insensitively" time="0.00016925">
        </testcase>
        <testcase classname="src/app/common/service/global-error-handler/global-error-handler.service.spec.ts" name="isChunkLoadError &gt; ignores unrelated errors" time="0.000458375">
        </testcase>
        <testcase classname="src/app/common/service/global-error-handler/global-error-handler.service.spec.ts" name="isChunkLoadError &gt; ignores errors whose name matches loosely but is not ChunkLoadError" time="0.000416625">
        </testcase>
        <testcase classname="src/app/common/service/global-error-handler/global-error-handler.service.spec.ts" name="isChunkLoadError &gt; ignores values with a non-string message and non-string body" time="0.000701042">
        </testcase>
        <testcase classname="src/app/common/service/global-error-handler/global-error-handler.service.spec.ts" name="GlobalErrorHandler &gt; reloads once on a chunk-load error and records the guard" time="0.001133625">
        </testcase>
        <testcase classname="src/app/common/service/global-error-handler/global-error-handler.service.spec.ts" name="GlobalErrorHandler &gt; does not forward a recovered chunk error to the default handler" time="0.000215125">
        </testcase>
        <testcase classname="src/app/common/service/global-error-handler/global-error-handler.service.spec.ts" name="GlobalErrorHandler &gt; does not reload again within the guard window" time="0.000143541">
        </testcase>
        <testcase classname="src/app/common/service/global-error-handler/global-error-handler.service.spec.ts" name="GlobalErrorHandler &gt; forwards a chunk error to the default handler once reload is guarded" time="0.000122583">
        </testcase>
        <testcase classname="src/app/common/service/global-error-handler/global-error-handler.service.spec.ts" name="GlobalErrorHandler &gt; does not reload on a non-chunk error and forwards it to the default handler" time="0.000188916">
        </testcase>
        <testcase classname="src/app/common/service/global-error-handler/global-error-handler.service.spec.ts" name="GlobalErrorHandler &gt; reloads again once the guard window has elapsed" time="0.000095708">
        </testcase>
        <testcase classname="src/app/common/service/global-error-handler/global-error-handler.service.spec.ts" name="GlobalErrorHandler &gt; does not reload when a fresh guard timestamp is present" time="0.000235875">
        </testcase>
        <testcase classname="src/app/common/service/global-error-handler/global-error-handler.service.spec.ts" name="GlobalErrorHandler &gt; reloads when the stored guard value is not a usable number" time="0.00029475">
        </testcase>
        <testcase classname="src/app/common/service/global-error-handler/global-error-handler.service.spec.ts" name="GlobalErrorHandler &gt; reloads when the stored guard value is non-positive" time="0.000176458">
        </testcase>
        <testcase classname="src/app/common/service/global-error-handler/global-error-handler.service.spec.ts" name="GlobalErrorHandler.reload (default implementation) &gt; delegates to window.location.reload on a chunk-load error" time="0.000268958">
        </testcase>
    </testsuite>
    <testsuite name="src/app/common/service/gmail/gmail.service.spec.ts" timestamp="2026-09-01T22:49:41.625Z" hostname="dhcp-172-27-096-224.mobile.uci.edu" tests="8" failures="0" errors="0" skipped="0" time="0.0136">
        <testcase classname="src/app/common/service/gmail/gmail.service.spec.ts" name="GmailService &gt; should show a success toast when the backend accepts the send request" time="0.001760917">
        </testcase>
        <testcase classname="src/app/common/service/gmail/gmail.service.spec.ts" name="GmailService &gt; sends the correct PUT body for sendEmail with an explicit receiver" time="0.001076458">
        </testcase>
        <testcase classname="src/app/common/service/gmail/gmail.service.spec.ts" name="GmailService &gt; defaults the receiver to an empty string when it is omitted" time="0.001273417">
        </testcase>
        <testcase classname="src/app/common/service/gmail/gmail.service.spec.ts" name="GmailService &gt; shows an error toast and logs to the console on a failed send" time="0.000791833">
        </testcase>
        <testcase classname="src/app/common/service/gmail/gmail.service.spec.ts" name="GmailService &gt; issues a GET to the sender-email endpoint and emits the response without notifying" time="0.00080225">
        </testcase>
        <testcase classname="src/app/common/service/gmail/gmail.service.spec.ts" name="GmailService &gt; sends the correct POST body for notifyUnauthorizedLogin" time="0.00204">
        </testcase>
        <testcase classname="src/app/common/service/gmail/gmail.service.spec.ts" name="GmailService &gt; shows a success toast when the unauthorized-login notification is accepted" time="0.002837625">
        </testcase>
        <testcase classname="src/app/common/service/gmail/gmail.service.spec.ts" name="GmailService &gt; shows an error toast and logs to the console when the notification fails" time="0.002784708">
        </testcase>
    </testsuite>
    <testsuite name="src/app/common/service/notification/notification.service.spec.ts" timestamp="2026-09-01T22:49:41.625Z" hostname="dhcp-172-27-096-224.mobile.uci.edu" tests="6" failures="0" errors="0" skipped="0" time="0.006461875">
        <testcase classname="src/app/common/service/notification/notification.service.spec.ts" name="NotificationService &gt; should be created" time="0.001441083">
        </testcase>
        <testcase classname="src/app/common/service/notification/notification.service.spec.ts" name="NotificationService &gt; success / info / error / warning delegate to the message service with the content and options" time="0.002165417">
        </testcase>
        <testcase classname="src/app/common/service/notification/notification.service.spec.ts" name="NotificationService &gt; defaults to empty options when none are given" time="0.001225833">
        </testcase>
        <testcase classname="src/app/common/service/notification/notification.service.spec.ts" name="NotificationService &gt; loading delegates to the message service and returns its ref" time="0.00064925">
        </testcase>
        <testcase classname="src/app/common/service/notification/notification.service.spec.ts" name="NotificationService &gt; blank delegates to the notification service and returns its ref" time="0.000411125">
        </testcase>
        <testcase classname="src/app/common/service/notification/notification.service.spec.ts" name="NotificationService &gt; remove delegates to the notification service" time="0.000345166">
        </testcase>
    </testsuite>
    <testsuite name="src/app/common/service/user/auth-guard.service.spec.ts" timestamp="2026-09-01T22:49:41.626Z" hostname="dhcp-172-27-096-224.mobile.uci.edu" tests="3" failures="0" errors="0" skipped="0" time="0.002626792">
        <testcase classname="src/app/common/service/user/auth-guard.service.spec.ts" name="AuthGuardService &gt; allows navigation and does not redirect when the user is logged in" time="0.001208833">
        </testcase>
        <testcase classname="src/app/common/service/user/auth-guard.service.spec.ts" name="AuthGuardService &gt; blocks navigation and redirects to LOGIN with a null returnUrl from the root url" time="0.000646959">
        </testcase>
        <testcase classname="src/app/common/service/user/auth-guard.service.spec.ts" name="AuthGuardService &gt; blocks navigation and preserves the return url for a deep link" time="0.000461">
        </testcase>
    </testsuite>
    <testsuite name="src/app/common/service/user/auth.service.spec.ts" timestamp="2026-09-01T22:49:41.626Z" hostname="dhcp-172-27-096-224.mobile.uci.edu" tests="35" failures="0" errors="0" skipped="0" time="0.163043833">
        <testcase classname="src/app/common/service/user/auth.service.spec.ts" name="AuthService &gt; should be created" time="0.002699042">
        </testcase>
        <testcase classname="src/app/common/service/user/auth.service.spec.ts" name="AuthService &gt; static access-token helpers &gt; set/get/remove roundtrip through localStorage" time="0.002024625">
        </testcase>
        <testcase classname="src/app/common/service/user/auth.service.spec.ts" name="AuthService &gt; HTTP auth endpoints &gt; register() POSTs username/email/password to the register endpoint" time="0.00264425">
        </testcase>
        <testcase classname="src/app/common/service/user/auth.service.spec.ts" name="AuthService &gt; HTTP auth endpoints &gt; auth() POSTs username/password to the login endpoint" time="0.0012115">
        </testcase>
        <testcase classname="src/app/common/service/user/auth.service.spec.ts" name="AuthService &gt; HTTP auth endpoints &gt; googleAuth() POSTs the raw credential with a text/plain content type" time="0.001391625">
        </testcase>
        <testcase classname="src/app/common/service/user/auth.service.spec.ts" name="AuthService &gt; HTTP auth endpoints &gt; register() propagates HTTP errors to the subscriber" time="0.000774833">
        </testcase>
        <testcase classname="src/app/common/service/user/auth.service.spec.ts" name="AuthService &gt; HTTP auth endpoints &gt; auth() propagates HTTP errors to the subscriber" time="0.000577125">
        </testcase>
        <testcase classname="src/app/common/service/user/auth.service.spec.ts" name="AuthService &gt; HTTP auth endpoints &gt; googleAuth() propagates HTTP errors to the subscriber" time="0.000513375">
        </testcase>
        <testcase classname="src/app/common/service/user/auth.service.spec.ts" name="AuthService &gt; logout &gt; removes the stored access token and returns undefined" time="0.000424917">
        </testcase>
        <testcase classname="src/app/common/service/user/auth.service.spec.ts" name="AuthService &gt; loginWithExistingToken &gt; logs out and returns undefined when no token is stored" time="0.000469708">
        </testcase>
        <testcase classname="src/app/common/service/user/auth.service.spec.ts" name="AuthService &gt; loginWithExistingToken &gt; errors and logs out when the stored token is expired" time="0.000414125">
        </testcase>
        <testcase classname="src/app/common/service/user/auth.service.spec.ts" name="AuthService &gt; loginWithExistingToken &gt; returns a User built from the decoded claims for a valid token" time="0.000506125">
        </testcase>
        <testcase classname="src/app/common/service/user/auth.service.spec.ts" name="AuthService &gt; loginWithExistingToken &gt; reads the avatar from a pre-rename googleAvatar claim" time="0.000493167">
        </testcase>
        <testcase classname="src/app/common/service/user/auth.service.spec.ts" name="AuthService &gt; loginWithExistingToken &gt; in invite-only mode, an inactive user is logged out and registration is checked" time="0.000727625">
        </testcase>
        <testcase classname="src/app/common/service/user/auth.service.spec.ts" name="AuthService &gt; the missing-email prompt &gt; hands out no user and opens the prompt when the token carries no email" time="0.000778583">
        </testcase>
        <testcase classname="src/app/common/service/user/auth.service.spec.ts" name="AuthService &gt; the missing-email prompt &gt; does not open the prompt for an account that has an address" time="0.000491875">
        </testcase>
        <testcase classname="src/app/common/service/user/auth.service.spec.ts" name="AuthService &gt; the missing-email prompt &gt; does not stack a second prompt while one is open" time="0.000383833">
        </testcase>
        <testcase classname="src/app/common/service/user/auth.service.spec.ts" name="AuthService &gt; the missing-email prompt &gt; asks for an address instead of making the invite-only request" time="0.000390875">
        </testcase>
        <testcase classname="src/app/common/service/user/auth.service.spec.ts" name="AuthService &gt; the missing-email prompt &gt; still runs the invite-only request for an inactive user that has an address" time="0.000493708">
        </testcase>
        <testcase classname="src/app/common/service/user/auth.service.spec.ts" name="AuthService &gt; the missing-email prompt &gt; stores the reissued token and announces it once the address is saved" time="0.001181417">
        </testcase>
        <testcase classname="src/app/common/service/user/auth.service.spec.ts" name="AuthService &gt; the missing-email prompt &gt; hands out a user once the reissued token carries an address" time="0.002541625">
        </testcase>
        <testcase classname="src/app/common/service/user/auth.service.spec.ts" name="AuthService &gt; the missing-email prompt &gt; keeps the dialog open and reports why when the address is refused" time="0.004413042">
        </testcase>
        <testcase classname="src/app/common/service/user/auth.service.spec.ts" name="AuthService &gt; the missing-email prompt &gt; rejects a malformed address without calling the backend" time="0.004592375">
        </testcase>
        <testcase classname="src/app/common/service/user/auth.service.spec.ts" name="AuthService &gt; the missing-email prompt &gt; signs out and announces the change when the prompt is cancelled" time="0.004583959">
        </testcase>
        <testcase classname="src/app/common/service/user/auth.service.spec.ts" name="AuthService &gt; the missing-email prompt &gt; can prompt again after a cancel" time="0.002823042">
        </testcase>
        <testcase classname="src/app/common/service/user/auth.service.spec.ts" name="AuthService &gt; the missing-email prompt with verification on &gt; mails a code on the first confirm, then sends it with the address on the second" time="0.003381125">
        </testcase>
        <testcase classname="src/app/common/service/user/auth.service.spec.ts" name="AuthService &gt; the missing-email prompt with verification on &gt; keeps the dialog on the address step and reports why when the code cannot be sent" time="0.002720584">
        </testcase>
        <testcase classname="src/app/common/service/user/auth.service.spec.ts" name="AuthService &gt; the missing-email prompt with verification on &gt; rejects a malformed address before asking for a code" time="0.004585416">
        </testcase>
        <testcase classname="src/app/common/service/user/auth.service.spec.ts" name="AuthService &gt; the missing-email prompt with verification on &gt; reports a refused code and keeps the dialog open" time="0.01403125">
        </testcase>
        <testcase classname="src/app/common/service/user/auth.service.spec.ts" name="AuthService &gt; registration endpoints &gt; registerVerify() POSTs the same fields plus the code" time="0.023945792">
        </testcase>
        <testcase classname="src/app/common/service/user/auth.service.spec.ts" name="AuthService &gt; registration endpoints &gt; requestEmailCode() POSTs the address to the code endpoint" time="0.039457333">
        </testcase>
        <testcase classname="src/app/common/service/user/auth.service.spec.ts" name="AuthService &gt; registerAutoLogout &gt; schedules a logout that fires once the token expiry elapses" time="0.02494275">
        </testcase>
        <testcase classname="src/app/common/service/user/auth.service.spec.ts" name="AuthService &gt; registerAutoLogout &gt; does not schedule a logout when the token is already expired" time="0.002165">
        </testcase>
        <testcase classname="src/app/common/service/user/auth.service.spec.ts" name="AuthService &gt; invite-only registration gating &gt; opens the registration modal when registration is required" time="0.002815583">
        </testcase>
        <testcase classname="src/app/common/service/user/auth.service.spec.ts" name="AuthService &gt; invite-only registration gating &gt; submitRegistration PUTs the affiliation/reason when the modal is confirmed" time="0.003684583">
        </testcase>
    </testsuite>
    <testsuite name="src/app/common/service/user/google-auth.service.spec.ts" timestamp="2026-09-01T22:49:41.628Z" hostname="dhcp-172-27-096-224.mobile.uci.edu" tests="1" failures="0" errors="0" skipped="0" time="0.00181975">
        <testcase classname="src/app/common/service/user/google-auth.service.spec.ts" name="GoogleAuthService &gt; issues a GET to the client-id endpoint and emits the returned id" time="0.001691958">
        </testcase>
    </testsuite>
    <testsuite name="src/app/common/service/user/user.service.spec.ts" timestamp="2026-09-01T22:49:41.628Z" hostname="dhcp-172-27-096-224.mobile.uci.edu" tests="20" failures="0" errors="0" skipped="0" time="0.02756675">
        <testcase classname="src/app/common/service/user/user.service.spec.ts" name="UserService &gt; should be created" time="0.002239542">
        </testcase>
        <testcase classname="src/app/common/service/user/user.service.spec.ts" name="UserService &gt; should login after register user" time="0.001118125">
        </testcase>
        <testcase classname="src/app/common/service/user/user.service.spec.ts" name="UserService &gt; should login after login user" time="0.000730792">
        </testcase>
        <testcase classname="src/app/common/service/user/user.service.spec.ts" name="UserService &gt; should not login after register failed" time="0.000531375">
        </testcase>
        <testcase classname="src/app/common/service/user/user.service.spec.ts" name="UserService &gt; reports a pending verification and signs nobody in" time="0.000600875">
        </testcase>
        <testcase classname="src/app/common/service/user/user.service.spec.ts" name="UserService &gt; signs the user in once registerVerify accepts the code" time="0.001436">
        </testcase>
        <testcase classname="src/app/common/service/user/user.service.spec.ts" name="UserService &gt; should not login after login failed" time="0.000662959">
        </testcase>
        <testcase classname="src/app/common/service/user/user.service.spec.ts" name="UserService &gt; should log out when called log out function" time="0.001035334">
        </testcase>
        <testcase classname="src/app/common/service/user/user.service.spec.ts" name="UserService &gt; loads the authenticated config when a fresh login succeeds" time="0.0021645">
        </testcase>
        <testcase classname="src/app/common/service/user/user.service.spec.ts" name="UserService &gt; loads the authenticated config when a googleLogin succeeds" time="0.001127416">
        </testcase>
        <testcase classname="src/app/common/service/user/user.service.spec.ts" name="UserService &gt; orders the post-login config fetch before the userChanged event fires" time="0.000868333">
        </testcase>
        <testcase classname="src/app/common/service/user/user.service.spec.ts" name="UserService &gt; still completes login when loadPostLogin fails" time="0.00111025">
            <system-err>
Failed to load authenticated config after login; continuing. Error: simulated 500
    at /Users/karyzheng/dev/texera_workflow_to_py_3/frontend/src/app/common/service/user/user.service.spec.ts:190:72
    at Observable.init [as _subscribe] (/Users/karyzheng/dev/texera_workflow_to_py_3/frontend/node_modules/rxjs/dist/cjs/internal/observable/throwError.js:8:64)
    at Observable._trySubscribe (/Users/karyzheng/dev/texera_workflow_to_py_3/frontend/node_modules/rxjs/dist/cjs/internal/Observable.js:41:25)
    at /Users/karyzheng/dev/texera_workflow_to_py_3/frontend/node_modules/rxjs/dist/cjs/internal/Observable.js:35:31
    at Object.errorContext (/Users/karyzheng/dev/texera_workflow_to_py_3/frontend/node_modules/rxjs/dist/cjs/internal/util/errorContext.js:22:9)
    at Observable.subscribe (/Users/karyzheng/dev/texera_workflow_to_py_3/frontend/node_modules/rxjs/dist/cjs/internal/Observable.js:26:24)
    at /Users/karyzheng/dev/texera_workflow_to_py_3/frontend/node_modules/rxjs/dist/cjs/internal/operators/catchError.js:12:27
    at OperatorSubscriber.&lt;anonymous&gt; (/Users/karyzheng/dev/texera_workflow_to_py_3/frontend/node_modules/rxjs/dist/cjs/internal/util/lift.js:14:28)
    at /Users/karyzheng/dev/texera_workflow_to_py_3/frontend/node_modules/rxjs/dist/cjs/internal/Observable.js:30:30
    at Object.errorContext (/Users/karyzheng/dev/texera_workflow_to_py_3/frontend/node_modules/rxjs/dist/cjs/internal/util/errorContext.js:22:9)

            </system-err>
        </testcase>
        <testcase classname="src/app/common/service/user/user.service.spec.ts" name="UserService &gt; changeUser sets the current user (assigning a color) and emits it on userChanged" time="0.001204209">
        </testcase>
        <testcase classname="src/app/common/service/user/user.service.spec.ts" name="UserService &gt; re-derives the current user when AuthService changes the session" time="0.001411916">
        </testcase>
        <testcase classname="src/app/common/service/user/user.service.spec.ts" name="UserService &gt; isAdmin reflects only the ADMIN role of the current user" time="0.000961875">
        </testcase>
        <testcase classname="src/app/common/service/user/user.service.spec.ts" name="UserService &gt; getAvatar returns undefined for an empty avatar url" time="0.002066125">
        </testcase>
        <testcase classname="src/app/common/service/user/user.service.spec.ts" name="UserService &gt; getAvatar returns the cached object URL while the entry is still fresh" time="0.001384292">
        </testcase>
        <testcase classname="src/app/common/service/user/user.service.spec.ts" name="UserService &gt; getAvatar network path &gt; fetches the avatar, wraps the blob in an object URL, and caches it" time="0.002488084">
        </testcase>
        <testcase classname="src/app/common/service/user/user.service.spec.ts" name="UserService &gt; getAvatar network path &gt; fetches an avatar hosted anywhere the backend allowed, not just Google&apos;s CDN" time="0.001489375">
        </testcase>
        <testcase classname="src/app/common/service/user/user.service.spec.ts" name="UserService &gt; getAvatar network path &gt; returns undefined when the avatar fetch fails" time="0.001836084">
        </testcase>
    </testsuite>
    <testsuite name="src/app/common/service/warehouse/warehouse-actions.service.spec.ts" timestamp="2026-09-01T22:49:41.629Z" hostname="dhcp-172-27-096-224.mobile.uci.edu" tests="6" failures="0" errors="0" skipped="0" time="0.009280458">
        <testcase classname="src/app/common/service/warehouse/warehouse-actions.service.spec.ts" name="WarehouseActionsService &gt; creates through the warehouse service, so create and delete share one entry point" time="0.003213792">
        </testcase>
        <testcase classname="src/app/common/service/warehouse/warehouse-actions.service.spec.ts" name="WarehouseActionsService &gt; asks for confirmation with the danger wording, without deleting yet" time="0.000885208">
        </testcase>
        <testcase classname="src/app/common/service/warehouse/warehouse-actions.service.spec.ts" name="WarehouseActionsService &gt; deletes on confirm, then notifies and runs onDeleted" time="0.00094275">
        </testcase>
        <testcase classname="src/app/common/service/warehouse/warehouse-actions.service.spec.ts" name="WarehouseActionsService &gt; keeps the dialog busy until the delete settles" time="0.00188725">
        </testcase>
        <testcase classname="src/app/common/service/warehouse/warehouse-actions.service.spec.ts" name="WarehouseActionsService &gt; does not report a failure when the refresh callback throws after a successful delete" time="0.001281125">
        </testcase>
        <testcase classname="src/app/common/service/warehouse/warehouse-actions.service.spec.ts" name="WarehouseActionsService &gt; surfaces the backend message and skips onDeleted when the delete fails" time="0.000722291">
        </testcase>
    </testsuite>
    <testsuite name="src/app/common/service/warehouse/warehouse.service.spec.ts" timestamp="2026-09-01T22:49:41.629Z" hostname="dhcp-172-27-096-224.mobile.uci.edu" tests="3" failures="0" errors="0" skipped="0" time="0.002781125">
        <testcase classname="src/app/common/service/warehouse/warehouse.service.spec.ts" name="WarehouseService &gt; fetches the warehouse status" time="0.00127925">
        </testcase>
        <testcase classname="src/app/common/service/warehouse/warehouse.service.spec.ts" name="WarehouseService &gt; creates a warehouse with the given name" time="0.000820083">
        </testcase>
        <testcase classname="src/app/common/service/warehouse/warehouse.service.spec.ts" name="WarehouseService &gt; deletes a warehouse by id" time="0.000490292">
        </testcase>
    </testsuite>
    <testsuite name="src/app/common/service/workflow-persist/workflow-persist.service.spec.ts" timestamp="2026-09-01T22:49:41.629Z" hostname="dhcp-172-27-096-224.mobile.uci.edu" tests="32" failures="0" errors="0" skipped="0" time="0.078853625">
        <testcase classname="src/app/common/service/workflow-persist/workflow-persist.service.spec.ts" name="WorkflowPersistService &gt; should be created" time="0.00148025">
        </testcase>
        <testcase classname="src/app/common/service/workflow-persist/workflow-persist.service.spec.ts" name="WorkflowPersistService &gt; should send http post request once" time="0.001062">
        </testcase>
        <testcase classname="src/app/common/service/workflow-persist/workflow-persist.service.spec.ts" name="WorkflowPersistService &gt; should check if workflow content and name returned correctly" time="0.000699125">
        </testcase>
        <testcase classname="src/app/common/service/workflow-persist/workflow-persist.service.spec.ts" name="WorkflowPersistService &gt; retrieveWorkflow issues a GET and parses the workflow content" time="0.000756125">
        </testcase>
        <testcase classname="src/app/common/service/workflow-persist/workflow-persist.service.spec.ts" name="WorkflowPersistService &gt; retrieveWorkflowIDs issues a GET to the workflow-ids url" time="0.00077">
        </testcase>
        <testcase classname="src/app/common/service/workflow-persist/workflow-persist.service.spec.ts" name="WorkflowPersistService &gt; retrieveOwners issues a GET to the owners url" time="0.000556125">
        </testcase>
        <testcase classname="src/app/common/service/workflow-persist/workflow-persist.service.spec.ts" name="WorkflowPersistService &gt; searchWorkflows issues a GET to the search url and maps each entry" time="0.000820084">
        </testcase>
        <testcase classname="src/app/common/service/workflow-persist/workflow-persist.service.spec.ts" name="WorkflowPersistService &gt; uncovered persist/retrieve/duplicate/delete endpoints &gt; persistWorkflow POSTs the serialized body and parses the response content" time="0.000957459">
        </testcase>
        <testcase classname="src/app/common/service/workflow-persist/workflow-persist.service.spec.ts" name="WorkflowPersistService &gt; uncovered persist/retrieve/duplicate/delete endpoints &gt; persistWorkflow notifies the user when the workflow is broken but still POSTs" time="0.000922">
        </testcase>
        <testcase classname="src/app/common/service/workflow-persist/workflow-persist.service.spec.ts" name="WorkflowPersistService &gt; uncovered persist/retrieve/duplicate/delete endpoints &gt; persistWorkflow filters out a null response so no value is emitted" time="0.000648083">
        </testcase>
        <testcase classname="src/app/common/service/workflow-persist/workflow-persist.service.spec.ts" name="WorkflowPersistService &gt; uncovered persist/retrieve/duplicate/delete endpoints &gt; createWorkflow POSTs the name and serialized content and emits the created workflow" time="0.000650084">
        </testcase>
        <testcase classname="src/app/common/service/workflow-persist/workflow-persist.service.spec.ts" name="WorkflowPersistService &gt; uncovered persist/retrieve/duplicate/delete endpoints &gt; createWorkflow filters out a null response so no value is emitted" time="0.000576542">
        </testcase>
        <testcase classname="src/app/common/service/workflow-persist/workflow-persist.service.spec.ts" name="WorkflowPersistService &gt; uncovered persist/retrieve/duplicate/delete endpoints &gt; duplicateWorkflow POSTs the wids" time="0.004073625">
        </testcase>
        <testcase classname="src/app/common/service/workflow-persist/workflow-persist.service.spec.ts" name="WorkflowPersistService &gt; uncovered persist/retrieve/duplicate/delete endpoints &gt; duplicateWorkflow filters out an empty-array response" time="0.003581291">
        </testcase>
        <testcase classname="src/app/common/service/workflow-persist/workflow-persist.service.spec.ts" name="WorkflowPersistService &gt; uncovered persist/retrieve/duplicate/delete endpoints &gt; retrieveWorkflowsBySessionUser GETs the list url and maps each entry" time="0.0035805">
        </testcase>
        <testcase classname="src/app/common/service/workflow-persist/workflow-persist.service.spec.ts" name="WorkflowPersistService &gt; uncovered persist/retrieve/duplicate/delete endpoints &gt; deleteWorkflow POSTs the wids to the delete url" time="0.005536916">
        </testcase>
        <testcase classname="src/app/common/service/workflow-persist/workflow-persist.service.spec.ts" name="WorkflowPersistService &gt; uncovered persist/retrieve/duplicate/delete endpoints &gt; updateWorkflowName POSTs wid and name on success" time="0.004759292">
        </testcase>
        <testcase classname="src/app/common/service/workflow-persist/workflow-persist.service.spec.ts" name="WorkflowPersistService &gt; uncovered persist/retrieve/duplicate/delete endpoints &gt; updateWorkflowName notifies with the server message and rethrows on error" time="0.002943709">
        </testcase>
        <testcase classname="src/app/common/service/workflow-persist/workflow-persist.service.spec.ts" name="WorkflowPersistService &gt; uncovered persist/retrieve/duplicate/delete endpoints &gt; updateWorkflowDescription POSTs wid and description on success" time="0.002598166">
        </testcase>
        <testcase classname="src/app/common/service/workflow-persist/workflow-persist.service.spec.ts" name="WorkflowPersistService &gt; uncovered persist/retrieve/duplicate/delete endpoints &gt; updateWorkflowDescription notifies with the server message and rethrows on error" time="0.002748125">
        </testcase>
        <testcase classname="src/app/common/service/workflow-persist/workflow-persist.service.spec.ts" name="WorkflowPersistService &gt; uncovered persist/retrieve/duplicate/delete endpoints &gt; getWorkflowIsPublished GETs the type url as text" time="0.003734584">
        </testcase>
        <testcase classname="src/app/common/service/workflow-persist/workflow-persist.service.spec.ts" name="WorkflowPersistService &gt; uncovered persist/retrieve/duplicate/delete endpoints &gt; updateWorkflowIsPublished PUTs to the public url when publishing" time="0.006454542">
        </testcase>
        <testcase classname="src/app/common/service/workflow-persist/workflow-persist.service.spec.ts" name="WorkflowPersistService &gt; uncovered persist/retrieve/duplicate/delete endpoints &gt; updateWorkflowIsPublished PUTs to the private url when unpublishing" time="0.010189125">
        </testcase>
        <testcase classname="src/app/common/service/workflow-persist/workflow-persist.service.spec.ts" name="WorkflowPersistService &gt; uncovered persist/retrieve/duplicate/delete endpoints &gt; setWorkflowPersistFlag toggles the value read by isWorkflowPersistEnabled" time="0.005116791">
        </testcase>
        <testcase classname="src/app/common/service/workflow-persist/workflow-persist.service.spec.ts" name="WorkflowPersistService &gt; uncovered persist/retrieve/duplicate/delete endpoints &gt; getOwnerName GETs the owner-name url with a wid param as text" time="0.006939292">
        </testcase>
        <testcase classname="src/app/common/service/workflow-persist/workflow-persist.service.spec.ts" name="WorkflowPersistService &gt; uncovered persist/retrieve/duplicate/delete endpoints &gt; getWorkflowName GETs the workflow-name url with a wid param as text" time="0.001179875">
        </testcase>
        <testcase classname="src/app/common/service/workflow-persist/workflow-persist.service.spec.ts" name="WorkflowPersistService &gt; uncovered persist/retrieve/duplicate/delete endpoints &gt; retrievePublicWorkflow GETs the publicised url and parses the content" time="0.000876042">
        </testcase>
        <testcase classname="src/app/common/service/workflow-persist/workflow-persist.service.spec.ts" name="WorkflowPersistService &gt; uncovered persist/retrieve/duplicate/delete endpoints &gt; retrievePublicWorkflow filters out a null response" time="0.00054">
        </testcase>
        <testcase classname="src/app/common/service/workflow-persist/workflow-persist.service.spec.ts" name="WorkflowPersistService &gt; uncovered persist/retrieve/duplicate/delete endpoints &gt; getWorkflowDescription GETs the description url with a wid param as text" time="0.00052025">
        </testcase>
        <testcase classname="src/app/common/service/workflow-persist/workflow-persist.service.spec.ts" name="WorkflowPersistService &gt; uncovered persist/retrieve/duplicate/delete endpoints &gt; getSizes GETs the size url appending every wid as a separate param" time="0.000581833">
        </testcase>
        <testcase classname="src/app/common/service/workflow-persist/workflow-persist.service.spec.ts" name="WorkflowPersistService &gt; uncovered persist/retrieve/duplicate/delete endpoints &gt; setDefaultView PUTs the chosen view to the set-default-view url" time="0.000641416">
        </testcase>
        <testcase classname="src/app/common/service/workflow-persist/workflow-persist.service.spec.ts" name="WorkflowPersistService &gt; uncovered persist/retrieve/duplicate/delete endpoints &gt; setDefaultView can set the default back to canvas" time="0.000825167">
        </testcase>
    </testsuite>
    <testsuite name="src/app/dashboard/service/user/search.service.spec.ts" timestamp="2026-09-01T22:49:41.631Z" hostname="dhcp-172-27-096-224.mobile.uci.edu" tests="13" failures="0" errors="0" skipped="0" time="0.019506834">
        <testcase classname="src/app/dashboard/service/user/search.service.spec.ts" name="SearchService &gt; search &gt; hits dashboard/search with includePublic=true when logged in and asking for public" time="0.00491275">
        </testcase>
        <testcase classname="src/app/dashboard/service/user/search.service.spec.ts" name="SearchService &gt; search &gt; hits dashboard/search with includePublic=false when logged in and asking for private only" time="0.001788542">
        </testcase>
        <testcase classname="src/app/dashboard/service/user/search.service.spec.ts" name="SearchService &gt; search &gt; hits dashboard/publicSearch and forces includePublic=true when anonymous" time="0.001067291">
        </testcase>
        <testcase classname="src/app/dashboard/service/user/search.service.spec.ts" name="SearchService &gt; search &gt; drops rows whose resource type this client does not model, keeping the modelled ones" time="0.001006291">
        </testcase>
        <testcase classname="src/app/dashboard/service/user/search.service.spec.ts" name="SearchService &gt; getUserInfo encodes each user id as a repeated `userIds` query param" time="0.000835042">
        </testcase>
        <testcase classname="src/app/dashboard/service/user/search.service.spec.ts" name="SearchService &gt; executeSearch &gt; filters null/mismatched datasets and surfaces hasMismatch" time="0.00137525">
        </testcase>
        <testcase classname="src/app/dashboard/service/user/search.service.spec.ts" name="SearchService &gt; executeSearch &gt; leaves hasMismatch undefined and skips filtering for non-dataset searches" time="0.00137025">
        </testcase>
        <testcase classname="src/app/dashboard/service/user/search.service.spec.ts" name="SearchService &gt; extendSearchResultsWithHubActivityInfo &gt; skips hub fetches and persist size lookup when there are no items" time="0.001676959">
        </testcase>
        <testcase classname="src/app/dashboard/service/user/search.service.spec.ts" name="SearchService &gt; extendSearchResultsWithHubActivityInfo &gt; hydrates counts, like flags, access ids, and sizes for a workflow item" time="0.001381375">
        </testcase>
        <testcase classname="src/app/dashboard/service/user/search.service.spec.ts" name="SearchService &gt; extendSearchResultsWithHubActivityInfo &gt; skips like lookup when the user is not logged in" time="0.00123675">
        </testcase>
        <testcase classname="src/app/dashboard/service/user/search.service.spec.ts" name="SearchService &gt; extendSearchResultsWithHubActivityInfo &gt; honors a narrowed activities list (counts only)" time="0.000981125">
        </testcase>
        <testcase classname="src/app/dashboard/service/user/search.service.spec.ts" name="SearchService &gt; extendSearchResultsWithHubActivityInfo &gt; uses Dataset entity routing and pulls ownerUid for dataset items" time="0.000827916">
        </testcase>
        <testcase classname="src/app/dashboard/service/user/search.service.spec.ts" name="SearchService &gt; extendSearchResultsWithHubActivityInfo &gt; does not request sizes when there are no workflow items" time="0.000720209">
        </testcase>
    </testsuite>
    <testsuite name="src/app/hub/component/about/about.component.spec.ts" timestamp="2026-09-01T22:49:41.632Z" hostname="dhcp-172-27-096-224.mobile.uci.edu" tests="2" failures="0" errors="0" skipped="0" time="0.01654425">
        <testcase classname="src/app/hub/component/about/about.component.spec.ts" name="AboutComponent &gt; should create" time="0.00676425">
        </testcase>
        <testcase classname="src/app/hub/component/about/about.component.spec.ts" name="AboutComponent &gt; no longer embeds a login form" time="0.009544292">
        </testcase>
    </testsuite>
    <testsuite name="src/app/hub/component/browse-section/browse-section.component.spec.ts" timestamp="2026-09-01T22:49:41.632Z" hostname="dhcp-172-27-096-224.mobile.uci.edu" tests="17" failures="0" errors="0" skipped="0" time="0.1419825">
        <testcase classname="src/app/hub/component/browse-section/browse-section.component.spec.ts" name="BrowseSectionComponent &gt; should create" time="0.002585084">
        </testcase>
        <testcase classname="src/app/hub/component/browse-section/browse-section.component.spec.ts" name="BrowseSectionComponent &gt; entityRoutes initialization &gt; routes owned workflows to the user workspace" time="0.001574917">
        </testcase>
        <testcase classname="src/app/hub/component/browse-section/browse-section.component.spec.ts" name="BrowseSectionComponent &gt; entityRoutes initialization &gt; routes non-owned workflows to the hub workflow detail page" time="0.001172208">
        </testcase>
        <testcase classname="src/app/hub/component/browse-section/browse-section.component.spec.ts" name="BrowseSectionComponent &gt; entityRoutes initialization &gt; routes owned datasets to the user dataset page" time="0.000909875">
        </testcase>
        <testcase classname="src/app/hub/component/browse-section/browse-section.component.spec.ts" name="BrowseSectionComponent &gt; entityRoutes initialization &gt; routes non-owned datasets to the hub dataset detail page" time="0.000821958">
        </testcase>
        <testcase classname="src/app/hub/component/browse-section/browse-section.component.spec.ts" name="BrowseSectionComponent &gt; initializeEntry edge cases &gt; skips entries whose id is not a number" time="0.000836458">
        </testcase>
        <testcase classname="src/app/hub/component/browse-section/browse-section.component.spec.ts" name="BrowseSectionComponent &gt; initializeEntry edge cases &gt; throws on an unexpected entity type" time="0.000847959">
        </testcase>
        <testcase classname="src/app/hub/component/browse-section/browse-section.component.spec.ts" name="BrowseSectionComponent &gt; cover images &gt; caches the cover URL the descriptor resolves for an entity that has a cover" time="0.001006459">
        </testcase>
        <testcase classname="src/app/hub/component/browse-section/browse-section.component.spec.ts" name="BrowseSectionComponent &gt; cover images &gt; falls back to the default background when no cover was cached" time="0.003484375">
        </testcase>
        <testcase classname="src/app/hub/component/browse-section/browse-section.component.spec.ts" name="BrowseSectionComponent rendering &gt; renders nothing at all for an empty section" time="0.0055965">
        </testcase>
        <testcase classname="src/app/hub/component/browse-section/browse-section.component.spec.ts" name="BrowseSectionComponent rendering &gt; renders the section heading and one card per entity" time="0.012053959">
        </testcase>
        <testcase classname="src/app/hub/component/browse-section/browse-section.component.spec.ts" name="BrowseSectionComponent rendering &gt; shows each entity&apos;s name and description" time="0.004852">
        </testcase>
        <testcase classname="src/app/hub/component/browse-section/browse-section.component.spec.ts" name="BrowseSectionComponent rendering &gt; substitutes a placeholder for a missing description" time="0.012073917">
        </testcase>
        <testcase classname="src/app/hub/component/browse-section/browse-section.component.spec.ts" name="BrowseSectionComponent rendering &gt; uses the cached cover image when the entity has one" time="0.016923542">
        </testcase>
        <testcase classname="src/app/hub/component/browse-section/browse-section.component.spec.ts" name="BrowseSectionComponent rendering &gt; falls back to the default background when the cover image fails to load" time="0.037316208">
        </testcase>
        <testcase classname="src/app/hub/component/browse-section/browse-section.component.spec.ts" name="BrowseSectionComponent rendering &gt; labels the avatar with the entity id" time="0.028810292">
        </testcase>
        <testcase classname="src/app/hub/component/browse-section/browse-section.component.spec.ts" name="BrowseSectionComponent rendering &gt; passes the owner through to the avatar, defaulting to an empty name" time="0.010614292">
        </testcase>
    </testsuite>
    <testsuite name="src/app/hub/component/hub-search-result/hub-search-result.component.spec.ts" timestamp="2026-09-01T22:49:41.633Z" hostname="dhcp-172-27-096-224.mobile.uci.edu" tests="26" failures="0" errors="0" skipped="0" time="2.07837725">
        <testcase classname="src/app/hub/component/hub-search-result/hub-search-result.component.spec.ts" name="HubSearchResultComponent &gt; ngOnInit / searchType resolution &gt; resolves &apos;dataset&apos; and defaults sortMethod to CreateTimeDesc when the url contains &apos;dataset&apos;" time="0.032436375">
        </testcase>
        <testcase classname="src/app/hub/component/hub-search-result/hub-search-result.component.spec.ts" name="HubSearchResultComponent &gt; ngOnInit / searchType resolution &gt; resolves &apos;workflow&apos; and keeps the default EditTimeDesc when the url contains &apos;workflow&apos;" time="0.00565775">
        </testcase>
        <testcase classname="src/app/hub/component/hub-search-result/hub-search-result.component.spec.ts" name="HubSearchResultComponent &gt; ngOnInit / searchType resolution &gt; keeps the default &apos;workflow&apos; searchType when the url matches neither branch" time="0.022695333">
        </testcase>
        <testcase classname="src/app/hub/component/hub-search-result/hub-search-result.component.spec.ts" name="HubSearchResultComponent &gt; viewMode initialization &gt; reads &apos;card&apos; from localStorage" time="0.041683833">
        </testcase>
        <testcase classname="src/app/hub/component/hub-search-result/hub-search-result.component.spec.ts" name="HubSearchResultComponent &gt; viewMode initialization &gt; falls back to &apos;list&apos; when localStorage holds a non-&apos;card&apos; value" time="0.023292125">
        </testcase>
        <testcase classname="src/app/hub/component/hub-search-result/hub-search-result.component.spec.ts" name="HubSearchResultComponent &gt; viewMode initialization &gt; falls back to &apos;list&apos; when localStorage is empty" time="0.038438041">
        </testcase>
        <testcase classname="src/app/hub/component/hub-search-result/hub-search-result.component.spec.ts" name="HubSearchResultComponent &gt; setViewMode &gt; is a no-op (no localStorage write) when the mode is unchanged" time="0.023826834">
        </testcase>
        <testcase classname="src/app/hub/component/hub-search-result/hub-search-result.component.spec.ts" name="HubSearchResultComponent &gt; setViewMode &gt; updates viewMode and persists to localStorage when the mode changes" time="0.025973666">
        </testcase>
        <testcase classname="src/app/hub/component/hub-search-result/hub-search-result.component.spec.ts" name="HubSearchResultComponent &gt; template rendering &gt; renders the dataset view-toggle when searchType is &apos;dataset&apos;" time="0.0527415">
        </testcase>
        <testcase classname="src/app/hub/component/hub-search-result/hub-search-result.component.spec.ts" name="HubSearchResultComponent &gt; template rendering &gt; hides the dataset view-toggle when searchType is &apos;workflow&apos;" time="0.010511084">
        </testcase>
        <testcase classname="src/app/hub/component/hub-search-result/hub-search-result.component.spec.ts" name="HubSearchResultComponent &gt; search &gt; early-returns when filters is unset" time="0.014962375">
        </testcase>
        <testcase classname="src/app/hub/component/hub-search-result/hub-search-result.component.spec.ts" name="HubSearchResultComponent &gt; search &gt; early-returns when searchResultsComponent is unset" time="0.043791417">
        </testcase>
        <testcase classname="src/app/hub/component/hub-search-result/hub-search-result.component.spec.ts" name="HubSearchResultComponent &gt; search &gt; resets with a loader and calls loadMore on the first search" time="0.011571834">
        </testcase>
        <testcase classname="src/app/hub/component/hub-search-result/hub-search-result.component.spec.ts" name="HubSearchResultComponent &gt; search &gt; skips a repeated search with the same filter list and sortMethod, but honors forced=true" time="0.016926292">
        </testcase>
        <testcase classname="src/app/hub/component/hub-search-result/hub-search-result.component.spec.ts" name="HubSearchResultComponent &gt; search &gt; re-searches when the sortMethod changes even if the filter list is identical" time="0.013348917">
        </testcase>
        <testcase classname="src/app/hub/component/hub-search-result/hub-search-result.component.spec.ts" name="HubSearchResultComponent &gt; search &gt; forwards the filter parameters into the executeSearch loader" time="0.019555584">
        </testcase>
        <testcase classname="src/app/hub/component/hub-search-result/hub-search-result.component.spec.ts" name="HubSearchResultComponent rendered template &gt; renders the real children, not the stubbed selectors" time="0.191315875">
        </testcase>
        <testcase classname="src/app/hub/component/hub-search-result/hub-search-result.component.spec.ts" name="HubSearchResultComponent rendered template &gt; renders both dataset view-toggle buttons, each with its own label and icon" time="0.144619417">
        </testcase>
        <testcase classname="src/app/hub/component/hub-search-result/hub-search-result.component.spec.ts" name="HubSearchResultComponent rendered template &gt; omits the view toggle entirely when the search type is workflow" time="0.13180125">
        </testcase>
        <testcase classname="src/app/hub/component/hub-search-result/hub-search-result.component.spec.ts" name="HubSearchResultComponent rendered template &gt; highlights whichever view-toggle button matches the current view mode" time="0.147287125">
        </testcase>
        <testcase classname="src/app/hub/component/hub-search-result/hub-search-result.component.spec.ts" name="HubSearchResultComponent rendered template &gt; hides the edit-time and execution-time sort options for datasets" time="0.198767167">
        </testcase>
        <testcase classname="src/app/hub/component/hub-search-result/hub-search-result.component.spec.ts" name="HubSearchResultComponent rendered template &gt; offers the edit-time and execution-time sort options for workflows" time="0.182174209">
        </testcase>
        <testcase classname="src/app/hub/component/hub-search-result/hub-search-result.component.spec.ts" name="HubSearchResultComponent rendered template &gt; re-runs the search with the sort method the sort button emits" time="0.105643042">
        </testcase>
        <testcase classname="src/app/hub/component/hub-search-result/hub-search-result.component.spec.ts" name="HubSearchResultComponent rendered template &gt; renders every dataset entry through the card template in card mode" time="0.169798625">
        </testcase>
        <testcase classname="src/app/hub/component/hub-search-result/hub-search-result.component.spec.ts" name="HubSearchResultComponent rendered template &gt; keeps the workflow search type on the list view even when card mode is stored" time="0.16830675">
        </testcase>
        <testcase classname="src/app/hub/component/hub-search-result/hub-search-result.component.spec.ts" name="HubSearchResultComponent rendered template &gt; hands the resource types, the filter keywords and the signed-in uid to the results list" time="0.238916834">
        </testcase>
    </testsuite>
    <testsuite name="src/app/hub/component/landing-page/landing-page.component.spec.ts" timestamp="2026-09-01T22:49:41.634Z" hostname="dhcp-172-27-096-224.mobile.uci.edu" tests="16" failures="0" errors="0" skipped="0" time="0.08667875">
        <testcase classname="src/app/hub/component/landing-page/landing-page.component.spec.ts" name="LandingPageComponent &gt; should create" time="0.006918083">
        </testcase>
        <testcase classname="src/app/hub/component/landing-page/landing-page.component.spec.ts" name="LandingPageComponent &gt; updates isLogin and currentUid when userChanged() emits" time="0.005435">
        </testcase>
        <testcase classname="src/app/hub/component/landing-page/landing-page.component.spec.ts" name="LandingPageComponent &gt; ngOnInit invokes getWorkflowCount and loadTops" time="0.002520666">
        </testcase>
        <testcase classname="src/app/hub/component/landing-page/landing-page.component.spec.ts" name="LandingPageComponent &gt; getWorkflowCount populates workflowCount and datasetCount from HubService.getCount" time="0.003552084">
        </testcase>
        <testcase classname="src/app/hub/component/landing-page/landing-page.component.spec.ts" name="LandingPageComponent &gt; loadTops resolves workflow Like/Clone and dataset Like buckets" time="0.003169667">
        </testcase>
        <testcase classname="src/app/hub/component/landing-page/landing-page.component.spec.ts" name="LandingPageComponent &gt; loadTops swallows errors and logs them via console.error" time="0.004749667">
        </testcase>
        <testcase classname="src/app/hub/component/landing-page/landing-page.component.spec.ts" name="LandingPageComponent &gt; getTopLovedEntries extends each action&apos;s items with SearchService and returns a map keyed by action" time="0.005883084">
        </testcase>
        <testcase classname="src/app/hub/component/landing-page/landing-page.component.spec.ts" name="LandingPageComponent &gt; navigateToSearch routes to the workflow hub result for &apos;workflow&apos;" time="0.012463208">
        </testcase>
        <testcase classname="src/app/hub/component/landing-page/landing-page.component.spec.ts" name="LandingPageComponent &gt; navigateToSearch routes to the dataset hub result for &apos;dataset&apos;" time="0.012169">
        </testcase>
        <testcase classname="src/app/hub/component/landing-page/landing-page.component.spec.ts" name="LandingPageComponent &gt; navigateToSearch routes to the dashboard home for an unknown type" time="0.00396575">
        </testcase>
        <testcase classname="src/app/hub/component/landing-page/landing-page.component.spec.ts" name="LandingPageComponent &gt; leaves currentUid undefined when there is no signed-in user" time="0.003153125">
        </testcase>
        <testcase classname="src/app/hub/component/landing-page/landing-page.component.spec.ts" name="LandingPageComponent &gt; getTopLovedEntries falls back to empty buckets when the hub returns no action keys" time="0.00525925">
        </testcase>
        <testcase classname="src/app/hub/component/landing-page/landing-page.component.spec.ts" name="LandingPageComponent &gt; loadTops falls back to empty lists when the returned maps are missing keys" time="0.004829416">
        </testcase>
        <testcase classname="src/app/hub/component/landing-page/landing-page.component.spec.ts" name="LandingPageComponent &gt; rendered template &gt; shows the workflow and dataset counts, each in its own link" time="0.004449167">
        </testcase>
        <testcase classname="src/app/hub/component/landing-page/landing-page.component.spec.ts" name="LandingPageComponent &gt; rendered template &gt; routes to the workflow hub from the first link and the dataset hub from the second" time="0.002846167">
        </testcase>
        <testcase classname="src/app/hub/component/landing-page/landing-page.component.spec.ts" name="LandingPageComponent &gt; rendered template &gt; hands each browse section its own entity list, title and viewer id" time="0.004956666">
        </testcase>
    </testsuite>
    <testsuite name="src/app/hub/component/login/texera-login.component.spec.ts" timestamp="2026-09-01T22:49:41.635Z" hostname="dhcp-172-27-096-224.mobile.uci.edu" tests="44" failures="0" errors="0" skipped="0" time="1.008395166">
        <testcase classname="src/app/hub/component/login/texera-login.component.spec.ts" name="TexeraLoginComponent &gt; should create the component" time="0.066107459">
        </testcase>
        <testcase classname="src/app/hub/component/login/texera-login.component.spec.ts" name="TexeraLoginComponent &gt; ngOnInit &gt; prefills username/password from defaultLocalUser when populated" time="0.019782125">
        </testcase>
        <testcase classname="src/app/hub/component/login/texera-login.component.spec.ts" name="TexeraLoginComponent &gt; ngOnInit &gt; does not prefill when defaultLocalUser is empty" time="0.020097833">
        </testcase>
        <testcase classname="src/app/hub/component/login/texera-login.component.spec.ts" name="TexeraLoginComponent &gt; ngOnInit &gt; sends an already-signed-in visitor to their workflows" time="0.005860083">
        </testcase>
        <testcase classname="src/app/hub/component/login/texera-login.component.spec.ts" name="TexeraLoginComponent &gt; ngOnInit &gt; honours a returnUrl when redirecting an already-signed-in visitor" time="0.017526584">
        </testcase>
        <testcase classname="src/app/hub/component/login/texera-login.component.spec.ts" name="TexeraLoginComponent &gt; ngOnInit &gt; skips the prefill and the Google subscription when already signed in" time="0.009742625">
        </testcase>
        <testcase classname="src/app/hub/component/login/texera-login.component.spec.ts" name="TexeraLoginComponent &gt; setMode &gt; switches mode and clears the error message" time="0.009055">
        </testcase>
        <testcase classname="src/app/hub/component/login/texera-login.component.spec.ts" name="TexeraLoginComponent &gt; togglePasswordVisibility &gt; flips the passwordVisible flag" time="0.0105035">
        </testcase>
        <testcase classname="src/app/hub/component/login/texera-login.component.spec.ts" name="TexeraLoginComponent &gt; confirmationValidator (via the confirm control) &gt; flags a mismatch only in sign-up mode" time="0.013345167">
        </testcase>
        <testcase classname="src/app/hub/component/login/texera-login.component.spec.ts" name="TexeraLoginComponent &gt; confirmationValidator (via the confirm control) &gt; does not flag a mismatch in sign-in mode" time="0.010981666">
        </testcase>
        <testcase classname="src/app/hub/component/login/texera-login.component.spec.ts" name="TexeraLoginComponent &gt; submit -&gt; login (sign-in mode) &gt; short-circuits and sets errorMessage when the username is blank" time="0.004752125">
        </testcase>
        <testcase classname="src/app/hub/component/login/texera-login.component.spec.ts" name="TexeraLoginComponent &gt; submit -&gt; login (sign-in mode) &gt; sets errorMessage when the password is shorter than 6 characters" time="0.003062334">
        </testcase>
        <testcase classname="src/app/hub/component/login/texera-login.component.spec.ts" name="TexeraLoginComponent &gt; submit -&gt; login (sign-in mode) &gt; calls UserService.login with a trimmed username and navigates to USER_WORKFLOW" time="0.00541625">
        </testcase>
        <testcase classname="src/app/hub/component/login/texera-login.component.spec.ts" name="TexeraLoginComponent &gt; submit -&gt; login (sign-in mode) &gt; navigates to queryParams.returnUrl when present" time="0.009360291">
        </testcase>
        <testcase classname="src/app/hub/component/login/texera-login.component.spec.ts" name="TexeraLoginComponent &gt; submit -&gt; login (sign-in mode) &gt; surfaces the error message on login failure and does not navigate" time="0.0504385">
        </testcase>
        <testcase classname="src/app/hub/component/login/texera-login.component.spec.ts" name="TexeraLoginComponent &gt; submit -&gt; login (sign-in mode) &gt; falls back to a default message when the login error has no message" time="0.004621625">
        </testcase>
        <testcase classname="src/app/hub/component/login/texera-login.component.spec.ts" name="TexeraLoginComponent &gt; submit -&gt; register (sign-up mode) &gt; sets errorMessage when the email is missing or malformed" time="0.003513209">
        </testcase>
        <testcase classname="src/app/hub/component/login/texera-login.component.spec.ts" name="TexeraLoginComponent &gt; submit -&gt; register (sign-up mode) &gt; sets errorMessage when passwords are inconsistent" time="0.003390541">
        </testcase>
        <testcase classname="src/app/hub/component/login/texera-login.component.spec.ts" name="TexeraLoginComponent &gt; submit -&gt; register (sign-up mode) &gt; calls UserService.register with username, email and password, then notifies success" time="0.003062458">
        </testcase>
        <testcase classname="src/app/hub/component/login/texera-login.component.spec.ts" name="TexeraLoginComponent &gt; submit -&gt; register (sign-up mode) &gt; with email verification on &gt; mails a code when asked, without creating the account" time="0.003231417">
        </testcase>
        <testcase classname="src/app/hub/component/login/texera-login.component.spec.ts" name="TexeraLoginComponent &gt; submit -&gt; register (sign-up mode) &gt; with email verification on &gt; does not mail anything when the form is submitted" time="0.002854875">
        </testcase>
        <testcase classname="src/app/hub/component/login/texera-login.component.spec.ts" name="TexeraLoginComponent &gt; submit -&gt; register (sign-up mode) &gt; with email verification on &gt; refuses to send a code for an address that is not one" time="0.003581875">
        </testcase>
        <testcase classname="src/app/hub/component/login/texera-login.component.spec.ts" name="TexeraLoginComponent &gt; submit -&gt; register (sign-up mode) &gt; with email verification on &gt; shows the server&apos;s reason when a code cannot be sent, not the generic HTTP text" time="0.004439416">
        </testcase>
        <testcase classname="src/app/hub/component/login/texera-login.component.spec.ts" name="TexeraLoginComponent &gt; submit -&gt; register (sign-up mode) &gt; with email verification on &gt; submits the typed code with the same fields" time="0.012366958">
        </testcase>
        <testcase classname="src/app/hub/component/login/texera-login.component.spec.ts" name="TexeraLoginComponent &gt; submit -&gt; register (sign-up mode) &gt; with email verification on &gt; asks for the code rather than submitting an empty one" time="0.002695833">
        </testcase>
        <testcase classname="src/app/hub/component/login/texera-login.component.spec.ts" name="TexeraLoginComponent &gt; submit -&gt; register (sign-up mode) &gt; with email verification on &gt; reports a refused code" time="0.015305083">
        </testcase>
        <testcase classname="src/app/hub/component/login/texera-login.component.spec.ts" name="TexeraLoginComponent &gt; submit -&gt; register (sign-up mode) &gt; with email verification on &gt; clears a code that was typed when the tab changes" time="0.018265041">
        </testcase>
        <testcase classname="src/app/hub/component/login/texera-login.component.spec.ts" name="TexeraLoginComponent &gt; submit -&gt; register (sign-up mode) &gt; surfaces the error message on registration failure" time="0.027796708">
        </testcase>
        <testcase classname="src/app/hub/component/login/texera-login.component.spec.ts" name="TexeraLoginComponent &gt; google sign-in (authState) &gt; hands the id token to UserService.googleLogin and navigates" time="0.04372275">
        </testcase>
        <testcase classname="src/app/hub/component/login/texera-login.component.spec.ts" name="TexeraLoginComponent &gt; google sign-in (authState) &gt; ignores a null auth state" time="0.019893209">
        </testcase>
        <testcase classname="src/app/hub/component/login/texera-login.component.spec.ts" name="TexeraLoginComponent &gt; google sign-in (authState) &gt; notifies and does not navigate when the google exchange fails" time="0.018383625">
        </testcase>
        <testcase classname="src/app/hub/component/login/texera-login.component.spec.ts" name="TexeraLoginComponent &gt; template &gt; provider flags &gt; renders the local form and the google button when both are enabled" time="0.0315385">
        </testcase>
        <testcase classname="src/app/hub/component/login/texera-login.component.spec.ts" name="TexeraLoginComponent &gt; template &gt; provider flags &gt; drops the google button but keeps the form when only local login is enabled" time="0.01164675">
        </testcase>
        <testcase classname="src/app/hub/component/login/texera-login.component.spec.ts" name="TexeraLoginComponent &gt; template &gt; provider flags &gt; drops the tabs and the form but keeps the google button when only google is enabled" time="0.00581125">
        </testcase>
        <testcase classname="src/app/hub/component/login/texera-login.component.spec.ts" name="TexeraLoginComponent &gt; template &gt; provider flags &gt; renders neither sign-in path when both are disabled" time="0.007804209">
        </testcase>
        <testcase classname="src/app/hub/component/login/texera-login.component.spec.ts" name="TexeraLoginComponent &gt; template &gt; sign-in / sign-up mode &gt; shows only the sign-in fields by default" time="0.02286175">
        </testcase>
        <testcase classname="src/app/hub/component/login/texera-login.component.spec.ts" name="TexeraLoginComponent &gt; template &gt; sign-in / sign-up mode &gt; adds the email, confirm and password-policy hint in sign-up mode" time="0.033089625">
        </testcase>
        <testcase classname="src/app/hub/component/login/texera-login.component.spec.ts" name="TexeraLoginComponent &gt; template &gt; sign-in / sign-up mode &gt; switches mode from the tab strip in both directions" time="0.064825958">
        </testcase>
        <testcase classname="src/app/hub/component/login/texera-login.component.spec.ts" name="TexeraLoginComponent &gt; template &gt; sign-in / sign-up mode &gt; binds the selected tab to the current mode" time="0.140466625">
        </testcase>
        <testcase classname="src/app/hub/component/login/texera-login.component.spec.ts" name="TexeraLoginComponent &gt; template &gt; sign-in / sign-up mode &gt; submits the form through its ngSubmit binding" time="0.07785275">
        </testcase>
        <testcase classname="src/app/hub/component/login/texera-login.component.spec.ts" name="TexeraLoginComponent &gt; template &gt; password visibility &gt; starts hidden on both password fields" time="0.034180917">
        </testcase>
        <testcase classname="src/app/hub/component/login/texera-login.component.spec.ts" name="TexeraLoginComponent &gt; template &gt; password visibility &gt; reveals both password fields when the toggle is clicked" time="0.048294125">
        </testcase>
        <testcase classname="src/app/hub/component/login/texera-login.component.spec.ts" name="TexeraLoginComponent &gt; template &gt; password visibility &gt; also toggles from the keyboard, so the control is reachable without a mouse" time="0.051312333">
        </testcase>
        <testcase classname="src/app/hub/component/login/texera-login.component.spec.ts" name="TexeraLoginComponent &gt; template &gt; password visibility &gt; hides them again on a second click" time="0.033984333">
        </testcase>
    </testsuite>
    <testsuite name="src/app/workspace/component/code-editor-dialog/annotation-suggestion.component.spec.ts" timestamp="2026-09-01T22:49:41.637Z" hostname="dhcp-172-27-096-224.mobile.uci.edu" tests="6" failures="0" errors="0" skipped="0" time="0.01582125">
        <testcase classname="src/app/workspace/component/code-editor-dialog/annotation-suggestion.component.spec.ts" name="AnnotationSuggestionComponent &gt; creates" time="0.002435625">
        </testcase>
        <testcase classname="src/app/workspace/component/code-editor-dialog/annotation-suggestion.component.spec.ts" name="AnnotationSuggestionComponent &gt; defaults its inputs to empty / zero" time="0.002178167">
        </testcase>
        <testcase classname="src/app/workspace/component/code-editor-dialog/annotation-suggestion.component.spec.ts" name="AnnotationSuggestionComponent &gt; emits accept when onAccept is called" time="0.002888666">
        </testcase>
        <testcase classname="src/app/workspace/component/code-editor-dialog/annotation-suggestion.component.spec.ts" name="AnnotationSuggestionComponent &gt; emits decline when onDecline is called" time="0.001599208">
        </testcase>
        <testcase classname="src/app/workspace/component/code-editor-dialog/annotation-suggestion.component.spec.ts" name="AnnotationSuggestionComponent &gt; emits accept and decline independently — onAccept does not fire decline, and vice versa" time="0.002680041">
        </testcase>
        <testcase classname="src/app/workspace/component/code-editor-dialog/annotation-suggestion.component.spec.ts" name="AnnotationSuggestionComponent &gt; respects the latest values bound to its @Input fields" time="0.003656791">
        </testcase>
    </testsuite>
    <testsuite name="src/app/workspace/component/code-editor-dialog/code-debugger.component.spec.ts" timestamp="2026-09-01T22:49:41.637Z" hostname="dhcp-172-27-096-224.mobile.uci.edu" tests="29" failures="0" errors="0" skipped="0" time="0.044564125">
        <testcase classname="src/app/workspace/component/code-editor-dialog/code-debugger.component.spec.ts" name="CodeDebuggerComponent &gt; should create the component" time="0.003817708">
        </testcase>
        <testcase classname="src/app/workspace/component/code-editor-dialog/code-debugger.component.spec.ts" name="CodeDebuggerComponent &gt; should setup monaco breakpoint methods when state is Running" time="0.002136875">
            <system-out>
enable true

            </system-out>
        </testcase>
        <testcase classname="src/app/workspace/component/code-editor-dialog/code-debugger.component.spec.ts" name="CodeDebuggerComponent &gt; should remove monaco breakpoint methods when state changes to Uninitialized" time="0.00172975">
            <system-out>
enable false

            </system-out>
        </testcase>
        <testcase classname="src/app/workspace/component/code-editor-dialog/code-debugger.component.spec.ts" name="CodeDebuggerComponent &gt; should call doModifyBreakpoint on left click" time="0.002258167">
        </testcase>
        <testcase classname="src/app/workspace/component/code-editor-dialog/code-debugger.component.spec.ts" name="CodeDebuggerComponent &gt; should set breakpoint condition input on right click" time="0.0015575">
        </testcase>
        <testcase classname="src/app/workspace/component/code-editor-dialog/code-debugger.component.spec.ts" name="CodeDebuggerComponent &gt; should reset the breakpoint condition input when closed" time="0.00133025">
        </testcase>
        <testcase classname="src/app/workspace/component/code-editor-dialog/code-debugger.component.spec.ts" name="CodeDebuggerComponent &gt; registerBreakpointRenderingHandler &gt; draws a decoration when a debug-state entry with breakpointId is added" time="0.001555583">
        </testcase>
        <testcase classname="src/app/workspace/component/code-editor-dialog/code-debugger.component.spec.ts" name="CodeDebuggerComponent &gt; registerBreakpointRenderingHandler &gt; does not draw a decoration when the added entry has no breakpointId" time="0.00119">
        </testcase>
        <testcase classname="src/app/workspace/component/code-editor-dialog/code-debugger.component.spec.ts" name="CodeDebuggerComponent &gt; registerBreakpointRenderingHandler &gt; removes the decoration when a debug-state entry with breakpointId is deleted" time="0.00111075">
        </testcase>
        <testcase classname="src/app/workspace/component/code-editor-dialog/code-debugger.component.spec.ts" name="CodeDebuggerComponent &gt; registerBreakpointRenderingHandler &gt; does not call removeSpecifyDecoration when the deleted entry had no breakpointId" time="0.000994">
        </testcase>
        <testcase classname="src/app/workspace/component/code-editor-dialog/code-debugger.component.spec.ts" name="CodeDebuggerComponent &gt; registerBreakpointRenderingHandler &gt; calls setLineHighlight when an entry&apos;s hit flag flips on" time="0.000961875">
        </testcase>
        <testcase classname="src/app/workspace/component/code-editor-dialog/code-debugger.component.spec.ts" name="CodeDebuggerComponent &gt; registerBreakpointRenderingHandler &gt; calls removeHighlight when an entry&apos;s hit flag flips off" time="0.000908458">
        </testcase>
        <testcase classname="src/app/workspace/component/code-editor-dialog/code-debugger.component.spec.ts" name="CodeDebuggerComponent &gt; registerBreakpointRenderingHandler &gt; re-creates the decoration when the condition string changes on an existing entry" time="0.00240425">
        </testcase>
        <testcase classname="src/app/workspace/component/code-editor-dialog/code-debugger.component.spec.ts" name="CodeDebuggerComponent &gt; rerenderExistingBreakpoints &gt; re-creates a decoration for every existing entry that has a breakpointId" time="0.00174175">
        </testcase>
        <testcase classname="src/app/workspace/component/code-editor-dialog/code-debugger.component.spec.ts" name="CodeDebuggerComponent &gt; removeMonacoBreakpointMethods &gt; disposes the mouseDownDisposable and the breakpoint instance when defined" time="0.001734959">
        </testcase>
        <testcase classname="src/app/workspace/component/code-editor-dialog/code-debugger.component.spec.ts" name="CodeDebuggerComponent &gt; removeMonacoBreakpointMethods &gt; returns early without touching anything when monacoBreakpoint is undefined" time="0.001348709">
        </testcase>
        <testcase classname="src/app/workspace/component/code-editor-dialog/code-debugger.component.spec.ts" name="CodeDebuggerComponent breakpoint gutter &gt; gutter glyph &gt; marks a plain breakpoint" time="0.00180425">
        </testcase>
        <testcase classname="src/app/workspace/component/code-editor-dialog/code-debugger.component.spec.ts" name="CodeDebuggerComponent breakpoint gutter &gt; gutter glyph &gt; marks a breakpoint that carries a condition" time="0.001730875">
        </testcase>
        <testcase classname="src/app/workspace/component/code-editor-dialog/code-debugger.component.spec.ts" name="CodeDebuggerComponent breakpoint gutter &gt; gutter glyph &gt; does not treat a blank condition as a condition" time="0.0014665">
        </testcase>
        <testcase classname="src/app/workspace/component/code-editor-dialog/code-debugger.component.spec.ts" name="CodeDebuggerComponent breakpoint gutter &gt; gutter glyph &gt; marks a line that is only being hovered" time="0.001648917">
        </testcase>
        <testcase classname="src/app/workspace/component/code-editor-dialog/code-debugger.component.spec.ts" name="CodeDebuggerComponent breakpoint gutter &gt; gutter glyph &gt; looks the condition up on the line the glyph starts at" time="0.00188075">
        </testcase>
        <testcase classname="src/app/workspace/component/code-editor-dialog/code-debugger.component.spec.ts" name="CodeDebuggerComponent breakpoint gutter &gt; gutter glyph &gt; keys the lookup to the operator being debugged" time="0.001375792">
        </testcase>
        <testcase classname="src/app/workspace/component/code-editor-dialog/code-debugger.component.spec.ts" name="CodeDebuggerComponent breakpoint gutter &gt; gutter clicks &gt; replaces the library&apos;s own mouse-down handler rather than adding to it" time="0.001173">
        </testcase>
        <testcase classname="src/app/workspace/component/code-editor-dialog/code-debugger.component.spec.ts" name="CodeDebuggerComponent breakpoint gutter &gt; gutter clicks &gt; toggles the breakpoint on a left click in the gutter" time="0.001084709">
        </testcase>
        <testcase classname="src/app/workspace/component/code-editor-dialog/code-debugger.component.spec.ts" name="CodeDebuggerComponent breakpoint gutter &gt; gutter clicks &gt; ignores a click below the last line" time="0.001009125">
        </testcase>
        <testcase classname="src/app/workspace/component/code-editor-dialog/code-debugger.component.spec.ts" name="CodeDebuggerComponent breakpoint gutter &gt; gutter clicks &gt; ignores a click that is not on the gutter" time="0.001004">
        </testcase>
        <testcase classname="src/app/workspace/component/code-editor-dialog/code-debugger.component.spec.ts" name="CodeDebuggerComponent breakpoint gutter &gt; gutter clicks &gt; does not toggle on a right click" time="0.001181">
        </testcase>
        <testcase classname="src/app/workspace/component/code-editor-dialog/code-debugger.component.spec.ts" name="CodeDebuggerComponent breakpoint gutter &gt; gutter clicks &gt; opens the condition input for a right click on an existing breakpoint" time="0.001041">
        </testcase>
        <testcase classname="src/app/workspace/component/code-editor-dialog/code-debugger.component.spec.ts" name="CodeDebuggerComponent breakpoint gutter &gt; gutter clicks &gt; opens nothing for a right click on a line with no breakpoint" time="0.000924334">
        </testcase>
    </testsuite>
    <testsuite name="src/app/workspace/component/code-editor-dialog/code-editor.component.spec.ts" timestamp="2026-09-01T22:49:41.638Z" hostname="dhcp-172-27-096-224.mobile.uci.edu" tests="82" failures="0" errors="0" skipped="0" time="14.735346958">
        <testcase classname="src/app/workspace/component/code-editor-dialog/code-editor.component.spec.ts" name="CodeEditorComponent &gt; creates with the highlighted operator" time="0.144581125">
            <system-err>
DEPRECATED: DI is instantiating a token &quot;AugmentedStubMetadataService&quot; that inherits its @Injectable decorator but does not provide one itself.
This will become an error in a future version of Angular. Please add @Injectable() to the &quot;AugmentedStubMetadataService&quot; class.

            </system-err>
        </testcase>
        <testcase classname="src/app/workspace/component/code-editor-dialog/code-editor.component.spec.ts" name="CodeEditorComponent &gt; shows UI parameter parser errors for the edited operator" time="0.134626083">
            <system-err>
DEPRECATED: DI is instantiating a token &quot;AugmentedStubMetadataService&quot; that inherits its @Injectable decorator but does not provide one itself.
This will become an error in a future version of Angular. Please add @Injectable() to the &quot;AugmentedStubMetadataService&quot; class.

            </system-err>
        </testcase>
        <testcase classname="src/app/workspace/component/code-editor-dialog/code-editor.component.spec.ts" name="CodeEditorComponent &gt; ignores UI parameter parser events for other operators and successful parses" time="0.23064425">
            <system-err>
DEPRECATED: DI is instantiating a token &quot;AugmentedStubMetadataService&quot; that inherits its @Injectable decorator but does not provide one itself.
This will become an error in a future version of Angular. Please add @Injectable() to the &quot;AugmentedStubMetadataService&quot; class.

            </system-err>
        </testcase>
        <testcase classname="src/app/workspace/component/code-editor-dialog/code-editor.component.spec.ts" name="CodeEditorComponent &gt; picks language=&quot;r&quot; for operatorType=RUDFSource" time="0.036240792">
            <system-err>
DEPRECATED: DI is instantiating a token &quot;AugmentedStubMetadataService&quot; that inherits its @Injectable decorator but does not provide one itself.
This will become an error in a future version of Angular. Please add @Injectable() to the &quot;AugmentedStubMetadataService&quot; class.

            </system-err>
        </testcase>
        <testcase classname="src/app/workspace/component/code-editor-dialog/code-editor.component.spec.ts" name="CodeEditorComponent &gt; picks language=&quot;r&quot; for operatorType=RUDF" time="0.02599175">
            <system-err>
DEPRECATED: DI is instantiating a token &quot;AugmentedStubMetadataService&quot; that inherits its @Injectable decorator but does not provide one itself.
This will become an error in a future version of Angular. Please add @Injectable() to the &quot;AugmentedStubMetadataService&quot; class.

            </system-err>
        </testcase>
        <testcase classname="src/app/workspace/component/code-editor-dialog/code-editor.component.spec.ts" name="CodeEditorComponent &gt; picks language=&quot;python&quot; for operatorType=PythonUDFV2" time="0.101467334">
            <system-err>
DEPRECATED: DI is instantiating a token &quot;AugmentedStubMetadataService&quot; that inherits its @Injectable decorator but does not provide one itself.
This will become an error in a future version of Angular. Please add @Injectable() to the &quot;AugmentedStubMetadataService&quot; class.

            </system-err>
        </testcase>
        <testcase classname="src/app/workspace/component/code-editor-dialog/code-editor.component.spec.ts" name="CodeEditorComponent &gt; picks language=&quot;python&quot; for operatorType=PythonUDFSourceV2" time="0.089326334">
            <system-err>
DEPRECATED: DI is instantiating a token &quot;AugmentedStubMetadataService&quot; that inherits its @Injectable decorator but does not provide one itself.
This will become an error in a future version of Angular. Please add @Injectable() to the &quot;AugmentedStubMetadataService&quot; class.

            </system-err>
        </testcase>
        <testcase classname="src/app/workspace/component/code-editor-dialog/code-editor.component.spec.ts" name="CodeEditorComponent &gt; picks language=&quot;python&quot; for operatorType=DualInputPortsPythonUDFV2" time="0.019517792">
            <system-err>
DEPRECATED: DI is instantiating a token &quot;AugmentedStubMetadataService&quot; that inherits its @Injectable decorator but does not provide one itself.
This will become an error in a future version of Angular. Please add @Injectable() to the &quot;AugmentedStubMetadataService&quot; class.

[TypeError: fetch failed] {
  [cause]: Error: not implemented... yet...
      at makeNetworkError (node:internal/deps/undici/undici:11566:35)
      at schemeFetch (node:internal/deps/undici/undici:13119:34)
      at mainFetch (node:internal/deps/undici/undici:12967:30)
      at fetching (node:internal/deps/undici/undici:12936:7)
      at fetch (node:internal/deps/undici/undici:12800:20)
      at fetch (node:internal/deps/undici/undici:17407:10)
      at fetch (node:internal/bootstrap/web/exposed-window-or-worker:83:12)
      at /Users/karyzheng/dev/texera_workflow_to_py_3/frontend/node_modules/zone.js/fesm2015/zone.js:2788:40
      at proto.&lt;computed&gt; (/Users/karyzheng/dev/texera_workflow_to_py_3/frontend/node_modules/zone.js/fesm2015/zone.js:1038:24)
      at RegisteredUriFile.fetch (file:///Users/karyzheng/dev/texera_workflow_to_py_3/frontend/node_modules/@codingame/monaco-vscode-files-service-override/index.js:144:32)
}

            </system-err>
        </testcase>
        <testcase classname="src/app/workspace/component/code-editor-dialog/code-editor.component.spec.ts" name="CodeEditorComponent &gt; picks language=&quot;java&quot; for plain JavaUDF" time="0.012096875">
            <system-err>
DEPRECATED: DI is instantiating a token &quot;AugmentedStubMetadataService&quot; that inherits its @Injectable decorator but does not provide one itself.
This will become an error in a future version of Angular. Please add @Injectable() to the &quot;AugmentedStubMetadataService&quot; class.

            </system-err>
        </testcase>
        <testcase classname="src/app/workspace/component/code-editor-dialog/code-editor.component.spec.ts" name="CodeEditorComponent &gt; picks language=&quot;java&quot; for unknown operator types" time="0.013969042">
            <system-err>
DEPRECATED: DI is instantiating a token &quot;AugmentedStubMetadataService&quot; that inherits its @Injectable decorator but does not provide one itself.
This will become an error in a future version of Angular. Please add @Injectable() to the &quot;AugmentedStubMetadataService&quot; class.

            </system-err>
        </testcase>
        <testcase classname="src/app/workspace/component/code-editor-dialog/code-editor.component.spec.ts" name="CodeEditorComponent &gt; derives languageTitle as Capitalized(language) + &apos; UDF&apos;" time="0.021717042">
            <system-err>
DEPRECATED: DI is instantiating a token &quot;AugmentedStubMetadataService&quot; that inherits its @Injectable decorator but does not provide one itself.
This will become an error in a future version of Angular. Please add @Injectable() to the &quot;AugmentedStubMetadataService&quot; class.

            </system-err>
        </testcase>
        <testcase classname="src/app/workspace/component/code-editor-dialog/code-editor.component.spec.ts" name="CodeEditorComponent &gt; produces a SafeHtml for a coeditor with a numeric clientId and a hex colour" time="0.01341">
            <system-err>
DEPRECATED: DI is instantiating a token &quot;AugmentedStubMetadataService&quot; that inherits its @Injectable decorator but does not provide one itself.
This will become an error in a future version of Angular. Please add @Injectable() to the &quot;AugmentedStubMetadataService&quot; class.

            </system-err>
        </testcase>
        <testcase classname="src/app/workspace/component/code-editor-dialog/code-editor.component.spec.ts" name="CodeEditorComponent &gt; produces a SafeHtml for a coeditor with an rgba colour" time="0.018244291">
            <system-err>
DEPRECATED: DI is instantiating a token &quot;AugmentedStubMetadataService&quot; that inherits its @Injectable decorator but does not provide one itself.
This will become an error in a future version of Angular. Please add @Injectable() to the &quot;AugmentedStubMetadataService&quot; class.

            </system-err>
        </testcase>
        <testcase classname="src/app/workspace/component/code-editor-dialog/code-editor.component.spec.ts" name="CodeEditorComponent &gt; getFileSuffixByLanguage &gt; maps python → .py" time="0.0192745">
            <system-err>
DEPRECATED: DI is instantiating a token &quot;AugmentedStubMetadataService&quot; that inherits its @Injectable decorator but does not provide one itself.
This will become an error in a future version of Angular. Please add @Injectable() to the &quot;AugmentedStubMetadataService&quot; class.

            </system-err>
        </testcase>
        <testcase classname="src/app/workspace/component/code-editor-dialog/code-editor.component.spec.ts" name="CodeEditorComponent &gt; getFileSuffixByLanguage &gt; maps r → .r" time="0.026841542">
            <system-err>
DEPRECATED: DI is instantiating a token &quot;AugmentedStubMetadataService&quot; that inherits its @Injectable decorator but does not provide one itself.
This will become an error in a future version of Angular. Please add @Injectable() to the &quot;AugmentedStubMetadataService&quot; class.

            </system-err>
        </testcase>
        <testcase classname="src/app/workspace/component/code-editor-dialog/code-editor.component.spec.ts" name="CodeEditorComponent &gt; getFileSuffixByLanguage &gt; maps javascript → .js" time="0.041684833">
            <system-err>
DEPRECATED: DI is instantiating a token &quot;AugmentedStubMetadataService&quot; that inherits its @Injectable decorator but does not provide one itself.
This will become an error in a future version of Angular. Please add @Injectable() to the &quot;AugmentedStubMetadataService&quot; class.

            </system-err>
        </testcase>
        <testcase classname="src/app/workspace/component/code-editor-dialog/code-editor.component.spec.ts" name="CodeEditorComponent &gt; getFileSuffixByLanguage &gt; maps java → .java" time="0.010205958">
            <system-err>
DEPRECATED: DI is instantiating a token &quot;AugmentedStubMetadataService&quot; that inherits its @Injectable decorator but does not provide one itself.
This will become an error in a future version of Angular. Please add @Injectable() to the &quot;AugmentedStubMetadataService&quot; class.

            </system-err>
        </testcase>
        <testcase classname="src/app/workspace/component/code-editor-dialog/code-editor.component.spec.ts" name="CodeEditorComponent &gt; getFileSuffixByLanguage &gt; is case-insensitive on the language name" time="0.008826">
            <system-err>
DEPRECATED: DI is instantiating a token &quot;AugmentedStubMetadataService&quot; that inherits its @Injectable decorator but does not provide one itself.
This will become an error in a future version of Angular. Please add @Injectable() to the &quot;AugmentedStubMetadataService&quot; class.

            </system-err>
        </testcase>
        <testcase classname="src/app/workspace/component/code-editor-dialog/code-editor.component.spec.ts" name="CodeEditorComponent &gt; getFileSuffixByLanguage &gt; falls back to .py for unknown languages so the default Monaco grammar is python" time="0.038928916">
            <system-err>
DEPRECATED: DI is instantiating a token &quot;AugmentedStubMetadataService&quot; that inherits its @Injectable decorator but does not provide one itself.
This will become an error in a future version of Angular. Please add @Injectable() to the &quot;AugmentedStubMetadataService&quot; class.

            </system-err>
        </testcase>
        <testcase classname="src/app/workspace/component/code-editor-dialog/code-editor.component.spec.ts" name="CodeEditorComponent &gt; onFocus &gt; highlights the operator the editor is bound to" time="0.014191541">
            <system-err>
DEPRECATED: DI is instantiating a token &quot;AugmentedStubMetadataService&quot; that inherits its @Injectable decorator but does not provide one itself.
This will become an error in a future version of Angular. Please add @Injectable() to the &quot;AugmentedStubMetadataService&quot; class.

            </system-err>
        </testcase>
        <testcase classname="src/app/workspace/component/code-editor-dialog/code-editor.component.spec.ts" name="CodeEditorComponent &gt; rejectCurrentAnnotation &gt; hides the suggestion UI and clears the staged code + suggestion" time="0.02362125">
            <system-err>
DEPRECATED: DI is instantiating a token &quot;AugmentedStubMetadataService&quot; that inherits its @Injectable decorator but does not provide one itself.
This will become an error in a future version of Angular. Please add @Injectable() to the &quot;AugmentedStubMetadataService&quot; class.

            </system-err>
        </testcase>
        <testcase classname="src/app/workspace/component/code-editor-dialog/code-editor.component.spec.ts" name="CodeEditorComponent &gt; rejectCurrentAnnotation &gt; emits on the multi-variable response subject when one is staged" time="0.008132583">
            <system-err>
DEPRECATED: DI is instantiating a token &quot;AugmentedStubMetadataService&quot; that inherits its @Injectable decorator but does not provide one itself.
This will become an error in a future version of Angular. Please add @Injectable() to the &quot;AugmentedStubMetadataService&quot; class.

            </system-err>
        </testcase>
        <testcase classname="src/app/workspace/component/code-editor-dialog/code-editor.component.spec.ts" name="CodeEditorComponent &gt; acceptCurrentAnnotation &gt; is a no-op when the suggestion UI is not currently shown" time="0.03256175">
            <system-err>
DEPRECATED: DI is instantiating a token &quot;AugmentedStubMetadataService&quot; that inherits its @Injectable decorator but does not provide one itself.
This will become an error in a future version of Angular. Please add @Injectable() to the &quot;AugmentedStubMetadataService&quot; class.

            </system-err>
        </testcase>
        <testcase classname="src/app/workspace/component/code-editor-dialog/code-editor.component.spec.ts" name="CodeEditorComponent &gt; acceptCurrentAnnotation &gt; hides the suggestion UI after accepting" time="0.058180458">
            <system-err>
DEPRECATED: DI is instantiating a token &quot;AugmentedStubMetadataService&quot; that inherits its @Injectable decorator but does not provide one itself.
This will become an error in a future version of Angular. Please add @Injectable() to the &quot;AugmentedStubMetadataService&quot; class.

            </system-err>
        </testcase>
        <testcase classname="src/app/workspace/component/code-editor-dialog/code-editor.component.spec.ts" name="CodeEditorComponent &gt; AI assistant action wiring &gt; emits &apos;OpenAI&apos; from the AI assistant gate when configured that way" time="0.024957292">
            <system-err>
DEPRECATED: DI is instantiating a token &quot;AugmentedStubMetadataService&quot; that inherits its @Injectable decorator but does not provide one itself.
This will become an error in a future version of Angular. Please add @Injectable() to the &quot;AugmentedStubMetadataService&quot; class.

DEPRECATED: DI is instantiating a token &quot;AugmentedStubMetadataService&quot; that inherits its @Injectable decorator but does not provide one itself.
This will become an error in a future version of Angular. Please add @Injectable() to the &quot;AugmentedStubMetadataService&quot; class.

            </system-err>
        </testcase>
        <testcase classname="src/app/workspace/component/code-editor-dialog/code-editor.component.spec.ts" name="CodeEditorComponent &gt; getCoeditorCursorStyles &gt; scopes every rule to the coeditor id and dims only the selection background" time="0.019482041">
            <system-err>
DEPRECATED: DI is instantiating a token &quot;AugmentedStubMetadataService&quot; that inherits its @Injectable decorator but does not provide one itself.
This will become an error in a future version of Angular. Please add @Injectable() to the &quot;AugmentedStubMetadataService&quot; class.

            </system-err>
        </testcase>
        <testcase classname="src/app/workspace/component/code-editor-dialog/code-editor.component.spec.ts" name="CodeEditorComponent &gt; getCoeditorCursorStyles &gt; accepts the #abc colour notation" time="0.005814875">
            <system-err>
DEPRECATED: DI is instantiating a token &quot;AugmentedStubMetadataService&quot; that inherits its @Injectable decorator but does not provide one itself.
This will become an error in a future version of Angular. Please add @Injectable() to the &quot;AugmentedStubMetadataService&quot; class.

            </system-err>
        </testcase>
        <testcase classname="src/app/workspace/component/code-editor-dialog/code-editor.component.spec.ts" name="CodeEditorComponent &gt; getCoeditorCursorStyles &gt; accepts the #aabbccdd colour notation" time="0.013769625">
            <system-err>
DEPRECATED: DI is instantiating a token &quot;AugmentedStubMetadataService&quot; that inherits its @Injectable decorator but does not provide one itself.
This will become an error in a future version of Angular. Please add @Injectable() to the &quot;AugmentedStubMetadataService&quot; class.

            </system-err>
        </testcase>
        <testcase classname="src/app/workspace/component/code-editor-dialog/code-editor.component.spec.ts" name="CodeEditorComponent &gt; getCoeditorCursorStyles &gt; accepts the hsl(120, 50%, 50%) colour notation" time="0.012807375">
            <system-err>
DEPRECATED: DI is instantiating a token &quot;AugmentedStubMetadataService&quot; that inherits its @Injectable decorator but does not provide one itself.
This will become an error in a future version of Angular. Please add @Injectable() to the &quot;AugmentedStubMetadataService&quot; class.

            </system-err>
        </testcase>
        <testcase classname="src/app/workspace/component/code-editor-dialog/code-editor.component.spec.ts" name="CodeEditorComponent &gt; getCoeditorCursorStyles &gt; emits no CSS at all for a clientId that is not all digits" time="0.011813458">
            <system-err>
DEPRECATED: DI is instantiating a token &quot;AugmentedStubMetadataService&quot; that inherits its @Injectable decorator but does not provide one itself.
This will become an error in a future version of Angular. Please add @Injectable() to the &quot;AugmentedStubMetadataService&quot; class.

            </system-err>
        </testcase>
        <testcase classname="src/app/workspace/component/code-editor-dialog/code-editor.component.spec.ts" name="CodeEditorComponent &gt; getCoeditorCursorStyles &gt; emits no CSS at all for a clientId longer than ten digits" time="0.041921625">
            <system-err>
DEPRECATED: DI is instantiating a token &quot;AugmentedStubMetadataService&quot; that inherits its @Injectable decorator but does not provide one itself.
This will become an error in a future version of Angular. Please add @Injectable() to the &quot;AugmentedStubMetadataService&quot; class.

            </system-err>
        </testcase>
        <testcase classname="src/app/workspace/component/code-editor-dialog/code-editor.component.spec.ts" name="CodeEditorComponent &gt; getCoeditorCursorStyles &gt; emits no CSS at all for an empty clientId" time="0.011636167">
            <system-err>
DEPRECATED: DI is instantiating a token &quot;AugmentedStubMetadataService&quot; that inherits its @Injectable decorator but does not provide one itself.
This will become an error in a future version of Angular. Please add @Injectable() to the &quot;AugmentedStubMetadataService&quot; class.

            </system-err>
        </testcase>
        <testcase classname="src/app/workspace/component/code-editor-dialog/code-editor.component.spec.ts" name="CodeEditorComponent &gt; getCoeditorCursorStyles &gt; emits no CSS at all for a missing colour" time="0.009881125">
            <system-err>
DEPRECATED: DI is instantiating a token &quot;AugmentedStubMetadataService&quot; that inherits its @Injectable decorator but does not provide one itself.
This will become an error in a future version of Angular. Please add @Injectable() to the &quot;AugmentedStubMetadataService&quot; class.

            </system-err>
        </testcase>
        <testcase classname="src/app/workspace/component/code-editor-dialog/code-editor.component.spec.ts" name="CodeEditorComponent &gt; getCoeditorCursorStyles &gt; emits no CSS at all for a named colour outside the allow-list" time="0.057723041">
            <system-err>
DEPRECATED: DI is instantiating a token &quot;AugmentedStubMetadataService&quot; that inherits its @Injectable decorator but does not provide one itself.
This will become an error in a future version of Angular. Please add @Injectable() to the &quot;AugmentedStubMetadataService&quot; class.

            </system-err>
        </testcase>
        <testcase classname="src/app/workspace/component/code-editor-dialog/code-editor.component.spec.ts" name="CodeEditorComponent &gt; getCoeditorCursorStyles &gt; emits no CSS at all for a url() colour" time="0.014531917">
            <system-err>
DEPRECATED: DI is instantiating a token &quot;AugmentedStubMetadataService&quot; that inherits its @Injectable decorator but does not provide one itself.
This will become an error in a future version of Angular. Please add @Injectable() to the &quot;AugmentedStubMetadataService&quot; class.

            </system-err>
        </testcase>
        <testcase classname="src/app/workspace/component/code-editor-dialog/code-editor.component.spec.ts" name="CodeEditorComponent &gt; getCoeditorCursorStyles &gt; emits no CSS at all for a colour carrying a style-tag escape" time="0.049843541">
            <system-err>
DEPRECATED: DI is instantiating a token &quot;AugmentedStubMetadataService&quot; that inherits its @Injectable decorator but does not provide one itself.
This will become an error in a future version of Angular. Please add @Injectable() to the &quot;AugmentedStubMetadataService&quot; class.

            </system-err>
        </testcase>
        <testcase classname="src/app/workspace/component/code-editor-dialog/code-editor.component.spec.ts" name="CodeEditorComponent &gt; template &gt; the close button destroys the host component reference" time="0.048453541">
            <system-err>
DEPRECATED: DI is instantiating a token &quot;AugmentedStubMetadataService&quot; that inherits its @Injectable decorator but does not provide one itself.
This will become an error in a future version of Angular. Please add @Injectable() to the &quot;AugmentedStubMetadataService&quot; class.

TypeError: Cannot read properties of undefined (reading &apos;write&apos;)
    at HTMLBodyElement.handler (file:///Users/karyzheng/dev/texera_workflow_to_py_3/frontend/node_modules/@codingame/monaco-vscode-api/vscode/src/vs/platform/clipboard/browser/clipboardService.js:64:50)
    at _ZoneDelegate.invokeTask (/Users/karyzheng/dev/texera_workflow_to_py_3/frontend/node_modules/zone.js/fesm2015/zone.js:431:33)
    at ZoneImpl.runTask (/Users/karyzheng/dev/texera_workflow_to_py_3/frontend/node_modules/zone.js/fesm2015/zone.js:161:47)
    at ZoneTask.invokeTask [as invoke] (/Users/karyzheng/dev/texera_workflow_to_py_3/frontend/node_modules/zone.js/fesm2015/zone.js:515:34)
    at invokeTask (/Users/karyzheng/dev/texera_workflow_to_py_3/frontend/node_modules/zone.js/fesm2015/zone.js:1141:18)
    at globalCallback (/Users/karyzheng/dev/texera_workflow_to_py_3/frontend/node_modules/zone.js/fesm2015/zone.js:1184:33)
    at HTMLBodyElement.globalZoneAwareCallback (/Users/karyzheng/dev/texera_workflow_to_py_3/frontend/node_modules/zone.js/fesm2015/zone.js:1205:16)
    at HTMLBodyElement.callTheUserObjectsOperation (/Users/karyzheng/dev/texera_workflow_to_py_3/frontend/node_modules/jsdom/lib/jsdom/living/generated/EventListener.js:26:30)
    at innerInvokeEventListeners (/Users/karyzheng/dev/texera_workflow_to_py_3/frontend/node_modules/jsdom/lib/jsdom/living/events/EventTarget-impl.js:350:25)
    at invokeEventListeners (/Users/karyzheng/dev/texera_workflow_to_py_3/frontend/node_modules/jsdom/lib/jsdom/living/events/EventTarget-impl.js:286:3)

            </system-err>
        </testcase>
        <testcase classname="src/app/workspace/component/code-editor-dialog/code-editor.component.spec.ts" name="CodeEditorComponent &gt; template &gt; the close button is inert when the dialog was created without a component reference" time="0.02109925">
            <system-err>
DEPRECATED: DI is instantiating a token &quot;AugmentedStubMetadataService&quot; that inherits its @Injectable decorator but does not provide one itself.
This will become an error in a future version of Angular. Please add @Injectable() to the &quot;AugmentedStubMetadataService&quot; class.

Canceled: Canceled
    at DeferredPromise.cancel (file:///Users/karyzheng/dev/texera_workflow_to_py_3/frontend/node_modules/@codingame/monaco-vscode-api/vscode/src/vs/base/common/async.js:955:29)
    at HTMLBodyElement.handler (file:///Users/karyzheng/dev/texera_workflow_to_py_3/frontend/node_modules/@codingame/monaco-vscode-api/vscode/src/vs/platform/clipboard/browser/clipboardService.js:61:57)
    at _ZoneDelegate.invokeTask (/Users/karyzheng/dev/texera_workflow_to_py_3/frontend/node_modules/zone.js/fesm2015/zone.js:431:33)
    at ZoneImpl.runTask (/Users/karyzheng/dev/texera_workflow_to_py_3/frontend/node_modules/zone.js/fesm2015/zone.js:161:47)
    at ZoneTask.invokeTask [as invoke] (/Users/karyzheng/dev/texera_workflow_to_py_3/frontend/node_modules/zone.js/fesm2015/zone.js:515:34)
    at invokeTask (/Users/karyzheng/dev/texera_workflow_to_py_3/frontend/node_modules/zone.js/fesm2015/zone.js:1141:18)
    at globalCallback (/Users/karyzheng/dev/texera_workflow_to_py_3/frontend/node_modules/zone.js/fesm2015/zone.js:1184:33)
    at HTMLBodyElement.globalZoneAwareCallback (/Users/karyzheng/dev/texera_workflow_to_py_3/frontend/node_modules/zone.js/fesm2015/zone.js:1205:16)
    at HTMLBodyElement.callTheUserObjectsOperation (/Users/karyzheng/dev/texera_workflow_to_py_3/frontend/node_modules/jsdom/lib/jsdom/living/generated/EventListener.js:26:30)
    at innerInvokeEventListeners (/Users/karyzheng/dev/texera_workflow_to_py_3/frontend/node_modules/jsdom/lib/jsdom/living/events/EventTarget-impl.js:350:25)
TypeError: Cannot read properties of undefined (reading &apos;write&apos;)
    at HTMLBodyElement.handler (file:///Users/karyzheng/dev/texera_workflow_to_py_3/frontend/node_modules/@codingame/monaco-vscode-api/vscode/src/vs/platform/clipboard/browser/clipboardService.js:64:50)
    at _ZoneDelegate.invokeTask (/Users/karyzheng/dev/texera_workflow_to_py_3/frontend/node_modules/zone.js/fesm2015/zone.js:431:33)
    at ZoneImpl.runTask (/Users/karyzheng/dev/texera_workflow_to_py_3/frontend/node_modules/zone.js/fesm2015/zone.js:161:47)
    at ZoneTask.invokeTask [as invoke] (/Users/karyzheng/dev/texera_workflow_to_py_3/frontend/node_modules/zone.js/fesm2015/zone.js:515:34)
    at invokeTask (/Users/karyzheng/dev/texera_workflow_to_py_3/frontend/node_modules/zone.js/fesm2015/zone.js:1141:18)
    at globalCallback (/Users/karyzheng/dev/texera_workflow_to_py_3/frontend/node_modules/zone.js/fesm2015/zone.js:1184:33)
    at HTMLBodyElement.globalZoneAwareCallback (/Users/karyzheng/dev/texera_workflow_to_py_3/frontend/node_modules/zone.js/fesm2015/zone.js:1205:16)
    at HTMLBodyElement.callTheUserObjectsOperation (/Users/karyzheng/dev/texera_workflow_to_py_3/frontend/node_modules/jsdom/lib/jsdom/living/generated/EventListener.js:26:30)
    at innerInvokeEventListeners (/Users/karyzheng/dev/texera_workflow_to_py_3/frontend/node_modules/jsdom/lib/jsdom/living/events/EventTarget-impl.js:350:25)
    at invokeEventListeners (/Users/karyzheng/dev/texera_workflow_to_py_3/frontend/node_modules/jsdom/lib/jsdom/living/events/EventTarget-impl.js:286:3)

            </system-err>
        </testcase>
        <testcase classname="src/app/workspace/component/code-editor-dialog/code-editor.component.spec.ts" name="CodeEditorComponent &gt; template &gt; renders one scoped cursor-style block per coeditor" time="0.037314041">
            <system-err>
DEPRECATED: DI is instantiating a token &quot;AugmentedStubMetadataService&quot; that inherits its @Injectable decorator but does not provide one itself.
This will become an error in a future version of Angular. Please add @Injectable() to the &quot;AugmentedStubMetadataService&quot; class.

            </system-err>
        </testcase>
        <testcase classname="src/app/workspace/component/code-editor-dialog/code-editor.component.spec.ts" name="CodeEditorComponent &gt; template &gt; renders nothing for a coeditor whose awareness values fail the allow-list" time="0.01558425">
            <system-err>
DEPRECATED: DI is instantiating a token &quot;AugmentedStubMetadataService&quot; that inherits its @Injectable decorator but does not provide one itself.
This will become an error in a future version of Angular. Please add @Injectable() to the &quot;AugmentedStubMetadataService&quot; class.

            </system-err>
        </testcase>
        <testcase classname="src/app/workspace/component/code-editor-dialog/code-editor.component.spec.ts" name="CodeEditorComponent &gt; template &gt; keeps the suggestion panel out of the DOM until a suggestion is staged" time="0.081578">
            <system-err>
DEPRECATED: DI is instantiating a token &quot;AugmentedStubMetadataService&quot; that inherits its @Injectable decorator but does not provide one itself.
This will become an error in a future version of Angular. Please add @Injectable() to the &quot;AugmentedStubMetadataService&quot; class.

            </system-err>
        </testcase>
        <testcase classname="src/app/workspace/component/code-editor-dialog/code-editor.component.spec.ts" name="CodeEditorComponent &gt; template &gt; routes the suggestion panel&apos;s accept and decline to the matching handlers" time="0.058303875">
            <system-err>
DEPRECATED: DI is instantiating a token &quot;AugmentedStubMetadataService&quot; that inherits its @Injectable decorator but does not provide one itself.
This will become an error in a future version of Angular. Please add @Injectable() to the &quot;AugmentedStubMetadataService&quot; class.

            </system-err>
        </testcase>
        <testcase classname="src/app/workspace/component/code-editor-dialog/code-editor.component.spec.ts" name="CodeEditorComponent &gt; AI assistant actions &gt; registers the per-selection action ahead of the bulk action when the gate reports OpenAI" time="0.025591875">
            <system-err>
DEPRECATED: DI is instantiating a token &quot;AugmentedStubMetadataService&quot; that inherits its @Injectable decorator but does not provide one itself.
This will become an error in a future version of Angular. Please add @Injectable() to the &quot;AugmentedStubMetadataService&quot; class.

            </system-err>
        </testcase>
        <testcase classname="src/app/workspace/component/code-editor-dialog/code-editor.component.spec.ts" name="CodeEditorComponent &gt; AI assistant actions &gt; registers only the bulk action when the gate reports a different provider" time="0.018574833">
            <system-err>
DEPRECATED: DI is instantiating a token &quot;AugmentedStubMetadataService&quot; that inherits its @Injectable decorator but does not provide one itself.
This will become an error in a future version of Angular. Please add @Injectable() to the &quot;AugmentedStubMetadataService&quot; class.

            </system-err>
        </testcase>
        <testcase classname="src/app/workspace/component/code-editor-dialog/code-editor.component.spec.ts" name="CodeEditorComponent &gt; AI assistant actions &gt; the per-selection action forwards the selected text, its start line, and the whole file" time="0.020206084">
            <system-err>
DEPRECATED: DI is instantiating a token &quot;AugmentedStubMetadataService&quot; that inherits its @Injectable decorator but does not provide one itself.
This will become an error in a future version of Angular. Please add @Injectable() to the &quot;AugmentedStubMetadataService&quot; class.

            </system-err>
        </testcase>
        <testcase classname="src/app/workspace/component/code-editor-dialog/code-editor.component.spec.ts" name="CodeEditorComponent &gt; AI assistant actions &gt; the bulk action forwards the selected text and its start line" time="0.021275708">
            <system-err>
DEPRECATED: DI is instantiating a token &quot;AugmentedStubMetadataService&quot; that inherits its @Injectable decorator but does not provide one itself.
This will become an error in a future version of Angular. Please add @Injectable() to the &quot;AugmentedStubMetadataService&quot; class.

            </system-err>
        </testcase>
        <testcase classname="src/app/workspace/component/code-editor-dialog/code-editor.component.spec.ts" name="CodeEditorComponent &gt; AI assistant actions &gt; both actions bail out when the editor has no model" time="0.017773292">
            <system-err>
DEPRECATED: DI is instantiating a token &quot;AugmentedStubMetadataService&quot; that inherits its @Injectable decorator but does not provide one itself.
This will become an error in a future version of Angular. Please add @Injectable() to the &quot;AugmentedStubMetadataService&quot; class.

            </system-err>
        </testcase>
        <testcase classname="src/app/workspace/component/code-editor-dialog/code-editor.component.spec.ts" name="CodeEditorComponent &gt; AI assistant actions &gt; both actions bail out when there is no selection" time="0.025013125">
            <system-err>
DEPRECATED: DI is instantiating a token &quot;AugmentedStubMetadataService&quot; that inherits its @Injectable decorator but does not provide one itself.
This will become an error in a future version of Angular. Please add @Injectable() to the &quot;AugmentedStubMetadataService&quot; class.

            </system-err>
        </testcase>
        <testcase classname="src/app/workspace/component/code-editor-dialog/code-editor.component.spec.ts" name="CodeEditorComponent &gt; AI assistant actions &gt; the bulk action leaves the multi-variable state untouched when nothing is unannotated" time="0.006099042">
            <system-err>
DEPRECATED: DI is instantiating a token &quot;AugmentedStubMetadataService&quot; that inherits its @Injectable decorator but does not provide one itself.
This will become an error in a future version of Angular. Please add @Injectable() to the &quot;AugmentedStubMetadataService&quot; class.

            </system-err>
        </testcase>
        <testcase classname="src/app/workspace/component/code-editor-dialog/code-editor.component.spec.ts" name="CodeEditorComponent &gt; bulk annotation walk &gt; offsets a same-line argument by the accepted suggestion and resets on a new line" time="1.661493583">
            <system-err>
DEPRECATED: DI is instantiating a token &quot;AugmentedStubMetadataService&quot; that inherits its @Injectable decorator but does not provide one itself.
This will become an error in a future version of Angular. Please add @Injectable() to the &quot;AugmentedStubMetadataService&quot; class.

[TypeError: fetch failed] {
  [cause]: Error: not implemented... yet...
      at makeNetworkError (node:internal/deps/undici/undici:11566:35)
      at schemeFetch (node:internal/deps/undici/undici:13119:34)
      at mainFetch (node:internal/deps/undici/undici:12967:30)
      at fetching (node:internal/deps/undici/undici:12936:7)
      at fetch (node:internal/deps/undici/undici:12800:20)
      at fetch (node:internal/deps/undici/undici:17407:10)
      at fetch (node:internal/bootstrap/web/exposed-window-or-worker:83:12)
      at /Users/karyzheng/dev/texera_workflow_to_py_3/frontend/node_modules/zone.js/fesm2015/zone.js:2788:40
      at proto.&lt;computed&gt; (/Users/karyzheng/dev/texera_workflow_to_py_3/frontend/node_modules/zone.js/fesm2015/zone.js:1038:24)
      at RegisteredUriFile.fetch (file:///Users/karyzheng/dev/texera_workflow_to_py_3/frontend/node_modules/@codingame/monaco-vscode-files-service-override/index.js:144:32)
}

[TypeError: fetch failed] {
  [cause]: Error: not implemented... yet...
      at makeNetworkError (node:internal/deps/undici/undici:11566:35)
      at schemeFetch (node:internal/deps/undici/undici:13119:34)
      at mainFetch (node:internal/deps/undici/undici:12967:30)
      at fetching (node:internal/deps/undici/undici:12936:7)
      at fetch (node:internal/deps/undici/undici:12800:20)
      at fetch (node:internal/deps/undici/undici:17407:10)
      at fetch (node:internal/bootstrap/web/exposed-window-or-worker:83:12)
      at /Users/karyzheng/dev/texera_workflow_to_py_3/frontend/node_modules/zone.js/fesm2015/zone.js:2788:40
      at proto.&lt;computed&gt; (/Users/karyzheng/dev/texera_workflow_to_py_3/frontend/node_modules/zone.js/fesm2015/zone.js:1038:24)
      at RegisteredUriFile.fetch (file:///Users/karyzheng/dev/texera_workflow_to_py_3/frontend/node_modules/@codingame/monaco-vscode-files-service-override/index.js:144:32)
}
[TypeError: fetch failed] {
  [cause]: Error: not implemented... yet...
      at makeNetworkError (node:internal/deps/undici/undici:11566:35)
      at schemeFetch (node:internal/deps/undici/undici:13119:34)
      at mainFetch (node:internal/deps/undici/undici:12967:30)
      at fetching (node:internal/deps/undici/undici:12936:7)
      at fetch (node:internal/deps/undici/undici:12800:20)
      at fetch (node:internal/deps/undici/undici:17407:10)
      at fetch (node:internal/bootstrap/web/exposed-window-or-worker:83:12)
      at /Users/karyzheng/dev/texera_workflow_to_py_3/frontend/node_modules/zone.js/fesm2015/zone.js:2788:40
      at proto.&lt;computed&gt; (/Users/karyzheng/dev/texera_workflow_to_py_3/frontend/node_modules/zone.js/fesm2015/zone.js:1038:24)
      at RegisteredUriFile.fetch (file:///Users/karyzheng/dev/texera_workflow_to_py_3/frontend/node_modules/@codingame/monaco-vscode-files-service-override/index.js:144:32)
}

[TypeError: fetch failed] {
  [cause]: Error: not implemented... yet...
      at makeNetworkError (node:internal/deps/undici/undici:11566:35)
      at schemeFetch (node:internal/deps/undici/undici:13119:34)
      at mainFetch (node:internal/deps/undici/undici:12967:30)
      at fetching (node:internal/deps/undici/undici:12936:7)
      at fetch (node:internal/deps/undici/undici:12800:20)
      at fetch (node:internal/deps/undici/undici:17407:10)
      at fetch (node:internal/bootstrap/web/exposed-window-or-worker:83:12)
      at /Users/karyzheng/dev/texera_workflow_to_py_3/frontend/node_modules/zone.js/fesm2015/zone.js:2788:40
      at proto.&lt;computed&gt; (/Users/karyzheng/dev/texera_workflow_to_py_3/frontend/node_modules/zone.js/fesm2015/zone.js:1038:24)
      at RegisteredUriFile.fetch (file:///Users/karyzheng/dev/texera_workflow_to_py_3/frontend/node_modules/@codingame/monaco-vscode-files-service-override/index.js:144:32)
}
[TypeError: fetch failed] {
  [cause]: Error: not implemented... yet...
      at makeNetworkError (node:internal/deps/undici/undici:11566:35)
      at schemeFetch (node:internal/deps/undici/undici:13119:34)
      at mainFetch (node:internal/deps/undici/undici:12967:30)
      at fetching (node:internal/deps/undici/undici:12936:7)
      at fetch (node:internal/deps/undici/undici:12800:20)
      at fetch (node:internal/deps/undici/undici:17407:10)
      at fetch (node:internal/bootstrap/web/exposed-window-or-worker:83:12)
      at /Users/karyzheng/dev/texera_workflow_to_py_3/frontend/node_modules/zone.js/fesm2015/zone.js:2788:40
      at proto.&lt;computed&gt; (/Users/karyzheng/dev/texera_workflow_to_py_3/frontend/node_modules/zone.js/fesm2015/zone.js:1038:24)
      at RegisteredUriFile.fetch (file:///Users/karyzheng/dev/texera_workflow_to_py_3/frontend/node_modules/@codingame/monaco-vscode-files-service-override/index.js:144:32)
}

[TypeError: fetch failed] {
  [cause]: Error: not implemented... yet...
      at makeNetworkError (node:internal/deps/undici/undici:11566:35)
      at schemeFetch (node:internal/deps/undici/undici:13119:34)
      at mainFetch (node:internal/deps/undici/undici:12967:30)
      at fetching (node:internal/deps/undici/undici:12936:7)
      at fetch (node:internal/deps/undici/undici:12800:20)
      at fetch (node:internal/deps/undici/undici:17407:10)
      at fetch (node:internal/bootstrap/web/exposed-window-or-worker:83:12)
      at /Users/karyzheng/dev/texera_workflow_to_py_3/frontend/node_modules/zone.js/fesm2015/zone.js:2788:40
      at proto.&lt;computed&gt; (/Users/karyzheng/dev/texera_workflow_to_py_3/frontend/node_modules/zone.js/fesm2015/zone.js:1038:24)
      at RegisteredUriFile.fetch (file:///Users/karyzheng/dev/texera_workflow_to_py_3/frontend/node_modules/@codingame/monaco-vscode-files-service-override/index.js:144:32)
}
[TypeError: fetch failed] {
  [cause]: Error: not implemented... yet...
      at makeNetworkError (node:internal/deps/undici/undici:11566:35)
      at schemeFetch (node:internal/deps/undici/undici:13119:34)
      at mainFetch (node:internal/deps/undici/undici:12967:30)
      at fetching (node:internal/deps/undici/undici:12936:7)
      at fetch (node:internal/deps/undici/undici:12800:20)
      at fetch (node:internal/deps/undici/undici:17407:10)
      at fetch (node:internal/bootstrap/web/exposed-window-or-worker:83:12)
      at /Users/karyzheng/dev/texera_workflow_to_py_3/frontend/node_modules/zone.js/fesm2015/zone.js:2788:40
      at proto.&lt;computed&gt; (/Users/karyzheng/dev/texera_workflow_to_py_3/frontend/node_modules/zone.js/fesm2015/zone.js:1038:24)
      at RegisteredUriFile.fetch (file:///Users/karyzheng/dev/texera_workflow_to_py_3/frontend/node_modules/@codingame/monaco-vscode-files-service-override/index.js:144:32)
}

            </system-err>
        </testcase>
        <testcase classname="src/app/workspace/component/code-editor-dialog/code-editor.component.spec.ts" name="CodeEditorComponent &gt; bulk annotation walk &gt; tears the walk down once the last argument has been answered" time="0.838782209">
            <system-err>
DEPRECATED: DI is instantiating a token &quot;AugmentedStubMetadataService&quot; that inherits its @Injectable decorator but does not provide one itself.
This will become an error in a future version of Angular. Please add @Injectable() to the &quot;AugmentedStubMetadataService&quot; class.

TypeError: Cannot read properties of undefined (reading &apos;disabled&apos;)
    at Object.next (/Users/karyzheng/dev/texera_workflow_to_py_3/frontend/src/app/workspace/component/code-editor-dialog/code-editor.component.ts:392:59)
    at ConsumerObserver.next (/Users/karyzheng/dev/texera_workflow_to_py_3/frontend/node_modules/rxjs/dist/cjs/internal/Subscriber.js:113:33)
    at SafeSubscriber.Subscriber._next (/Users/karyzheng/dev/texera_workflow_to_py_3/frontend/node_modules/rxjs/dist/cjs/internal/Subscriber.js:80:26)
    at SafeSubscriber.Subscriber.next (/Users/karyzheng/dev/texera_workflow_to_py_3/frontend/node_modules/rxjs/dist/cjs/internal/Subscriber.js:51:18)
    at /Users/karyzheng/dev/texera_workflow_to_py_3/frontend/node_modules/rxjs/dist/cjs/internal/operators/filter.js:9:164
    at OperatorSubscriber._this._next (/Users/karyzheng/dev/texera_workflow_to_py_3/frontend/node_modules/rxjs/dist/cjs/internal/operators/OperatorSubscriber.js:33:21)
    at OperatorSubscriber.Subscriber.next (/Users/karyzheng/dev/texera_workflow_to_py_3/frontend/node_modules/rxjs/dist/cjs/internal/Subscriber.js:51:18)
    at /Users/karyzheng/dev/texera_workflow_to_py_3/frontend/node_modules/rxjs/dist/cjs/internal/observable/innerFrom.js:120:28
    at _ZoneDelegate.invoke (/Users/karyzheng/dev/texera_workflow_to_py_3/frontend/node_modules/zone.js/fesm2015/zone.js:398:28)
    at Object.onInvoke (file:///Users/karyzheng/dev/texera_workflow_to_py_3/frontend/node_modules/@angular/core/fesm2022/_effect-chunk2.mjs:2516:25)
    at ____________________Elapsed_569_ms__At__Tue_Sep_01_2026_15_49_29_GMT_0700__Pacific_Daylight_Time_ (http://localhost)
    at Object.onScheduleTask (/Users/karyzheng/dev/texera_workflow_to_py_3/frontend/node_modules/zone.js/fesm2015/zone-testing.js:1954:26)
    at _ZoneDelegate.scheduleTask (/Users/karyzheng/dev/texera_workflow_to_py_3/frontend/node_modules/zone.js/fesm2015/zone.js:411:51)
    at Object.onScheduleTask (/Users/karyzheng/dev/texera_workflow_to_py_3/frontend/node_modules/zone.js/fesm2015/zone.js:273:65)
    at _ZoneDelegate.scheduleTask (/Users/karyzheng/dev/texera_workflow_to_py_3/frontend/node_modules/zone.js/fesm2015/zone.js:411:51)
    at ZoneImpl.scheduleTask (/Users/karyzheng/dev/texera_workflow_to_py_3/frontend/node_modules/zone.js/fesm2015/zone.js:207:43)
    at ZoneImpl.scheduleMacroTask (/Users/karyzheng/dev/texera_workflow_to_py_3/frontend/node_modules/zone.js/fesm2015/zone.js:230:25)
    at scheduleMacroTaskWithCurrentZone (/Users/karyzheng/dev/texera_workflow_to_py_3/frontend/node_modules/zone.js/fesm2015/zone.js:723:25)
    at ____________________Elapsed_1_ms__At__Tue_Sep_01_2026_15_49_29_GMT_0700__Pacific_Daylight_Time_ (http://localhost)
    at Object.onScheduleTask (/Users/karyzheng/dev/texera_workflow_to_py_3/frontend/node_modules/zone.js/fesm2015/zone-testing.js:1954:26)
    at _ZoneDelegate.scheduleTask (/Users/karyzheng/dev/texera_workflow_to_py_3/frontend/node_modules/zone.js/fesm2015/zone.js:411:51)
    at Object.onScheduleTask (/Users/karyzheng/dev/texera_workflow_to_py_3/frontend/node_modules/zone.js/fesm2015/zone.js:273:65)
    at _ZoneDelegate.scheduleTask (/Users/karyzheng/dev/texera_workflow_to_py_3/frontend/node_modules/zone.js/fesm2015/zone.js:411:51)
    at ZoneImpl.scheduleTask (/Users/karyzheng/dev/texera_workflow_to_py_3/frontend/node_modules/zone.js/fesm2015/zone.js:207:43)
    at ZoneImpl.scheduleMicroTask (/Users/karyzheng/dev/texera_workflow_to_py_3/frontend/node_modules/zone.js/fesm2015/zone.js:227:25)
    at scheduleResolveOrReject (/Users/karyzheng/dev/texera_workflow_to_py_3/frontend/node_modules/zone.js/fesm2015/zone.js:2527:18)
    at ____________________Elapsed_0_ms__At__Tue_Sep_01_2026_15_49_29_GMT_0700__Pacific_Daylight_Time_ (http://localhost)
    ... collapsed 8 duplicate lines matching above lines ...
    at Object.onScheduleTask (/Users/karyzheng/dev/texera_workflow_to_py_3/frontend/node_modules/zone.js/fesm2015/zone-testing.js:1954:26)
    at _ZoneDelegate.scheduleTask (/Users/karyzheng/dev/texera_workflow_to_py_3/frontend/node_modules/zone.js/fesm2015/zone.js:411:51)
    at Object.onScheduleTask (/Users/karyzheng/dev/texera_workflow_to_py_3/frontend/node_modules/zone.js/fesm2015/zone.js:273:65)
    at _ZoneDelegate.scheduleTask (/Users/karyzheng/dev/texera_workflow_to_py_3/frontend/node_modules/zone.js/fesm2015/zone.js:411:51)
    at ZoneImpl.scheduleTask (/Users/karyzheng/dev/texera_workflow_to_py_3/frontend/node_modules/zone.js/fesm2015/zone.js:207:43)
    at ZoneImpl.scheduleMicroTask (/Users/karyzheng/dev/texera_workflow_to_py_3/frontend/node_modules/zone.js/fesm2015/zone.js:227:25)
    at scheduleResolveOrReject (/Users/karyzheng/dev/texera_workflow_to_py_3/frontend/node_modules/zone.js/fesm2015/zone.js:2527:18) {
  longStack: &quot;TypeError: Cannot read properties of undefined (reading &apos;disabled&apos;)\n&quot; +
    &apos;    at Object.next (/Users/karyzheng/dev/texera_workflow_to_py_3/frontend/src/app/workspace/component/code-editor-dialog/code-editor.component.ts:392:59)\n&apos; +
    &apos;    at ConsumerObserver.next (/Users/karyzheng/dev/texera_workflow_to_py_3/frontend/node_modules/rxjs/dist/cjs/internal/Subscriber.js:113:33)\n&apos; +
    &apos;    at SafeSubscriber.Subscriber._next (/Users/karyzheng/dev/texera_workflow_to_py_3/frontend/node_modules/rxjs/dist/cjs/internal/Subscriber.js:80:26)\n&apos; +
    &apos;    at SafeSubscriber.Subscriber.next (/Users/karyzheng/dev/texera_workflow_to_py_3/frontend/node_modules/rxjs/dist/cjs/internal/Subscriber.js:51:18)\n&apos; +
    &apos;    at /Users/karyzheng/dev/texera_workflow_to_py_3/frontend/node_modules/rxjs/dist/cjs/internal/operators/filter.js:9:164\n&apos; +
    &apos;    at OperatorSubscriber._this._next (/Users/karyzheng/dev/texera_workflow_to_py_3/frontend/node_modules/rxjs/dist/cjs/internal/operators/OperatorSubscriber.js:33:21)\n&apos; +
    &apos;    at OperatorSubscriber.Subscriber.next (/Users/karyzheng/dev/texera_workflow_to_py_3/frontend/node_modules/rxjs/dist/cjs/internal/Subscriber.js:51:18)\n&apos; +
    &apos;    at /Users/karyzheng/dev/texera_workflow_to_py_3/frontend/node_modules/rxjs/dist/cjs/internal/observable/innerFrom.js:120:28\n&apos; +
    &apos;    at _ZoneDelegate.invoke (/Users/karyzheng/dev/texera_workflow_to_py_3/frontend/node_modules/zone.js/fesm2015/zone.js:398:28)\n&apos; +
    &apos;    at Object.onInvoke (file:///Users/karyzheng/dev/texera_workflow_to_py_3/frontend/node_modules/@angular/core/fesm2022/_effect-chunk2.mjs:2516:25)\n&apos; +
    &apos;    at ____________________Elapsed_569_ms__At__Tue_Sep_01_2026_15_49_29_GMT_0700__Pacific_Daylight_Time_ (http://localhost)\n&apos; +
    &apos;    at Object.onScheduleTask (/Users/karyzheng/dev/texera_workflow_to_py_3/frontend/node_modules/zone.js/fesm2015/zone-testing.js:1954:26)\n&apos; +
    &apos;    at _ZoneDelegate.scheduleTask (/Users/karyzheng/dev/texera_workflow_to_py_3/frontend/node_modules/zone.js/fesm2015/zone.js:411:51)\n&apos; +
    &apos;    at Object.onScheduleTask (/Users/karyzheng/dev/texera_workflow_to_py_3/frontend/node_modules/zone.js/fesm2015/zone.js:273:65)\n&apos; +
    &apos;    at _ZoneDelegate.scheduleTask (/Users/karyzheng/dev/texera_workflow_to_py_3/frontend/node_modules/zone.js/fesm2015/zone.js:411:51)\n&apos; +
    &apos;    at ZoneImpl.scheduleTask (/Users/karyzheng/dev/texera_workflow_to_py_3/frontend/node_modules/zone.js/fesm2015/zone.js:207:43)\n&apos; +
    &apos;    at ZoneImpl.scheduleMacroTask (/Users/karyzheng/dev/texera_workflow_to_py_3/frontend/node_modules/zone.js/fesm2015/zone.js:230:25)\n&apos; +
    &apos;    at scheduleMacroTaskWithCurrentZone (/Users/karyzheng/dev/texera_workflow_to_py_3/frontend/node_modules/zone.js/fesm2015/zone.js:723:25)\n&apos; +
    &apos;    at ____________________Elapsed_1_ms__At__Tue_Sep_01_2026_15_49_29_GMT_0700__Pacific_Daylight_Time_ (http://localhost)\n&apos; +
    &apos;    at Object.onScheduleTask (/Users/karyzheng/dev/texera_workflow_to_py_3/frontend/node_modules/zone.js/fesm2015/zone-testing.js:1954:26)\n&apos; +
    &apos;    at _ZoneDelegate.scheduleTask (/Users/karyzheng/dev/texera_workflow_to_py_3/frontend/node_modules/zone.js/fesm2015/zone.js:411:51)\n&apos; +
    &apos;    at Object.onScheduleTask (/Users/karyzheng/dev/texera_workflow_to_py_3/frontend/node_modules/zone.js/fesm2015/zone.js:273:65)\n&apos; +
    &apos;    at _ZoneDelegate.scheduleTask (/Users/karyzheng/dev/texera_workflow_to_py_3/frontend/node_modules/zone.js/fesm2015/zone.js:411:51)\n&apos; +
    &apos;    at ZoneImpl.scheduleTask (/Users/karyzheng/dev/texera_workflow_to_py_3/frontend/node_modules/zone.js/fesm2015/zone.js:207:43)\n&apos; +
    &apos;    at ZoneImpl.scheduleMicroTask (/Users/karyzheng/dev/texera_workflow_to_py_3/frontend/node_modules/zone.js/fesm2015/zone.js:227:25)\n&apos; +
    &apos;    at scheduleResolveOrReject (/Users/karyzheng/dev/texera_workflow_to_py_3/frontend/node_modules/zone.js/fesm2015/zone.js:2527:18)\n&apos; +
    &apos;    at ____________________Elapsed_0_ms__At__Tue_Sep_01_2026_15_49_29_GMT_0700__Pacific_Daylight_Time_ (http://localhost)\n&apos; +
    &apos;    at Object.onScheduleTask (/Users/karyzheng/dev/texera_workflow_to_py_3/frontend/node_modules/zone.js/fesm2015/zone-testing.js:1954:26)\n&apos; +
    &apos;    at _ZoneDelegate.scheduleTask (/Users/karyzheng/dev/texera_workflow_to_py_3/frontend/node_modules/zone.js/fesm2015/zone.js:411:51)\n&apos; +
    &apos;    at Object.onScheduleTask (/Users/karyzheng/dev/texera_workflow_to_py_3/frontend/node_modules/zone.js/fesm2015/zone.js:273:65)\n&apos; +
    &apos;    at _ZoneDelegate.scheduleTask (/Users/karyzheng/dev/texera_workflow_to_py_3/frontend/node_modules/zone.js/fesm2015/zone.js:411:51)\n&apos; +
    &apos;    at ZoneImpl.scheduleTask (/Users/karyzheng/dev/texera_workflow_to_py_3/frontend/node_modules/zone.js/fesm2015/zone.js:207:43)\n&apos; +
    &apos;    at ZoneImpl.scheduleMicroTask (/Users/karyzheng/dev/texera_workflow_to_py_3/frontend/node_modules/zone.js/fesm2015/zone.js:227:25)\n&apos; +
    &apos;    at scheduleResolveOrReject (/Users/karyzheng/dev/texera_workflow_to_py_3/frontend/node_modules/zone.js/fesm2015/zone.js:2527:18)\n&apos; +
    &apos;    at ____________________Elapsed_0_ms__At__Tue_Sep_01_2026_15_49_29_GMT_0700__Pacific_Daylight_Time_ (http://localhost)\n&apos; +
    &apos;    at Object.onScheduleTask (/Users/karyzheng/dev/texera_workflow_to_py_3/frontend/node_modules/zone.js/fesm2015/zone-testing.js:1954:26)\n&apos; +
    &apos;    at _ZoneDelegate.scheduleTask (/Users/karyzheng/dev/texera_workflow_to_py_3/frontend/node_modules/zone.js/fesm2015/zone.js:411:51)\n&apos; +
    &apos;    at Object.onScheduleTask (/Users/karyzheng/dev/texera_workflow_to_py_3/frontend/node_modules/zone.js/fesm2015/zone.js:273:65)\n&apos; +
    &apos;    at _ZoneDelegate.scheduleTask (/Users/karyzheng/dev/texera_workflow_to_py_3/frontend/node_modules/zone.js/fesm2015/zone.js:411:51)\n&apos; +
    &apos;    at ZoneImpl.scheduleTask (/Users/karyzheng/dev/texera_workflow_to_py_3/frontend/node_modules/zone.js/fesm2015/zone.js:207:43)\n&apos; +
    &apos;    at ZoneImpl.scheduleMicroTask (/Users/karyzheng/dev/texera_workflow_to_py_3/frontend/node_modules/zone.js/fesm2015/zone.js:227:25)\n&apos; +
    &apos;    at scheduleResolveOrReject (/Users/karyzheng/dev/texera_workflow_to_py_3/frontend/node_modules/zone.js/fesm2015/zone.js:2527:18)&apos;
}

TypeError: Cannot read properties of undefined (reading &apos;disabled&apos;)
    at Object.next (/Users/karyzheng/dev/texera_workflow_to_py_3/frontend/src/app/workspace/component/code-editor-dialog/code-editor.component.ts:392:59)
    at ConsumerObserver.next (/Users/karyzheng/dev/texera_workflow_to_py_3/frontend/node_modules/rxjs/dist/cjs/internal/Subscriber.js:113:33)
    at SafeSubscriber.Subscriber._next (/Users/karyzheng/dev/texera_workflow_to_py_3/frontend/node_modules/rxjs/dist/cjs/internal/Subscriber.js:80:26)
    at SafeSubscriber.Subscriber.next (/Users/karyzheng/dev/texera_workflow_to_py_3/frontend/node_modules/rxjs/dist/cjs/internal/Subscriber.js:51:18)
    at /Users/karyzheng/dev/texera_workflow_to_py_3/frontend/node_modules/rxjs/dist/cjs/internal/operators/filter.js:9:164
    at OperatorSubscriber._this._next (/Users/karyzheng/dev/texera_workflow_to_py_3/frontend/node_modules/rxjs/dist/cjs/internal/operators/OperatorSubscriber.js:33:21)
    at OperatorSubscriber.Subscriber.next (/Users/karyzheng/dev/texera_workflow_to_py_3/frontend/node_modules/rxjs/dist/cjs/internal/Subscriber.js:51:18)
    at /Users/karyzheng/dev/texera_workflow_to_py_3/frontend/node_modules/rxjs/dist/cjs/internal/observable/innerFrom.js:120:28
    at _ZoneDelegate.invoke (/Users/karyzheng/dev/texera_workflow_to_py_3/frontend/node_modules/zone.js/fesm2015/zone.js:398:28)
    at Object.onInvoke (file:///Users/karyzheng/dev/texera_workflow_to_py_3/frontend/node_modules/@angular/core/fesm2022/_effect-chunk2.mjs:2516:25)
    at ____________________Elapsed_750_ms__At__Tue_Sep_01_2026_15_49_29_GMT_0700__Pacific_Daylight_Time_ (http://localhost)
    at Object.onScheduleTask (/Users/karyzheng/dev/texera_workflow_to_py_3/frontend/node_modules/zone.js/fesm2015/zone-testing.js:1954:26)
    at _ZoneDelegate.scheduleTask (/Users/karyzheng/dev/texera_workflow_to_py_3/frontend/node_modules/zone.js/fesm2015/zone.js:411:51)
    at Object.onScheduleTask (/Users/karyzheng/dev/texera_workflow_to_py_3/frontend/node_modules/zone.js/fesm2015/zone.js:273:65)
    at _ZoneDelegate.scheduleTask (/Users/karyzheng/dev/texera_workflow_to_py_3/frontend/node_modules/zone.js/fesm2015/zone.js:411:51)
    at ZoneImpl.scheduleTask (/Users/karyzheng/dev/texera_workflow_to_py_3/frontend/node_modules/zone.js/fesm2015/zone.js:207:43)
    at ZoneImpl.scheduleMacroTask (/Users/karyzheng/dev/texera_workflow_to_py_3/frontend/node_modules/zone.js/fesm2015/zone.js:230:25)
    at scheduleMacroTaskWithCurrentZone (/Users/karyzheng/dev/texera_workflow_to_py_3/frontend/node_modules/zone.js/fesm2015/zone.js:723:25)
    at ____________________Elapsed_0_ms__At__Tue_Sep_01_2026_15_49_29_GMT_0700__Pacific_Daylight_Time_ (http://localhost)
    at Object.onScheduleTask (/Users/karyzheng/dev/texera_workflow_to_py_3/frontend/node_modules/zone.js/fesm2015/zone-testing.js:1954:26)
    at _ZoneDelegate.scheduleTask (/Users/karyzheng/dev/texera_workflow_to_py_3/frontend/node_modules/zone.js/fesm2015/zone.js:411:51)
    at Object.onScheduleTask (/Users/karyzheng/dev/texera_workflow_to_py_3/frontend/node_modules/zone.js/fesm2015/zone.js:273:65)
    at _ZoneDelegate.scheduleTask (/Users/karyzheng/dev/texera_workflow_to_py_3/frontend/node_modules/zone.js/fesm2015/zone.js:411:51)
    at ZoneImpl.scheduleTask (/Users/karyzheng/dev/texera_workflow_to_py_3/frontend/node_modules/zone.js/fesm2015/zone.js:207:43)
    at ZoneImpl.scheduleMicroTask (/Users/karyzheng/dev/texera_workflow_to_py_3/frontend/node_modules/zone.js/fesm2015/zone.js:227:25)
    at scheduleResolveOrReject (/Users/karyzheng/dev/texera_workflow_to_py_3/frontend/node_modules/zone.js/fesm2015/zone.js:2527:18)
    ... collapsed 16 duplicate lines matching above 8 lines 2 times... {
  longStack: &quot;TypeError: Cannot read properties of undefined (reading &apos;disabled&apos;)\n&quot; +
    &apos;    at Object.next (/Users/karyzheng/dev/texera_workflow_to_py_3/frontend/src/app/workspace/component/code-editor-dialog/code-editor.component.ts:392:59)\n&apos; +
    &apos;    at ConsumerObserver.next (/Users/karyzheng/dev/texera_workflow_to_py_3/frontend/node_modules/rxjs/dist/cjs/internal/Subscriber.js:113:33)\n&apos; +
    &apos;    at SafeSubscriber.Subscriber._next (/Users/karyzheng/dev/texera_workflow_to_py_3/frontend/node_modules/rxjs/dist/cjs/internal/Subscriber.js:80:26)\n&apos; +
    &apos;    at SafeSubscriber.Subscriber.next (/Users/karyzheng/dev/texera_workflow_to_py_3/frontend/node_modules/rxjs/dist/cjs/internal/Subscriber.js:51:18)\n&apos; +
    &apos;    at /Users/karyzheng/dev/texera_workflow_to_py_3/frontend/node_modules/rxjs/dist/cjs/internal/operators/filter.js:9:164\n&apos; +
    &apos;    at OperatorSubscriber._this._next (/Users/karyzheng/dev/texera_workflow_to_py_3/frontend/node_modules/rxjs/dist/cjs/internal/operators/OperatorSubscriber.js:33:21)\n&apos; +
    &apos;    at OperatorSubscriber.Subscriber.next (/Users/karyzheng/dev/texera_workflow_to_py_3/frontend/node_modules/rxjs/dist/cjs/internal/Subscriber.js:51:18)\n&apos; +
    &apos;    at /Users/karyzheng/dev/texera_workflow_to_py_3/frontend/node_modules/rxjs/dist/cjs/internal/observable/innerFrom.js:120:28\n&apos; +
    &apos;    at _ZoneDelegate.invoke (/Users/karyzheng/dev/texera_workflow_to_py_3/frontend/node_modules/zone.js/fesm2015/zone.js:398:28)\n&apos; +
    &apos;    at Object.onInvoke (file:///Users/karyzheng/dev/texera_workflow_to_py_3/frontend/node_modules/@angular/core/fesm2022/_effect-chunk2.mjs:2516:25)\n&apos; +
    &apos;    at ____________________Elapsed_750_ms__At__Tue_Sep_01_2026_15_49_29_GMT_0700__Pacific_Daylight_Time_ (http://localhost)\n&apos; +
    &apos;    at Object.onScheduleTask (/Users/karyzheng/dev/texera_workflow_to_py_3/frontend/node_modules/zone.js/fesm2015/zone-testing.js:1954:26)\n&apos; +
    &apos;    at _ZoneDelegate.scheduleTask (/Users/karyzheng/dev/texera_workflow_to_py_3/frontend/node_modules/zone.js/fesm2015/zone.js:411:51)\n&apos; +
    &apos;    at Object.onScheduleTask (/Users/karyzheng/dev/texera_workflow_to_py_3/frontend/node_modules/zone.js/fesm2015/zone.js:273:65)\n&apos; +
    &apos;    at _ZoneDelegate.scheduleTask (/Users/karyzheng/dev/texera_workflow_to_py_3/frontend/node_modules/zone.js/fesm2015/zone.js:411:51)\n&apos; +
    &apos;    at ZoneImpl.scheduleTask (/Users/karyzheng/dev/texera_workflow_to_py_3/frontend/node_modules/zone.js/fesm2015/zone.js:207:43)\n&apos; +
    &apos;    at ZoneImpl.scheduleMacroTask (/Users/karyzheng/dev/texera_workflow_to_py_3/frontend/node_modules/zone.js/fesm2015/zone.js:230:25)\n&apos; +
    &apos;    at scheduleMacroTaskWithCurrentZone (/Users/karyzheng/dev/texera_workflow_to_py_3/frontend/node_modules/zone.js/fesm2015/zone.js:723:25)\n&apos; +
    &apos;    at ____________________Elapsed_0_ms__At__Tue_Sep_01_2026_15_49_29_GMT_0700__Pacific_Daylight_Time_ (http://localhost)\n&apos; +
    &apos;    at Object.onScheduleTask (/Users/karyzheng/dev/texera_workflow_to_py_3/frontend/node_modules/zone.js/fesm2015/zone-testing.js:1954:26)\n&apos; +
    &apos;    at _ZoneDelegate.scheduleTask (/Users/karyzheng/dev/texera_workflow_to_py_3/frontend/node_modules/zone.js/fesm2015/zone.js:411:51)\n&apos; +
    &apos;    at Object.onScheduleTask (/Users/karyzheng/dev/texera_workflow_to_py_3/frontend/node_modules/zone.js/fesm2015/zone.js:273:65)\n&apos; +
    &apos;    at _ZoneDelegate.scheduleTask (/Users/karyzheng/dev/texera_workflow_to_py_3/frontend/node_modules/zone.js/fesm2015/zone.js:411:51)\n&apos; +
    &apos;    at ZoneImpl.scheduleTask (/Users/karyzheng/dev/texera_workflow_to_py_3/frontend/node_modules/zone.js/fesm2015/zone.js:207:43)\n&apos; +
    &apos;    at ZoneImpl.scheduleMicroTask (/Users/karyzheng/dev/texera_workflow_to_py_3/frontend/node_modules/zone.js/fesm2015/zone.js:227:25)\n&apos; +
    &apos;    at scheduleResolveOrReject (/Users/karyzheng/dev/texera_workflow_to_py_3/frontend/node_modules/zone.js/fesm2015/zone.js:2527:18)\n&apos; +
    &apos;    at ____________________Elapsed_0_ms__At__Tue_Sep_01_2026_15_49_29_GMT_0700__Pacific_Daylight_Time_ (http://localhost)\n&apos; +
    &apos;    at Object.onScheduleTask (/Users/karyzheng/dev/texera_workflow_to_py_3/frontend/node_modules/zone.js/fesm2015/zone-testing.js:1954:26)\n&apos; +
    &apos;    at _ZoneDelegate.scheduleTask (/Users/karyzheng/dev/texera_workflow_to_py_3/frontend/node_modules/zone.js/fesm2015/zone.js:411:51)\n&apos; +
    &apos;    at Object.onScheduleTask (/Users/karyzheng/dev/texera_workflow_to_py_3/frontend/node_modules/zone.js/fesm2015/zone.js:273:65)\n&apos; +
    &apos;    at _ZoneDelegate.scheduleTask (/Users/karyzheng/dev/texera_workflow_to_py_3/frontend/node_modules/zone.js/fesm2015/zone.js:411:51)\n&apos; +
    &apos;    at ZoneImpl.scheduleTask (/Users/karyzheng/dev/texera_workflow_to_py_3/frontend/node_modules/zone.js/fesm2015/zone.js:207:43)\n&apos; +
    &apos;    at ZoneImpl.scheduleMicroTask (/Users/karyzheng/dev/texera_workflow_to_py_3/frontend/node_modules/zone.js/fesm2015/zone.js:227:25)\n&apos; +
    &apos;    at scheduleResolveOrReject (/Users/karyzheng/dev/texera_workflow_to_py_3/frontend/node_modules/zone.js/fesm2015/zone.js:2527:18)\n&apos; +
    &apos;    at ____________________Elapsed_0_ms__At__Tue_Sep_01_2026_15_49_29_GMT_0700__Pacific_Daylight_Time_ (http://localhost)\n&apos; +
    &apos;    at Object.onScheduleTask (/Users/karyzheng/dev/texera_workflow_to_py_3/frontend/node_modules/zone.js/fesm2015/zone-testing.js:1954:26)\n&apos; +
    &apos;    at _ZoneDelegate.scheduleTask (/Users/karyzheng/dev/texera_workflow_to_py_3/frontend/node_modules/zone.js/fesm2015/zone.js:411:51)\n&apos; +
    &apos;    at Object.onScheduleTask (/Users/karyzheng/dev/texera_workflow_to_py_3/frontend/node_modules/zone.js/fesm2015/zone.js:273:65)\n&apos; +
    &apos;    at _ZoneDelegate.scheduleTask (/Users/karyzheng/dev/texera_workflow_to_py_3/frontend/node_modules/zone.js/fesm2015/zone.js:411:51)\n&apos; +
    &apos;    at ZoneImpl.scheduleTask (/Users/karyzheng/dev/texera_workflow_to_py_3/frontend/node_modules/zone.js/fesm2015/zone.js:207:43)\n&apos; +
    &apos;    at ZoneImpl.scheduleMicroTask (/Users/karyzheng/dev/texera_workflow_to_py_3/frontend/node_modules/zone.js/fesm2015/zone.js:227:25)\n&apos; +
    &apos;    at scheduleResolveOrReject (/Users/karyzheng/dev/texera_workflow_to_py_3/frontend/node_modules/zone.js/fesm2015/zone.js:2527:18)&apos;
}

            </system-err>
        </testcase>
        <testcase classname="src/app/workspace/component/code-editor-dialog/code-editor.component.spec.ts" name="CodeEditorComponent &gt; bulk annotation walk &gt; highlights each argument as it comes up and clears that highlight on answer" time="0.04747925">
            <system-err>
DEPRECATED: DI is instantiating a token &quot;AugmentedStubMetadataService&quot; that inherits its @Injectable decorator but does not provide one itself.
This will become an error in a future version of Angular. Please add @Injectable() to the &quot;AugmentedStubMetadataService&quot; class.

            </system-err>
        </testcase>
        <testcase classname="src/app/workspace/component/code-editor-dialog/code-editor.component.spec.ts" name="CodeEditorComponent &gt; bulk annotation walk &gt; advances on decline without shifting the next same-line argument" time="0.092920666">
            <system-err>
DEPRECATED: DI is instantiating a token &quot;AugmentedStubMetadataService&quot; that inherits its @Injectable decorator but does not provide one itself.
This will become an error in a future version of Angular. Please add @Injectable() to the &quot;AugmentedStubMetadataService&quot; class.

TypeError: Cannot read properties of undefined (reading &apos;disabled&apos;)
    at Object.next (/Users/karyzheng/dev/texera_workflow_to_py_3/frontend/src/app/workspace/component/code-editor-dialog/code-editor.component.ts:392:59)
    at ConsumerObserver.next (/Users/karyzheng/dev/texera_workflow_to_py_3/frontend/node_modules/rxjs/dist/cjs/internal/Subscriber.js:113:33)
    at SafeSubscriber.Subscriber._next (/Users/karyzheng/dev/texera_workflow_to_py_3/frontend/node_modules/rxjs/dist/cjs/internal/Subscriber.js:80:26)
    at SafeSubscriber.Subscriber.next (/Users/karyzheng/dev/texera_workflow_to_py_3/frontend/node_modules/rxjs/dist/cjs/internal/Subscriber.js:51:18)
    at /Users/karyzheng/dev/texera_workflow_to_py_3/frontend/node_modules/rxjs/dist/cjs/internal/operators/filter.js:9:164
    at OperatorSubscriber._this._next (/Users/karyzheng/dev/texera_workflow_to_py_3/frontend/node_modules/rxjs/dist/cjs/internal/operators/OperatorSubscriber.js:33:21)
    at OperatorSubscriber.Subscriber.next (/Users/karyzheng/dev/texera_workflow_to_py_3/frontend/node_modules/rxjs/dist/cjs/internal/Subscriber.js:51:18)
    at /Users/karyzheng/dev/texera_workflow_to_py_3/frontend/node_modules/rxjs/dist/cjs/internal/observable/innerFrom.js:120:28
    at _ZoneDelegate.invoke (/Users/karyzheng/dev/texera_workflow_to_py_3/frontend/node_modules/zone.js/fesm2015/zone.js:398:28)
    at Object.onInvoke (file:///Users/karyzheng/dev/texera_workflow_to_py_3/frontend/node_modules/@angular/core/fesm2022/_effect-chunk2.mjs:2516:25)
    at ____________________Elapsed_5_ms__At__Tue_Sep_01_2026_15_49_30_GMT_0700__Pacific_Daylight_Time_ (http://localhost)
    at Object.onScheduleTask (/Users/karyzheng/dev/texera_workflow_to_py_3/frontend/node_modules/zone.js/fesm2015/zone-testing.js:1954:26)
    at _ZoneDelegate.scheduleTask (/Users/karyzheng/dev/texera_workflow_to_py_3/frontend/node_modules/zone.js/fesm2015/zone.js:411:51)
    at Object.onScheduleTask (/Users/karyzheng/dev/texera_workflow_to_py_3/frontend/node_modules/zone.js/fesm2015/zone.js:273:65)
    at _ZoneDelegate.scheduleTask (/Users/karyzheng/dev/texera_workflow_to_py_3/frontend/node_modules/zone.js/fesm2015/zone.js:411:51)
    at ZoneImpl.scheduleTask (/Users/karyzheng/dev/texera_workflow_to_py_3/frontend/node_modules/zone.js/fesm2015/zone.js:207:43)
    at ZoneImpl.scheduleMacroTask (/Users/karyzheng/dev/texera_workflow_to_py_3/frontend/node_modules/zone.js/fesm2015/zone.js:230:25)
    at scheduleMacroTaskWithCurrentZone (/Users/karyzheng/dev/texera_workflow_to_py_3/frontend/node_modules/zone.js/fesm2015/zone.js:723:25)
    at ____________________Elapsed_0_ms__At__Tue_Sep_01_2026_15_49_30_GMT_0700__Pacific_Daylight_Time_ (http://localhost)
    at Object.onScheduleTask (/Users/karyzheng/dev/texera_workflow_to_py_3/frontend/node_modules/zone.js/fesm2015/zone-testing.js:1954:26)
    at _ZoneDelegate.scheduleTask (/Users/karyzheng/dev/texera_workflow_to_py_3/frontend/node_modules/zone.js/fesm2015/zone.js:411:51)
    at Object.onScheduleTask (/Users/karyzheng/dev/texera_workflow_to_py_3/frontend/node_modules/zone.js/fesm2015/zone.js:273:65)
    at _ZoneDelegate.scheduleTask (/Users/karyzheng/dev/texera_workflow_to_py_3/frontend/node_modules/zone.js/fesm2015/zone.js:411:51)
    at ZoneImpl.scheduleTask (/Users/karyzheng/dev/texera_workflow_to_py_3/frontend/node_modules/zone.js/fesm2015/zone.js:207:43)
    at ZoneImpl.scheduleMicroTask (/Users/karyzheng/dev/texera_workflow_to_py_3/frontend/node_modules/zone.js/fesm2015/zone.js:227:25)
    at scheduleResolveOrReject (/Users/karyzheng/dev/texera_workflow_to_py_3/frontend/node_modules/zone.js/fesm2015/zone.js:2527:18)
    ... collapsed 8 duplicate lines matching above lines ...
    at ____________________Elapsed_1_ms__At__Tue_Sep_01_2026_15_49_30_GMT_0700__Pacific_Daylight_Time_ (http://localhost)
    at Object.onScheduleTask (/Users/karyzheng/dev/texera_workflow_to_py_3/frontend/node_modules/zone.js/fesm2015/zone-testing.js:1954:26)
    at _ZoneDelegate.scheduleTask (/Users/karyzheng/dev/texera_workflow_to_py_3/frontend/node_modules/zone.js/fesm2015/zone.js:411:51)
    at Object.onScheduleTask (/Users/karyzheng/dev/texera_workflow_to_py_3/frontend/node_modules/zone.js/fesm2015/zone.js:273:65)
    at _ZoneDelegate.scheduleTask (/Users/karyzheng/dev/texera_workflow_to_py_3/frontend/node_modules/zone.js/fesm2015/zone.js:411:51)
    at ZoneImpl.scheduleTask (/Users/karyzheng/dev/texera_workflow_to_py_3/frontend/node_modules/zone.js/fesm2015/zone.js:207:43)
    at ZoneImpl.scheduleMicroTask (/Users/karyzheng/dev/texera_workflow_to_py_3/frontend/node_modules/zone.js/fesm2015/zone.js:227:25)
    at scheduleResolveOrReject (/Users/karyzheng/dev/texera_workflow_to_py_3/frontend/node_modules/zone.js/fesm2015/zone.js:2527:18) {
  longStack: &quot;TypeError: Cannot read properties of undefined (reading &apos;disabled&apos;)\n&quot; +
    &apos;    at Object.next (/Users/karyzheng/dev/texera_workflow_to_py_3/frontend/src/app/workspace/component/code-editor-dialog/code-editor.component.ts:392:59)\n&apos; +
    &apos;    at ConsumerObserver.next (/Users/karyzheng/dev/texera_workflow_to_py_3/frontend/node_modules/rxjs/dist/cjs/internal/Subscriber.js:113:33)\n&apos; +
    &apos;    at SafeSubscriber.Subscriber._next (/Users/karyzheng/dev/texera_workflow_to_py_3/frontend/node_modules/rxjs/dist/cjs/internal/Subscriber.js:80:26)\n&apos; +
    &apos;    at SafeSubscriber.Subscriber.next (/Users/karyzheng/dev/texera_workflow_to_py_3/frontend/node_modules/rxjs/dist/cjs/internal/Subscriber.js:51:18)\n&apos; +
    &apos;    at /Users/karyzheng/dev/texera_workflow_to_py_3/frontend/node_modules/rxjs/dist/cjs/internal/operators/filter.js:9:164\n&apos; +
    &apos;    at OperatorSubscriber._this._next (/Users/karyzheng/dev/texera_workflow_to_py_3/frontend/node_modules/rxjs/dist/cjs/internal/operators/OperatorSubscriber.js:33:21)\n&apos; +
    &apos;    at OperatorSubscriber.Subscriber.next (/Users/karyzheng/dev/texera_workflow_to_py_3/frontend/node_modules/rxjs/dist/cjs/internal/Subscriber.js:51:18)\n&apos; +
    &apos;    at /Users/karyzheng/dev/texera_workflow_to_py_3/frontend/node_modules/rxjs/dist/cjs/internal/observable/innerFrom.js:120:28\n&apos; +
    &apos;    at _ZoneDelegate.invoke (/Users/karyzheng/dev/texera_workflow_to_py_3/frontend/node_modules/zone.js/fesm2015/zone.js:398:28)\n&apos; +
    &apos;    at Object.onInvoke (file:///Users/karyzheng/dev/texera_workflow_to_py_3/frontend/node_modules/@angular/core/fesm2022/_effect-chunk2.mjs:2516:25)\n&apos; +
    &apos;    at ____________________Elapsed_5_ms__At__Tue_Sep_01_2026_15_49_30_GMT_0700__Pacific_Daylight_Time_ (http://localhost)\n&apos; +
    &apos;    at Object.onScheduleTask (/Users/karyzheng/dev/texera_workflow_to_py_3/frontend/node_modules/zone.js/fesm2015/zone-testing.js:1954:26)\n&apos; +
    &apos;    at _ZoneDelegate.scheduleTask (/Users/karyzheng/dev/texera_workflow_to_py_3/frontend/node_modules/zone.js/fesm2015/zone.js:411:51)\n&apos; +
    &apos;    at Object.onScheduleTask (/Users/karyzheng/dev/texera_workflow_to_py_3/frontend/node_modules/zone.js/fesm2015/zone.js:273:65)\n&apos; +
    &apos;    at _ZoneDelegate.scheduleTask (/Users/karyzheng/dev/texera_workflow_to_py_3/frontend/node_modules/zone.js/fesm2015/zone.js:411:51)\n&apos; +
    &apos;    at ZoneImpl.scheduleTask (/Users/karyzheng/dev/texera_workflow_to_py_3/frontend/node_modules/zone.js/fesm2015/zone.js:207:43)\n&apos; +
    &apos;    at ZoneImpl.scheduleMacroTask (/Users/karyzheng/dev/texera_workflow_to_py_3/frontend/node_modules/zone.js/fesm2015/zone.js:230:25)\n&apos; +
    &apos;    at scheduleMacroTaskWithCurrentZone (/Users/karyzheng/dev/texera_workflow_to_py_3/frontend/node_modules/zone.js/fesm2015/zone.js:723:25)\n&apos; +
    &apos;    at ____________________Elapsed_0_ms__At__Tue_Sep_01_2026_15_49_30_GMT_0700__Pacific_Daylight_Time_ (http://localhost)\n&apos; +
    &apos;    at Object.onScheduleTask (/Users/karyzheng/dev/texera_workflow_to_py_3/frontend/node_modules/zone.js/fesm2015/zone-testing.js:1954:26)\n&apos; +
    &apos;    at _ZoneDelegate.scheduleTask (/Users/karyzheng/dev/texera_workflow_to_py_3/frontend/node_modules/zone.js/fesm2015/zone.js:411:51)\n&apos; +
    &apos;    at Object.onScheduleTask (/Users/karyzheng/dev/texera_workflow_to_py_3/frontend/node_modules/zone.js/fesm2015/zone.js:273:65)\n&apos; +
    &apos;    at _ZoneDelegate.scheduleTask (/Users/karyzheng/dev/texera_workflow_to_py_3/frontend/node_modules/zone.js/fesm2015/zone.js:411:51)\n&apos; +
    &apos;    at ZoneImpl.scheduleTask (/Users/karyzheng/dev/texera_workflow_to_py_3/frontend/node_modules/zone.js/fesm2015/zone.js:207:43)\n&apos; +
    &apos;    at ZoneImpl.scheduleMicroTask (/Users/karyzheng/dev/texera_workflow_to_py_3/frontend/node_modules/zone.js/fesm2015/zone.js:227:25)\n&apos; +
    &apos;    at scheduleResolveOrReject (/Users/karyzheng/dev/texera_workflow_to_py_3/frontend/node_modules/zone.js/fesm2015/zone.js:2527:18)\n&apos; +
    &apos;    at ____________________Elapsed_0_ms__At__Tue_Sep_01_2026_15_49_30_GMT_0700__Pacific_Daylight_Time_ (http://localhost)\n&apos; +
    &apos;    at Object.onScheduleTask (/Users/karyzheng/dev/texera_workflow_to_py_3/frontend/node_modules/zone.js/fesm2015/zone-testing.js:1954:26)\n&apos; +
    &apos;    at _ZoneDelegate.scheduleTask (/Users/karyzheng/dev/texera_workflow_to_py_3/frontend/node_modules/zone.js/fesm2015/zone.js:411:51)\n&apos; +
    &apos;    at Object.onScheduleTask (/Users/karyzheng/dev/texera_workflow_to_py_3/frontend/node_modules/zone.js/fesm2015/zone.js:273:65)\n&apos; +
    &apos;    at _ZoneDelegate.scheduleTask (/Users/karyzheng/dev/texera_workflow_to_py_3/frontend/node_modules/zone.js/fesm2015/zone.js:411:51)\n&apos; +
    &apos;    at ZoneImpl.scheduleTask (/Users/karyzheng/dev/texera_workflow_to_py_3/frontend/node_modules/zone.js/fesm2015/zone.js:207:43)\n&apos; +
    &apos;    at ZoneImpl.scheduleMicroTask (/Users/karyzheng/dev/texera_workflow_to_py_3/frontend/node_modules/zone.js/fesm2015/zone.js:227:25)\n&apos; +
    &apos;    at scheduleResolveOrReject (/Users/karyzheng/dev/texera_workflow_to_py_3/frontend/node_modules/zone.js/fesm2015/zone.js:2527:18)\n&apos; +
    &apos;    at ____________________Elapsed_1_ms__At__Tue_Sep_01_2026_15_49_30_GMT_0700__Pacific_Daylight_Time_ (http://localhost)\n&apos; +
    &apos;    at Object.onScheduleTask (/Users/karyzheng/dev/texera_workflow_to_py_3/frontend/node_modules/zone.js/fesm2015/zone-testing.js:1954:26)\n&apos; +
    &apos;    at _ZoneDelegate.scheduleTask (/Users/karyzheng/dev/texera_workflow_to_py_3/frontend/node_modules/zone.js/fesm2015/zone.js:411:51)\n&apos; +
    &apos;    at Object.onScheduleTask (/Users/karyzheng/dev/texera_workflow_to_py_3/frontend/node_modules/zone.js/fesm2015/zone.js:273:65)\n&apos; +
    &apos;    at _ZoneDelegate.scheduleTask (/Users/karyzheng/dev/texera_workflow_to_py_3/frontend/node_modules/zone.js/fesm2015/zone.js:411:51)\n&apos; +
    &apos;    at ZoneImpl.scheduleTask (/Users/karyzheng/dev/texera_workflow_to_py_3/frontend/node_modules/zone.js/fesm2015/zone.js:207:43)\n&apos; +
    &apos;    at ZoneImpl.scheduleMicroTask (/Users/karyzheng/dev/texera_workflow_to_py_3/frontend/node_modules/zone.js/fesm2015/zone.js:227:25)\n&apos; +
    &apos;    at scheduleResolveOrReject (/Users/karyzheng/dev/texera_workflow_to_py_3/frontend/node_modules/zone.js/fesm2015/zone.js:2527:18)&apos;
}

            </system-err>
        </testcase>
        <testcase classname="src/app/workspace/component/code-editor-dialog/code-editor.component.spec.ts" name="CodeEditorComponent &gt; bulk annotation walk &gt; inserts the accepted suggestion at the model offset for the range end" time="0.032266166">
            <system-err>
DEPRECATED: DI is instantiating a token &quot;AugmentedStubMetadataService&quot; that inherits its @Injectable decorator but does not provide one itself.
This will become an error in a future version of Angular. Please add @Injectable() to the &quot;AugmentedStubMetadataService&quot; class.

TypeError: Cannot read properties of undefined (reading &apos;disabled&apos;)
    at Object.next (/Users/karyzheng/dev/texera_workflow_to_py_3/frontend/src/app/workspace/component/code-editor-dialog/code-editor.component.ts:392:59)
    at ConsumerObserver.next (/Users/karyzheng/dev/texera_workflow_to_py_3/frontend/node_modules/rxjs/dist/cjs/internal/Subscriber.js:113:33)
    at SafeSubscriber.Subscriber._next (/Users/karyzheng/dev/texera_workflow_to_py_3/frontend/node_modules/rxjs/dist/cjs/internal/Subscriber.js:80:26)
    at SafeSubscriber.Subscriber.next (/Users/karyzheng/dev/texera_workflow_to_py_3/frontend/node_modules/rxjs/dist/cjs/internal/Subscriber.js:51:18)
    at /Users/karyzheng/dev/texera_workflow_to_py_3/frontend/node_modules/rxjs/dist/cjs/internal/operators/filter.js:9:164
    at OperatorSubscriber._this._next (/Users/karyzheng/dev/texera_workflow_to_py_3/frontend/node_modules/rxjs/dist/cjs/internal/operators/OperatorSubscriber.js:33:21)
    at OperatorSubscriber.Subscriber.next (/Users/karyzheng/dev/texera_workflow_to_py_3/frontend/node_modules/rxjs/dist/cjs/internal/Subscriber.js:51:18)
    at /Users/karyzheng/dev/texera_workflow_to_py_3/frontend/node_modules/rxjs/dist/cjs/internal/observable/innerFrom.js:120:28
    at _ZoneDelegate.invoke (/Users/karyzheng/dev/texera_workflow_to_py_3/frontend/node_modules/zone.js/fesm2015/zone.js:398:28)
    at Object.onInvoke (file:///Users/karyzheng/dev/texera_workflow_to_py_3/frontend/node_modules/@angular/core/fesm2022/_effect-chunk2.mjs:2516:25)
    at ____________________Elapsed_50_ms__At__Tue_Sep_01_2026_15_49_30_GMT_0700__Pacific_Daylight_Time_ (http://localhost)
    at Object.onScheduleTask (/Users/karyzheng/dev/texera_workflow_to_py_3/frontend/node_modules/zone.js/fesm2015/zone-testing.js:1954:26)
    at _ZoneDelegate.scheduleTask (/Users/karyzheng/dev/texera_workflow_to_py_3/frontend/node_modules/zone.js/fesm2015/zone.js:411:51)
    at Object.onScheduleTask (/Users/karyzheng/dev/texera_workflow_to_py_3/frontend/node_modules/zone.js/fesm2015/zone.js:273:65)
    at _ZoneDelegate.scheduleTask (/Users/karyzheng/dev/texera_workflow_to_py_3/frontend/node_modules/zone.js/fesm2015/zone.js:411:51)
    at ZoneImpl.scheduleTask (/Users/karyzheng/dev/texera_workflow_to_py_3/frontend/node_modules/zone.js/fesm2015/zone.js:207:43)
    at ZoneImpl.scheduleMacroTask (/Users/karyzheng/dev/texera_workflow_to_py_3/frontend/node_modules/zone.js/fesm2015/zone.js:230:25)
    at scheduleMacroTaskWithCurrentZone (/Users/karyzheng/dev/texera_workflow_to_py_3/frontend/node_modules/zone.js/fesm2015/zone.js:723:25)
    at ____________________Elapsed_0_ms__At__Tue_Sep_01_2026_15_49_30_GMT_0700__Pacific_Daylight_Time_ (http://localhost)
    at Object.onScheduleTask (/Users/karyzheng/dev/texera_workflow_to_py_3/frontend/node_modules/zone.js/fesm2015/zone-testing.js:1954:26)
    at _ZoneDelegate.scheduleTask (/Users/karyzheng/dev/texera_workflow_to_py_3/frontend/node_modules/zone.js/fesm2015/zone.js:411:51)
    at Object.onScheduleTask (/Users/karyzheng/dev/texera_workflow_to_py_3/frontend/node_modules/zone.js/fesm2015/zone.js:273:65)
    at _ZoneDelegate.scheduleTask (/Users/karyzheng/dev/texera_workflow_to_py_3/frontend/node_modules/zone.js/fesm2015/zone.js:411:51)
    at ZoneImpl.scheduleTask (/Users/karyzheng/dev/texera_workflow_to_py_3/frontend/node_modules/zone.js/fesm2015/zone.js:207:43)
    at ZoneImpl.scheduleMicroTask (/Users/karyzheng/dev/texera_workflow_to_py_3/frontend/node_modules/zone.js/fesm2015/zone.js:227:25)
    at scheduleResolveOrReject (/Users/karyzheng/dev/texera_workflow_to_py_3/frontend/node_modules/zone.js/fesm2015/zone.js:2527:18)
    ... collapsed 16 duplicate lines matching above 8 lines 2 times... {
  longStack: &quot;TypeError: Cannot read properties of undefined (reading &apos;disabled&apos;)\n&quot; +
    &apos;    at Object.next (/Users/karyzheng/dev/texera_workflow_to_py_3/frontend/src/app/workspace/component/code-editor-dialog/code-editor.component.ts:392:59)\n&apos; +
    &apos;    at ConsumerObserver.next (/Users/karyzheng/dev/texera_workflow_to_py_3/frontend/node_modules/rxjs/dist/cjs/internal/Subscriber.js:113:33)\n&apos; +
    &apos;    at SafeSubscriber.Subscriber._next (/Users/karyzheng/dev/texera_workflow_to_py_3/frontend/node_modules/rxjs/dist/cjs/internal/Subscriber.js:80:26)\n&apos; +
    &apos;    at SafeSubscriber.Subscriber.next (/Users/karyzheng/dev/texera_workflow_to_py_3/frontend/node_modules/rxjs/dist/cjs/internal/Subscriber.js:51:18)\n&apos; +
    &apos;    at /Users/karyzheng/dev/texera_workflow_to_py_3/frontend/node_modules/rxjs/dist/cjs/internal/operators/filter.js:9:164\n&apos; +
    &apos;    at OperatorSubscriber._this._next (/Users/karyzheng/dev/texera_workflow_to_py_3/frontend/node_modules/rxjs/dist/cjs/internal/operators/OperatorSubscriber.js:33:21)\n&apos; +
    &apos;    at OperatorSubscriber.Subscriber.next (/Users/karyzheng/dev/texera_workflow_to_py_3/frontend/node_modules/rxjs/dist/cjs/internal/Subscriber.js:51:18)\n&apos; +
    &apos;    at /Users/karyzheng/dev/texera_workflow_to_py_3/frontend/node_modules/rxjs/dist/cjs/internal/observable/innerFrom.js:120:28\n&apos; +
    &apos;    at _ZoneDelegate.invoke (/Users/karyzheng/dev/texera_workflow_to_py_3/frontend/node_modules/zone.js/fesm2015/zone.js:398:28)\n&apos; +
    &apos;    at Object.onInvoke (file:///Users/karyzheng/dev/texera_workflow_to_py_3/frontend/node_modules/@angular/core/fesm2022/_effect-chunk2.mjs:2516:25)\n&apos; +
    &apos;    at ____________________Elapsed_50_ms__At__Tue_Sep_01_2026_15_49_30_GMT_0700__Pacific_Daylight_Time_ (http://localhost)\n&apos; +
    &apos;    at Object.onScheduleTask (/Users/karyzheng/dev/texera_workflow_to_py_3/frontend/node_modules/zone.js/fesm2015/zone-testing.js:1954:26)\n&apos; +
    &apos;    at _ZoneDelegate.scheduleTask (/Users/karyzheng/dev/texera_workflow_to_py_3/frontend/node_modules/zone.js/fesm2015/zone.js:411:51)\n&apos; +
    &apos;    at Object.onScheduleTask (/Users/karyzheng/dev/texera_workflow_to_py_3/frontend/node_modules/zone.js/fesm2015/zone.js:273:65)\n&apos; +
    &apos;    at _ZoneDelegate.scheduleTask (/Users/karyzheng/dev/texera_workflow_to_py_3/frontend/node_modules/zone.js/fesm2015/zone.js:411:51)\n&apos; +
    &apos;    at ZoneImpl.scheduleTask (/Users/karyzheng/dev/texera_workflow_to_py_3/frontend/node_modules/zone.js/fesm2015/zone.js:207:43)\n&apos; +
    &apos;    at ZoneImpl.scheduleMacroTask (/Users/karyzheng/dev/texera_workflow_to_py_3/frontend/node_modules/zone.js/fesm2015/zone.js:230:25)\n&apos; +
    &apos;    at scheduleMacroTaskWithCurrentZone (/Users/karyzheng/dev/texera_workflow_to_py_3/frontend/node_modules/zone.js/fesm2015/zone.js:723:25)\n&apos; +
    &apos;    at ____________________Elapsed_0_ms__At__Tue_Sep_01_2026_15_49_30_GMT_0700__Pacific_Daylight_Time_ (http://localhost)\n&apos; +
    &apos;    at Object.onScheduleTask (/Users/karyzheng/dev/texera_workflow_to_py_3/frontend/node_modules/zone.js/fesm2015/zone-testing.js:1954:26)\n&apos; +
    &apos;    at _ZoneDelegate.scheduleTask (/Users/karyzheng/dev/texera_workflow_to_py_3/frontend/node_modules/zone.js/fesm2015/zone.js:411:51)\n&apos; +
    &apos;    at Object.onScheduleTask (/Users/karyzheng/dev/texera_workflow_to_py_3/frontend/node_modules/zone.js/fesm2015/zone.js:273:65)\n&apos; +
    &apos;    at _ZoneDelegate.scheduleTask (/Users/karyzheng/dev/texera_workflow_to_py_3/frontend/node_modules/zone.js/fesm2015/zone.js:411:51)\n&apos; +
    &apos;    at ZoneImpl.scheduleTask (/Users/karyzheng/dev/texera_workflow_to_py_3/frontend/node_modules/zone.js/fesm2015/zone.js:207:43)\n&apos; +
    &apos;    at ZoneImpl.scheduleMicroTask (/Users/karyzheng/dev/texera_workflow_to_py_3/frontend/node_modules/zone.js/fesm2015/zone.js:227:25)\n&apos; +
    &apos;    at scheduleResolveOrReject (/Users/karyzheng/dev/texera_workflow_to_py_3/frontend/node_modules/zone.js/fesm2015/zone.js:2527:18)\n&apos; +
    &apos;    at ____________________Elapsed_0_ms__At__Tue_Sep_01_2026_15_49_30_GMT_0700__Pacific_Daylight_Time_ (http://localhost)\n&apos; +
    &apos;    at Object.onScheduleTask (/Users/karyzheng/dev/texera_workflow_to_py_3/frontend/node_modules/zone.js/fesm2015/zone-testing.js:1954:26)\n&apos; +
    &apos;    at _ZoneDelegate.scheduleTask (/Users/karyzheng/dev/texera_workflow_to_py_3/frontend/node_modules/zone.js/fesm2015/zone.js:411:51)\n&apos; +
    &apos;    at Object.onScheduleTask (/Users/karyzheng/dev/texera_workflow_to_py_3/frontend/node_modules/zone.js/fesm2015/zone.js:273:65)\n&apos; +
    &apos;    at _ZoneDelegate.scheduleTask (/Users/karyzheng/dev/texera_workflow_to_py_3/frontend/node_modules/zone.js/fesm2015/zone.js:411:51)\n&apos; +
    &apos;    at ZoneImpl.scheduleTask (/Users/karyzheng/dev/texera_workflow_to_py_3/frontend/node_modules/zone.js/fesm2015/zone.js:207:43)\n&apos; +
    &apos;    at ZoneImpl.scheduleMicroTask (/Users/karyzheng/dev/texera_workflow_to_py_3/frontend/node_modules/zone.js/fesm2015/zone.js:227:25)\n&apos; +
    &apos;    at scheduleResolveOrReject (/Users/karyzheng/dev/texera_workflow_to_py_3/frontend/node_modules/zone.js/fesm2015/zone.js:2527:18)\n&apos; +
    &apos;    at ____________________Elapsed_0_ms__At__Tue_Sep_01_2026_15_49_30_GMT_0700__Pacific_Daylight_Time_ (http://localhost)\n&apos; +
    &apos;    at Object.onScheduleTask (/Users/karyzheng/dev/texera_workflow_to_py_3/frontend/node_modules/zone.js/fesm2015/zone-testing.js:1954:26)\n&apos; +
    &apos;    at _ZoneDelegate.scheduleTask (/Users/karyzheng/dev/texera_workflow_to_py_3/frontend/node_modules/zone.js/fesm2015/zone.js:411:51)\n&apos; +
    &apos;    at Object.onScheduleTask (/Users/karyzheng/dev/texera_workflow_to_py_3/frontend/node_modules/zone.js/fesm2015/zone.js:273:65)\n&apos; +
    &apos;    at _ZoneDelegate.scheduleTask (/Users/karyzheng/dev/texera_workflow_to_py_3/frontend/node_modules/zone.js/fesm2015/zone.js:411:51)\n&apos; +
    &apos;    at ZoneImpl.scheduleTask (/Users/karyzheng/dev/texera_workflow_to_py_3/frontend/node_modules/zone.js/fesm2015/zone.js:207:43)\n&apos; +
    &apos;    at ZoneImpl.scheduleMicroTask (/Users/karyzheng/dev/texera_workflow_to_py_3/frontend/node_modules/zone.js/fesm2015/zone.js:227:25)\n&apos; +
    &apos;    at scheduleResolveOrReject (/Users/karyzheng/dev/texera_workflow_to_py_3/frontend/node_modules/zone.js/fesm2015/zone.js:2527:18)&apos;
}

            </system-err>
        </testcase>
        <testcase classname="src/app/workspace/component/code-editor-dialog/code-editor.component.spec.ts" name="CodeEditorComponent &gt; handleTypeAnnotation &gt; stages the trimmed suggestion and pushes it into the rendered suggestion panel" time="0.010875542">
            <system-err>
DEPRECATED: DI is instantiating a token &quot;AugmentedStubMetadataService&quot; that inherits its @Injectable decorator but does not provide one itself.
This will become an error in a future version of Angular. Please add @Injectable() to the &quot;AugmentedStubMetadataService&quot; class.

            </system-err>
        </testcase>
        <testcase classname="src/app/workspace/component/code-editor-dialog/code-editor.component.spec.ts" name="CodeEditorComponent &gt; handleTypeAnnotation &gt; leaves the suggestion offsets alone when the range is scrolled out of view" time="0.045157">
            <system-err>
DEPRECATED: DI is instantiating a token &quot;AugmentedStubMetadataService&quot; that inherits its @Injectable decorator but does not provide one itself.
This will become an error in a future version of Angular. Please add @Injectable() to the &quot;AugmentedStubMetadataService&quot; class.

            </system-err>
        </testcase>
        <testcase classname="src/app/workspace/component/code-editor-dialog/code-editor.component.spec.ts" name="CodeEditorComponent &gt; handleTypeAnnotation &gt; raises and stages nothing when the AI response carries no choices field" time="0.068414875">
            <system-err>
DEPRECATED: DI is instantiating a token &quot;AugmentedStubMetadataService&quot; that inherits its @Injectable decorator but does not provide one itself.
This will become an error in a future version of Angular. Please add @Injectable() to the &quot;AugmentedStubMetadataService&quot; class.

            </system-err>
        </testcase>
        <testcase classname="src/app/workspace/component/code-editor-dialog/code-editor.component.spec.ts" name="CodeEditorComponent &gt; handleTypeAnnotation &gt; raises and stages nothing when the AI response carries an empty choices array" time="0.046746625">
            <system-err>
DEPRECATED: DI is instantiating a token &quot;AugmentedStubMetadataService&quot; that inherits its @Injectable decorator but does not provide one itself.
This will become an error in a future version of Angular. Please add @Injectable() to the &quot;AugmentedStubMetadataService&quot; class.

            </system-err>
        </testcase>
        <testcase classname="src/app/workspace/component/code-editor-dialog/code-editor.component.spec.ts" name="CodeEditorComponent &gt; handleTypeAnnotation &gt; raises and stages nothing when the AI response carries a choice with no message" time="0.049774209">
            <system-err>
DEPRECATED: DI is instantiating a token &quot;AugmentedStubMetadataService&quot; that inherits its @Injectable decorator but does not provide one itself.
This will become an error in a future version of Angular. Please add @Injectable() to the &quot;AugmentedStubMetadataService&quot; class.

            </system-err>
        </testcase>
        <testcase classname="src/app/workspace/component/code-editor-dialog/code-editor.component.spec.ts" name="CodeEditorComponent &gt; handleTypeAnnotation &gt; raises and stages nothing when the AI response carries a message with empty content" time="0.037735375">
            <system-err>
DEPRECATED: DI is instantiating a token &quot;AugmentedStubMetadataService&quot; that inherits its @Injectable decorator but does not provide one itself.
This will become an error in a future version of Angular. Please add @Injectable() to the &quot;AugmentedStubMetadataService&quot; class.

            </system-err>
        </testcase>
        <testcase classname="src/app/workspace/component/code-editor-dialog/code-editor.component.spec.ts" name="CodeEditorComponent &gt; container geometry &gt; restores the geometry saved under this operator id" time="0.007170958">
            <system-err>
DEPRECATED: DI is instantiating a token &quot;AugmentedStubMetadataService&quot; that inherits its @Injectable decorator but does not provide one itself.
This will become an error in a future version of Angular. Please add @Injectable() to the &quot;AugmentedStubMetadataService&quot; class.

            </system-err>
        </testcase>
        <testcase classname="src/app/workspace/component/code-editor-dialog/code-editor.component.spec.ts" name="CodeEditorComponent &gt; container geometry &gt; writes the geometry back under this operator id on destroy" time="0.02437675">
            <system-err>
DEPRECATED: DI is instantiating a token &quot;AugmentedStubMetadataService&quot; that inherits its @Injectable decorator but does not provide one itself.
This will become an error in a future version of Angular. Please add @Injectable() to the &quot;AugmentedStubMetadataService&quot; class.

            </system-err>
        </testcase>
        <testcase classname="src/app/workspace/component/code-editor-dialog/code-editor.component.spec.ts" name="CodeEditorComponent &gt; container geometry &gt; clamps a container that overflows the viewport on both axes" time="0.022065792">
            <system-err>
DEPRECATED: DI is instantiating a token &quot;AugmentedStubMetadataService&quot; that inherits its @Injectable decorator but does not provide one itself.
This will become an error in a future version of Angular. Please add @Injectable() to the &quot;AugmentedStubMetadataService&quot; class.

            </system-err>
        </testcase>
        <testcase classname="src/app/workspace/component/code-editor-dialog/code-editor.component.spec.ts" name="CodeEditorComponent &gt; container geometry &gt; leaves a container that already fits the viewport untouched" time="0.041064792">
            <system-err>
DEPRECATED: DI is instantiating a token &quot;AugmentedStubMetadataService&quot; that inherits its @Injectable decorator but does not provide one itself.
This will become an error in a future version of Angular. Please add @Injectable() to the &quot;AugmentedStubMetadataService&quot; class.

            </system-err>
        </testcase>
        <testcase classname="src/app/workspace/component/code-editor-dialog/code-editor.component.spec.ts" name="CodeEditorComponent &gt; container geometry &gt; survives a resize before any editor has been mounted" time="0.023057084">
            <system-err>
DEPRECATED: DI is instantiating a token &quot;AugmentedStubMetadataService&quot; that inherits its @Injectable decorator but does not provide one itself.
This will become an error in a future version of Angular. Please add @Injectable() to the &quot;AugmentedStubMetadataService&quot; class.

            </system-err>
        </testcase>
        <testcase classname="src/app/workspace/component/code-editor-dialog/code-editor.component.spec.ts" name="CodeEditorComponent &gt; monaco worker wiring &gt; points each monaco worker label at its own worker entry point" time="0.0149885">
            <system-err>
DEPRECATED: DI is instantiating a token &quot;AugmentedStubMetadataService&quot; that inherits its @Injectable decorator but does not provide one itself.
This will become an error in a future version of Angular. Please add @Injectable() to the &quot;AugmentedStubMetadataService&quot; class.

            </system-err>
        </testcase>
        <testcase classname="src/app/workspace/component/code-editor-dialog/code-editor.component.spec.ts" name="CodeEditorComponent &gt; monaco worker wiring &gt; refuses a worker label it has no entry point for" time="0.00806575">
            <system-err>
DEPRECATED: DI is instantiating a token &quot;AugmentedStubMetadataService&quot; that inherits its @Injectable decorator but does not provide one itself.
This will become an error in a future version of Angular. Please add @Injectable() to the &quot;AugmentedStubMetadataService&quot; class.

            </system-err>
        </testcase>
        <testcase classname="src/app/workspace/component/code-editor-dialog/code-editor.component.spec.ts" name="CodeEditorComponent &gt; vscode API bring-up &gt; drops the cached start promise when the vscode API fails so a later open retries" time="0.015285458">
            <system-err>
DEPRECATED: DI is instantiating a token &quot;AugmentedStubMetadataService&quot; that inherits its @Injectable decorator but does not provide one itself.
This will become an error in a future version of Angular. Please add @Injectable() to the &quot;AugmentedStubMetadataService&quot; class.

            </system-err>
        </testcase>
        <testcase classname="src/app/workspace/component/code-editor-dialog/code-editor.component.spec.ts" name="CodeEditorComponent &gt; monaco editor bring-up &gt; binds the shared yjs text to the mounted editor and hands that editor to the debugger" time="1.056285291">
            <system-err>
DEPRECATED: DI is instantiating a token &quot;AugmentedStubMetadataService&quot; that inherits its @Injectable decorator but does not provide one itself.
This will become an error in a future version of Angular. Please add @Injectable() to the &quot;AugmentedStubMetadataService&quot; class.

            </system-err>
        </testcase>
        <testcase classname="src/app/workspace/component/code-editor-dialog/code-editor.component.spec.ts" name="CodeEditorComponent &gt; monaco editor bring-up &gt; opens the editor read-only when the operator&apos;s form control is disabled" time="1.047981084">
            <system-err>
DEPRECATED: DI is instantiating a token &quot;AugmentedStubMetadataService&quot; that inherits its @Injectable decorator but does not provide one itself.
This will become an error in a future version of Angular. Please add @Injectable() to the &quot;AugmentedStubMetadataService&quot; class.

            </system-err>
        </testcase>
        <testcase classname="src/app/workspace/component/code-editor-dialog/code-editor.component.spec.ts" name="CodeEditorComponent &gt; monaco editor bring-up &gt; opens the editor writable when the operator&apos;s form control is enabled" time="1.06840675">
            <system-err>
DEPRECATED: DI is instantiating a token &quot;AugmentedStubMetadataService&quot; that inherits its @Injectable decorator but does not provide one itself.
This will become an error in a future version of Angular. Please add @Injectable() to the &quot;AugmentedStubMetadataService&quot; class.

            </system-err>
        </testcase>
        <testcase classname="src/app/workspace/component/code-editor-dialog/code-editor.component.spec.ts" name="CodeEditorComponent &gt; monaco editor bring-up &gt; re-tokenizes every line of the model once the editor is mounted" time="1.038245584">
            <system-err>
DEPRECATED: DI is instantiating a token &quot;AugmentedStubMetadataService&quot; that inherits its @Injectable decorator but does not provide one itself.
This will become an error in a future version of Angular. Please add @Injectable() to the &quot;AugmentedStubMetadataService&quot; class.

            </system-err>
        </testcase>
        <testcase classname="src/app/workspace/component/code-editor-dialog/code-editor.component.spec.ts" name="CodeEditorComponent &gt; monaco editor bring-up &gt; mounts the editor but binds nothing when the operator holds no shared code" time="1.030997334">
            <system-err>
DEPRECATED: DI is instantiating a token &quot;AugmentedStubMetadataService&quot; that inherits its @Injectable decorator but does not provide one itself.
This will become an error in a future version of Angular. Please add @Injectable() to the &quot;AugmentedStubMetadataService&quot; class.

            </system-err>
        </testcase>
        <testcase classname="src/app/workspace/component/code-editor-dialog/code-editor.component.spec.ts" name="CodeEditorComponent &gt; monaco editor bring-up &gt; destroys the previous binding and detaches the previous listener on a second bring-up" time="2.043447625">
            <system-err>
DEPRECATED: DI is instantiating a token &quot;AugmentedStubMetadataService&quot; that inherits its @Injectable decorator but does not provide one itself.
This will become an error in a future version of Angular. Please add @Injectable() to the &quot;AugmentedStubMetadataService&quot; class.

Element already has context attribute

            </system-err>
        </testcase>
        <testcase classname="src/app/workspace/component/code-editor-dialog/code-editor.component.spec.ts" name="CodeEditorComponent &gt; monaco editor bring-up &gt; keeps the editor usable when the python language server never answers" time="2.277783959">
            <system-err>
DEPRECATED: DI is instantiating a token &quot;AugmentedStubMetadataService&quot; that inherits its @Injectable decorator but does not provide one itself.
This will become an error in a future version of Angular. Please add @Injectable() to the &quot;AugmentedStubMetadataService&quot; class.

            </system-err>
        </testcase>
        <testcase classname="src/app/workspace/component/code-editor-dialog/code-editor.component.spec.ts" name="CodeEditorComponent &gt; version-diff editor &gt; diffs the version being viewed against the latest editing version" time="0.0860075">
            <system-err>
DEPRECATED: DI is instantiating a token &quot;AugmentedStubMetadataService&quot; that inherits its @Injectable decorator but does not provide one itself.
This will become an error in a future version of Angular. Please add @Injectable() to the &quot;AugmentedStubMetadataService&quot; class.

            </system-err>
        </testcase>
        <testcase classname="src/app/workspace/component/code-editor-dialog/code-editor.component.spec.ts" name="CodeEditorComponent &gt; version-diff editor &gt; shows an empty latest version when the temp workflow has no entry for this operator" time="0.044616541">
            <system-err>
DEPRECATED: DI is instantiating a token &quot;AugmentedStubMetadataService&quot; that inherits its @Injectable decorator but does not provide one itself.
This will become an error in a future version of Angular. Please add @Injectable() to the &quot;AugmentedStubMetadataService&quot; class.

            </system-err>
        </testcase>
        <testcase classname="src/app/workspace/component/code-editor-dialog/code-editor.component.spec.ts" name="CodeEditorComponent &gt; version-diff editor &gt; shows an empty viewed version when the operator holds no shared code" time="0.03595925">
            <system-err>
DEPRECATED: DI is instantiating a token &quot;AugmentedStubMetadataService&quot; that inherits its @Injectable decorator but does not provide one itself.
This will become an error in a future version of Angular. Please add @Injectable() to the &quot;AugmentedStubMetadataService&quot; class.

            </system-err>
        </testcase>
        <testcase classname="src/app/workspace/component/code-editor-dialog/code-editor.component.spec.ts" name="CodeEditorComponent &gt; teardown &gt; detaches the yjs code listener it attached" time="0.009591167">
            <system-err>
DEPRECATED: DI is instantiating a token &quot;AugmentedStubMetadataService&quot; that inherits its @Injectable decorator but does not provide one itself.
This will become an error in a future version of Angular. Please add @Injectable() to the &quot;AugmentedStubMetadataService&quot; class.

            </system-err>
        </testcase>
        <testcase classname="src/app/workspace/component/code-editor-dialog/code-editor.component.spec.ts" name="CodeEditorComponent &gt; teardown &gt; shuts the language client down before the editor and swallows both failures" time="0.029330292">
            <system-err>
DEPRECATED: DI is instantiating a token &quot;AugmentedStubMetadataService&quot; that inherits its @Injectable decorator but does not provide one itself.
This will become an error in a future version of Angular. Please add @Injectable() to the &quot;AugmentedStubMetadataService&quot; class.

            </system-err>
        </testcase>
        <testcase classname="src/app/workspace/component/code-editor-dialog/code-editor.component.spec.ts" name="CodeEditorComponent &gt; window resize &gt; clamps the dialog through the window resize host listener" time="0.007486292">
            <system-err>
DEPRECATED: DI is instantiating a token &quot;AugmentedStubMetadataService&quot; that inherits its @Injectable decorator but does not provide one itself.
This will become an error in a future version of Angular. Please add @Injectable() to the &quot;AugmentedStubMetadataService&quot; class.

            </system-err>
        </testcase>
        <testcase classname="src/app/workspace/component/code-editor-dialog/code-editor.component.spec.ts" name="CodeEditorComponent &gt; insertTypeAnnotations &gt; inserts at the start of the document when there is no model to measure against" time="0.010718042">
            <system-err>
DEPRECATED: DI is instantiating a token &quot;AugmentedStubMetadataService&quot; that inherits its @Injectable decorator but does not provide one itself.
This will become an error in a future version of Angular. Please add @Injectable() to the &quot;AugmentedStubMetadataService&quot; class.

            </system-err>
        </testcase>
    </testsuite>
    <testsuite name="src/app/workspace/component/codearea-custom-template/codearea-custom-template.component.spec.ts" timestamp="2026-09-01T22:49:41.646Z" hostname="dhcp-172-27-096-224.mobile.uci.edu" tests="8" failures="0" errors="0" skipped="0" time="0.021321333">
        <testcase classname="src/app/workspace/component/codearea-custom-template/codearea-custom-template.component.spec.ts" name="CodeareaCustomTemplateComponent &gt; should create" time="0.004671625">
        </testcase>
        <testcase classname="src/app/workspace/component/codearea-custom-template/codearea-custom-template.component.spec.ts" name="CodeareaCustomTemplateComponent &gt; editor-open state &gt; marks the operator&apos;s editor open and hands the field&apos;s control to it" time="0.002806042">
        </testcase>
        <testcase classname="src/app/workspace/component/codearea-custom-template/codearea-custom-template.component.spec.ts" name="CodeareaCustomTemplateComponent &gt; editor-open state &gt; clears the flag again when the editor component is destroyed" time="0.002594542">
        </testcase>
        <testcase classname="src/app/workspace/component/codearea-custom-template/codearea-custom-template.component.spec.ts" name="CodeareaCustomTemplateComponent &gt; editor-open state &gt; opens the editor when a co-editor opens one" time="0.002546792">
        </testcase>
        <testcase classname="src/app/workspace/component/codearea-custom-template/codearea-custom-template.component.spec.ts" name="CodeareaCustomTemplateComponent &gt; editor-open state &gt; tears this client&apos;s editor down when any co-editor closes one, whichever operator it names" time="0.002009375">
        </testcase>
        <testcase classname="src/app/workspace/component/codearea-custom-template/codearea-custom-template.component.spec.ts" name="CodeareaCustomTemplateComponent &gt; editor-open state &gt; stays quiet when a co-editor closes an editor this panel never opened" time="0.00329575">
        </testcase>
        <testcase classname="src/app/workspace/component/codearea-custom-template/codearea-custom-template.component.spec.ts" name="CodeareaCustomTemplateComponent &gt; editor-open state &gt; persists the open flag on destroy so a reopened panel restores it" time="0.0016895">
        </testcase>
        <testcase classname="src/app/workspace/component/codearea-custom-template/codearea-custom-template.component.spec.ts" name="CodeareaCustomTemplateComponent &gt; editor-open state &gt; tracks an external state change through ngOnInit&apos;s subscription" time="0.00150525">
        </testcase>
    </testsuite>
    <testsuite name="src/app/workspace/component/constrained-value/constrained-value.component.spec.ts" timestamp="2026-09-01T22:49:41.647Z" hostname="dhcp-172-27-096-224.mobile.uci.edu" tests="9" failures="0" errors="0" skipped="0" time="0.080438458">
        <testcase classname="src/app/workspace/component/constrained-value/constrained-value.component.spec.ts" name="ConstrainedValueComponent &gt; offers the accepted values as a dropdown when the parameter is chosen from a set" time="0.017636458">
        </testcase>
        <testcase classname="src/app/workspace/component/constrained-value/constrained-value.component.spec.ts" name="ConstrainedValueComponent &gt; gives a numeric parameter a number input instead" time="0.008476833">
        </testcase>
        <testcase classname="src/app/workspace/component/constrained-value/constrained-value.component.spec.ts" name="ConstrainedValueComponent &gt; keeps a parameter described by a pattern on a text input, since it may hold a word" time="0.004533333">
        </testcase>
        <testcase classname="src/app/workspace/component/constrained-value/constrained-value.component.spec.ts" name="ConstrainedValueComponent &gt; leaves a parameter no branch names as a plain text box" time="0.003887833">
        </testcase>
        <testcase classname="src/app/workspace/component/constrained-value/constrained-value.component.spec.ts" name="ConstrainedValueComponent &gt; follows the row when the parameter beside it changes" time="0.016413375">
        </testcase>
        <testcase classname="src/app/workspace/component/constrained-value/constrained-value.component.spec.ts" name="ConstrainedValueComponent &gt; writes the control as a string whichever control produced the value" time="0.003779209">
        </testcase>
        <testcase classname="src/app/workspace/component/constrained-value/constrained-value.component.spec.ts" name="ConstrainedValueComponent &gt; writes an empty string when a dropdown is cleared" time="0.008485333">
        </testcase>
        <testcase classname="src/app/workspace/component/constrained-value/constrained-value.component.spec.ts" name="ConstrainedValueComponent &gt; marks the control touched so the error shows on the first bad value" time="0.007364667">
        </testcase>
        <testcase classname="src/app/workspace/component/constrained-value/constrained-value.component.spec.ts" name="ConstrainedValueComponent &gt; reads an unset control as an empty string rather than null" time="0.009299041">
        </testcase>
    </testsuite>
    <testsuite name="src/app/workspace/component/dataset-file-selector/dataset-file-selector.component.spec.ts" timestamp="2026-09-01T22:49:41.647Z" hostname="dhcp-172-27-096-224.mobile.uci.edu" tests="11" failures="0" errors="0" skipped="0" time="0.033090125">
        <testcase classname="src/app/workspace/component/dataset-file-selector/dataset-file-selector.component.spec.ts" name="DatasetFileSelectorComponent &gt; should create" time="0.002927">
        </testcase>
        <testcase classname="src/app/workspace/component/dataset-file-selector/dataset-file-selector.component.spec.ts" name="DatasetFileSelectorComponent &gt; opens the dataset selection modal once when clicked" time="0.002067792">
        </testcase>
        <testcase classname="src/app/workspace/component/dataset-file-selector/dataset-file-selector.component.spec.ts" name="DatasetFileSelectorComponent &gt; writes the chosen path back into the form control when a path is selected" time="0.001507417">
        </testcase>
        <testcase classname="src/app/workspace/component/dataset-file-selector/dataset-file-selector.component.spec.ts" name="DatasetFileSelectorComponent &gt; leaves the form control unchanged when the modal is dismissed without a path" time="0.001219125">
        </testcase>
        <testcase classname="src/app/workspace/component/dataset-file-selector/dataset-file-selector.component.spec.ts" name="DatasetFileSelectorComponent &gt; exposes isFileSelectionEnabled from the GUI config" time="0.000800125">
        </testcase>
        <testcase classname="src/app/workspace/component/dataset-file-selector/dataset-file-selector.component.spec.ts" name="DatasetFileSelectorComponent &gt; template rendering &gt; shows the chosen path alongside the Select File button" time="0.00287275">
        </testcase>
        <testcase classname="src/app/workspace/component/dataset-file-selector/dataset-file-selector.component.spec.ts" name="DatasetFileSelectorComponent &gt; template rendering &gt; keeps the path input read-only when file selection is enabled" time="0.003725459">
        </testcase>
        <testcase classname="src/app/workspace/component/dataset-file-selector/dataset-file-selector.component.spec.ts" name="DatasetFileSelectorComponent &gt; template rendering &gt; shows only the Select File button until a path has been chosen" time="0.005133875">
        </testcase>
        <testcase classname="src/app/workspace/component/dataset-file-selector/dataset-file-selector.component.spec.ts" name="DatasetFileSelectorComponent &gt; template rendering &gt; falls back to a typeable path input when file selection is disabled" time="0.0077825">
        </testcase>
        <testcase classname="src/app/workspace/component/dataset-file-selector/dataset-file-selector.component.spec.ts" name="DatasetFileSelectorComponent &gt; template rendering &gt; opens the selection modal when the Select File button is clicked" time="0.002282833">
        </testcase>
        <testcase classname="src/app/workspace/component/dataset-file-selector/dataset-file-selector.component.spec.ts" name="DatasetFileSelectorComponent &gt; template rendering &gt; does not open the modal if the button is triggered while file selection is disabled" time="0.002203041">
        </testcase>
    </testsuite>
    <testsuite name="src/app/workspace/component/dataset-selection-modal/dataset-search.util.spec.ts" timestamp="2026-09-01T22:49:41.648Z" hostname="dhcp-172-27-096-224.mobile.uci.edu" tests="14" failures="0" errors="0" skipped="0" time="0.001388958">
        <testcase classname="src/app/workspace/component/dataset-selection-modal/dataset-search.util.spec.ts" name="datasetMatchesQuery &gt; matches by name, case-insensitively" time="0.000311458">
        </testcase>
        <testcase classname="src/app/workspace/component/dataset-selection-modal/dataset-search.util.spec.ts" name="datasetMatchesQuery &gt; matches by numeric id" time="0.00007725">
        </testcase>
        <testcase classname="src/app/workspace/component/dataset-selection-modal/dataset-search.util.spec.ts" name="datasetMatchesQuery &gt; matches the id typed with the leading # shown in the dropdown label" time="0.00007675">
        </testcase>
        <testcase classname="src/app/workspace/component/dataset-selection-modal/dataset-search.util.spec.ts" name="datasetMatchesQuery &gt; does not match when neither name nor id contains the query" time="0.000060542">
        </testcase>
        <testcase classname="src/app/workspace/component/dataset-selection-modal/dataset-search.util.spec.ts" name="datasetMatchesQuery &gt; treats an empty or whitespace query as matching everything" time="0.000055834">
        </testcase>
        <testcase classname="src/app/workspace/component/dataset-selection-modal/dataset-search.util.spec.ts" name="datasetMatchesQuery &gt; trims and lowercases the query" time="0.00005675">
        </testcase>
        <testcase classname="src/app/workspace/component/dataset-selection-modal/dataset-search.util.spec.ts" name="datasetMatchesQuery &gt; handles missing name or id safely" time="0.000068625">
        </testcase>
        <testcase classname="src/app/workspace/component/dataset-selection-modal/dataset-search.util.spec.ts" name="datasetMatchesQuery &gt; matches when the query appears in the name but not the id (and vice versa)" time="0.000055125">
        </testcase>
        <testcase classname="src/app/workspace/component/dataset-selection-modal/dataset-search.util.spec.ts" name="datasetMatchesQuery &gt; does not partially match across the name/id boundary" time="0.000048417">
        </testcase>
        <testcase classname="src/app/workspace/component/dataset-selection-modal/dataset-search.util.spec.ts" name="filterDatasetOption &gt; matches by dataset name pulled from the option value" time="0.000120583">
        </testcase>
        <testcase classname="src/app/workspace/component/dataset-selection-modal/dataset-search.util.spec.ts" name="filterDatasetOption &gt; matches by dataset #id pulled from the option value" time="0.000091167">
        </testcase>
        <testcase classname="src/app/workspace/component/dataset-selection-modal/dataset-search.util.spec.ts" name="filterDatasetOption &gt; matches the #&lt;id&gt; form typed as displayed in the UI label" time="0.000058334">
        </testcase>
        <testcase classname="src/app/workspace/component/dataset-selection-modal/dataset-search.util.spec.ts" name="filterDatasetOption &gt; is safe (and matches only on empty query) when the option has no value" time="0.000070125">
        </testcase>
        <testcase classname="src/app/workspace/component/dataset-selection-modal/dataset-search.util.spec.ts" name="filterDatasetOption &gt; treats a null/undefined query as an empty query (matches everything)" time="0.00006275">
        </testcase>
    </testsuite>
    <testsuite name="src/app/workspace/component/dataset-selection-modal/dataset-selection-modal.component.spec.ts" timestamp="2026-09-01T22:49:41.648Z" hostname="dhcp-172-27-096-224.mobile.uci.edu" tests="16" failures="0" errors="0" skipped="0" time="0.48798675">
        <testcase classname="src/app/workspace/component/dataset-selection-modal/dataset-selection-modal.component.spec.ts" name="DatasetSelectionModalComponent &gt; creates and renders, loading the accessible datasets" time="0.032218958">
        </testcase>
        <testcase classname="src/app/workspace/component/dataset-selection-modal/dataset-selection-modal.component.spec.ts" name="DatasetSelectionModalComponent &gt; ngOnInit initializes selectedDataset and selectedVersion from data.selectedPath" time="0.034079542">
        </testcase>
        <testcase classname="src/app/workspace/component/dataset-selection-modal/dataset-selection-modal.component.spec.ts" name="DatasetSelectionModalComponent &gt; ngOnInit also accepts a legacy unprefixed data.selectedPath" time="0.0514645">
        </testcase>
        <testcase classname="src/app/workspace/component/dataset-selection-modal/dataset-selection-modal.component.spec.ts" name="DatasetSelectionModalComponent &gt; onDatasetChange loads the version list and auto-selects a version in file mode" time="0.046794583">
        </testcase>
        <testcase classname="src/app/workspace/component/dataset-selection-modal/dataset-selection-modal.component.spec.ts" name="DatasetSelectionModalComponent &gt; onVersionChange composes selectedPath from the dataset/version in non-file mode" time="0.031801709">
        </testcase>
        <testcase classname="src/app/workspace/component/dataset-selection-modal/dataset-selection-modal.component.spec.ts" name="DatasetSelectionModalComponent &gt; onFileSelected sets selectedPath to the node&apos;s full path in file mode" time="0.016430583">
        </testcase>
        <testcase classname="src/app/workspace/component/dataset-selection-modal/dataset-selection-modal.component.spec.ts" name="DatasetSelectionModalComponent &gt; onConfirmSelection closes the modal with the selected path" time="0.015907709">
        </testcase>
        <testcase classname="src/app/workspace/component/dataset-selection-modal/dataset-selection-modal.component.spec.ts" name="DatasetSelectionModalComponent &gt; onDatasetChange does nothing while no dataset is selected" time="0.043589084">
        </testcase>
        <testcase classname="src/app/workspace/component/dataset-selection-modal/dataset-selection-modal.component.spec.ts" name="DatasetSelectionModalComponent &gt; onDatasetChange loads the versions but auto-selects none in non-file mode" time="0.03535875">
        </testcase>
        <testcase classname="src/app/workspace/component/dataset-selection-modal/dataset-selection-modal.component.spec.ts" name="DatasetSelectionModalComponent &gt; onVersionChange does nothing while no version is selected" time="0.017319041">
        </testcase>
        <testcase classname="src/app/workspace/component/dataset-selection-modal/dataset-selection-modal.component.spec.ts" name="DatasetSelectionModalComponent &gt; onFileSelected ignores the node in non-file mode" time="0.013045084">
        </testcase>
        <testcase classname="src/app/workspace/component/dataset-selection-modal/dataset-selection-modal.component.spec.ts" name="DatasetSelectionModalComponent &gt; rendered modal &gt; labels an owned dataset OWNER and a shared one by its access privilege" time="0.020113584">
        </testcase>
        <testcase classname="src/app/workspace/component/dataset-selection-modal/dataset-selection-modal.component.spec.ts" name="DatasetSelectionModalComponent &gt; rendered modal &gt; looks up the versions of whichever dataset the first dropdown reports" time="0.014393792">
        </testcase>
        <testcase classname="src/app/workspace/component/dataset-selection-modal/dataset-selection-modal.component.spec.ts" name="DatasetSelectionModalComponent &gt; rendered modal &gt; enables the Select button once the second dropdown reports a version" time="0.014394625">
        </testcase>
        <testcase classname="src/app/workspace/component/dataset-selection-modal/dataset-selection-modal.component.spec.ts" name="DatasetSelectionModalComponent &gt; rendered modal &gt; closes the modal with the composed path when Select is clicked" time="0.068984041">
        </testcase>
        <testcase classname="src/app/workspace/component/dataset-selection-modal/dataset-selection-modal.component.spec.ts" name="DatasetSelectionModalComponent &gt; rendered modal &gt; takes the path from the file tree&apos;s selection in file mode" time="0.031366708">
        </testcase>
    </testsuite>
    <testsuite name="src/app/workspace/component/dataset-version-selector/dataset-version-selector.component.spec.ts" timestamp="2026-09-01T22:49:41.649Z" hostname="dhcp-172-27-096-224.mobile.uci.edu" tests="7" failures="0" errors="0" skipped="0" time="0.080378167">
        <testcase classname="src/app/workspace/component/dataset-version-selector/dataset-version-selector.component.spec.ts" name="DatasetVersionSelectorComponent &gt; should create" time="0.005732625">
        </testcase>
        <testcase classname="src/app/workspace/component/dataset-version-selector/dataset-version-selector.component.spec.ts" name="DatasetVersionSelectorComponent &gt; opens the dataset selection modal once when clicked" time="0.003893542">
        </testcase>
        <testcase classname="src/app/workspace/component/dataset-version-selector/dataset-version-selector.component.spec.ts" name="DatasetVersionSelectorComponent &gt; writes the chosen path back into the form control when a version is selected" time="0.004622792">
        </testcase>
        <testcase classname="src/app/workspace/component/dataset-version-selector/dataset-version-selector.component.spec.ts" name="DatasetVersionSelectorComponent &gt; leaves the form control unchanged when the modal is dismissed without a value" time="0.003514125">
        </testcase>
        <testcase classname="src/app/workspace/component/dataset-version-selector/dataset-version-selector.component.spec.ts" name="DatasetVersionSelectorComponent &gt; rendered field &gt; shows nothing but the picker button until a dataset has been chosen" time="0.002520375">
        </testcase>
        <testcase classname="src/app/workspace/component/dataset-version-selector/dataset-version-selector.component.spec.ts" name="DatasetVersionSelectorComponent &gt; rendered field &gt; shows the chosen path in a read-only box" time="0.007902833">
        </testcase>
        <testcase classname="src/app/workspace/component/dataset-version-selector/dataset-version-selector.component.spec.ts" name="DatasetVersionSelectorComponent &gt; rendered field &gt; opens the picker from the button and shows whatever it returns" time="0.051941042">
        </testcase>
    </testsuite>
    <testsuite name="src/app/workspace/component/heatmap-legend/heatmap-legend.component.spec.ts" timestamp="2026-09-01T22:49:41.650Z" hostname="dhcp-172-27-096-224.mobile.uci.edu" tests="7" failures="0" errors="0" skipped="0" time="0.05905225">
        <testcase classname="src/app/workspace/component/heatmap-legend/heatmap-legend.component.spec.ts" name="HeatmapLegendComponent &gt; is hidden while the overlay is off (view is null)" time="0.005665208">
        </testcase>
        <testcase classname="src/app/workspace/component/heatmap-legend/heatmap-legend.component.spec.ts" name="HeatmapLegendComponent &gt; shows the active view&apos;s title and the metric range once the overlay is on" time="0.034904541">
        </testcase>
        <testcase classname="src/app/workspace/component/heatmap-legend/heatmap-legend.component.spec.ts" name="HeatmapLegendComponent &gt; shows — for both labels when there are no metrics yet" time="0.005561375">
        </testcase>
        <testcase classname="src/app/workspace/component/heatmap-legend/heatmap-legend.component.spec.ts" name="HeatmapLegendComponent &gt; keeps not-measurable operators out of the range so they don&apos;t anchor the low label" time="0.005133166">
        </testcase>
        <testcase classname="src/app/workspace/component/heatmap-legend/heatmap-legend.component.spec.ts" name="HeatmapLegendComponent &gt; shows — when no operator is measurable for the view" time="0.0025335">
        </testcase>
        <testcase classname="src/app/workspace/component/heatmap-legend/heatmap-legend.component.spec.ts" name="HeatmapLegendComponent &gt; updates the title and range when the view switches" time="0.002118542">
        </testcase>
        <testcase classname="src/app/workspace/component/heatmap-legend/heatmap-legend.component.spec.ts" name="HeatmapLegendComponent &gt; hides again when the overlay is turned off" time="0.002068125">
        </testcase>
    </testsuite>
    <testsuite name="src/app/workspace/component/hugging-face/hugging-face.component.spec.ts" timestamp="2026-09-01T22:49:41.650Z" hostname="dhcp-172-27-096-224.mobile.uci.edu" tests="90" failures="0" errors="0" skipped="0" time="4.205742416">
        <testcase classname="src/app/workspace/component/hugging-face/hugging-face.component.spec.ts" name="HuggingFaceComponent (unit) &gt; should export a non-empty static task list" time="0.003542">
        </testcase>
        <testcase classname="src/app/workspace/component/hugging-face/hugging-face.component.spec.ts" name="HuggingFaceComponent (unit) &gt; should include text-generation in static task options" time="0.000698125">
        </testcase>
        <testcase classname="src/app/workspace/component/hugging-face/hugging-face.component.spec.ts" name="HuggingFaceComponent (unit) &gt; should include image tasks in static task options" time="0.000787666">
        </testcase>
        <testcase classname="src/app/workspace/component/hugging-face/hugging-face.component.spec.ts" name="HuggingFaceComponent (unit) &gt; should include audio tasks in static task options" time="0.000276167">
        </testcase>
        <testcase classname="src/app/workspace/component/hugging-face/hugging-face.component.spec.ts" name="HuggingFaceComponent (unit) &gt; should include QA/ranking tasks in static task options" time="0.000351917">
        </testcase>
        <testcase classname="src/app/workspace/component/hugging-face/hugging-face.component.spec.ts" name="HuggingFaceComponent (unit) &gt; should clear caches on invalidateHuggingFaceModelCache" time="0.001246375">
        </testcase>
        <testcase classname="src/app/workspace/component/hugging-face/hugging-face.component.spec.ts" name="HuggingFaceComponent (unit) &gt; should have unique tags in static task options" time="0.000347667">
        </testcase>
        <testcase classname="src/app/workspace/component/hugging-face/hugging-face.component.spec.ts" name="HuggingFaceComponent (TestBed) &gt; should create the component" time="0.305621458">
        </testcase>
        <testcase classname="src/app/workspace/component/hugging-face/hugging-face.component.spec.ts" name="HuggingFaceComponent (TestBed) &gt; should default selectedTaskTag to text-generation" time="0.0291355">
        </testcase>
        <testcase classname="src/app/workspace/component/hugging-face/hugging-face.component.spec.ts" name="HuggingFaceComponent (TestBed) &gt; task loading &gt; should fetch tasks from the API on init" time="0.02038875">
        </testcase>
        <testcase classname="src/app/workspace/component/hugging-face/hugging-face.component.spec.ts" name="HuggingFaceComponent (TestBed) &gt; task loading &gt; should fall back to STATIC_TASK_OPTIONS when API returns empty array" time="0.028429042">
        </testcase>
        <testcase classname="src/app/workspace/component/hugging-face/hugging-face.component.spec.ts" name="HuggingFaceComponent (TestBed) &gt; task loading &gt; should fall back to STATIC_TASK_OPTIONS on task fetch error" time="0.017926333">
            <system-err>
Failed to load HuggingFace tasks: HttpErrorResponse {
  headers: HttpHeaders {
    headers: Map(0) {},
    normalizedNames: Map(0) {},
    lazyInit: undefined,
    lazyUpdate: null
  },
  status: 0,
  statusText: &apos;Unknown Error&apos;,
  url: &apos;api/huggingface/tasks&apos;,
  ok: false,
  type: undefined,
  redirected: undefined,
  responseType: undefined,
  name: &apos;HttpErrorResponse&apos;,
  message: &apos;Http failure response for api/huggingface/tasks: 0 &apos;,
  error: ProgressEvent { isTrusted: [Getter] }
}

            </system-err>
        </testcase>
        <testcase classname="src/app/workspace/component/hugging-face/hugging-face.component.spec.ts" name="HuggingFaceComponent (TestBed) &gt; task loading &gt; retryTasksLoad should clear error and re-fetch tasks" time="0.019815375">
        </testcase>
        <testcase classname="src/app/workspace/component/hugging-face/hugging-face.component.spec.ts" name="HuggingFaceComponent (TestBed) &gt; model loading &gt; should fetch models for the selected task on init" time="0.01404875">
        </testcase>
        <testcase classname="src/app/workspace/component/hugging-face/hugging-face.component.spec.ts" name="HuggingFaceComponent (TestBed) &gt; model loading &gt; should show loading state while models are being fetched" time="0.028163167">
        </testcase>
        <testcase classname="src/app/workspace/component/hugging-face/hugging-face.component.spec.ts" name="HuggingFaceComponent (TestBed) &gt; model loading &gt; should set truncated flag from X-Texera-Truncated header" time="0.02493025">
        </testcase>
        <testcase classname="src/app/workspace/component/hugging-face/hugging-face.component.spec.ts" name="HuggingFaceComponent (TestBed) &gt; model loading &gt; should not set truncated when header is absent" time="0.03495075">
        </testcase>
        <testcase classname="src/app/workspace/component/hugging-face/hugging-face.component.spec.ts" name="HuggingFaceComponent (TestBed) &gt; model loading &gt; should display error on model fetch failure" time="0.103726834">
            <system-err>
Failed to load HuggingFace models for task &apos;text-generation&apos;: HttpErrorResponse {
  headers: HttpHeaders {
    headers: Map(0) {},
    normalizedNames: Map(0) {},
    lazyInit: undefined,
    lazyUpdate: null
  },
  status: 0,
  statusText: &apos;Unknown Error&apos;,
  url: &apos;api/huggingface/models?task=text-generation&apos;,
  ok: false,
  type: undefined,
  redirected: undefined,
  responseType: undefined,
  name: &apos;HttpErrorResponse&apos;,
  message: &apos;Http failure response for api/huggingface/models?task=text-generation: 0 &apos;,
  error: ProgressEvent { isTrusted: [Getter] }
}

            </system-err>
        </testcase>
        <testcase classname="src/app/workspace/component/hugging-face/hugging-face.component.spec.ts" name="HuggingFaceComponent (TestBed) &gt; model loading &gt; retryLoad should clear error and re-fetch models" time="0.130034584">
            <system-err>
Failed to load HuggingFace models for task &apos;text-generation&apos;: HttpErrorResponse {
  headers: HttpHeaders {
    headers: Map(0) {},
    normalizedNames: Map(0) {},
    lazyInit: undefined,
    lazyUpdate: null
  },
  status: 0,
  statusText: &apos;Unknown Error&apos;,
  url: &apos;api/huggingface/models?task=text-generation&apos;,
  ok: false,
  type: undefined,
  redirected: undefined,
  responseType: undefined,
  name: &apos;HttpErrorResponse&apos;,
  message: &apos;Http failure response for api/huggingface/models?task=text-generation: 0 &apos;,
  error: ProgressEvent { isTrusted: [Getter] }
}

            </system-err>
        </testcase>
        <testcase classname="src/app/workspace/component/hugging-face/hugging-face.component.spec.ts" name="HuggingFaceComponent (TestBed) &gt; model loading &gt; should use cached models on second access for the same task" time="0.09334825">
        </testcase>
        <testcase classname="src/app/workspace/component/hugging-face/hugging-face.component.spec.ts" name="HuggingFaceComponent (TestBed) &gt; pagination &gt; should page models with PAGE_SIZE of 50" time="0.280658875">
        </testcase>
        <testcase classname="src/app/workspace/component/hugging-face/hugging-face.component.spec.ts" name="HuggingFaceComponent (TestBed) &gt; pagination &gt; should navigate to next page" time="0.139291958">
        </testcase>
        <testcase classname="src/app/workspace/component/hugging-face/hugging-face.component.spec.ts" name="HuggingFaceComponent (TestBed) &gt; pagination &gt; should navigate to previous page" time="0.221820333">
        </testcase>
        <testcase classname="src/app/workspace/component/hugging-face/hugging-face.component.spec.ts" name="HuggingFaceComponent (TestBed) &gt; pagination &gt; should not go below page 0" time="0.188708833">
        </testcase>
        <testcase classname="src/app/workspace/component/hugging-face/hugging-face.component.spec.ts" name="HuggingFaceComponent (TestBed) &gt; pagination &gt; should not go past the last page" time="0.151018209">
        </testcase>
        <testcase classname="src/app/workspace/component/hugging-face/hugging-face.component.spec.ts" name="HuggingFaceComponent (TestBed) &gt; pagination &gt; hasNextPage should return correct value" time="0.127168667">
        </testcase>
        <testcase classname="src/app/workspace/component/hugging-face/hugging-face.component.spec.ts" name="HuggingFaceComponent (TestBed) &gt; pagination &gt; goToPage should clamp to valid range" time="0.057899583">
        </testcase>
        <testcase classname="src/app/workspace/component/hugging-face/hugging-face.component.spec.ts" name="HuggingFaceComponent (TestBed) &gt; pagination &gt; should show single page for small model lists" time="0.024129792">
        </testcase>
        <testcase classname="src/app/workspace/component/hugging-face/hugging-face.component.spec.ts" name="HuggingFaceComponent (TestBed) &gt; pagination &gt; should handle empty model list" time="0.01174925">
        </testcase>
        <testcase classname="src/app/workspace/component/hugging-face/hugging-face.component.spec.ts" name="HuggingFaceComponent (TestBed) &gt; search &gt; should filter models locally when list is not truncated" time="0.017372125">
        </testcase>
        <testcase classname="src/app/workspace/component/hugging-face/hugging-face.component.spec.ts" name="HuggingFaceComponent (TestBed) &gt; search &gt; should be case-insensitive for local search" time="0.014568125">
        </testcase>
        <testcase classname="src/app/workspace/component/hugging-face/hugging-face.component.spec.ts" name="HuggingFaceComponent (TestBed) &gt; search &gt; should clear filter when search text is empty" time="0.013578375">
        </testcase>
        <testcase classname="src/app/workspace/component/hugging-face/hugging-face.component.spec.ts" name="HuggingFaceComponent (TestBed) &gt; search &gt; should clear filter when search text is whitespace" time="0.012549375">
        </testcase>
        <testcase classname="src/app/workspace/component/hugging-face/hugging-face.component.spec.ts" name="HuggingFaceComponent (TestBed) &gt; search &gt; clearSearch should reset search state" time="0.020772375">
        </testcase>
        <testcase classname="src/app/workspace/component/hugging-face/hugging-face.component.spec.ts" name="HuggingFaceComponent (TestBed) &gt; search &gt; isSearching should return true when filtered models exist" time="0.014021">
        </testcase>
        <testcase classname="src/app/workspace/component/hugging-face/hugging-face.component.spec.ts" name="HuggingFaceComponent (TestBed) &gt; search &gt; should use server-side search when list is truncated" time="0.023202166">
        </testcase>
        <testcase classname="src/app/workspace/component/hugging-face/hugging-face.component.spec.ts" name="HuggingFaceComponent (TestBed) &gt; search &gt; should reset pagination to page 0 on search" time="0.106469792">
        </testcase>
        <testcase classname="src/app/workspace/component/hugging-face/hugging-face.component.spec.ts" name="HuggingFaceComponent (TestBed) &gt; task selection &gt; onTaskSelected should update selectedTaskTag" time="0.030109958">
        </testcase>
        <testcase classname="src/app/workspace/component/hugging-face/hugging-face.component.spec.ts" name="HuggingFaceComponent (TestBed) &gt; task selection &gt; onTaskSelected should load models for the new task" time="0.049959375">
        </testcase>
        <testcase classname="src/app/workspace/component/hugging-face/hugging-face.component.spec.ts" name="HuggingFaceComponent (TestBed) &gt; task selection &gt; onTaskSelected should clear search state" time="0.033702375">
        </testcase>
        <testcase classname="src/app/workspace/component/hugging-face/hugging-face.component.spec.ts" name="HuggingFaceComponent (TestBed) &gt; task selection &gt; should persist task to model and form control" time="0.024411167">
        </testcase>
        <testcase classname="src/app/workspace/component/hugging-face/hugging-face.component.spec.ts" name="HuggingFaceComponent (TestBed) &gt; task selection &gt; should restore task-scoped field state when switching back" time="0.021010416">
        </testcase>
        <testcase classname="src/app/workspace/component/hugging-face/hugging-face.component.spec.ts" name="HuggingFaceComponent (TestBed) &gt; task selection &gt; should read initial task tag from the form model" time="0.007897417">
        </testcase>
        <testcase classname="src/app/workspace/component/hugging-face/hugging-face.component.spec.ts" name="HuggingFaceComponent (TestBed) &gt; model selection &gt; onModelSelected should set the formControl value" time="0.02781775">
        </testcase>
        <testcase classname="src/app/workspace/component/hugging-face/hugging-face.component.spec.ts" name="HuggingFaceComponent (TestBed) &gt; cleanup &gt; should clean up on destroy without errors" time="0.009633334">
        </testcase>
        <testcase classname="src/app/workspace/component/hugging-face/hugging-face.component.spec.ts" name="HuggingFaceComponent (TestBed) &gt; cleanup &gt; should clear taskPollInterval on destroy" time="0.020220333">
        </testcase>
        <testcase classname="src/app/workspace/component/hugging-face/hugging-face.component.spec.ts" name="HuggingFaceComponent (TestBed) &gt; cached error states &gt; should show cached tasks error for a second component without re-fetching" time="0.041717083">
            <system-err>
Failed to load HuggingFace tasks: HttpErrorResponse {
  headers: HttpHeaders {
    headers: Map(0) {},
    normalizedNames: Map(0) {},
    lazyInit: undefined,
    lazyUpdate: null
  },
  status: 0,
  statusText: &apos;Unknown Error&apos;,
  url: &apos;api/huggingface/tasks&apos;,
  ok: false,
  type: undefined,
  redirected: undefined,
  responseType: undefined,
  name: &apos;HttpErrorResponse&apos;,
  message: &apos;Http failure response for api/huggingface/tasks: 0 &apos;,
  error: ProgressEvent { isTrusted: [Getter] }
}

            </system-err>
        </testcase>
        <testcase classname="src/app/workspace/component/hugging-face/hugging-face.component.spec.ts" name="HuggingFaceComponent (TestBed) &gt; cached error states &gt; should show cached model error for a second component without re-fetching models" time="0.024680334">
            <system-err>
Failed to load HuggingFace models for task &apos;text-generation&apos;: HttpErrorResponse {
  headers: HttpHeaders {
    headers: Map(0) {},
    normalizedNames: Map(0) {},
    lazyInit: undefined,
    lazyUpdate: null
  },
  status: 0,
  statusText: &apos;Unknown Error&apos;,
  url: &apos;api/huggingface/models?task=text-generation&apos;,
  ok: false,
  type: undefined,
  redirected: undefined,
  responseType: undefined,
  name: &apos;HttpErrorResponse&apos;,
  message: &apos;Http failure response for api/huggingface/models?task=text-generation: 0 &apos;,
  error: ProgressEvent { isTrusted: [Getter] }
}

            </system-err>
        </testcase>
        <testcase classname="src/app/workspace/component/hugging-face/hugging-face.component.spec.ts" name="HuggingFaceComponent (TestBed) &gt; polling &gt; should enter model poll path (loading=true) when another instance is already fetching models" time="0.017503708">
        </testcase>
        <testcase classname="src/app/workspace/component/hugging-face/hugging-face.component.spec.ts" name="HuggingFaceComponent (TestBed) &gt; polling &gt; should enter task poll path (tasksLoading=true) when another instance is already fetching tasks" time="0.020993208">
        </testcase>
        <testcase classname="src/app/workspace/component/hugging-face/hugging-face.component.spec.ts" name="HuggingFaceComponent (TestBed) &gt; polling &gt; should clear error and re-fetch models on retryLoad" time="0.024340208">
            <system-err>
Failed to load HuggingFace models for task &apos;image-classification&apos;: HttpErrorResponse {
  headers: HttpHeaders {
    headers: Map(0) {},
    normalizedNames: Map(0) {},
    lazyInit: undefined,
    lazyUpdate: null
  },
  status: 0,
  statusText: &apos;Unknown Error&apos;,
  url: &apos;api/huggingface/models?task=image-classification&apos;,
  ok: false,
  type: undefined,
  redirected: undefined,
  responseType: undefined,
  name: &apos;HttpErrorResponse&apos;,
  message: &apos;Http failure response for api/huggingface/models?task=image-classification: 0 &apos;,
  error: ProgressEvent { isTrusted: [Getter] }
}

            </system-err>
        </testcase>
        <testcase classname="src/app/workspace/component/hugging-face/hugging-face.component.spec.ts" name="HuggingFaceComponent (TestBed) &gt; pagination edge cases &gt; prevPage at page 0 should keep currentPage at 0" time="0.035278916">
        </testcase>
        <testcase classname="src/app/workspace/component/hugging-face/hugging-face.component.spec.ts" name="HuggingFaceComponent (TestBed) &gt; pagination edge cases &gt; goToPage(0) on empty list should not throw" time="0.027227333">
        </testcase>
        <testcase classname="src/app/workspace/component/hugging-face/hugging-face.component.spec.ts" name="HuggingFaceComponent (TestBed) &gt; task state snapshots &gt; should reset task-scoped fields to defaults on first visit to a new task" time="0.010014875">
        </testcase>
        <testcase classname="src/app/workspace/component/hugging-face/hugging-face.component.spec.ts" name="HuggingFaceComponent (TestBed) &gt; task state snapshots &gt; should preserve task state across multiple switches" time="0.019159">
        </testcase>
        <testcase classname="src/app/workspace/component/hugging-face/hugging-face.component.spec.ts" name="HuggingFaceComponent (TestBed) &gt; server search edge cases &gt; should handle server search error gracefully" time="0.038641542">
            <system-err>
Server-side search failed: HttpErrorResponse {
  headers: HttpHeaders {
    headers: Map(0) {},
    normalizedNames: Map(0) {},
    lazyInit: undefined,
    lazyUpdate: null
  },
  status: 0,
  statusText: &apos;Unknown Error&apos;,
  url: &apos;api/huggingface/models?task=text-generation&amp;search=fail-query&apos;,
  ok: false,
  type: undefined,
  redirected: undefined,
  responseType: undefined,
  name: &apos;HttpErrorResponse&apos;,
  message: &apos;Http failure response for api/huggingface/models?task=text-generation&amp;search=fail-query: 0 &apos;,
  error: ProgressEvent { isTrusted: [Getter] }
}

            </system-err>
        </testcase>
        <testcase classname="src/app/workspace/component/hugging-face/hugging-face.component.spec.ts" name="HuggingFaceComponent (TestBed) &gt; server search edge cases &gt; should replace search results when a new query supersedes the previous one" time="0.03044125">
        </testcase>
        <testcase classname="src/app/workspace/component/hugging-face/hugging-face.component.spec.ts" name="HuggingFaceComponent (TestBed) &gt; getCurrentTaskTag &gt; should read task from model.task when available" time="0.013918">
        </testcase>
        <testcase classname="src/app/workspace/component/hugging-face/hugging-face.component.spec.ts" name="HuggingFaceComponent (TestBed) &gt; getCurrentTaskTag &gt; should read task from formControl.parent when model.task is empty" time="0.015313416">
        </testcase>
        <testcase classname="src/app/workspace/component/hugging-face/hugging-face.component.spec.ts" name="HuggingFaceComponent (TestBed) &gt; model selection edge cases &gt; onModelSelected should mark formControl as dirty" time="0.013015167">
        </testcase>
        <testcase classname="src/app/workspace/component/hugging-face/hugging-face.component.spec.ts" name="HuggingFaceComponent (TestBed) &gt; model selection edge cases &gt; onModelSelected should overwrite previous selection" time="0.010621459">
        </testcase>
        <testcase classname="src/app/workspace/component/hugging-face/hugging-face.component.spec.ts" name="HuggingFaceComponent (TestBed) &gt; retryLoad &gt; should clear the cached error and refetch models" time="0.015996583">
            <system-err>
Failed to load HuggingFace models for task &apos;text-generation&apos;: HttpErrorResponse {
  headers: HttpHeaders {
    headers: Map(0) {},
    normalizedNames: Map(0) {},
    lazyInit: undefined,
    lazyUpdate: null
  },
  status: 0,
  statusText: &apos;Unknown Error&apos;,
  url: &apos;api/huggingface/models?task=text-generation&apos;,
  ok: false,
  type: undefined,
  redirected: undefined,
  responseType: undefined,
  name: &apos;HttpErrorResponse&apos;,
  message: &apos;Http failure response for api/huggingface/models?task=text-generation: 0 &apos;,
  error: ProgressEvent { isTrusted: [Getter] }
}

            </system-err>
        </testcase>
        <testcase classname="src/app/workspace/component/hugging-face/hugging-face.component.spec.ts" name="HuggingFaceComponent (TestBed) &gt; poll-path resolution &gt; resolves both the task and model poll callbacks when the in-flight fetch succeeds" time="0.239434334">
        </testcase>
        <testcase classname="src/app/workspace/component/hugging-face/hugging-face.component.spec.ts" name="HuggingFaceComponent (TestBed) &gt; poll-path resolution &gt; resolves both poll callbacks to the error state when the in-flight fetch fails" time="0.229605667">
            <system-err>
Failed to load HuggingFace tasks: HttpErrorResponse {
  headers: HttpHeaders {
    headers: Map(0) {},
    normalizedNames: Map(0) {},
    lazyInit: undefined,
    lazyUpdate: null
  },
  status: 0,
  statusText: &apos;Unknown Error&apos;,
  url: &apos;api/huggingface/tasks&apos;,
  ok: false,
  type: undefined,
  redirected: undefined,
  responseType: undefined,
  name: &apos;HttpErrorResponse&apos;,
  message: &apos;Http failure response for api/huggingface/tasks: 0 &apos;,
  error: ProgressEvent { isTrusted: [Getter] }
}
Failed to load HuggingFace models for task &apos;text-generation&apos;: HttpErrorResponse {
  headers: HttpHeaders {
    headers: Map(0) {},
    normalizedNames: Map(0) {},
    lazyInit: undefined,
    lazyUpdate: null
  },
  status: 0,
  statusText: &apos;Unknown Error&apos;,
  url: &apos;api/huggingface/models?task=text-generation&apos;,
  ok: false,
  type: undefined,
  redirected: undefined,
  responseType: undefined,
  name: &apos;HttpErrorResponse&apos;,
  message: &apos;Http failure response for api/huggingface/models?task=text-generation: 0 &apos;,
  error: ProgressEvent { isTrusted: [Getter] }
}

            </system-err>
        </testcase>
        <testcase classname="src/app/workspace/component/hugging-face/hugging-face.component.spec.ts" name="HuggingFaceComponent (TestBed) &gt; poll-path resolution &gt; stops polling and falls back when the in-flight fetch is invalidated before it resolves" time="0.225563958">
        </testcase>
        <testcase classname="src/app/workspace/component/hugging-face/hugging-face.component.spec.ts" name="HuggingFaceComponent (TestBed) &gt; poll-path resolution &gt; replaces (does not leak) an existing poll interval when re-entering a poll path" time="0.010528375">
        </testcase>
        <testcase classname="src/app/workspace/component/hugging-face/hugging-face.component.spec.ts" name="HuggingFaceComponent (TestBed) &gt; getCurrentTaskTag field.form fallback &gt; reads the task from field.form when model.task and the parent control are empty" time="0.013078958">
        </testcase>
        <testcase classname="src/app/workspace/component/hugging-face/hugging-face.component.spec.ts" name="HuggingFaceComponent (TestBed) &gt; persistTaskSelection with a distinct parent control &gt; writes the task to BOTH the field-form control and a different parent control" time="0.017300291">
        </testcase>
        <testcase classname="src/app/workspace/component/hugging-face/hugging-face.component.spec.ts" name="HuggingFaceComponent (TestBed) &gt; snapshotTaskState guard &gt; does not record a snapshot for an empty tag" time="0.013901167">
        </testcase>
        <testcase classname="src/app/workspace/component/hugging-face/hugging-face.component.spec.ts" name="HuggingFaceComponent (TestBed) &gt; field value model fallback &gt; snapshots from and restores to the model when the form lacks those controls" time="0.015074667">
        </testcase>
        <testcase classname="src/app/workspace/component/hugging-face/hugging-face.component.spec.ts" name="HuggingFaceComponent (TestBed) &gt; field value model fallback &gt; does not throw when the field has no backing model" time="0.0110205">
        </testcase>
        <testcase classname="src/app/workspace/component/hugging-face/hugging-face.component.spec.ts" name="HuggingFaceComponent (TestBed) &gt; null response body &gt; treats a null model response body as an empty list" time="0.0070355">
        </testcase>
        <testcase classname="src/app/workspace/component/hugging-face/hugging-face.component.spec.ts" name="HuggingFaceComponent (TestBed) &gt; template interactions &gt; clicking a model item selects it" time="0.036257083">
        </testcase>
        <testcase classname="src/app/workspace/component/hugging-face/hugging-face.component.spec.ts" name="HuggingFaceComponent (TestBed) &gt; template interactions &gt; clicking the close icon on the selected model clears the value" time="0.012562041">
        </testcase>
        <testcase classname="src/app/workspace/component/hugging-face/hugging-face.component.spec.ts" name="HuggingFaceComponent (TestBed) &gt; template interactions &gt; the pagination buttons move to the next and previous page" time="0.145474083">
        </testcase>
        <testcase classname="src/app/workspace/component/hugging-face/hugging-face.component.spec.ts" name="HuggingFaceComponent (TestBed) &gt; template interactions &gt; clicking Retry re-fetches the models after a load failure" time="0.020453333">
            <system-err>
Failed to load HuggingFace models for task &apos;text-generation&apos;: HttpErrorResponse {
  headers: HttpHeaders {
    headers: Map(0) {},
    normalizedNames: Map(0) {},
    lazyInit: undefined,
    lazyUpdate: null
  },
  status: 500,
  statusText: &apos;Server Error&apos;,
  url: &apos;api/huggingface/models?task=text-generation&apos;,
  ok: false,
  type: undefined,
  redirected: undefined,
  responseType: undefined,
  name: &apos;HttpErrorResponse&apos;,
  message: &apos;Http failure response for api/huggingface/models?task=text-generation: 500 Server Error&apos;,
  error: &apos;boom&apos;
}

            </system-err>
        </testcase>
        <testcase classname="src/app/workspace/component/hugging-face/hugging-face.component.spec.ts" name="HuggingFaceComponent (TestBed) &gt; template interactions &gt; clicking Retry re-fetches the tasks after a tasks-load failure" time="0.040983334">
            <system-err>
Failed to load HuggingFace tasks: HttpErrorResponse {
  headers: HttpHeaders {
    headers: Map(0) {},
    normalizedNames: Map(0) {},
    lazyInit: undefined,
    lazyUpdate: null
  },
  status: 500,
  statusText: &apos;Server Error&apos;,
  url: &apos;api/huggingface/tasks&apos;,
  ok: false,
  type: undefined,
  redirected: undefined,
  responseType: undefined,
  name: &apos;HttpErrorResponse&apos;,
  message: &apos;Http failure response for api/huggingface/tasks: 500 Server Error&apos;,
  error: &apos;boom&apos;
}

            </system-err>
        </testcase>
        <testcase classname="src/app/workspace/component/hugging-face/hugging-face.component.spec.ts" name="HuggingFaceComponent (TestBed) &gt; template interactions &gt; the search box forwards typed text to onSearchInput" time="0.027539958">
        </testcase>
        <testcase classname="src/app/workspace/component/hugging-face/hugging-face.component.spec.ts" name="HuggingFaceComponent (TestBed) &gt; template interactions &gt; clicking the clear icon resets the search" time="0.035732">
        </testcase>
        <testcase classname="src/app/workspace/component/hugging-face/hugging-face.component.spec.ts" name="HuggingFaceComponent (TestBed) &gt; template interactions &gt; changing the task dropdown loads the models for the new task" time="0.026107125">
        </testcase>
        <testcase classname="src/app/workspace/component/hugging-face/hugging-face.component.spec.ts" name="HuggingFaceComponent (TestBed) &gt; template interactions &gt; shows the search-specific empty message when a search matches nothing" time="0.026220541">
        </testcase>
        <testcase classname="src/app/workspace/component/hugging-face/hugging-face.component.spec.ts" name="HuggingFaceComponent (TestBed) &gt; fallback branches &gt; falls back to the text-generation tag when the selected tag is empty" time="0.018738875">
        </testcase>
        <testcase classname="src/app/workspace/component/hugging-face/hugging-face.component.spec.ts" name="HuggingFaceComponent (TestBed) &gt; fallback branches &gt; server-side search falls back to the text-generation tag when the tag is empty" time="0.047482">
        </testcase>
        <testcase classname="src/app/workspace/component/hugging-face/hugging-face.component.spec.ts" name="HuggingFaceComponent (TestBed) &gt; fallback branches &gt; uses the current selection when no task is present on the model or form" time="0.042468125">
        </testcase>
        <testcase classname="src/app/workspace/component/hugging-face/hugging-face.component.spec.ts" name="HuggingFaceComponent (TestBed) &gt; fallback branches &gt; persists the task when the field has no parent and the form has no task control" time="0.00936575">
        </testcase>
        <testcase classname="src/app/workspace/component/hugging-face/hugging-face.component.spec.ts" name="HuggingFaceComponent (TestBed) &gt; validation message &gt; renders the validation message when the field is in an error state" time="0.019587167">
        </testcase>
        <testcase classname="src/app/workspace/component/hugging-face/hugging-face.component.spec.ts" name="HuggingFaceComponent (TestBed) &gt; validation message &gt; does not render the validation message when showError is false" time="0.010336917">
        </testcase>
        <testcase classname="src/app/workspace/component/hugging-face/hugging-face.component.spec.ts" name="HuggingFaceComponent (TestBed) &gt; remaining guards &gt; clears no timeout when initialization already finished" time="0.012368583">
        </testcase>
        <testcase classname="src/app/workspace/component/hugging-face/hugging-face.component.spec.ts" name="HuggingFaceComponent (TestBed) &gt; remaining guards &gt; falls back to the last selected task when the form carries none" time="0.017293959">
        </testcase>
        <testcase classname="src/app/workspace/component/hugging-face/hugging-face.component.spec.ts" name="HuggingFaceComponent (TestBed) &gt; remaining guards &gt; restores only the keys a snapshot actually carries" time="0.003729">
        </testcase>
    </testsuite>
    <testsuite name="src/app/workspace/component/hugging-face-audio-upload/hugging-face-audio-upload.component.spec.ts" timestamp="2026-09-01T22:49:41.655Z" hostname="dhcp-172-27-096-224.mobile.uci.edu" tests="63" failures="0" errors="0" skipped="0" time="0.5645865">
        <testcase classname="src/app/workspace/component/hugging-face-audio-upload/hugging-face-audio-upload.component.spec.ts" name="HuggingFaceAudioUploadComponent &gt; should be defined" time="0.006861334">
        </testcase>
        <testcase classname="src/app/workspace/component/hugging-face-audio-upload/hugging-face-audio-upload.component.spec.ts" name="HuggingFaceAudioUploadComponent &gt; ngOnInit &gt; should set fileName from existing formControl value" time="0.011017208">
        </testcase>
        <testcase classname="src/app/workspace/component/hugging-face-audio-upload/hugging-face-audio-upload.component.spec.ts" name="HuggingFaceAudioUploadComponent &gt; ngOnInit &gt; should set fileName to &apos;Selected audio&apos; for data:audio values" time="0.016339708">
        </testcase>
        <testcase classname="src/app/workspace/component/hugging-face-audio-upload/hugging-face-audio-upload.component.spec.ts" name="HuggingFaceAudioUploadComponent &gt; ngOnInit &gt; should not set fileName when formControl is empty" time="0.008514166">
        </testcase>
        <testcase classname="src/app/workspace/component/hugging-face-audio-upload/hugging-face-audio-upload.component.spec.ts" name="HuggingFaceAudioUploadComponent &gt; ngOnInit &gt; should not set fileName when formControl is whitespace" time="0.012727166">
        </testcase>
        <testcase classname="src/app/workspace/component/hugging-face-audio-upload/hugging-face-audio-upload.component.spec.ts" name="HuggingFaceAudioUploadComponent &gt; previewSrc &gt; should return empty string when formControl is empty and no local preview" time="0.01105625">
        </testcase>
        <testcase classname="src/app/workspace/component/hugging-face-audio-upload/hugging-face-audio-upload.component.spec.ts" name="HuggingFaceAudioUploadComponent &gt; previewSrc &gt; should return empty for a stored server path (blob URL loaded asynchronously)" time="0.013203084">
        </testcase>
        <testcase classname="src/app/workspace/component/hugging-face-audio-upload/hugging-face-audio-upload.component.spec.ts" name="HuggingFaceAudioUploadComponent &gt; previewSrc &gt; should return data:audio value as-is" time="0.008859">
        </testcase>
        <testcase classname="src/app/workspace/component/hugging-face-audio-upload/hugging-face-audio-upload.component.spec.ts" name="HuggingFaceAudioUploadComponent &gt; previewSrc &gt; should return empty string for whitespace-only value" time="0.011816708">
        </testcase>
        <testcase classname="src/app/workspace/component/hugging-face-audio-upload/hugging-face-audio-upload.component.spec.ts" name="HuggingFaceAudioUploadComponent &gt; previewSrc &gt; should return localPreviewUrl when a file has been selected but upload is in progress" time="0.007141041">
        </testcase>
        <testcase classname="src/app/workspace/component/hugging-face-audio-upload/hugging-face-audio-upload.component.spec.ts" name="HuggingFaceAudioUploadComponent &gt; onFileSelected &gt; should reject a non-audio file" time="0.002628583">
        </testcase>
        <testcase classname="src/app/workspace/component/hugging-face-audio-upload/hugging-face-audio-upload.component.spec.ts" name="HuggingFaceAudioUploadComponent &gt; onFileSelected &gt; should upload an audio file and set formControl value" time="0.002376416">
        </testcase>
        <testcase classname="src/app/workspace/component/hugging-face-audio-upload/hugging-face-audio-upload.component.spec.ts" name="HuggingFaceAudioUploadComponent &gt; onFileSelected &gt; should guard against concurrent uploads" time="0.018672458">
        </testcase>
        <testcase classname="src/app/workspace/component/hugging-face-audio-upload/hugging-face-audio-upload.component.spec.ts" name="HuggingFaceAudioUploadComponent &gt; onFileSelected &gt; should do nothing when no file is selected" time="0.002298084">
        </testcase>
        <testcase classname="src/app/workspace/component/hugging-face-audio-upload/hugging-face-audio-upload.component.spec.ts" name="HuggingFaceAudioUploadComponent &gt; onFileSelected &gt; should set isUploading while upload is in progress" time="0.002922833">
        </testcase>
        <testcase classname="src/app/workspace/component/hugging-face-audio-upload/hugging-face-audio-upload.component.spec.ts" name="HuggingFaceAudioUploadComponent &gt; onFileSelected &gt; should clear error message before new upload" time="0.042596666">
        </testcase>
        <testcase classname="src/app/workspace/component/hugging-face-audio-upload/hugging-face-audio-upload.component.spec.ts" name="HuggingFaceAudioUploadComponent &gt; onFileSelected &gt; should show error on upload failure" time="0.010378458">
            <system-err>
Audio upload failed: HttpErrorResponse {
  headers: HttpHeaders {
    headers: Map(0) {},
    normalizedNames: Map(0) {},
    lazyInit: undefined,
    lazyUpdate: null
  },
  status: 0,
  statusText: &apos;Unknown Error&apos;,
  url: &apos;api/huggingface/upload-audio?filename=clip.wav&apos;,
  ok: false,
  type: undefined,
  redirected: undefined,
  responseType: undefined,
  name: &apos;HttpErrorResponse&apos;,
  message: &apos;Http failure response for api/huggingface/upload-audio?filename=clip.wav: 0 &apos;,
  error: ProgressEvent { isTrusted: [Getter] }
}

            </system-err>
        </testcase>
        <testcase classname="src/app/workspace/component/hugging-face-audio-upload/hugging-face-audio-upload.component.spec.ts" name="HuggingFaceAudioUploadComponent &gt; onFileSelected &gt; should use file.name as fallback when response.fileName is empty" time="0.004935625">
        </testcase>
        <testcase classname="src/app/workspace/component/hugging-face-audio-upload/hugging-face-audio-upload.component.spec.ts" name="HuggingFaceAudioUploadComponent &gt; onFileSelected &gt; should update the model when key is a string" time="0.013290166">
        </testcase>
        <testcase classname="src/app/workspace/component/hugging-face-audio-upload/hugging-face-audio-upload.component.spec.ts" name="HuggingFaceAudioUploadComponent &gt; onFileSelected &gt; should send correct Content-Type and URL" time="0.004688208">
        </testcase>
        <testcase classname="src/app/workspace/component/hugging-face-audio-upload/hugging-face-audio-upload.component.spec.ts" name="HuggingFaceAudioUploadComponent &gt; onFileSelected &gt; should discard stale upload response when cleared during upload" time="0.014012208">
        </testcase>
        <testcase classname="src/app/workspace/component/hugging-face-audio-upload/hugging-face-audio-upload.component.spec.ts" name="HuggingFaceAudioUploadComponent &gt; onFileSelected &gt; should discard stale upload error when cleared during upload" time="0.010415083">
            <system-err>
Audio upload failed: HttpErrorResponse {
  headers: HttpHeaders {
    headers: Map(0) {},
    normalizedNames: Map(0) {},
    lazyInit: undefined,
    lazyUpdate: null
  },
  status: 0,
  statusText: &apos;Unknown Error&apos;,
  url: &apos;api/huggingface/upload-audio?filename=clip.wav&apos;,
  ok: false,
  type: undefined,
  redirected: undefined,
  responseType: undefined,
  name: &apos;HttpErrorResponse&apos;,
  message: &apos;Http failure response for api/huggingface/upload-audio?filename=clip.wav: 0 &apos;,
  error: ProgressEvent { isTrusted: [Getter] }
}

            </system-err>
        </testcase>
        <testcase classname="src/app/workspace/component/hugging-face-audio-upload/hugging-face-audio-upload.component.spec.ts" name="HuggingFaceAudioUploadComponent &gt; clearAudio &gt; should reset all state" time="0.022174584">
        </testcase>
        <testcase classname="src/app/workspace/component/hugging-face-audio-upload/hugging-face-audio-upload.component.spec.ts" name="HuggingFaceAudioUploadComponent &gt; clearAudio &gt; should preserve error message when clearError is false" time="0.009867375">
        </testcase>
        <testcase classname="src/app/workspace/component/hugging-face-audio-upload/hugging-face-audio-upload.component.spec.ts" name="HuggingFaceAudioUploadComponent &gt; clearAudio &gt; should clear model value when key is a string" time="0.010259833">
        </testcase>
        <testcase classname="src/app/workspace/component/hugging-face-audio-upload/hugging-face-audio-upload.component.spec.ts" name="HuggingFaceAudioUploadComponent &gt; clearAudio &gt; should mark formControl as dirty and touched" time="0.006269042">
        </testcase>
        <testcase classname="src/app/workspace/component/hugging-face-audio-upload/hugging-face-audio-upload.component.spec.ts" name="HuggingFaceAudioUploadComponent &gt; loadServerAudioPreview &gt; should set localPreviewUrl on successful blob fetch" time="0.03099925">
        </testcase>
        <testcase classname="src/app/workspace/component/hugging-face-audio-upload/hugging-face-audio-upload.component.spec.ts" name="HuggingFaceAudioUploadComponent &gt; loadServerAudioPreview &gt; should set errorMessage on blob fetch failure" time="0.004052083">
            <system-err>
Failed to load audio preview: HttpErrorResponse {
  headers: HttpHeaders {
    headers: Map(0) {},
    normalizedNames: Map(0) {},
    lazyInit: undefined,
    lazyUpdate: null
  },
  status: 0,
  statusText: &apos;Unknown Error&apos;,
  url: &apos;api/huggingface/audio-preview?path=%2Fuploads%2Fclip.wav&apos;,
  ok: false,
  type: undefined,
  redirected: undefined,
  responseType: undefined,
  name: &apos;HttpErrorResponse&apos;,
  message: &apos;Http failure response for api/huggingface/audio-preview?path=%2Fuploads%2Fclip.wav: 0 &apos;,
  error: ProgressEvent { isTrusted: [Getter] }
}

            </system-err>
        </testcase>
        <testcase classname="src/app/workspace/component/hugging-face-audio-upload/hugging-face-audio-upload.component.spec.ts" name="HuggingFaceAudioUploadComponent &gt; loadServerAudioPreview &gt; should discard blob fetch result if formControl value changed" time="0.007036209">
        </testcase>
        <testcase classname="src/app/workspace/component/hugging-face-audio-upload/hugging-face-audio-upload.component.spec.ts" name="HuggingFaceAudioUploadComponent &gt; loadServerAudioPreview &gt; should discard error if formControl value changed before fetch fails" time="0.024388125">
            <system-err>
Failed to load audio preview: HttpErrorResponse {
  headers: HttpHeaders {
    headers: Map(0) {},
    normalizedNames: Map(0) {},
    lazyInit: undefined,
    lazyUpdate: null
  },
  status: 0,
  statusText: &apos;Unknown Error&apos;,
  url: &apos;api/huggingface/audio-preview?path=%2Fuploads%2Fclip.wav&apos;,
  ok: false,
  type: undefined,
  redirected: undefined,
  responseType: undefined,
  name: &apos;HttpErrorResponse&apos;,
  message: &apos;Http failure response for api/huggingface/audio-preview?path=%2Fuploads%2Fclip.wav: 0 &apos;,
  error: ProgressEvent { isTrusted: [Getter] }
}

            </system-err>
        </testcase>
        <testcase classname="src/app/workspace/component/hugging-face-audio-upload/hugging-face-audio-upload.component.spec.ts" name="HuggingFaceAudioUploadComponent &gt; loadServerAudioPreview &gt; should not fetch for data:audio values in ngOnInit" time="0.002346959">
        </testcase>
        <testcase classname="src/app/workspace/component/hugging-face-audio-upload/hugging-face-audio-upload.component.spec.ts" name="HuggingFaceAudioUploadComponent &gt; loadServerAudioPreview &gt; should encode server path in the fetch URL" time="0.004572167">
        </testcase>
        <testcase classname="src/app/workspace/component/hugging-face-audio-upload/hugging-face-audio-upload.component.spec.ts" name="HuggingFaceAudioUploadComponent &gt; previewSrc with localPreviewUrl &gt; should return localPreviewUrl when set via file upload" time="0.002571375">
        </testcase>
        <testcase classname="src/app/workspace/component/hugging-face-audio-upload/hugging-face-audio-upload.component.spec.ts" name="HuggingFaceAudioUploadComponent &gt; stale upload guards &gt; should discard successful upload if cleared during flight" time="0.002213167">
        </testcase>
        <testcase classname="src/app/workspace/component/hugging-face-audio-upload/hugging-face-audio-upload.component.spec.ts" name="HuggingFaceAudioUploadComponent &gt; stale upload guards &gt; should discard upload error if cleared during flight" time="0.005035459">
            <system-err>
Audio upload failed: HttpErrorResponse {
  headers: HttpHeaders {
    headers: Map(0) {},
    normalizedNames: Map(0) {},
    lazyInit: undefined,
    lazyUpdate: null
  },
  status: 0,
  statusText: &apos;Unknown Error&apos;,
  url: &apos;api/huggingface/upload-audio?filename=clip.wav&apos;,
  ok: false,
  type: undefined,
  redirected: undefined,
  responseType: undefined,
  name: &apos;HttpErrorResponse&apos;,
  message: &apos;Http failure response for api/huggingface/upload-audio?filename=clip.wav: 0 &apos;,
  error: ProgressEvent { isTrusted: [Getter] }
}

            </system-err>
        </testcase>
        <testcase classname="src/app/workspace/component/hugging-face-audio-upload/hugging-face-audio-upload.component.spec.ts" name="HuggingFaceAudioUploadComponent &gt; ngOnDestroy &gt; should not throw on destroy" time="0.007823084">
        </testcase>
        <testcase classname="src/app/workspace/component/hugging-face-audio-upload/hugging-face-audio-upload.component.spec.ts" name="HuggingFaceAudioUploadComponent &gt; ngOnDestroy &gt; should revoke localPreviewUrl on destroy when upload preview exists" time="0.007949042">
        </testcase>
        <testcase classname="src/app/workspace/component/hugging-face-audio-upload/hugging-face-audio-upload.component.spec.ts" name="HuggingFaceAudioUploadComponent &gt; ngOnDestroy &gt; should revoke localPreviewUrl on destroy" time="0.010024458">
        </testcase>
        <testcase classname="src/app/workspace/component/hugging-face-audio-upload/hugging-face-audio-upload.component.spec.ts" name="HuggingFaceAudioUploadComponent &gt; getDisplayName (via ngOnInit) &gt; should extract filename from path with forward slashes" time="0.006926584">
        </testcase>
        <testcase classname="src/app/workspace/component/hugging-face-audio-upload/hugging-face-audio-upload.component.spec.ts" name="HuggingFaceAudioUploadComponent &gt; getDisplayName (via ngOnInit) &gt; should extract filename from path with backslashes" time="0.005422125">
        </testcase>
        <testcase classname="src/app/workspace/component/hugging-face-audio-upload/hugging-face-audio-upload.component.spec.ts" name="HuggingFaceAudioUploadComponent &gt; getDisplayName (via ngOnInit) &gt; should return &apos;Selected audio&apos; for path ending with separator" time="0.009982">
        </testcase>
        <testcase classname="src/app/workspace/component/hugging-face-audio-upload/hugging-face-audio-upload.component.spec.ts" name="HuggingFaceAudioUploadComponent &gt; getDisplayName (via ngOnInit) &gt; should return filename for flat name without path" time="0.009356667">
        </testcase>
        <testcase classname="src/app/workspace/component/hugging-face-audio-upload/hugging-face-audio-upload.component.spec.ts" name="HuggingFaceAudioUploadComponent &gt; formControl state after upload &gt; should mark formControl as dirty and touched after successful upload" time="0.006504334">
        </testcase>
        <testcase classname="src/app/workspace/component/hugging-face-audio-upload/hugging-face-audio-upload.component.spec.ts" name="HuggingFaceAudioUploadComponent &gt; formControl state after upload &gt; should mark formControl as dirty and touched after clear" time="0.002904542">
        </testcase>
        <testcase classname="src/app/workspace/component/hugging-face-audio-upload/hugging-face-audio-upload.component.spec.ts" name="HuggingFaceAudioUploadComponent &gt; model update on upload &gt; should not update model when key is not a string" time="0.003267208">
        </testcase>
        <testcase classname="src/app/workspace/component/hugging-face-audio-upload/hugging-face-audio-upload.component.spec.ts" name="HuggingFaceAudioUploadComponent &gt; revokePreviewUrl &gt; should not throw when destroying without any preview" time="0.002768084">
        </testcase>
        <testcase classname="src/app/workspace/component/hugging-face-audio-upload/hugging-face-audio-upload.component.spec.ts" name="HuggingFaceAudioUploadComponent &gt; previewSrc edge cases &gt; should return empty for non-audio data URL" time="0.001932792">
        </testcase>
        <testcase classname="src/app/workspace/component/hugging-face-audio-upload/hugging-face-audio-upload.component.spec.ts" name="HuggingFaceAudioUploadComponent &gt; previewSrc edge cases &gt; should return data:audio value with different audio type" time="0.00876">
        </testcase>
        <testcase classname="src/app/workspace/component/hugging-face-audio-upload/hugging-face-audio-upload.component.spec.ts" name="HuggingFaceAudioUploadComponent &gt; consecutive uploads &gt; should replace previous upload value with new upload" time="0.002988792">
        </testcase>
        <testcase classname="src/app/workspace/component/hugging-face-audio-upload/hugging-face-audio-upload.component.spec.ts" name="HuggingFaceAudioUploadComponent &gt; template rendering &gt; should render the file input" time="0.002937958">
        </testcase>
        <testcase classname="src/app/workspace/component/hugging-face-audio-upload/hugging-face-audio-upload.component.spec.ts" name="HuggingFaceAudioUploadComponent &gt; template rendering &gt; should not render the preview section when there is no audio" time="0.007695084">
        </testcase>
        <testcase classname="src/app/workspace/component/hugging-face-audio-upload/hugging-face-audio-upload.component.spec.ts" name="HuggingFaceAudioUploadComponent &gt; template rendering &gt; should render the preview section when formControl has a data:audio value" time="0.010921041">
        </testcase>
        <testcase classname="src/app/workspace/component/hugging-face-audio-upload/hugging-face-audio-upload.component.spec.ts" name="HuggingFaceAudioUploadComponent &gt; template rendering &gt; should bind audio [src] to previewSrc for a data:audio value" time="0.013451709">
        </testcase>
        <testcase classname="src/app/workspace/component/hugging-face-audio-upload/hugging-face-audio-upload.component.spec.ts" name="HuggingFaceAudioUploadComponent &gt; template rendering &gt; should show fileName in the preview meta" time="0.004994416">
        </testcase>
        <testcase classname="src/app/workspace/component/hugging-face-audio-upload/hugging-face-audio-upload.component.spec.ts" name="HuggingFaceAudioUploadComponent &gt; template rendering &gt; should fall back to &apos;Selected audio&apos; when fileName is empty and preview is shown" time="0.00845625">
        </testcase>
        <testcase classname="src/app/workspace/component/hugging-face-audio-upload/hugging-face-audio-upload.component.spec.ts" name="HuggingFaceAudioUploadComponent &gt; template rendering &gt; should show the Uploading status span when isUploading is true and preview is visible" time="0.004466625">
        </testcase>
        <testcase classname="src/app/workspace/component/hugging-face-audio-upload/hugging-face-audio-upload.component.spec.ts" name="HuggingFaceAudioUploadComponent &gt; template rendering &gt; should hide the Uploading status span when isUploading is false" time="0.004267209">
        </testcase>
        <testcase classname="src/app/workspace/component/hugging-face-audio-upload/hugging-face-audio-upload.component.spec.ts" name="HuggingFaceAudioUploadComponent &gt; template rendering &gt; should disable the Clear button when isUploading is true" time="0.004524792">
        </testcase>
        <testcase classname="src/app/workspace/component/hugging-face-audio-upload/hugging-face-audio-upload.component.spec.ts" name="HuggingFaceAudioUploadComponent &gt; template rendering &gt; should enable the Clear button when isUploading is false" time="0.011500583">
        </testcase>
        <testcase classname="src/app/workspace/component/hugging-face-audio-upload/hugging-face-audio-upload.component.spec.ts" name="HuggingFaceAudioUploadComponent &gt; template rendering &gt; should disable the file input when isUploading is true" time="0.009079958">
        </testcase>
        <testcase classname="src/app/workspace/component/hugging-face-audio-upload/hugging-face-audio-upload.component.spec.ts" name="HuggingFaceAudioUploadComponent &gt; template rendering &gt; should show the error message when errorMessage is set" time="0.00421675">
        </testcase>
        <testcase classname="src/app/workspace/component/hugging-face-audio-upload/hugging-face-audio-upload.component.spec.ts" name="HuggingFaceAudioUploadComponent &gt; template rendering &gt; should not render the error div when errorMessage is empty" time="0.012862083">
        </testcase>
        <testcase classname="src/app/workspace/component/hugging-face-audio-upload/hugging-face-audio-upload.component.spec.ts" name="HuggingFaceAudioUploadComponent &gt; template rendering &gt; should call clearAudio when the Clear button is clicked" time="0.00863025">
        </testcase>
    </testsuite>
    <testsuite name="src/app/workspace/component/hugging-face-image-upload/hugging-face-image-upload.component.spec.ts" timestamp="2026-09-01T22:49:41.658Z" hostname="dhcp-172-27-096-224.mobile.uci.edu" tests="45" failures="0" errors="0" skipped="0" time="0.270925333">
        <testcase classname="src/app/workspace/component/hugging-face-image-upload/hugging-face-image-upload.component.spec.ts" name="HuggingFaceImageUploadComponent &gt; should create" time="0.010332125">
        </testcase>
        <testcase classname="src/app/workspace/component/hugging-face-image-upload/hugging-face-image-upload.component.spec.ts" name="HuggingFaceImageUploadComponent &gt; derived view state &gt; reports no image when formControl is empty" time="0.002147792">
        </testcase>
        <testcase classname="src/app/workspace/component/hugging-face-image-upload/hugging-face-image-upload.component.spec.ts" name="HuggingFaceImageUploadComponent &gt; derived view state &gt; reports an image when formControl holds a data URL" time="0.001313042">
        </testcase>
        <testcase classname="src/app/workspace/component/hugging-face-image-upload/hugging-face-image-upload.component.spec.ts" name="HuggingFaceImageUploadComponent &gt; derived view state &gt; prefers the explicit filename over the fallback label" time="0.0032945">
        </testcase>
        <testcase classname="src/app/workspace/component/hugging-face-image-upload/hugging-face-image-upload.component.spec.ts" name="HuggingFaceImageUploadComponent &gt; onFileSelected &gt; clears prior error and returns early when no file is provided" time="0.004115417">
        </testcase>
        <testcase classname="src/app/workspace/component/hugging-face-image-upload/hugging-face-image-upload.component.spec.ts" name="HuggingFaceImageUploadComponent &gt; onFileSelected &gt; rejects non-image files and resets the input" time="0.007753375">
        </testcase>
        <testcase classname="src/app/workspace/component/hugging-face-image-upload/hugging-face-image-upload.component.spec.ts" name="HuggingFaceImageUploadComponent &gt; onFileSelected &gt; reports an error when image compression fails" time="0.012789209">
        </testcase>
        <testcase classname="src/app/workspace/component/hugging-face-image-upload/hugging-face-image-upload.component.spec.ts" name="HuggingFaceImageUploadComponent &gt; clearImage &gt; resets file state, the form control, and any model value" time="0.004083167">
        </testcase>
        <testcase classname="src/app/workspace/component/hugging-face-image-upload/hugging-face-image-upload.component.spec.ts" name="HuggingFaceImageUploadComponent &gt; hasImage edge cases &gt; returns false for a server path string" time="0.005765208">
        </testcase>
        <testcase classname="src/app/workspace/component/hugging-face-image-upload/hugging-face-image-upload.component.spec.ts" name="HuggingFaceImageUploadComponent &gt; hasImage edge cases &gt; returns false for null value" time="0.003016833">
        </testcase>
        <testcase classname="src/app/workspace/component/hugging-face-image-upload/hugging-face-image-upload.component.spec.ts" name="HuggingFaceImageUploadComponent &gt; hasImage edge cases &gt; returns false for non-image data URL" time="0.003314625">
        </testcase>
        <testcase classname="src/app/workspace/component/hugging-face-image-upload/hugging-face-image-upload.component.spec.ts" name="HuggingFaceImageUploadComponent &gt; hasImage edge cases &gt; returns true for data:image/png URL" time="0.003082167">
        </testcase>
        <testcase classname="src/app/workspace/component/hugging-face-image-upload/hugging-face-image-upload.component.spec.ts" name="HuggingFaceImageUploadComponent &gt; previewSrc &gt; returns data URL when formControl has image" time="0.015340917">
        </testcase>
        <testcase classname="src/app/workspace/component/hugging-face-image-upload/hugging-face-image-upload.component.spec.ts" name="HuggingFaceImageUploadComponent &gt; previewSrc &gt; returns empty string when formControl has no image" time="0.003410375">
        </testcase>
        <testcase classname="src/app/workspace/component/hugging-face-image-upload/hugging-face-image-upload.component.spec.ts" name="HuggingFaceImageUploadComponent &gt; previewSrc &gt; returns empty string for server path" time="0.010903167">
        </testcase>
        <testcase classname="src/app/workspace/component/hugging-face-image-upload/hugging-face-image-upload.component.spec.ts" name="HuggingFaceImageUploadComponent &gt; displayFileName &gt; returns empty string when no image and no fileName" time="0.008282125">
        </testcase>
        <testcase classname="src/app/workspace/component/hugging-face-image-upload/hugging-face-image-upload.component.spec.ts" name="HuggingFaceImageUploadComponent &gt; displayFileName &gt; returns &apos;Uploaded image&apos; when image present but no fileName" time="0.002813292">
        </testcase>
        <testcase classname="src/app/workspace/component/hugging-face-image-upload/hugging-face-image-upload.component.spec.ts" name="HuggingFaceImageUploadComponent &gt; displayFileName &gt; returns fileName when set, even without image" time="0.003307375">
        </testcase>
        <testcase classname="src/app/workspace/component/hugging-face-image-upload/hugging-face-image-upload.component.spec.ts" name="HuggingFaceImageUploadComponent &gt; rendered preview label &gt; labels the preview &apos;Uploaded image&apos; when an image has no filename" time="0.012157708">
        </testcase>
        <testcase classname="src/app/workspace/component/hugging-face-image-upload/hugging-face-image-upload.component.spec.ts" name="HuggingFaceImageUploadComponent &gt; rendered preview label &gt; labels the preview with the filename once one is known" time="0.002768833">
        </testcase>
        <testcase classname="src/app/workspace/component/hugging-face-image-upload/hugging-face-image-upload.component.spec.ts" name="HuggingFaceImageUploadComponent &gt; rendered preview label &gt; renders no preview at all without an image, so the label is never empty" time="0.001474125">
        </testcase>
        <testcase classname="src/app/workspace/component/hugging-face-image-upload/hugging-face-image-upload.component.spec.ts" name="HuggingFaceImageUploadComponent &gt; successful upload &gt; sets fileName, formControl, model, and marks dirty/touched" time="0.001772792">
        </testcase>
        <testcase classname="src/app/workspace/component/hugging-face-image-upload/hugging-face-image-upload.component.spec.ts" name="HuggingFaceImageUploadComponent &gt; successful upload &gt; clears a previous error on successful upload" time="0.001528125">
        </testcase>
        <testcase classname="src/app/workspace/component/hugging-face-image-upload/hugging-face-image-upload.component.spec.ts" name="HuggingFaceImageUploadComponent &gt; compressImage rejection paths &gt; rejects when FileReader.result is not a string (ArrayBuffer)" time="0.001466333">
        </testcase>
        <testcase classname="src/app/workspace/component/hugging-face-image-upload/hugging-face-image-upload.component.spec.ts" name="HuggingFaceImageUploadComponent &gt; compressImage rejection paths &gt; rejects when FileReader.result is null" time="0.001139458">
        </testcase>
        <testcase classname="src/app/workspace/component/hugging-face-image-upload/hugging-face-image-upload.component.spec.ts" name="HuggingFaceImageUploadComponent &gt; compressImage rejection paths &gt; rejects when Image fires onerror" time="0.001036">
        </testcase>
        <testcase classname="src/app/workspace/component/hugging-face-image-upload/hugging-face-image-upload.component.spec.ts" name="HuggingFaceImageUploadComponent &gt; renderCompressedDataUrl (via onFileSelected) &gt; returns empty when canvas context is null" time="0.000953542">
        </testcase>
        <testcase classname="src/app/workspace/component/hugging-face-image-upload/hugging-face-image-upload.component.spec.ts" name="HuggingFaceImageUploadComponent &gt; renderCompressedDataUrl (via onFileSelected) &gt; accepts a data URL that fits within the size limit on first attempt" time="0.009011708">
        </testcase>
        <testcase classname="src/app/workspace/component/hugging-face-image-upload/hugging-face-image-upload.component.spec.ts" name="HuggingFaceImageUploadComponent &gt; renderCompressedDataUrl (via onFileSelected) &gt; reduces quality when the first toDataURL result exceeds the size limit" time="0.009515917">
        </testcase>
        <testcase classname="src/app/workspace/component/hugging-face-image-upload/hugging-face-image-upload.component.spec.ts" name="HuggingFaceImageUploadComponent &gt; renderCompressedDataUrl (via onFileSelected) &gt; reduces dimension when quality loop alone is not enough" time="0.003651541">
        </testcase>
        <testcase classname="src/app/workspace/component/hugging-face-image-upload/hugging-face-image-upload.component.spec.ts" name="HuggingFaceImageUploadComponent &gt; renderCompressedDataUrl (via onFileSelected) &gt; rejects when compressed result never fits within size limit" time="0.001779583">
        </testcase>
        <testcase classname="src/app/workspace/component/hugging-face-image-upload/hugging-face-image-upload.component.spec.ts" name="HuggingFaceImageUploadComponent &gt; renderCompressedDataUrl (via onFileSelected) &gt; rejects when toDataURL returns a non-image data URL" time="0.0073385">
        </testcase>
        <testcase classname="src/app/workspace/component/hugging-face-image-upload/hugging-face-image-upload.component.spec.ts" name="HuggingFaceImageUploadComponent &gt; renderCompressedDataUrl (via onFileSelected) &gt; handles a 1x1 pixel image without error" time="0.0056945">
        </testcase>
        <testcase classname="src/app/workspace/component/hugging-face-image-upload/hugging-face-image-upload.component.spec.ts" name="HuggingFaceImageUploadComponent &gt; renderCompressedDataUrl (via onFileSelected) &gt; handles a very wide image (extreme aspect ratio)" time="0.014085333">
        </testcase>
        <testcase classname="src/app/workspace/component/hugging-face-image-upload/hugging-face-image-upload.component.spec.ts" name="HuggingFaceImageUploadComponent &gt; clearImage edge cases &gt; does not update model when key is not a string" time="0.001658583">
        </testcase>
        <testcase classname="src/app/workspace/component/hugging-face-image-upload/hugging-face-image-upload.component.spec.ts" name="HuggingFaceImageUploadComponent &gt; clearImage edge cases &gt; marks formControl dirty and touched" time="0.001144167">
        </testcase>
        <testcase classname="src/app/workspace/component/hugging-face-image-upload/hugging-face-image-upload.component.spec.ts" name="HuggingFaceImageUploadComponent &gt; consecutive uploads &gt; replaces previous upload value with new upload" time="0.048170584">
        </testcase>
        <testcase classname="src/app/workspace/component/hugging-face-image-upload/hugging-face-image-upload.component.spec.ts" name="HuggingFaceImageUploadComponent &gt; onFileSelected model update &gt; does not update model when key is not a string" time="0.005966209">
        </testcase>
        <testcase classname="src/app/workspace/component/hugging-face-image-upload/hugging-face-image-upload.component.spec.ts" name="HuggingFaceImageUploadComponent &gt; template rendering &gt; renders no preview panel while no image is selected" time="0.003866166">
        </testcase>
        <testcase classname="src/app/workspace/component/hugging-face-image-upload/hugging-face-image-upload.component.spec.ts" name="HuggingFaceImageUploadComponent &gt; template rendering &gt; renders the preview image bound to the stored data URL" time="0.003558584">
        </testcase>
        <testcase classname="src/app/workspace/component/hugging-face-image-upload/hugging-face-image-upload.component.spec.ts" name="HuggingFaceImageUploadComponent &gt; template rendering &gt; labels the preview with the default text when no file name is known" time="0.003788042">
        </testcase>
        <testcase classname="src/app/workspace/component/hugging-face-image-upload/hugging-face-image-upload.component.spec.ts" name="HuggingFaceImageUploadComponent &gt; template rendering &gt; labels the preview with the selected file name once one is known" time="0.0073505">
        </testcase>
        <testcase classname="src/app/workspace/component/hugging-face-image-upload/hugging-face-image-upload.component.spec.ts" name="HuggingFaceImageUploadComponent &gt; template rendering &gt; the Clear button clears the image and removes the preview panel" time="0.003028625">
        </testcase>
        <testcase classname="src/app/workspace/component/hugging-face-image-upload/hugging-face-image-upload.component.spec.ts" name="HuggingFaceImageUploadComponent &gt; template rendering &gt; renders the error message when one is set" time="0.006090125">
        </testcase>
        <testcase classname="src/app/workspace/component/hugging-face-image-upload/hugging-face-image-upload.component.spec.ts" name="HuggingFaceImageUploadComponent &gt; template rendering &gt; a change event with no file selected leaves the control untouched" time="0.004594166">
        </testcase>
    </testsuite>
    <testsuite name="src/app/workspace/component/jupyter-notebook-panel/jupyter-notebook-panel.component.spec.ts" timestamp="2026-09-01T22:49:41.660Z" hostname="dhcp-172-27-096-224.mobile.uci.edu" tests="18" failures="0" errors="0" skipped="0" time="0.290689459">
        <testcase classname="src/app/workspace/component/jupyter-notebook-panel/jupyter-notebook-panel.component.spec.ts" name="JupyterNotebookPanelComponent &gt; should create" time="0.010623">
        </testcase>
        <testcase classname="src/app/workspace/component/jupyter-notebook-panel/jupyter-notebook-panel.component.spec.ts" name="JupyterNotebookPanelComponent &gt; should be hidden by default" time="0.008232709">
        </testcase>
        <testcase classname="src/app/workspace/component/jupyter-notebook-panel/jupyter-notebook-panel.component.spec.ts" name="JupyterNotebookPanelComponent &gt; should update visibility when service emits" time="0.033219041">
            <system-err>
Jupyter Iframe reference not found.

            </system-err>
        </testcase>
        <testcase classname="src/app/workspace/component/jupyter-notebook-panel/jupyter-notebook-panel.component.spec.ts" name="JupyterNotebookPanelComponent &gt; should fetch and sanitize URL when panel becomes visible" time="0.023095875">
            <system-err>
Jupyter Iframe reference not found.

            </system-err>
        </testcase>
        <testcase classname="src/app/workspace/component/jupyter-notebook-panel/jupyter-notebook-panel.component.spec.ts" name="JupyterNotebookPanelComponent &gt; should not render the iframe while visible without a URL" time="0.032448542">
        </testcase>
        <testcase classname="src/app/workspace/component/jupyter-notebook-panel/jupyter-notebook-panel.component.spec.ts" name="JupyterNotebookPanelComponent &gt; should render the iframe once a URL is available" time="0.016103958">
            <system-err>
Jupyter Iframe reference not found.

Jupyter Iframe reference not found.

            </system-err>
        </testcase>
        <testcase classname="src/app/workspace/component/jupyter-notebook-panel/jupyter-notebook-panel.component.spec.ts" name="JupyterNotebookPanelComponent &gt; should clear jupyterUrl and remove the iframe when hidden" time="0.057596708">
            <system-err>
Jupyter Iframe reference not found.

            </system-err>
        </testcase>
        <testcase classname="src/app/workspace/component/jupyter-notebook-panel/jupyter-notebook-panel.component.spec.ts" name="JupyterNotebookPanelComponent &gt; should not update jupyterUrl when the iframe URL fetch rejects" time="0.004635958">
        </testcase>
        <testcase classname="src/app/workspace/component/jupyter-notebook-panel/jupyter-notebook-panel.component.spec.ts" name="JupyterNotebookPanelComponent &gt; should keep handling visibility emissions after a failed fetch" time="0.040510333">
        </testcase>
        <testcase classname="src/app/workspace/component/jupyter-notebook-panel/jupyter-notebook-panel.component.spec.ts" name="JupyterNotebookPanelComponent &gt; should call setIframeRef when iframe exists and visible" time="0.013651084">
        </testcase>
        <testcase classname="src/app/workspace/component/jupyter-notebook-panel/jupyter-notebook-panel.component.spec.ts" name="JupyterNotebookPanelComponent &gt; should NOT call setIframeRef if not visible" time="0.004530916">
        </testcase>
        <testcase classname="src/app/workspace/component/jupyter-notebook-panel/jupyter-notebook-panel.component.spec.ts" name="JupyterNotebookPanelComponent &gt; should not log an error when checkIframeRef runs while the panel is hidden" time="0.005842167">
        </testcase>
        <testcase classname="src/app/workspace/component/jupyter-notebook-panel/jupyter-notebook-panel.component.spec.ts" name="JupyterNotebookPanelComponent &gt; should log an error when visible but the iframe ref is missing" time="0.008338958">
        </testcase>
        <testcase classname="src/app/workspace/component/jupyter-notebook-panel/jupyter-notebook-panel.component.spec.ts" name="JupyterNotebookPanelComponent &gt; should delete notebook via service" time="0.004177">
        </testcase>
        <testcase classname="src/app/workspace/component/jupyter-notebook-panel/jupyter-notebook-panel.component.spec.ts" name="JupyterNotebookPanelComponent &gt; should minimize panel and update visibility" time="0.004239334">
        </testcase>
        <testcase classname="src/app/workspace/component/jupyter-notebook-panel/jupyter-notebook-panel.component.spec.ts" name="JupyterNotebookPanelComponent &gt; should minimize via the header minimize button click" time="0.011358208">
        </testcase>
        <testcase classname="src/app/workspace/component/jupyter-notebook-panel/jupyter-notebook-panel.component.spec.ts" name="JupyterNotebookPanelComponent &gt; should delete via the header delete button popconfirm" time="0.009600083">
        </testcase>
        <testcase classname="src/app/workspace/component/jupyter-notebook-panel/jupyter-notebook-panel.component.spec.ts" name="JupyterNotebookPanelComponent &gt; should clean up on destroy" time="0.002209916">
        </testcase>
    </testsuite>
    <testsuite name="src/app/workspace/component/left-panel/left-panel.component.spec.ts" timestamp="2026-09-01T22:49:41.661Z" hostname="dhcp-172-27-096-224.mobile.uci.edu" tests="28" failures="0" errors="0" skipped="0" time="1.088307709">
        <testcase classname="src/app/workspace/component/left-panel/left-panel.component.spec.ts" name="LeftPanelComponent &gt; should create" time="0.04152525">
        </testcase>
        <testcase classname="src/app/workspace/component/left-panel/left-panel.component.spec.ts" name="LeftPanelComponent &gt; should switch to versions frame component when get all versions is clicked" time="0.037557541">
        </testcase>
        <testcase classname="src/app/workspace/component/left-panel/left-panel.component.spec.ts" name="LeftPanelComponent &gt; openFrame(0) collapses the panel to the docked bar" time="0.023110208">
        </testcase>
        <testcase classname="src/app/workspace/component/left-panel/left-panel.component.spec.ts" name="LeftPanelComponent &gt; openFrame re-opens a collapsed panel using MIN_PANEL_WIDTH and minPanelHeight" time="0.04541875">
        </testcase>
        <testcase classname="src/app/workspace/component/left-panel/left-panel.component.spec.ts" name="LeftPanelComponent &gt; openFrame preserves the current width when switching frames on an already-open panel" time="0.014125041">
        </testcase>
        <testcase classname="src/app/workspace/component/left-panel/left-panel.component.spec.ts" name="LeftPanelComponent &gt; constructor falls back to the Operators frame when the saved index points to a disabled tab" time="0.017837458">
        </testcase>
        <testcase classname="src/app/workspace/component/left-panel/left-panel.component.spec.ts" name="LeftPanelComponent &gt; onDrop reorders the tab order array in place" time="0.034894208">
        </testcase>
        <testcase classname="src/app/workspace/component/left-panel/left-panel.component.spec.ts" name="LeftPanelComponent &gt; onResize applies the new dimensions through requestAnimationFrame" time="0.020066958">
        </testcase>
        <testcase classname="src/app/workspace/component/left-panel/left-panel.component.spec.ts" name="LeftPanelComponent &gt; resetPanelPosition docks the panel back onto its return position" time="0.013159334">
        </testcase>
        <testcase classname="src/app/workspace/component/left-panel/left-panel.component.spec.ts" name="LeftPanelComponent &gt; handleDragStart marks the panel as undocked" time="0.014173167">
        </testcase>
        <testcase classname="src/app/workspace/component/left-panel/left-panel.component.spec.ts" name="LeftPanelComponent &gt; closePanelStream collapses the panel via openFrame(0)" time="0.021203125">
        </testcase>
        <testcase classname="src/app/workspace/component/left-panel/left-panel.component.spec.ts" name="LeftPanelComponent &gt; resetPanelStream resets the position and re-opens the Operators frame" time="0.062808125">
        </testcase>
        <testcase classname="src/app/workspace/component/left-panel/left-panel.component.spec.ts" name="LeftPanelComponent &gt; ngAfterViewInit sizes minPanelHeight/height from the top-level operator categories" time="0.021860375">
        </testcase>
        <testcase classname="src/app/workspace/component/left-panel/left-panel.component.spec.ts" name="LeftPanelComponent &gt; ngAfterViewInit leaves the height untouched when there are no top-level categories" time="0.046232083">
        </testcase>
        <testcase classname="src/app/workspace/component/left-panel/left-panel.component.spec.ts" name="LeftPanelComponent &gt; persists panel state to localStorage on the beforeunload host listener" time="0.0877535">
        </testcase>
        <testcase classname="src/app/workspace/component/left-panel/left-panel.component.spec.ts" name="LeftPanelComponent &gt; ngOnDestroy skips style persistence when the left-container element is absent" time="0.037739416">
        </testcase>
        <testcase classname="src/app/workspace/component/left-panel/left-panel.component.spec.ts" name="LeftPanelComponent &gt; constructor restores a valid saved tab order from localStorage" time="0.058748625">
        </testcase>
        <testcase classname="src/app/workspace/component/left-panel/left-panel.component.spec.ts" name="LeftPanelComponent &gt; constructor ignores a saved tab order whose unique-entry count differs from the default" time="0.016445541">
        </testcase>
        <testcase classname="src/app/workspace/component/left-panel/left-panel.component.spec.ts" name="LeftPanelComponent &gt; template tab rendering &amp; interactions &gt; clicking a tab in the collapsed dock opens that frame" time="0.023847292">
        </testcase>
        <testcase classname="src/app/workspace/component/left-panel/left-panel.component.spec.ts" name="LeftPanelComponent &gt; template tab rendering &amp; interactions &gt; the collapsed dock renders enabled tabs and omits disabled ones" time="0.017312791">
        </testcase>
        <testcase classname="src/app/workspace/component/left-panel/left-panel.component.spec.ts" name="LeftPanelComponent &gt; template tab rendering &amp; interactions &gt; the docked-bar minus collapses the panel when it is open and undocked" time="0.064828167">
        </testcase>
        <testcase classname="src/app/workspace/component/left-panel/left-panel.component.spec.ts" name="LeftPanelComponent &gt; template tab rendering &amp; interactions &gt; clicking a tab in the expanded dock switches frames" time="0.036503333">
        </testcase>
        <testcase classname="src/app/workspace/component/left-panel/left-panel.component.spec.ts" name="LeftPanelComponent &gt; template tab rendering &amp; interactions &gt; the expanded dock&apos;s minus collapses the panel when docked" time="0.054750667">
        </testcase>
        <testcase classname="src/app/workspace/component/left-panel/left-panel.component.spec.ts" name="LeftPanelComponent &gt; template tab rendering &amp; interactions &gt; the return button re-docks the panel to its return position" time="0.090027417">
        </testcase>
        <testcase classname="src/app/workspace/component/left-panel/left-panel.component.spec.ts" name="LeftPanelComponent &gt; template tab rendering &amp; interactions &gt; the return bar&apos;s minus collapses the panel" time="0.0411535">
        </testcase>
        <testcase classname="src/app/workspace/component/left-panel/left-panel.component.spec.ts" name="LeftPanelComponent &gt; template tab rendering &amp; interactions &gt; wires the drop-list reorder from every rendered menu list" time="0.063239541">
        </testcase>
        <testcase classname="src/app/workspace/component/left-panel/left-panel.component.spec.ts" name="LeftPanelComponent &gt; template tab rendering &amp; interactions &gt; wires the resize and drag-start events from the left container" time="0.038982542">
        </testcase>
        <testcase classname="src/app/workspace/component/left-panel/left-panel.component.spec.ts" name="LeftPanelComponent &gt; restores the saved left-container style on its first ngOnInit" time="0.040219125">
        </testcase>
    </testsuite>
    <testsuite name="src/app/workspace/component/menu/menu.component.spec.ts" timestamp="2026-09-01T22:49:41.662Z" hostname="dhcp-172-27-096-224.mobile.uci.edu" tests="105" failures="0" errors="0" skipped="0" time="9.216041917">
        <testcase classname="src/app/workspace/component/menu/menu.component.spec.ts" name="MenuComponent &gt; should create" time="0.168316375">
        </testcase>
        <testcase classname="src/app/workspace/component/menu/menu.component.spec.ts" name="MenuComponent &gt; getRunButtonBehavior &gt; returns &apos;Invalid Workflow&apos; when the workflow is invalid" time="0.087083334">
        </testcase>
        <testcase classname="src/app/workspace/component/menu/menu.component.spec.ts" name="MenuComponent &gt; getRunButtonBehavior &gt; returns &apos;Invalid Workflow&apos; when the workflow does not compile" time="0.054251541">
        </testcase>
        <testcase classname="src/app/workspace/component/menu/menu.component.spec.ts" name="MenuComponent &gt; getRunButtonBehavior &gt; returns &apos;Empty Workflow&apos; when the workflow has no operators" time="0.061440625">
        </testcase>
        <testcase classname="src/app/workspace/component/menu/menu.component.spec.ts" name="MenuComponent &gt; getRunButtonBehavior &gt; returns &apos;Connect&apos; when no computing unit is attached" time="0.065525625">
        </testcase>
        <testcase classname="src/app/workspace/component/menu/menu.component.spec.ts" name="MenuComponent &gt; getRunButtonBehavior &gt; returns &apos;Run&apos; when connected and execution is uninitialized" time="0.04921525">
        </testcase>
        <testcase classname="src/app/workspace/component/menu/menu.component.spec.ts" name="MenuComponent &gt; getRunButtonBehavior &gt; returns &apos;Pause&apos; while a workflow is running" time="0.059952625">
        </testcase>
        <testcase classname="src/app/workspace/component/menu/menu.component.spec.ts" name="MenuComponent &gt; getRunButtonBehavior &gt; returns &apos;Resume&apos; when execution is paused" time="0.056428791">
        </testcase>
        <testcase classname="src/app/workspace/component/menu/menu.component.spec.ts" name="MenuComponent &gt; getRunButtonBehavior &gt; returns &apos;Connecting&apos; when a unit exists but the websocket is not connected" time="0.049735459">
        </testcase>
        <testcase classname="src/app/workspace/component/menu/menu.component.spec.ts" name="MenuComponent &gt; getRunButtonBehavior &gt; wires both the &apos;Connect&apos; and the &apos;Run&apos; descriptor to runWorkflow" time="0.064557791">
        </testcase>
        <testcase classname="src/app/workspace/component/menu/menu.component.spec.ts" name="MenuComponent &gt; getRunButtonBehavior &gt; gives the invalid, empty and connecting descriptors an inert click handler" time="0.110178792">
        </testcase>
        <testcase classname="src/app/workspace/component/menu/menu.component.spec.ts" name="MenuComponent &gt; getRunButtonBehavior &gt; reports every transient execution state as a disabled spinner" time="0.105624958">
        </testcase>
        <testcase classname="src/app/workspace/component/menu/menu.component.spec.ts" name="MenuComponent &gt; getRunButtonBehavior &gt; falls back to &apos;Run&apos; for a state the switch does not list" time="0.062653834">
        </testcase>
        <testcase classname="src/app/workspace/component/menu/menu.component.spec.ts" name="MenuComponent &gt; applyRunButtonBehavior copies the behavior onto the bound fields" time="0.11907225">
        </testcase>
        <testcase classname="src/app/workspace/component/menu/menu.component.spec.ts" name="MenuComponent &gt; re-applies run button behavior when the validation stream reports an empty workflow" time="0.043098083">
        </testcase>
        <testcase classname="src/app/workspace/component/menu/menu.component.spec.ts" name="MenuComponent &gt; hasOperators &gt; returns false on an empty graph" time="0.136231875">
        </testcase>
        <testcase classname="src/app/workspace/component/menu/menu.component.spec.ts" name="MenuComponent &gt; hasOperators &gt; returns true once an operator is added" time="0.123447333">
        </testcase>
        <testcase classname="src/app/workspace/component/menu/menu.component.spec.ts" name="MenuComponent &gt; onClickAddCommentBox delegates to the workflow action service" time="0.064188917">
        </testcase>
        <testcase classname="src/app/workspace/component/menu/menu.component.spec.ts" name="MenuComponent &gt; onClickDeleteAllOperators removes every operator from the graph" time="0.101289666">
        </testcase>
        <testcase classname="src/app/workspace/component/menu/menu.component.spec.ts" name="MenuComponent &gt; onClickAutoLayout is a no-op when there are no operators" time="0.102584375">
        </testcase>
        <testcase classname="src/app/workspace/component/menu/menu.component.spec.ts" name="MenuComponent &gt; onClickAutoLayout invokes auto layout when operators are present" time="0.090460042">
        </testcase>
        <testcase classname="src/app/workspace/component/menu/menu.component.spec.ts" name="MenuComponent &gt; handleKill delegates to executeWorkflowService.killWorkflow" time="0.03807375">
        </testcase>
        <testcase classname="src/app/workspace/component/menu/menu.component.spec.ts" name="MenuComponent &gt; handleCheckpoint delegates to executeWorkflowService.takeGlobalCheckpoint" time="0.111262417">
        </testcase>
        <testcase classname="src/app/workspace/component/menu/menu.component.spec.ts" name="MenuComponent &gt; onClickClosePanels and onClickResetPanels delegate to PanelService" time="0.129408959">
        </testcase>
        <testcase classname="src/app/workspace/component/menu/menu.component.spec.ts" name="MenuComponent &gt; runWorkflow &gt; does nothing when the workflow is invalid" time="0.040268209">
        </testcase>
        <testcase classname="src/app/workspace/component/menu/menu.component.spec.ts" name="MenuComponent &gt; runWorkflow &gt; does nothing when the workflow does not compile" time="0.103135167">
        </testcase>
        <testcase classname="src/app/workspace/component/menu/menu.component.spec.ts" name="MenuComponent &gt; runWorkflow &gt; does nothing when the workflow is empty" time="0.040730875">
        </testcase>
        <testcase classname="src/app/workspace/component/menu/menu.component.spec.ts" name="MenuComponent &gt; runWorkflow &gt; opens the add-computing-unit modal when no unit is connected" time="0.048632458">
        </testcase>
        <testcase classname="src/app/workspace/component/menu/menu.component.spec.ts" name="MenuComponent &gt; runWorkflow &gt; submits the execution when connected" time="0.084975458">
        </testcase>
        <testcase classname="src/app/workspace/component/menu/menu.component.spec.ts" name="MenuComponent &gt; runWorkflow &gt; names a new computing unit generically when the workflow has no name" time="0.039629083">
        </testcase>
        <testcase classname="src/app/workspace/component/menu/menu.component.spec.ts" name="MenuComponent &gt; runWorkflow &gt; submits under &apos;Untitled Execution&apos; when no execution name has been chosen" time="0.058659458">
        </testcase>
        <testcase classname="src/app/workspace/component/menu/menu.component.spec.ts" name="MenuComponent &gt; onWorkflowNameChange forwards the new name to the workflow action service" time="0.105041042">
        </testcase>
        <testcase classname="src/app/workspace/component/menu/menu.component.spec.ts" name="MenuComponent &gt; onWorkflowNameChange persists the rename only while logged in" time="0.071551125">
        </testcase>
        <testcase classname="src/app/workspace/component/menu/menu.component.spec.ts" name="MenuComponent &gt; import workflow removal &gt; does not render an import upload control in the toolbar" time="0.068336542">
        </testcase>
        <testcase classname="src/app/workspace/component/menu/menu.component.spec.ts" name="MenuComponent &gt; import workflow removal &gt; does not define an onClickImportWorkflow handler" time="0.087018">
        </testcase>
        <testcase classname="src/app/workspace/component/menu/menu.component.spec.ts" name="MenuComponent &gt; onClickExportWorkflow (save) &gt; serializes the workflow content as JSON and downloads it under the workflow name" time="0.07194275">
        </testcase>
        <testcase classname="src/app/workspace/component/menu/menu.component.spec.ts" name="MenuComponent &gt; copyPythonCodeToClipboard writes the generated Python script to the clipboard" time="0.083994">
        </testcase>
        <testcase classname="src/app/workspace/component/menu/menu.component.spec.ts" name="MenuComponent &gt; version history &gt; onClickGetAllVersions delegates to workflowVersionService.displayWorkflowVersions" time="0.052262542">
        </testcase>
        <testcase classname="src/app/workspace/component/menu/menu.component.spec.ts" name="MenuComponent &gt; version history &gt; closeParticularVersionDisplay delegates to workflowVersionService" time="0.101766334">
        </testcase>
        <testcase classname="src/app/workspace/component/menu/menu.component.spec.ts" name="MenuComponent &gt; version history &gt; revertToVersion reverts and then persists the workflow" time="0.057106834">
        </testcase>
        <testcase classname="src/app/workspace/component/menu/menu.component.spec.ts" name="MenuComponent &gt; version history &gt; cloneVersion notifies success and closes the version panel when cloning succeeds" time="0.044967792">
        </testcase>
        <testcase classname="src/app/workspace/component/menu/menu.component.spec.ts" name="MenuComponent &gt; version history &gt; cloneVersion shows an error notification and does not close the panel when cloning fails" time="0.048713791">
        </testcase>
        <testcase classname="src/app/workspace/component/menu/menu.component.spec.ts" name="MenuComponent &gt; onClickOpenShareAccess (share) &gt; looks up workflow owners and opens the share-access modal" time="0.047716208">
        </testcase>
        <testcase classname="src/app/workspace/component/menu/menu.component.spec.ts" name="MenuComponent &gt; onClickOpenShareAccess (share) &gt; navigates to /user/workflow (no /dashboard prefix) when the modal reports the owner revoked their own access" time="0.105454083">
        </testcase>
        <testcase classname="src/app/workspace/component/menu/menu.component.spec.ts" name="MenuComponent &gt; onClickOpenShareAccess (share) &gt; does not navigate when the share-access modal closes without revoking own access" time="0.154667625">
        </testcase>
        <testcase classname="src/app/workspace/component/menu/menu.component.spec.ts" name="MenuComponent &gt; onClickCreateNewWorkflow resets the graph and navigates back to root" time="0.09265075">
        </testcase>
        <testcase classname="src/app/workspace/component/menu/menu.component.spec.ts" name="MenuComponent &gt; onClickRestoreZoomOffsetDefault delegates to the joint graph wrapper" time="0.061594">
        </testcase>
        <testcase classname="src/app/workspace/component/menu/menu.component.spec.ts" name="MenuComponent &gt; onClickEditDescription opens the markdown description modal seeded with the current description" time="0.0880485">
        </testcase>
        <testcase classname="src/app/workspace/component/menu/menu.component.spec.ts" name="MenuComponent &gt; onClickExportExecutionResult opens the result-exportation modal with the current workflow name" time="0.103287583">
        </testcase>
        <testcase classname="src/app/workspace/component/menu/menu.component.spec.ts" name="MenuComponent &gt; canvas display toggles &gt; toggleRegion &gt; publishes the displayed flag to the joint graph wrapper when enabled" time="0.052643375">
        </testcase>
        <testcase classname="src/app/workspace/component/menu/menu.component.spec.ts" name="MenuComponent &gt; canvas display toggles &gt; toggleRegion &gt; publishes the displayed flag to the joint graph wrapper when disabled" time="0.072810333">
        </testcase>
        <testcase classname="src/app/workspace/component/menu/menu.component.spec.ts" name="MenuComponent &gt; canvas display toggles &gt; toggleHeatmap / setHeatmapView &gt; publishes the selected view to the joint graph wrapper when enabled" time="0.077835583">
        </testcase>
        <testcase classname="src/app/workspace/component/menu/menu.component.spec.ts" name="MenuComponent &gt; canvas display toggles &gt; toggleHeatmap / setHeatmapView &gt; publishes null to the joint graph wrapper when disabled" time="0.100886791">
        </testcase>
        <testcase classname="src/app/workspace/component/menu/menu.component.spec.ts" name="MenuComponent &gt; canvas display toggles &gt; toggleHeatmap / setHeatmapView &gt; pushes a newly selected view only while the overlay is enabled" time="0.060763375">
        </testcase>
        <testcase classname="src/app/workspace/component/menu/menu.component.spec.ts" name="MenuComponent &gt; canvas display toggles &gt; toggleStatus &gt; removes hide-operator-status when enabled and repositions the status label" time="0.105318041">
        </testcase>
        <testcase classname="src/app/workspace/component/menu/menu.component.spec.ts" name="MenuComponent &gt; canvas display toggles &gt; toggleStatus &gt; adds hide-operator-status when disabled" time="0.082203708">
        </testcase>
        <testcase classname="src/app/workspace/component/menu/menu.component.spec.ts" name="MenuComponent &gt; canvas display toggles &gt; toggleStatus &gt; offsets the status label higher when worker counts are shown" time="0.047014042">
        </testcase>
        <testcase classname="src/app/workspace/component/menu/menu.component.spec.ts" name="MenuComponent &gt; execution duration timer &gt; sets executionDuration to the event&apos;s base duration on each event" time="0.095068875">
        </testcase>
        <testcase classname="src/app/workspace/component/menu/menu.component.spec.ts" name="MenuComponent &gt; execution duration timer &gt; advances the duration by 1s every second while running" time="0.100955">
        </testcase>
        <testcase classname="src/app/workspace/component/menu/menu.component.spec.ts" name="MenuComponent &gt; execution duration timer &gt; does not start a timer when the execution is not running" time="0.138672875">
        </testcase>
        <testcase classname="src/app/workspace/component/menu/menu.component.spec.ts" name="MenuComponent &gt; execution duration timer &gt; restarts the 1s timer on each new running event, cancelling the previous one" time="0.23140025">
        </testcase>
        <testcase classname="src/app/workspace/component/menu/menu.component.spec.ts" name="MenuComponent &gt; execution duration timer &gt; stops the timer when a running execution transitions to not running" time="0.177532833">
        </testcase>
        <testcase classname="src/app/workspace/component/menu/menu.component.spec.ts" name="MenuComponent &gt; execution duration timer &gt; tears down the timer on destroy so the duration stops advancing" time="0.113882542">
        </testcase>
        <testcase classname="src/app/workspace/component/menu/menu.component.spec.ts" name="MenuComponent &gt; computing unit status subscription &gt; updates computingUnitStatus and re-applies the run button behavior on each status emission" time="0.120394833">
        </testcase>
        <testcase classname="src/app/workspace/component/menu/menu.component.spec.ts" name="MenuComponent &gt; computing unit status subscription &gt; stops updating computingUnitStatus once the component is destroyed" time="0.148051792">
        </testcase>
        <testcase classname="src/app/workspace/component/menu/menu.component.spec.ts" name="MenuComponent &gt; grid / worker-count toggles, report, and name sizing &gt; toggleGrid sets the joint paper grid size from the flag" time="0.03897175">
        </testcase>
        <testcase classname="src/app/workspace/component/menu/menu.component.spec.ts" name="MenuComponent &gt; grid / worker-count toggles, report, and name sizing &gt; toggleNumWorkers toggles the hide-worker-count class from the flag" time="0.062681125">
        </testcase>
        <testcase classname="src/app/workspace/component/menu/menu.component.spec.ts" name="MenuComponent &gt; grid / worker-count toggles, report, and name sizing &gt; onClickGenerateReport shows a blocking notification and builds the report html" time="0.078173666">
        </testcase>
        <testcase classname="src/app/workspace/component/menu/menu.component.spec.ts" name="MenuComponent &gt; grid / worker-count toggles, report, and name sizing &gt; adjustWorkflowNameWidth is a no-op when the name input is absent" time="0.092852458">
        </testcase>
        <testcase classname="src/app/workspace/component/menu/menu.component.spec.ts" name="MenuComponent &gt; grid / worker-count toggles, report, and name sizing &gt; adjustWorkflowNameWidth sizes the input in px to fit its text" time="0.094839583">
        </testcase>
        <testcase classname="src/app/workspace/component/menu/menu.component.spec.ts" name="MenuComponent &gt; grid / worker-count toggles, report, and name sizing &gt; adjustWorkflowNameWidth measures the placeholder when the input is empty" time="0.080456542">
        </testcase>
        <testcase classname="src/app/workspace/component/menu/menu.component.spec.ts" name="MenuComponent &gt; expand jupyter notebook panel &gt; onClickExpandJupyterNotebookPanel delegates to JupyterPanelService" time="0.050189792">
        </testcase>
        <testcase classname="src/app/workspace/component/menu/menu.component.spec.ts" name="MenuComponent &gt; expand jupyter notebook panel &gt; shows the expand-jupyter button only when the flag is on and a notebook exists" time="0.100729541">
        </testcase>
        <testcase classname="src/app/workspace/component/menu/menu.component.spec.ts" name="MenuComponent &gt; expand jupyter notebook panel &gt; clicking the expand-jupyter button opens the panel" time="0.078361708">
        </testcase>
        <testcase classname="src/app/workspace/component/menu/menu.component.spec.ts" name="MenuComponent &gt; toolbar wiring &gt; routes each toolbar button to its own handler" time="0.096038166">
        </testcase>
        <testcase classname="src/app/workspace/component/menu/menu.component.spec.ts" name="MenuComponent &gt; toolbar wiring &gt; does not fire a neighbour&apos;s handler when one button is clicked" time="0.07426825">
        </testcase>
        <testcase classname="src/app/workspace/component/menu/menu.component.spec.ts" name="MenuComponent &gt; rendered menu &gt; version display bar &gt; swaps the name input for the version label and a way back" time="0.080935542">
        </testcase>
        <testcase classname="src/app/workspace/component/menu/menu.component.spec.ts" name="MenuComponent &gt; rendered menu &gt; version display bar &gt; offers restore only while the version service allows it" time="0.068234041">
        </testcase>
        <testcase classname="src/app/workspace/component/menu/menu.component.spec.ts" name="MenuComponent &gt; rendered menu &gt; version display bar &gt; offers cloning the displayed version" time="0.147010833">
        </testcase>
        <testcase classname="src/app/workspace/component/menu/menu.component.spec.ts" name="MenuComponent &gt; rendered menu &gt; version display bar &gt; names the displayed version, and says nothing when there is none" time="0.130305666">
        </testcase>
        <testcase classname="src/app/workspace/component/menu/menu.component.spec.ts" name="MenuComponent &gt; rendered menu &gt; version display bar &gt; renders an icon per co-editor" time="0.062875083">
        </testcase>
        <testcase classname="src/app/workspace/component/menu/menu.component.spec.ts" name="MenuComponent &gt; rendered menu &gt; workflow name field &gt; shows the id badge and reports typing and committing the name" time="0.081375833">
        </testcase>
        <testcase classname="src/app/workspace/component/menu/menu.component.spec.ts" name="MenuComponent &gt; rendered menu &gt; workflow name field &gt; drops the id badge when there is no workflow yet" time="0.111396417">
        </testcase>
        <testcase classname="src/app/workspace/component/menu/menu.component.spec.ts" name="MenuComponent &gt; rendered menu &gt; execution buttons &gt; wires share, kill and run" time="0.087007583">
        </testcase>
        <testcase classname="src/app/workspace/component/menu/menu.component.spec.ts" name="MenuComponent &gt; rendered menu &gt; toolbar &gt; wires each toolbar button to its handler" time="0.082763625">
        </testcase>
        <testcase classname="src/app/workspace/component/menu/menu.component.spec.ts" name="MenuComponent &gt; rendered menu &gt; operator actions &gt; keeps the operator actions disabled while nothing is selected" time="0.092112833">
        </testcase>
        <testcase classname="src/app/workspace/component/menu/menu.component.spec.ts" name="MenuComponent &gt; rendered menu &gt; operator actions &gt; wires each operator action in both of its rendered states" time="0.074336">
        </testcase>
        <testcase classname="src/app/workspace/component/menu/menu.component.spec.ts" name="MenuComponent &gt; rendered menu &gt; operator actions &gt; wires the export-result button" time="0.083463208">
        </testcase>
        <testcase classname="src/app/workspace/component/menu/menu.component.spec.ts" name="MenuComponent &gt; rendered menu &gt; operator actions &gt; wires undo and redo, and disables them while an older version is displayed" time="0.129611">
        </testcase>
        <testcase classname="src/app/workspace/component/menu/menu.component.spec.ts" name="MenuComponent &gt; rendered menu &gt; checkpoint button &gt; appears only with time travel on, and is enabled only while paused" time="0.069509958">
        </testcase>
        <testcase classname="src/app/workspace/component/menu/menu.component.spec.ts" name="MenuComponent &gt; ngOnInit subscriptions &gt; re-applies the run button behavior on every execution state event" time="0.169389917">
        </testcase>
        <testcase classname="src/app/workspace/component/menu/menu.component.spec.ts" name="MenuComponent &gt; ngOnInit subscriptions &gt; re-applies the run button behavior on every compilation state event" time="0.064402625">
        </testcase>
        <testcase classname="src/app/workspace/component/menu/menu.component.spec.ts" name="MenuComponent &gt; ngOnInit subscriptions &gt; deactivates the export button unless the feature is on and results exist" time="0.119660542">
        </testcase>
        <testcase classname="src/app/workspace/component/menu/menu.component.spec.ts" name="MenuComponent &gt; onClickGenerateReport &gt; orders the operator results by operator id and blanks the ones the backend omitted" time="0.052290875">
        </testcase>
        <testcase classname="src/app/workspace/component/menu/menu.component.spec.ts" name="MenuComponent &gt; onClickGenerateReport &gt; reports a failure to retrieve the operator results and closes the notification" time="0.097081375">
        </testcase>
        <testcase classname="src/app/workspace/component/menu/menu.component.spec.ts" name="MenuComponent &gt; onClickGenerateReport &gt; reports a failure to take the workflow snapshot without asking for results" time="0.0938825">
        </testcase>
        <testcase classname="src/app/workspace/component/menu/menu.component.spec.ts" name="MenuComponent &gt; onClickEditDescription &gt; seeds the editor with an empty string when the workflow has no description" time="0.087324708">
        </testcase>
        <testcase classname="src/app/workspace/component/menu/menu.component.spec.ts" name="MenuComponent &gt; onClickEditDescription &gt; stores the edited description, persists it while logged in, and closes the modal" time="0.108848334">
        </testcase>
        <testcase classname="src/app/workspace/component/menu/menu.component.spec.ts" name="MenuComponent &gt; onClickEditDescription &gt; closes the modal without persisting when logged out" time="0.138312333">
        </testcase>
        <testcase classname="src/app/workspace/component/menu/menu.component.spec.ts" name="MenuComponent &gt; persistWorkflow &gt; adopts the saved workflow as the current metadata and clears the saving indicator" time="0.128013416">
        </testcase>
        <testcase classname="src/app/workspace/component/menu/menu.component.spec.ts" name="MenuComponent &gt; persistWorkflow &gt; still clears the saving indicator when the saved workflow has no id" time="0.072533417">
        </testcase>
        <testcase classname="src/app/workspace/component/menu/menu.component.spec.ts" name="MenuComponent &gt; persistWorkflow &gt; surfaces a save failure as a notification and stops the saving indicator" time="0.042020584">
        </testcase>
        <testcase classname="src/app/workspace/component/menu/menu.component.spec.ts" name="MenuComponent &gt; workflow metadata display &gt; stamps the last save time for a workflow that has been persisted" time="0.074067292">
        </testcase>
        <testcase classname="src/app/workspace/component/menu/menu.component.spec.ts" name="MenuComponent &gt; workflow metadata display &gt; leaves the stamp empty for a workflow that has never been saved" time="0.082250416">
        </testcase>
        <testcase classname="src/app/workspace/component/menu/menu.component.spec.ts" name="MenuComponent &gt; workflow metadata display &gt; stamps the version date when the displayed workflow has a creation time" time="0.091436375">
        </testcase>
    </testsuite>
    <testsuite name="src/app/workspace/component/notebook-import-modal/notebook-import-modal.component.spec.ts" timestamp="2026-09-01T22:49:41.667Z" hostname="dhcp-172-27-096-224.mobile.uci.edu" tests="19" failures="0" errors="0" skipped="0" time="0.796412042">
        <testcase classname="src/app/workspace/component/notebook-import-modal/notebook-import-modal.component.spec.ts" name="NotebookImportModalComponent &gt; renders the diagram and a usable model select once models load" time="0.06090025">
        </testcase>
        <testcase classname="src/app/workspace/component/notebook-import-modal/notebook-import-modal.component.spec.ts" name="NotebookImportModalComponent &gt; shows the loading spinner only while a submission is in flight" time="0.101268833">
        </testcase>
        <testcase classname="src/app/workspace/component/notebook-import-modal/notebook-import-modal.component.spec.ts" name="NotebookImportModalComponent &gt; makes the form and footer inert and announces the overlay while submitting" time="0.065062917">
        </testcase>
        <testcase classname="src/app/workspace/component/notebook-import-modal/notebook-import-modal.component.spec.ts" name="NotebookImportModalComponent &gt; shows the disabled &apos;no models available&apos; select when the list is empty" time="0.026959625">
        </testcase>
        <testcase classname="src/app/workspace/component/notebook-import-modal/notebook-import-modal.component.spec.ts" name="NotebookImportModalComponent &gt; shows the loading select while models have not resolved yet" time="0.056046334">
        </testcase>
        <testcase classname="src/app/workspace/component/notebook-import-modal/notebook-import-modal.component.spec.ts" name="NotebookImportModalComponent &gt; shows the selected file name once a file is on the form" time="0.039048167">
        </testcase>
        <testcase classname="src/app/workspace/component/notebook-import-modal/notebook-import-modal.component.spec.ts" name="NotebookImportModalComponent &gt; beforeUpload stores the file on the form and prevents auto-upload" time="0.014519375">
        </testcase>
        <testcase classname="src/app/workspace/component/notebook-import-modal/notebook-import-modal.component.spec.ts" name="NotebookImportModalComponent &gt; Submit is disabled until the form has both a file and a model" time="0.02191225">
        </testcase>
        <testcase classname="src/app/workspace/component/notebook-import-modal/notebook-import-modal.component.spec.ts" name="NotebookImportModalComponent &gt; onSubmit asks the opener to import and closes when it proceeds" time="0.025588292">
        </testcase>
        <testcase classname="src/app/workspace/component/notebook-import-modal/notebook-import-modal.component.spec.ts" name="NotebookImportModalComponent &gt; onSubmit keeps the modal open when the opener declines" time="0.016691459">
        </testcase>
        <testcase classname="src/app/workspace/component/notebook-import-modal/notebook-import-modal.component.spec.ts" name="NotebookImportModalComponent &gt; locks the modal shut while generating and restores the close controls on failure" time="0.012367041">
        </testcase>
        <testcase classname="src/app/workspace/component/notebook-import-modal/notebook-import-modal.component.spec.ts" name="NotebookImportModalComponent &gt; computes the elapsed time from the start timestamp as mm:ss" time="0.022416625">
        </testcase>
        <testcase classname="src/app/workspace/component/notebook-import-modal/notebook-import-modal.component.spec.ts" name="NotebookImportModalComponent &gt; runs the stopwatch off wall-clock time while generating and stops the interval when done" time="0.012817791">
        </testcase>
        <testcase classname="src/app/workspace/component/notebook-import-modal/notebook-import-modal.component.spec.ts" name="NotebookImportModalComponent &gt; has a visibilitychange handler that is safe to call (repaint is driven by the zone event)" time="0.029591959">
        </testcase>
        <testcase classname="src/app/workspace/component/notebook-import-modal/notebook-import-modal.component.spec.ts" name="NotebookImportModalComponent &gt; clears the stopwatch interval on destroy" time="0.04201475">
        </testcase>
        <testcase classname="src/app/workspace/component/notebook-import-modal/notebook-import-modal.component.spec.ts" name="NotebookImportModalComponent &gt; ignores a second submit while the first is still pending" time="0.066823208">
        </testcase>
        <testcase classname="src/app/workspace/component/notebook-import-modal/notebook-import-modal.component.spec.ts" name="NotebookImportModalComponent &gt; re-enables submit after the opener declines, allowing another attempt" time="0.074737084">
        </testcase>
        <testcase classname="src/app/workspace/component/notebook-import-modal/notebook-import-modal.component.spec.ts" name="NotebookImportModalComponent &gt; onSubmit does nothing while the form is invalid" time="0.064598958">
        </testcase>
        <testcase classname="src/app/workspace/component/notebook-import-modal/notebook-import-modal.component.spec.ts" name="NotebookImportModalComponent &gt; onCancel closes the modal without importing" time="0.042527916">
        </testcase>
    </testsuite>
    <testsuite name="src/app/workspace/component/power-button/computing-unit-selection.component.spec.ts" timestamp="2026-09-01T22:49:41.668Z" hostname="dhcp-172-27-096-224.mobile.uci.edu" tests="147" failures="0" errors="0" skipped="0" time="4.99072875">
        <testcase classname="src/app/workspace/component/power-button/computing-unit-selection.component.spec.ts" name="PowerButtonComponent &gt; should create" time="0.081245041">
        </testcase>
        <testcase classname="src/app/workspace/component/power-button/computing-unit-selection.component.spec.ts" name="PowerButtonComponent &gt; showAddComputeUnitModalVisible &gt; forwards the seeded default name to the embedded create modal" time="0.045638542">
        </testcase>
        <testcase classname="src/app/workspace/component/power-button/computing-unit-selection.component.spec.ts" name="PowerButtonComponent &gt; showAddComputeUnitModalVisible &gt; opens the modal without touching the name when no default is given" time="0.0394355">
        </testcase>
        <testcase classname="src/app/workspace/component/power-button/computing-unit-selection.component.spec.ts" name="PowerButtonComponent &gt; showAddComputeUnitModalVisible &gt; still opens when the embedded modal is not available" time="0.030180084">
        </testcase>
        <testcase classname="src/app/workspace/component/power-button/computing-unit-selection.component.spec.ts" name="PowerButtonComponent &gt; showAddComputeUnitModalVisible &gt; syncs visibility when the embedded modal closes itself" time="0.017861833">
        </testcase>
        <testcase classname="src/app/workspace/component/power-button/computing-unit-selection.component.spec.ts" name="PowerButtonComponent &gt; onComputingUnitCreated &gt; selects the created unit for the current workflow when the modal emits unitCreated" time="0.0205815">
        </testcase>
        <testcase classname="src/app/workspace/component/power-button/computing-unit-selection.component.spec.ts" name="PowerButtonComponent &gt; showGpuSelection &gt; reflects the fetched GPU limit options" time="0.026802333">
        </testcase>
        <testcase classname="src/app/workspace/component/power-button/computing-unit-selection.component.spec.ts" name="PowerButtonComponent &gt; showGpuSelection &gt; hides the GPU row when the deployment reports no GPU support" time="0.017414916">
        </testcase>
        <testcase classname="src/app/workspace/component/power-button/computing-unit-selection.component.spec.ts" name="PowerButtonComponent &gt; showGpuSelection &gt; falls back to showing GPU metrics when the limit-options fetch fails" time="0.022998625">
        </testcase>
        <testcase classname="src/app/workspace/component/power-button/computing-unit-selection.component.spec.ts" name="PowerButtonComponent &gt; isSavedPveInstalledInCu &gt; returns true when a locked card with the same trimmed name exists" time="0.021594333">
        </testcase>
        <testcase classname="src/app/workspace/component/power-button/computing-unit-selection.component.spec.ts" name="PowerButtonComponent &gt; isSavedPveInstalledInCu &gt; returns false when the same-name card is not locked (draft only)" time="0.018504625">
        </testcase>
        <testcase classname="src/app/workspace/component/power-button/computing-unit-selection.component.spec.ts" name="PowerButtonComponent &gt; isSavedPveInstalledInCu &gt; returns false when no card matches" time="0.012523875">
        </testcase>
        <testcase classname="src/app/workspace/component/power-button/computing-unit-selection.component.spec.ts" name="PowerButtonComponent &gt; installFromSavedPve &gt; pushes a new unlocked card and schedules create when no matching locked card exists" time="0.012985041">
        </testcase>
        <testcase classname="src/app/workspace/component/power-button/computing-unit-selection.component.spec.ts" name="PowerButtonComponent &gt; installFromSavedPve &gt; routes to the locked card and installs only packages that are new in the DB" time="0.015790584">
        </testcase>
        <testcase classname="src/app/workspace/component/power-button/computing-unit-selection.component.spec.ts" name="PowerButtonComponent &gt; installFromSavedPve &gt; routes to the locked card and deletes packages that were removed from the DB" time="0.01320525">
        </testcase>
        <testcase classname="src/app/workspace/component/power-button/computing-unit-selection.component.spec.ts" name="PowerButtonComponent &gt; installFromSavedPve &gt; treats a version change as delete-then-install on the locked card" time="0.015067708">
        </testcase>
        <testcase classname="src/app/workspace/component/power-button/computing-unit-selection.component.spec.ts" name="PowerButtonComponent &gt; installFromSavedPve &gt; is a no-op (with a success toast) when DB and CU contents match exactly" time="0.010344917">
        </testcase>
        <testcase classname="src/app/workspace/component/power-button/computing-unit-selection.component.spec.ts" name="PowerButtonComponent &gt; installFromSavedPve &gt; is a no-op when the veid is not in availableDbPves" time="0.020479459">
        </testcase>
        <testcase classname="src/app/workspace/component/power-button/computing-unit-selection.component.spec.ts" name="PowerButtonComponent &gt; installFromSavedPve &gt; matches an existing locked card when the saved name has surrounding whitespace" time="0.036996209">
        </testcase>
        <testcase classname="src/app/workspace/component/power-button/computing-unit-selection.component.spec.ts" name="PowerButtonComponent &gt; installFromSavedPve &gt; matches an existing locked card when the locked card name has surrounding whitespace" time="0.020342875">
        </testcase>
        <testcase classname="src/app/workspace/component/power-button/computing-unit-selection.component.spec.ts" name="PowerButtonComponent &gt; installFromSavedPve &gt; treats names that differ only in case as different (case-sensitive match)" time="0.030318333">
        </testcase>
        <testcase classname="src/app/workspace/component/power-button/computing-unit-selection.component.spec.ts" name="PowerButtonComponent &gt; installFromSavedPve &gt; preserves the saved name verbatim (with whitespace) on the newly pushed card" time="0.011685792">
        </testcase>
        <testcase classname="src/app/workspace/component/power-button/computing-unit-selection.component.spec.ts" name="PowerButtonComponent &gt; installFromSavedPve &gt; treats a card package with no version and a blank database version as unchanged" time="0.017019334">
        </testcase>
        <testcase classname="src/app/workspace/component/power-button/computing-unit-selection.component.spec.ts" name="PowerButtonComponent &gt; installFromSavedPve &gt; replaces a card package with no version when the database pins one" time="0.009207791">
        </testcase>
        <testcase classname="src/app/workspace/component/power-button/computing-unit-selection.component.spec.ts" name="PowerButtonComponent &gt; installFromSavedPve &gt; deletes a versionless card package the database no longer lists" time="0.007548625">
        </testcase>
        <testcase classname="src/app/workspace/component/power-button/computing-unit-selection.component.spec.ts" name="PowerButtonComponent &gt; installFromSavedPve &gt; reads a database row that carries no version at all through the same fallback" time="0.011535042">
        </testcase>
        <testcase classname="src/app/workspace/component/power-button/computing-unit-selection.component.spec.ts" name="PowerButtonComponent &gt; parseDbPackages &gt; returns an empty array for null packages" time="0.015354084">
        </testcase>
        <testcase classname="src/app/workspace/component/power-button/computing-unit-selection.component.spec.ts" name="PowerButtonComponent &gt; parseDbPackages &gt; returns an empty array for undefined packages" time="0.021064458">
        </testcase>
        <testcase classname="src/app/workspace/component/power-button/computing-unit-selection.component.spec.ts" name="PowerButtonComponent &gt; parseDbPackages &gt; parses ==X.Y.Z entries" time="0.015985959">
        </testcase>
        <testcase classname="src/app/workspace/component/power-button/computing-unit-selection.component.spec.ts" name="PowerButtonComponent &gt; parseDbPackages &gt; parses &gt;= and &lt;= operators" time="0.012466584">
        </testcase>
        <testcase classname="src/app/workspace/component/power-button/computing-unit-selection.component.spec.ts" name="PowerButtonComponent &gt; parseDbPackages &gt; defaults to == when there is no recognized operator prefix" time="0.02140525">
        </testcase>
        <testcase classname="src/app/workspace/component/power-button/computing-unit-selection.component.spec.ts" name="PowerButtonComponent &gt; parseDbPackages &gt; treats an empty string as no version, defaulting versionOp to ==" time="0.030486416">
        </testcase>
        <testcase classname="src/app/workspace/component/power-button/computing-unit-selection.component.spec.ts" name="PowerButtonComponent &gt; parseDbPackages &gt; treats a null version as no version" time="0.046471417">
        </testcase>
        <testcase classname="src/app/workspace/component/power-button/computing-unit-selection.component.spec.ts" name="PowerButtonComponent &gt; parseDbPackages &gt; parses multiple packages and preserves the package name verbatim" time="0.024615667">
        </testcase>
        <testcase classname="src/app/workspace/component/power-button/computing-unit-selection.component.spec.ts" name="PowerButtonComponent &gt; refreshAvailableDbPves &gt; populates availableDbPves from listUserPves on success" time="0.009049125">
        </testcase>
        <testcase classname="src/app/workspace/component/power-button/computing-unit-selection.component.spec.ts" name="PowerButtonComponent &gt; refreshAvailableDbPves &gt; clears availableDbPves and logs when listUserPves errors" time="0.011812458">
        </testcase>
        <testcase classname="src/app/workspace/component/power-button/computing-unit-selection.component.spec.ts" name="PowerButtonComponent &gt; getPVEs() systemPackagesLoading flag &gt; sets systemPackagesLoading=true immediately and keeps it true while /pve/system is in flight" time="0.007445959">
        </testcase>
        <testcase classname="src/app/workspace/component/power-button/computing-unit-selection.component.spec.ts" name="PowerButtonComponent &gt; getPVEs() systemPackagesLoading flag &gt; clears systemPackagesLoading when /pve/system errors" time="0.0107745">
        </testcase>
        <testcase classname="src/app/workspace/component/power-button/computing-unit-selection.component.spec.ts" name="PowerButtonComponent &gt; getPVEs() systemPackagesLoading flag &gt; clears systemPackagesLoading and resets state when /pve/pves errors" time="0.008779667">
        </testcase>
        <testcase classname="src/app/workspace/component/power-button/computing-unit-selection.component.spec.ts" name="PowerButtonComponent &gt; getPVEs() systemPackagesLoading flag &gt; treats a system package with no pinned version as versionless" time="0.019730458">
        </testcase>
        <testcase classname="src/app/workspace/component/power-button/computing-unit-selection.component.spec.ts" name="PowerButtonComponent &gt; the virtual-environment socket &gt; opens a socket for the environment and locks the card while it runs" time="0.014232417">
        </testcase>
        <testcase classname="src/app/workspace/component/power-button/computing-unit-selection.component.spec.ts" name="PowerButtonComponent &gt; the virtual-environment socket &gt; trims the environment name before it reaches the socket URL" time="0.01013275">
        </testcase>
        <testcase classname="src/app/workspace/component/power-button/computing-unit-selection.component.spec.ts" name="PowerButtonComponent &gt; the virtual-environment socket &gt; appends each line the server sends to the pip output" time="0.042900083">
        </testcase>
        <testcase classname="src/app/workspace/component/power-button/computing-unit-selection.component.spec.ts" name="PowerButtonComponent &gt; the virtual-environment socket &gt; closes the socket and unlocks installing on the __DONE__ sentinel" time="0.014330792">
        </testcase>
        <testcase classname="src/app/workspace/component/power-button/computing-unit-selection.component.spec.ts" name="PowerButtonComponent &gt; the virtual-environment socket &gt; does not print the sentinel as though it were output" time="0.012244083">
        </testcase>
        <testcase classname="src/app/workspace/component/power-button/computing-unit-selection.component.spec.ts" name="PowerButtonComponent &gt; the virtual-environment socket &gt; reports a dropped connection in the output rather than hanging" time="0.010115042">
        </testcase>
        <testcase classname="src/app/workspace/component/power-button/computing-unit-selection.component.spec.ts" name="PowerButtonComponent &gt; the virtual-environment socket &gt; closes any socket still open on the card before starting another" time="0.009240083">
        </testcase>
        <testcase classname="src/app/workspace/component/power-button/computing-unit-selection.component.spec.ts" name="PowerButtonComponent &gt; the virtual-environment socket &gt; reinstalls the recorded packages once the environment is created" time="0.009993459">
        </testcase>
        <testcase classname="src/app/workspace/component/power-button/computing-unit-selection.component.spec.ts" name="PowerButtonComponent &gt; the virtual-environment socket &gt; skips creation entirely for a locked card and only syncs its packages" time="0.026126375">
        </testcase>
        <testcase classname="src/app/workspace/component/power-button/computing-unit-selection.component.spec.ts" name="PowerButtonComponent &gt; the virtual-environment socket &gt; refuses to create a second environment under a name another card already uses" time="0.0095995">
        </testcase>
        <testcase classname="src/app/workspace/component/power-button/computing-unit-selection.component.spec.ts" name="PowerButtonComponent &gt; the virtual-environment socket &gt; starts the log from empty when the card has produced no output yet" time="0.01030975">
        </testcase>
        <testcase classname="src/app/workspace/component/power-button/computing-unit-selection.component.spec.ts" name="PowerButtonComponent &gt; the virtual-environment socket &gt; records a dropped connection even when the card has produced no output yet" time="0.012805084">
        </testcase>
        <testcase classname="src/app/workspace/component/power-button/computing-unit-selection.component.spec.ts" name="PowerButtonComponent &gt; the virtual-environment socket &gt; installUserPackages &gt; refuses a package that is missing its operator or its version" time="0.008104167">
        </testcase>
        <testcase classname="src/app/workspace/component/power-button/computing-unit-selection.component.spec.ts" name="PowerButtonComponent &gt; the virtual-environment socket &gt; installUserPackages &gt; skips a package already present as a system package or in the environment" time="0.012076125">
        </testcase>
        <testcase classname="src/app/workspace/component/power-button/computing-unit-selection.component.spec.ts" name="PowerButtonComponent &gt; the virtual-environment socket &gt; installUserPackages &gt; has nothing to install when the card carries no draft rows at all" time="0.009357042">
        </testcase>
        <testcase classname="src/app/workspace/component/power-button/computing-unit-selection.component.spec.ts" name="PowerButtonComponent &gt; the virtual-environment socket &gt; installUserPackages &gt; opens an install socket for the surviving packages and reloads the list when it finishes" time="0.016256333">
        </testcase>
        <testcase classname="src/app/workspace/component/power-button/computing-unit-selection.component.spec.ts" name="PowerButtonComponent &gt; the virtual-environment socket &gt; installUserPackages &gt; logs and keeps the current list when reloading the packages fails" time="0.008263458">
        </testcase>
        <testcase classname="src/app/workspace/component/power-button/computing-unit-selection.component.spec.ts" name="PowerButtonComponent &gt; the virtual-environment socket &gt; deleteUserPackages &gt; deletes the queued packages one at a time and reports a failure without stopping" time="0.0103955">
        </testcase>
        <testcase classname="src/app/workspace/component/power-button/computing-unit-selection.component.spec.ts" name="PowerButtonComponent &gt; onClickOpenShareAccess &gt; opens the share dialog for the given computing unit" time="0.008044958">
        </testcase>
        <testcase classname="src/app/workspace/component/power-button/computing-unit-selection.component.spec.ts" name="PowerButtonComponent &gt; createVirtualEnvironment name validation &gt; rejects underscore (&quot;my_env&quot;) and does not invoke the websocket" time="0.013845666">
        </testcase>
        <testcase classname="src/app/workspace/component/power-button/computing-unit-selection.component.spec.ts" name="PowerButtonComponent &gt; createVirtualEnvironment name validation &gt; rejects dash (&quot;my-env&quot;) and does not invoke the websocket" time="0.016234458">
        </testcase>
        <testcase classname="src/app/workspace/component/power-button/computing-unit-selection.component.spec.ts" name="PowerButtonComponent &gt; createVirtualEnvironment name validation &gt; rejects internal whitespace (&quot;my env&quot;) and does not invoke the websocket" time="0.00813425">
        </testcase>
        <testcase classname="src/app/workspace/component/power-button/computing-unit-selection.component.spec.ts" name="PowerButtonComponent &gt; createVirtualEnvironment name validation &gt; rejects dot (&quot;my.env&quot;) and does not invoke the websocket" time="0.00923925">
        </testcase>
        <testcase classname="src/app/workspace/component/power-button/computing-unit-selection.component.spec.ts" name="PowerButtonComponent &gt; createVirtualEnvironment name validation &gt; rejects exclamation mark (&quot;env!&quot;) and does not invoke the websocket" time="0.016765">
        </testcase>
        <testcase classname="src/app/workspace/component/power-button/computing-unit-selection.component.spec.ts" name="PowerButtonComponent &gt; createVirtualEnvironment name validation &gt; rejects slash (&quot;env/1&quot;) and does not invoke the websocket" time="0.007103334">
        </testcase>
        <testcase classname="src/app/workspace/component/power-button/computing-unit-selection.component.spec.ts" name="PowerButtonComponent &gt; createVirtualEnvironment name validation &gt; rejects only whitespace (empty after trim) (&quot;   &quot;) and does not invoke the websocket" time="0.007689375">
        </testcase>
        <testcase classname="src/app/workspace/component/power-button/computing-unit-selection.component.spec.ts" name="PowerButtonComponent &gt; createVirtualEnvironment name validation &gt; rejects empty string (&quot;&quot;) and does not invoke the websocket" time="0.0155565">
        </testcase>
        <testcase classname="src/app/workspace/component/power-button/computing-unit-selection.component.spec.ts" name="PowerButtonComponent &gt; createVirtualEnvironment name validation &gt; accepts &quot;env&quot; (alphanumeric only) and proceeds to create" time="0.015112625">
        </testcase>
        <testcase classname="src/app/workspace/component/power-button/computing-unit-selection.component.spec.ts" name="PowerButtonComponent &gt; createVirtualEnvironment name validation &gt; accepts &quot;env1&quot; (alphanumeric only) and proceeds to create" time="0.010034666">
        </testcase>
        <testcase classname="src/app/workspace/component/power-button/computing-unit-selection.component.spec.ts" name="PowerButtonComponent &gt; createVirtualEnvironment name validation &gt; accepts &quot;123&quot; (alphanumeric only) and proceeds to create" time="0.006735292">
        </testcase>
        <testcase classname="src/app/workspace/component/power-button/computing-unit-selection.component.spec.ts" name="PowerButtonComponent &gt; createVirtualEnvironment name validation &gt; accepts &quot;ScanPyEnv&quot; (alphanumeric only) and proceeds to create" time="0.00880125">
        </testcase>
        <testcase classname="src/app/workspace/component/power-button/computing-unit-selection.component.spec.ts" name="PowerButtonComponent &gt; createVirtualEnvironment name validation &gt; accepts &quot;abcXYZ0&quot; (alphanumeric only) and proceeds to create" time="0.009369167">
        </testcase>
        <testcase classname="src/app/workspace/component/power-button/computing-unit-selection.component.spec.ts" name="PowerButtonComponent &gt; createVirtualEnvironment name validation &gt; trims surrounding whitespace before validating (valid name with padding passes)" time="0.011730375">
        </testcase>
        <testcase classname="src/app/workspace/component/power-button/computing-unit-selection.component.spec.ts" name="PowerButtonComponent &gt; createVirtualEnvironment name validation &gt; rejects a name that is valid only before trimming (internal whitespace persists after trim)" time="0.014071708">
        </testcase>
        <testcase classname="src/app/workspace/component/power-button/computing-unit-selection.component.spec.ts" name="PowerButtonComponent &gt; createVirtualEnvironment name validation &gt; rejects an invalid name on a locked card too (validation runs before the locked branch)" time="0.016592584">
        </testcase>
        <testcase classname="src/app/workspace/component/power-button/computing-unit-selection.component.spec.ts" name="PowerButtonComponent &gt; isCreateDisabled &gt; disables when the name is empty" time="0.010982292">
        </testcase>
        <testcase classname="src/app/workspace/component/power-button/computing-unit-selection.component.spec.ts" name="PowerButtonComponent &gt; isCreateDisabled &gt; disables when the name is only whitespace" time="0.006516583">
        </testcase>
        <testcase classname="src/app/workspace/component/power-button/computing-unit-selection.component.spec.ts" name="PowerButtonComponent &gt; isCreateDisabled &gt; enables when the name has non-whitespace content" time="0.014471">
        </testcase>
        <testcase classname="src/app/workspace/component/power-button/computing-unit-selection.component.spec.ts" name="PowerButtonComponent &gt; isCreateDisabled &gt; enables when a valid name is padded with whitespace" time="0.013925459">
        </testcase>
        <testcase classname="src/app/workspace/component/power-button/computing-unit-selection.component.spec.ts" name="PowerButtonComponent &gt; selected computing unit stream (ngOnInit) &gt; disables workflow modification and notifies when there are ongoing executions" time="0.021131292">
        </testcase>
        <testcase classname="src/app/workspace/component/power-button/computing-unit-selection.component.spec.ts" name="PowerButtonComponent &gt; selected computing unit stream (ngOnInit) &gt; enables workflow modification when there are no ongoing executions" time="0.02463675">
        </testcase>
        <testcase classname="src/app/workspace/component/power-button/computing-unit-selection.component.spec.ts" name="PowerButtonComponent &gt; selected computing unit stream (ngOnInit) &gt; does not re-check executions when the same cuid re-emits (lastSelectedCuid guard)" time="0.011714917">
        </testcase>
        <testcase classname="src/app/workspace/component/power-button/computing-unit-selection.component.spec.ts" name="PowerButtonComponent &gt; registerWorkflowMetadataSubscription (ngOnInit) &gt; selects the computing unit from the latest execution when the workflow id changes" time="0.021887125">
        </testcase>
        <testcase classname="src/app/workspace/component/power-button/computing-unit-selection.component.spec.ts" name="PowerButtonComponent &gt; registerWorkflowMetadataSubscription (ngOnInit) &gt; falls back to the first Running unit when retrieving the latest execution fails" time="0.046232042">
        </testcase>
        <testcase classname="src/app/workspace/component/power-button/computing-unit-selection.component.spec.ts" name="PowerButtonComponent &gt; registerWorkflowMetadataSubscription (ngOnInit) &gt; does not fetch again when the workflow id is unchanged" time="0.041527125">
        </testcase>
        <testcase classname="src/app/workspace/component/power-button/computing-unit-selection.component.spec.ts" name="PowerButtonComponent &gt; registerWorkflowMetadataSubscription (ngOnInit) &gt; does not look up an execution for an unsaved workflow" time="0.026958708">
        </testcase>
        <testcase classname="src/app/workspace/component/power-button/computing-unit-selection.component.spec.ts" name="PowerButtonComponent &gt; registerWorkflowMetadataSubscription (ngOnInit) &gt; selects nothing when the fetch fails and no unit is Running" time="0.0778755">
        </testcase>
        <testcase classname="src/app/workspace/component/power-button/computing-unit-selection.component.spec.ts" name="PowerButtonComponent &gt; selectComputingUnit guards &gt; does nothing when the cuid is undefined" time="0.022440833">
        </testcase>
        <testcase classname="src/app/workspace/component/power-button/computing-unit-selection.component.spec.ts" name="PowerButtonComponent &gt; selectComputingUnit guards &gt; does nothing when the wid is the default (unsaved) workflow id" time="0.0098215">
        </testcase>
        <testcase classname="src/app/workspace/component/power-button/computing-unit-selection.component.spec.ts" name="PowerButtonComponent &gt; selectComputingUnit guards &gt; selects for a valid wid/cuid pair" time="0.030528416">
        </testcase>
        <testcase classname="src/app/workspace/component/power-button/computing-unit-selection.component.spec.ts" name="PowerButtonComponent &gt; status helpers &gt; computeStatus maps selection + status onto badge states" time="0.02320475">
        </testcase>
        <testcase classname="src/app/workspace/component/power-button/computing-unit-selection.component.spec.ts" name="PowerButtonComponent &gt; status helpers &gt; cannotSelectUnit only allows Running units" time="0.011676291">
        </testcase>
        <testcase classname="src/app/workspace/component/power-button/computing-unit-selection.component.spec.ts" name="PowerButtonComponent &gt; status helpers &gt; isSelectedUnit matches on the computing unit uri" time="0.021476667">
        </testcase>
        <testcase classname="src/app/workspace/component/power-button/computing-unit-selection.component.spec.ts" name="PowerButtonComponent &gt; status helpers &gt; isComputingUnitRunning reflects the selected unit status" time="0.024442209">
        </testcase>
        <testcase classname="src/app/workspace/component/power-button/computing-unit-selection.component.spec.ts" name="PowerButtonComponent &gt; terminateComputingUnit &gt; errors and does nothing when the cuid is not a known unit" time="0.027594125">
        </testcase>
        <testcase classname="src/app/workspace/component/power-button/computing-unit-selection.component.spec.ts" name="PowerButtonComponent &gt; terminateComputingUnit &gt; delegates to confirmAndTerminate for a known non-local unit without deleting environments" time="0.021018042">
        </testcase>
        <testcase classname="src/app/workspace/component/power-button/computing-unit-selection.component.spec.ts" name="PowerButtonComponent &gt; terminateComputingUnit &gt; also deletes PVE environments for a local selected unit, swallowing errors" time="0.031847458">
        </testcase>
        <testcase classname="src/app/workspace/component/power-button/computing-unit-selection.component.spec.ts" name="PowerButtonComponent &gt; startEditingUnitName &gt; blocks non-owners and leaves the editing state untouched" time="0.026474375">
        </testcase>
        <testcase classname="src/app/workspace/component/power-button/computing-unit-selection.component.spec.ts" name="PowerButtonComponent &gt; startEditingUnitName &gt; enters the edit state for an owned unit" time="0.009624334">
        </testcase>
        <testcase classname="src/app/workspace/component/power-button/computing-unit-selection.component.spec.ts" name="PowerButtonComponent &gt; startEditingUnitName &gt; focuses and selects the rename box once it is in the document" time="0.013337625">
        </testcase>
        <testcase classname="src/app/workspace/component/power-button/computing-unit-selection.component.spec.ts" name="PowerButtonComponent &gt; confirmUpdateUnitName &gt; rejects an invalid (empty) name and cancels editing" time="0.017095375">
        </testcase>
        <testcase classname="src/app/workspace/component/power-button/computing-unit-selection.component.spec.ts" name="PowerButtonComponent &gt; confirmUpdateUnitName &gt; renames, patches local + selected caches, refreshes the list and clears edit state on success" time="0.02514975">
        </testcase>
        <testcase classname="src/app/workspace/component/power-button/computing-unit-selection.component.spec.ts" name="PowerButtonComponent &gt; confirmUpdateUnitName &gt; shows a failure toast and still clears the edit state when rename errors" time="0.007906792">
        </testcase>
        <testcase classname="src/app/workspace/component/power-button/computing-unit-selection.component.spec.ts" name="PowerButtonComponent &gt; confirmUpdateUnitName &gt; leaves the caches alone when the renamed unit is neither listed nor selected" time="0.007082667">
        </testcase>
        <testcase classname="src/app/workspace/component/power-button/computing-unit-selection.component.spec.ts" name="PowerButtonComponent &gt; onDropdownVisibilityChange &gt; refreshes the computing unit list when the dropdown opens" time="0.008445833">
        </testcase>
        <testcase classname="src/app/workspace/component/power-button/computing-unit-selection.component.spec.ts" name="PowerButtonComponent &gt; onDropdownVisibilityChange &gt; does nothing when the dropdown closes" time="0.055590209">
        </testcase>
        <testcase classname="src/app/workspace/component/power-button/computing-unit-selection.component.spec.ts" name="PowerButtonComponent &gt; PVE modal open/close &gt; showPVEmodalVisible opens the modal and refreshes packages + saved environments" time="0.02319325">
        </testcase>
        <testcase classname="src/app/workspace/component/power-button/computing-unit-selection.component.spec.ts" name="PowerButtonComponent &gt; PVE modal open/close &gt; closePveModal tears down sockets, clears draft state and hides the modal" time="0.018025459">
        </testcase>
        <testcase classname="src/app/workspace/component/power-button/computing-unit-selection.component.spec.ts" name="PowerButtonComponent &gt; package row editing &gt; addPackage appends an empty new-package row to the indexed environment" time="0.022221916">
        </testcase>
        <testcase classname="src/app/workspace/component/power-button/computing-unit-selection.component.spec.ts" name="PowerButtonComponent &gt; package row editing &gt; togglePackageDelete moves a package into deletingPackages and back out" time="0.007413541">
        </testcase>
        <testcase classname="src/app/workspace/component/power-button/computing-unit-selection.component.spec.ts" name="PowerButtonComponent &gt; package row editing &gt; togglePackageDelete records a versionless package with an empty version" time="0.042287458">
        </testcase>
        <testcase classname="src/app/workspace/component/power-button/computing-unit-selection.component.spec.ts" name="PowerButtonComponent &gt; parsePackageRows / updatePrettyPipOutput &gt; parsePackageRows splits &apos;==&apos;-pinned entries and trims name + version" time="0.010915042">
        </testcase>
        <testcase classname="src/app/workspace/component/power-button/computing-unit-selection.component.spec.ts" name="PowerButtonComponent &gt; parsePackageRows / updatePrettyPipOutput &gt; updatePrettyPipOutput escapes html, styles success lines and converts newlines to &lt;br/&gt;" time="0.014057833">
        </testcase>
        <testcase classname="src/app/workspace/component/power-button/computing-unit-selection.component.spec.ts" name="PowerButtonComponent &gt; parsePackageRows / updatePrettyPipOutput &gt; updatePrettyPipOutput renders an environment that has produced no output as empty" time="0.025208583">
        </testcase>
        <testcase classname="src/app/workspace/component/power-button/computing-unit-selection.component.spec.ts" name="PowerButtonComponent &gt; template rendering (overlays) &gt; renders the PVE modal body: system section, saved environments and env cards" time="0.131580125">
        </testcase>
        <testcase classname="src/app/workspace/component/power-button/computing-unit-selection.component.spec.ts" name="PowerButtonComponent &gt; template rendering (overlays) &gt; renders the trigger button with the selected unit&apos;s name and a status badge" time="0.047412375">
        </testcase>
        <testcase classname="src/app/workspace/component/power-button/computing-unit-selection.component.spec.ts" name="PowerButtonComponent &gt; template rendering (overlays) &gt; renders the &apos;Connect&apos; label on the trigger when no unit is selected" time="0.019788208">
        </testcase>
        <testcase classname="src/app/workspace/component/power-button/computing-unit-selection.component.spec.ts" name="PowerButtonComponent &gt; resource display accessors &gt; reads the selected unit&apos;s raw resource limits and usage" time="0.045276416">
        </testcase>
        <testcase classname="src/app/workspace/component/power-button/computing-unit-selection.component.spec.ts" name="PowerButtonComponent &gt; resource display accessors &gt; returns &apos;NaN&apos; for every accessor when no unit is selected" time="0.027051625">
        </testcase>
        <testcase classname="src/app/workspace/component/power-button/computing-unit-selection.component.spec.ts" name="PowerButtonComponent &gt; resource display getters &gt; derives the display limits and units from the raw values" time="0.01783325">
        </testcase>
        <testcase classname="src/app/workspace/component/power-button/computing-unit-selection.component.spec.ts" name="PowerButtonComponent &gt; resource display getters &gt; returns zero usage values and percentages when metrics are unavailable" time="0.044061042">
        </testcase>
        <testcase classname="src/app/workspace/component/power-button/computing-unit-selection.component.spec.ts" name="PowerButtonComponent &gt; resource display getters &gt; maps a zero percentage to the &apos;success&apos; progress status" time="0.019340417">
        </testcase>
        <testcase classname="src/app/workspace/component/power-button/computing-unit-selection.component.spec.ts" name="PowerButtonComponent &gt; resource display getters &gt; maps a status to a badge color" time="0.031209084">
        </testcase>
        <testcase classname="src/app/workspace/component/power-button/computing-unit-selection.component.spec.ts" name="PowerButtonComponent &gt; resource display getters &gt; describes a unit&apos;s status as a tooltip" time="0.016949458">
        </testcase>
        <testcase classname="src/app/workspace/component/power-button/computing-unit-selection.component.spec.ts" name="PowerButtonComponent &gt; trackBy helpers &gt; trackByCuid keys a unit by its cuid" time="0.024446458">
        </testcase>
        <testcase classname="src/app/workspace/component/power-button/computing-unit-selection.component.spec.ts" name="PowerButtonComponent &gt; trackBy helpers &gt; trackByIndex returns the index" time="0.022779542">
        </testcase>
        <testcase classname="src/app/workspace/component/power-button/computing-unit-selection.component.spec.ts" name="PowerButtonComponent &gt; cancelEditingUnitName &gt; clears the editing state" time="0.029415958">
        </testcase>
        <testcase classname="src/app/workspace/component/power-button/computing-unit-selection.component.spec.ts" name="PowerButtonComponent &gt; openComputingUnitMetadataModal &gt; opens the metadata modal with the unit as nzData" time="0.022301959">
        </testcase>
        <testcase classname="src/app/workspace/component/power-button/computing-unit-selection.component.spec.ts" name="PowerButtonComponent &gt; scrollToBottomOfPipModal &gt; scrolls the pip log element to the bottom on the deferred tick" time="0.012407625">
        </testcase>
        <testcase classname="src/app/workspace/component/power-button/computing-unit-selection.component.spec.ts" name="PowerButtonComponent &gt; scrollToBottomOfPipModal &gt; is a safe no-op when the pip log element is absent" time="0.03298925">
        </testcase>
        <testcase classname="src/app/workspace/component/power-button/computing-unit-selection.component.spec.ts" name="PowerButtonComponent &gt; dropdown menu rows (rendered) &gt; selects the unit whose row is clicked" time="0.211765583">
        </testcase>
        <testcase classname="src/app/workspace/component/power-button/computing-unit-selection.component.spec.ts" name="PowerButtonComponent &gt; dropdown menu rows (rendered) &gt; commits a rename when the inline editor loses focus" time="0.188669">
        </testcase>
        <testcase classname="src/app/workspace/component/power-button/computing-unit-selection.component.spec.ts" name="PowerButtonComponent &gt; dropdown menu rows (rendered) &gt; commits a rename when Enter is pressed in the inline editor" time="0.174821084">
        </testcase>
        <testcase classname="src/app/workspace/component/power-button/computing-unit-selection.component.spec.ts" name="PowerButtonComponent &gt; dropdown menu rows (rendered) &gt; abandons the rename when Escape is pressed in the inline editor" time="0.182250833">
        </testcase>
        <testcase classname="src/app/workspace/component/power-button/computing-unit-selection.component.spec.ts" name="PowerButtonComponent &gt; dropdown menu rows (rendered) &gt; swallows a click inside the inline editor instead of selecting the row" time="0.17956125">
        </testcase>
        <testcase classname="src/app/workspace/component/power-button/computing-unit-selection.component.spec.ts" name="PowerButtonComponent &gt; dropdown menu rows (rendered) &gt; opens the inline editor from the pencil without selecting the row" time="0.188897084">
        </testcase>
        <testcase classname="src/app/workspace/component/power-button/computing-unit-selection.component.spec.ts" name="PowerButtonComponent &gt; dropdown menu rows (rendered) &gt; opens the python-environment modal from the plus icon without selecting the row" time="0.197986209">
        </testcase>
        <testcase classname="src/app/workspace/component/power-button/computing-unit-selection.component.spec.ts" name="PowerButtonComponent &gt; dropdown menu rows (rendered) &gt; opens share access from the share icon without selecting the row" time="0.187451375">
        </testcase>
        <testcase classname="src/app/workspace/component/power-button/computing-unit-selection.component.spec.ts" name="PowerButtonComponent &gt; dropdown menu rows (rendered) &gt; opens the metadata modal from the eye icon without selecting the row" time="0.195640084">
        </testcase>
        <testcase classname="src/app/workspace/component/power-button/computing-unit-selection.component.spec.ts" name="PowerButtonComponent &gt; dropdown menu rows (rendered) &gt; terminates from the delete icon without selecting the row" time="0.175996083">
        </testcase>
        <testcase classname="src/app/workspace/component/power-button/computing-unit-selection.component.spec.ts" name="PowerButtonComponent &gt; dropdown menu rows (rendered) &gt; opens the create-unit modal from the row below the divider" time="0.199070417">
        </testcase>
        <testcase classname="src/app/workspace/component/power-button/computing-unit-selection.component.spec.ts" name="PowerButtonComponent &gt; metrics popover (rendered) &gt; renders the CPU and RAM rows with their value, limit and percentage" time="0.029089625">
        </testcase>
        <testcase classname="src/app/workspace/component/power-button/computing-unit-selection.component.spec.ts" name="PowerButtonComponent &gt; metrics popover (rendered) &gt; adds the GPU, JVM and shared-memory rows when the unit declares those limits" time="0.016648084">
        </testcase>
        <testcase classname="src/app/workspace/component/power-button/computing-unit-selection.component.spec.ts" name="PowerButtonComponent &gt; metrics popover (rendered) &gt; drops the GPU row when the deployment offers no GPU at all" time="0.021903375">
        </testcase>
        <testcase classname="src/app/workspace/component/power-button/computing-unit-selection.component.spec.ts" name="PowerButtonComponent &gt; metrics popover (rendered) &gt; drops each optional row whose limit reads as zero or NaN" time="0.026924125">
        </testcase>
        <testcase classname="src/app/workspace/component/power-button/computing-unit-selection.component.spec.ts" name="PowerButtonComponent &gt; metrics popover (rendered) &gt; has no popover content to show while no unit is selected" time="0.032039292">
        </testcase>
        <testcase classname="src/app/workspace/component/power-button/computing-unit-selection.component.spec.ts" name="PowerButtonComponent &gt; metrics popover (rendered) &gt; closes the python-environment modal from its footer button and its cancel" time="0.071354583">
        </testcase>
    </testsuite>
    <testsuite name="src/app/workspace/component/property-editor/property-editor.component.spec.ts" timestamp="2026-09-01T22:49:41.675Z" hostname="dhcp-172-27-096-224.mobile.uci.edu" tests="22" failures="0" errors="0" skipped="0" time="0.825658375">
        <testcase classname="src/app/workspace/component/property-editor/property-editor.component.spec.ts" name="PropertyEditorComponent &gt; should create" time="0.02096275">
        </testcase>
        <testcase classname="src/app/workspace/component/property-editor/property-editor.component.spec.ts" name="PropertyEditorComponent &gt; should clear and hide the property editor panel correctly when no operator is highlighted" time="0.055203625">
        </testcase>
        <testcase classname="src/app/workspace/component/property-editor/property-editor.component.spec.ts" name="PropertyEditorComponent &gt; should clear and hide the property editor panel correctly when multiple operators are highlighted" time="0.016452625">
        </testcase>
        <testcase classname="src/app/workspace/component/property-editor/property-editor.component.spec.ts" name="PropertyEditorComponent &gt; should switch the content of property editor to another operator from the former operator correctly" time="0.104753875">
        </testcase>
        <testcase classname="src/app/workspace/component/property-editor/property-editor.component.spec.ts" name="PropertyEditorComponent &gt; should show the port property frame when exactly one port (and no link) is highlighted" time="0.038369708">
        </testcase>
        <testcase classname="src/app/workspace/component/property-editor/property-editor.component.spec.ts" name="PropertyEditorComponent &gt; should switch from the operator frame to the port frame when the highlight moves from an operator to a port" time="0.053226292">
        </testcase>
        <testcase classname="src/app/workspace/component/property-editor/property-editor.component.spec.ts" name="PropertyEditorComponent &gt; should clear the panel when a port and a link are highlighted at the same time" time="0.024413667">
        </testcase>
        <testcase classname="src/app/workspace/component/property-editor/property-editor.component.spec.ts" name="PropertyEditorComponent &gt; should clear currentlyEditing shared awareness when the panel is cleared" time="0.023856375">
        </testcase>
        <testcase classname="src/app/workspace/component/property-editor/property-editor.component.spec.ts" name="PropertyEditorComponent &gt; should not react to highlight changes while the texera graph is not syncing" time="0.025890875">
        </testcase>
        <testcase classname="src/app/workspace/component/property-editor/property-editor.component.spec.ts" name="PropertyEditorComponent &gt; onResize should schedule a width/height update through requestAnimationFrame" time="0.02957425">
        </testcase>
        <testcase classname="src/app/workspace/component/property-editor/property-editor.component.spec.ts" name="PropertyEditorComponent &gt; closePanel should collapse the panel to a docked bar" time="0.019049166">
        </testcase>
        <testcase classname="src/app/workspace/component/property-editor/property-editor.component.spec.ts" name="PropertyEditorComponent &gt; openPanel should restore the default open dimensions" time="0.017098833">
        </testcase>
        <testcase classname="src/app/workspace/component/property-editor/property-editor.component.spec.ts" name="PropertyEditorComponent &gt; resetPanelPosition should snap the drag position back to the return position" time="0.026963125">
        </testcase>
        <testcase classname="src/app/workspace/component/property-editor/property-editor.component.spec.ts" name="PropertyEditorComponent &gt; should close the panel in response to the panel service close stream" time="0.020349">
        </testcase>
        <testcase classname="src/app/workspace/component/property-editor/property-editor.component.spec.ts" name="PropertyEditorComponent &gt; should reset position and re-open the panel in response to the panel service reset stream" time="0.012918">
        </testcase>
        <testcase classname="src/app/workspace/component/property-editor/property-editor.component.spec.ts" name="PropertyEditorComponent &gt; should persist the panel size to localStorage on the window beforeunload host listener" time="0.039614125">
        </testcase>
        <testcase classname="src/app/workspace/component/property-editor/property-editor.component.spec.ts" name="PropertyEditorComponent &gt; updateHeightBasedOnContent should leave the height untouched when the content wrapper is absent" time="0.019269666">
        </testcase>
        <testcase classname="src/app/workspace/component/property-editor/property-editor.component.spec.ts" name="PropertyEditorComponent &gt; ngOnDestroy should persist width/height but skip the style when the right-container is missing" time="0.026279166">
        </testcase>
        <testcase classname="src/app/workspace/component/property-editor/property-editor.component.spec.ts" name="PropertyEditorComponent &gt; should read the persisted width and height from localStorage in the constructor" time="0.10086225">
        </testcase>
        <testcase classname="src/app/workspace/component/property-editor/property-editor.component.spec.ts" name="PropertyEditorComponent &gt; should fall back to default dimensions when localStorage has no persisted size" time="0.012313291">
        </testcase>
        <testcase classname="src/app/workspace/component/property-editor/property-editor.component.spec.ts" name="PropertyEditorComponent &gt; template rendering &gt; collapses the panel when the docked collapse item is clicked" time="0.109586625">
        </testcase>
        <testcase classname="src/app/workspace/component/property-editor/property-editor.component.spec.ts" name="PropertyEditorComponent &gt; template rendering &gt; reopens the panel when the collapsed docked item is clicked" time="0.027938708">
        </testcase>
    </testsuite>
    <testsuite name="src/app/workspace/component/result-exportation/result-exportation.component.spec.ts" timestamp="2026-09-01T22:49:41.676Z" hostname="dhcp-172-27-096-224.mobile.uci.edu" tests="37" failures="0" errors="0" skipped="0" time="1.520247375">
        <testcase classname="src/app/workspace/component/result-exportation/result-exportation.component.spec.ts" name="ResultExportationComponent &gt; should create and render" time="0.031858">
        </testcase>
        <testcase classname="src/app/workspace/component/result-exportation/result-exportation.component.spec.ts" name="ResultExportationComponent &gt; ngOnInit keeps only WRITE-accessible datasets and stores the downloadability" time="0.015243417">
        </testcase>
        <testcase classname="src/app/workspace/component/result-exportation/result-exportation.component.spec.ts" name="ResultExportationComponent &gt; onClickExportResult(&apos;dataset&apos;, ds) exports to the dataset destination and closes the modal" time="0.023035625">
        </testcase>
        <testcase classname="src/app/workspace/component/result-exportation/result-exportation.component.spec.ts" name="ResultExportationComponent &gt; onClickExportResult(&apos;local&apos;) exports to local download with no dataset ids" time="0.065877708">
        </testcase>
        <testcase classname="src/app/workspace/component/result-exportation/result-exportation.component.spec.ts" name="ResultExportationComponent &gt; onClickCreateNewDataset opens the dataset-creator modal and adopts the created dataset" time="0.043588167">
        </testcase>
        <testcase classname="src/app/workspace/component/result-exportation/result-exportation.component.spec.ts" name="ResultExportationComponent &gt; operator-id resolution and downloadability getters (menu source) &gt; exportableOperatorIds maps all operators and filters out restricted ones" time="0.014337833">
        </testcase>
        <testcase classname="src/app/workspace/component/result-exportation/result-exportation.component.spec.ts" name="ResultExportationComponent &gt; operator-id resolution and downloadability getters (menu source) &gt; getters return [] when downloadability has not been resolved yet" time="0.008806542">
        </testcase>
        <testcase classname="src/app/workspace/component/result-exportation/result-exportation.component.spec.ts" name="ResultExportationComponent &gt; operator-id resolution and downloadability getters (menu source) &gt; blockingDatasetLabels and blockingDatasetSummary surface the blocking datasets" time="0.025590875">
        </testcase>
        <testcase classname="src/app/workspace/component/result-exportation/result-exportation.component.spec.ts" name="ResultExportationComponent &gt; operator-id resolution and downloadability getters (menu source) &gt; isExportRestricted is true only when every operator is blocked" time="0.012909375">
        </testcase>
        <testcase classname="src/app/workspace/component/result-exportation/result-exportation.component.spec.ts" name="ResultExportationComponent &gt; operator-id resolution and downloadability getters (menu source) &gt; hasPartialNonDownloadable is true when some but not all operators are blocked" time="0.156200583">
        </testcase>
        <testcase classname="src/app/workspace/component/result-exportation/result-exportation.component.spec.ts" name="ResultExportationComponent &gt; updateOutputType &gt; leaves the output flags untouched when downloadability is not resolved" time="0.021895792">
        </testcase>
        <testcase classname="src/app/workspace/component/result-exportation/result-exportation.component.spec.ts" name="ResultExportationComponent &gt; updateOutputType &gt; clears every output flag when all selected operators are export-restricted" time="0.043141625">
        </testcase>
        <testcase classname="src/app/workspace/component/result-exportation/result-exportation.component.spec.ts" name="ResultExportationComponent &gt; updateOutputType &gt; aggregates mixed output types across exportable operators" time="0.033612833">
        </testcase>
        <testcase classname="src/app/workspace/component/result-exportation/result-exportation.component.spec.ts" name="ResultExportationComponent &gt; updateOutputType &gt; reports table output when every operator with a result is a table" time="0.02845575">
        </testcase>
        <testcase classname="src/app/workspace/component/result-exportation/result-exportation.component.spec.ts" name="ResultExportationComponent &gt; onUserInputDatasetName &gt; filters datasets by case-insensitive name match and requires a dataset id" time="0.037828875">
        </testcase>
        <testcase classname="src/app/workspace/component/result-exportation/result-exportation.component.spec.ts" name="ResultExportationComponent &gt; onUserInputDatasetName &gt; resets to the full list when the input is cleared" time="0.022918583">
        </testcase>
        <testcase classname="src/app/workspace/component/result-exportation/result-exportation.component.spec.ts" name="ResultExportationComponent &gt; onClickCreateNewDataset leaves state unchanged when the creator modal is dismissed" time="0.028416708">
        </testcase>
        <testcase classname="src/app/workspace/component/result-exportation/result-exportation.component.spec.ts" name="ResultExportationComponent &gt; template rendering &gt; renders the restricted-export error alert when every operator is blocked" time="0.052213708">
        </testcase>
        <testcase classname="src/app/workspace/component/result-exportation/result-exportation.component.spec.ts" name="ResultExportationComponent &gt; template rendering &gt; renders the partial-skip warning alert when only some operators are blocked" time="0.189077916">
        </testcase>
        <testcase classname="src/app/workspace/component/result-exportation/result-exportation.component.spec.ts" name="ResultExportationComponent &gt; template rendering &gt; renders the export-type select and its output-gated options when export is allowed" time="0.094938167">
        </testcase>
        <testcase classname="src/app/workspace/component/result-exportation/result-exportation.component.spec.ts" name="ResultExportationComponent &gt; template rendering &gt; renders the filename input when the export type is &apos;data&apos;" time="0.036770833">
        </testcase>
        <testcase classname="src/app/workspace/component/result-exportation/result-exportation.component.spec.ts" name="ResultExportationComponent &gt; template rendering &gt; renders the local Export button and exports on click" time="0.036029917">
        </testcase>
        <testcase classname="src/app/workspace/component/result-exportation/result-exportation.component.spec.ts" name="ResultExportationComponent &gt; template rendering &gt; renders the dataset destination with its list and create button" time="0.037662959">
        </testcase>
        <testcase classname="src/app/workspace/component/result-exportation/result-exportation.component.spec.ts" name="ResultExportationComponent &gt; template rendering &gt; writes the chosen export type back through its two-way binding" time="0.053526042">
        </testcase>
        <testcase classname="src/app/workspace/component/result-exportation/result-exportation.component.spec.ts" name="ResultExportationComponent &gt; template rendering &gt; writes the chosen destination back through its two-way binding and swaps in the local Export button" time="0.036172834">
        </testcase>
        <testcase classname="src/app/workspace/component/result-exportation/result-exportation.component.spec.ts" name="ResultExportationComponent &gt; template rendering &gt; writes the binary-data filename back through its two-way binding" time="0.037381416">
        </testcase>
        <testcase classname="src/app/workspace/component/result-exportation/result-exportation.component.spec.ts" name="ResultExportationComponent &gt; template rendering &gt; offers a Save button per selectable dataset and exports to the clicked one" time="0.057143875">
        </testcase>
        <testcase classname="src/app/workspace/component/result-exportation/result-exportation.component.spec.ts" name="ResultExportationComponent &gt; template rendering &gt; prints each option&apos;s dataset id, and prints nothing for a dataset that has none" time="0.04244425">
        </testcase>
        <testcase classname="src/app/workspace/component/result-exportation/result-exportation.component.spec.ts" name="ResultExportationComponent &gt; template rendering &gt; narrows the dataset options to the typed search text and labels each option by its name" time="0.057499583">
        </testcase>
        <testcase classname="src/app/workspace/component/result-exportation/result-exportation.component.spec.ts" name="ResultExportationComponent &gt; template rendering &gt; renders the restricted-export alert with no description when no blocking dataset is named" time="0.021103834">
        </testcase>
        <testcase classname="src/app/workspace/component/result-exportation/result-exportation.component.spec.ts" name="ResultExportationComponent &gt; template rendering &gt; renders the restricted-export alert with every blocking dataset named in its description" time="0.032082167">
        </testcase>
        <testcase classname="src/app/workspace/component/result-exportation/result-exportation.component.spec.ts" name="ResultExportationComponent &gt; template rendering &gt; renders the partial-skip warning with no description when the blocking label is blank" time="0.034583083">
        </testcase>
        <testcase classname="src/app/workspace/component/result-exportation/result-exportation.component.spec.ts" name="ResultExportationComponent &gt; template rendering &gt; renders the partial-skip warning with every blocking dataset named in its description" time="0.017576">
        </testcase>
        <testcase classname="src/app/workspace/component/result-exportation/result-exportation.component.spec.ts" name="ResultExportationComponent &gt; template rendering &gt; renders no partial-skip warning when the blocked operator reports no blocking dataset" time="0.015552625">
        </testcase>
        <testcase classname="src/app/workspace/component/result-exportation/result-exportation.component.spec.ts" name="ResultExportationComponent (context-menu source with default modal data) &gt; applies fallback defaults for absent modal-data fields" time="0.016958708">
        </testcase>
        <testcase classname="src/app/workspace/component/result-exportation/result-exportation.component.spec.ts" name="ResultExportationComponent (context-menu source with default modal data) &gt; resolves operator ids from the highlighted-operator selection" time="0.0085625">
        </testcase>
        <testcase classname="src/app/workspace/component/result-exportation/result-exportation.component.spec.ts" name="ResultExportationComponent (context-menu source with default modal data) &gt; exports highlighted operators only (exportAll === false) for a context-menu trigger" time="0.025542542">
        </testcase>
    </testsuite>
    <testsuite name="src/app/workspace/component/result-panel/result-panel-modal.component.spec.ts" timestamp="2026-09-01T22:49:41.678Z" hostname="dhcp-172-27-096-224.mobile.uci.edu" tests="21" failures="0" errors="0" skipped="0" time="0.334306417">
        <testcase classname="src/app/workspace/component/result-panel/result-panel-modal.component.spec.ts" name="RowModalComponent &gt; should create" time="0.024165458">
        </testcase>
        <testcase classname="src/app/workspace/component/result-panel/result-panel-modal.component.spec.ts" name="RowModalComponent &gt; should populate row data on ngOnChanges" time="0.014681291">
        </testcase>
        <testcase classname="src/app/workspace/component/result-panel/result-panel-modal.component.spec.ts" name="RowModalComponent &gt; should use data URL directly without fetching for base64 media" time="0.01461075">
        </testcase>
        <testcase classname="src/app/workspace/component/result-panel/result-panel-modal.component.spec.ts" name="RowModalComponent &gt; should fetch remote image URL via media-proxy and set blob URL on success" time="0.009802125">
        </testcase>
        <testcase classname="src/app/workspace/component/result-panel/result-panel-modal.component.spec.ts" name="RowModalComponent &gt; should fall back to the text view (not the raw remote URL) when media-proxy request fails" time="0.017829166">
        </testcase>
        <testcase classname="src/app/workspace/component/result-panel/result-panel-modal.component.spec.ts" name="RowModalComponent &gt; should not fetch media-proxy for non-media remote URLs" time="0.013083">
        </testcase>
        <testcase classname="src/app/workspace/component/result-panel/result-panel-modal.component.spec.ts" name="RowModalComponent &gt; should revoke blob URLs on destroy" time="0.0207775">
        </testcase>
        <testcase classname="src/app/workspace/component/result-panel/result-panel-modal.component.spec.ts" name="RowModalComponent &gt; prettyRowJson should return pretty-printed JSON of currentDisplayRowData" time="0.003834458">
        </testcase>
        <testcase classname="src/app/workspace/component/result-panel/result-panel-modal.component.spec.ts" name="RowModalComponent &gt; trackByEntryKey should return the entry key" time="0.004976709">
        </testcase>
        <testcase classname="src/app/workspace/component/result-panel/result-panel-modal.component.spec.ts" name="RowModalComponent &gt; should JSON-stringify non-string values in buildRowEntries" time="0.004075416">
        </testcase>
        <testcase classname="src/app/workspace/component/result-panel/result-panel-modal.component.spec.ts" name="RowModalComponent &gt; should not update row data when tuple is null" time="0.003656625">
        </testcase>
        <testcase classname="src/app/workspace/component/result-panel/result-panel-modal.component.spec.ts" name="RowModalComponent &gt; should call notificationService.success on successful clipboard copy" time="0.034714917">
        </testcase>
        <testcase classname="src/app/workspace/component/result-panel/result-panel-modal.component.spec.ts" name="RowModalComponent &gt; should call notificationService.error on clipboard copy failure" time="0.032874625">
        </testcase>
        <testcase classname="src/app/workspace/component/result-panel/result-panel-modal.component.spec.ts" name="RowModalComponent (with pre-loaded rowData) &gt; should initialize currentDisplayRowData from rowData in modal data" time="0.026153667">
        </testcase>
        <testcase classname="src/app/workspace/component/result-panel/result-panel-modal.component.spec.ts" name="RowModalComponent (with pre-loaded rowData) &gt; should build rowEntries immediately for data URL images in rowData" time="0.005797291">
        </testcase>
        <testcase classname="src/app/workspace/component/result-panel/result-panel-modal.component.spec.ts" name="RowModalComponent (with pre-loaded rowData) &gt; should build rowEntries for all fields in rowData" time="0.009213375">
        </testcase>
        <testcase classname="src/app/workspace/component/result-panel/result-panel-modal.component.spec.ts" name="RowModalComponent (template rendering) &gt; should bind the video element&apos;s src to the video entry&apos;s mediaSrc" time="0.018855083">
        </testcase>
        <testcase classname="src/app/workspace/component/result-panel/result-panel-modal.component.spec.ts" name="RowModalComponent (template rendering) &gt; should bind the audio element&apos;s src to the audio entry&apos;s mediaSrc" time="0.031159083">
        </testcase>
        <testcase classname="src/app/workspace/component/result-panel/result-panel-modal.component.spec.ts" name="RowModalComponent (template rendering) &gt; should re-render the audio src when the entry&apos;s mediaSrc is replaced" time="0.018151">
        </testcase>
        <testcase classname="src/app/workspace/component/result-panel/result-panel-modal.component.spec.ts" name="RowModalComponent (template rendering) &gt; should bind the image element&apos;s src to the image entry&apos;s mediaSrc" time="0.013536583">
        </testcase>
        <testcase classname="src/app/workspace/component/result-panel/result-panel-modal.component.spec.ts" name="RowModalComponent (template rendering) &gt; should call copyText with the entry&apos;s value when its Copy button is clicked" time="0.011759542">
        </testcase>
    </testsuite>
    <testsuite name="src/app/workspace/component/result-panel/result-panel.component.spec.ts" timestamp="2026-09-01T22:49:41.679Z" hostname="dhcp-172-27-096-224.mobile.uci.edu" tests="59" failures="0" errors="0" skipped="0" time="1.513342125">
        <testcase classname="src/app/workspace/component/result-panel/result-panel.component.spec.ts" name="ResultPanelComponent &gt; should create" time="0.051948">
        </testcase>
        <testcase classname="src/app/workspace/component/result-panel/result-panel.component.spec.ts" name="ResultPanelComponent &gt; should show nothing by default" time="0.012581042">
        </testcase>
        <testcase classname="src/app/workspace/component/result-panel/result-panel.component.spec.ts" name="ResultPanelComponent &gt; should show the result panel if a workflow finishes execution" time="0.044134458">
        </testcase>
        <testcase classname="src/app/workspace/component/result-panel/result-panel.component.spec.ts" name="ResultPanelComponent &gt; wipes the panel and operator selection when results are cleared, e.g. on a computing-unit switch (#3120)" time="0.023473334">
        </testcase>
        <testcase classname="src/app/workspace/component/result-panel/result-panel.component.spec.ts" name="ResultPanelComponent &gt; visibility &gt; openPanel sets default dimensions and notifies the resize service" time="0.021967209">
        </testcase>
        <testcase classname="src/app/workspace/component/result-panel/result-panel.component.spec.ts" name="ResultPanelComponent &gt; visibility &gt; closePanel collapses the panel" time="0.023192375">
        </testcase>
        <testcase classname="src/app/workspace/component/result-panel/result-panel.component.spec.ts" name="ResultPanelComponent &gt; visibility &gt; isPanelDocked is true only when the drag position matches the return position" time="0.025311125">
        </testcase>
        <testcase classname="src/app/workspace/component/result-panel/result-panel.component.spec.ts" name="ResultPanelComponent &gt; visibility &gt; clearResultPanel empties the frame configs" time="0.024767459">
        </testcase>
        <testcase classname="src/app/workspace/component/result-panel/result-panel.component.spec.ts" name="ResultPanelComponent &gt; content frames &gt; displayConsole registers a console frame" time="0.013605042">
        </testcase>
        <testcase classname="src/app/workspace/component/result-panel/result-panel.component.spec.ts" name="ResultPanelComponent &gt; content frames &gt; displayError registers a static error frame" time="0.0238105">
        </testcase>
        <testcase classname="src/app/workspace/component/result-panel/result-panel.component.spec.ts" name="ResultPanelComponent &gt; content frames &gt; displayResult uses the table frame when a paginated result exists" time="0.0164095">
        </testcase>
        <testcase classname="src/app/workspace/component/result-panel/result-panel.component.spec.ts" name="ResultPanelComponent &gt; content frames &gt; displayResult uses the visualization frame when only a non-paginated result exists" time="0.031312667">
        </testcase>
        <testcase classname="src/app/workspace/component/result-panel/result-panel.component.spec.ts" name="ResultPanelComponent &gt; content frames &gt; displayResult registers nothing when the operator has no result" time="0.0135145">
        </testcase>
        <testcase classname="src/app/workspace/component/result-panel/result-panel.component.spec.ts" name="ResultPanelComponent &gt; position &amp; resize &gt; resetPanelPosition moves the drag position back to the return position" time="0.034988834">
        </testcase>
        <testcase classname="src/app/workspace/component/result-panel/result-panel.component.spec.ts" name="ResultPanelComponent &gt; position &amp; resize &gt; updateReturnPosition shifts y by the height delta" time="0.018877917">
        </testcase>
        <testcase classname="src/app/workspace/component/result-panel/result-panel.component.spec.ts" name="ResultPanelComponent &gt; position &amp; resize &gt; updateReturnPosition is a no-op when the new height is undefined" time="0.01924375">
        </testcase>
        <testcase classname="src/app/workspace/component/result-panel/result-panel.component.spec.ts" name="ResultPanelComponent &gt; position &amp; resize &gt; onResize applies the new size and notifies the resize service" time="0.035667292">
        </testcase>
        <testcase classname="src/app/workspace/component/result-panel/result-panel.component.spec.ts" name="ResultPanelComponent &gt; drag &gt; handleStartDrag hides the visualization overlay when it is present" time="0.019506708">
        </testcase>
        <testcase classname="src/app/workspace/component/result-panel/result-panel.component.spec.ts" name="ResultPanelComponent &gt; drag &gt; handleEndDrag records the final free-drag position" time="0.014851542">
        </testcase>
        <testcase classname="src/app/workspace/component/result-panel/result-panel.component.spec.ts" name="ResultPanelComponent &gt; rerenderResultPanel &gt; does nothing while previewing a workflow version" time="0.01557025">
        </testcase>
        <testcase classname="src/app/workspace/component/result-panel/result-panel.component.spec.ts" name="ResultPanelComponent &gt; rerenderResultPanel &gt; resets the operator title when the highlight selection is cleared" time="0.016675042">
        </testcase>
        <testcase classname="src/app/workspace/component/result-panel/result-panel.component.spec.ts" name="ResultPanelComponent &gt; rerenderResultPanel &gt; shows an error frame for the whole workflow when execution failed with no operator selected" time="0.02787775">
        </testcase>
        <testcase classname="src/app/workspace/component/result-panel/result-panel.component.spec.ts" name="ResultPanelComponent &gt; rerenderResultPanel &gt; shows an operator error frame when the failed execution has a matching fatal error" time="0.026380875">
        </testcase>
        <testcase classname="src/app/workspace/component/result-panel/result-panel.component.spec.ts" name="ResultPanelComponent &gt; rerenderResultPanel &gt; tears down a stale error frame when the failed execution has no error for the selected operator" time="0.044034208">
        </testcase>
        <testcase classname="src/app/workspace/component/result-panel/result-panel.component.spec.ts" name="ResultPanelComponent &gt; rerenderResultPanel &gt; shows an operator error frame when the compilation failed with a matching error" time="0.040395792">
        </testcase>
        <testcase classname="src/app/workspace/component/result-panel/result-panel.component.spec.ts" name="ResultPanelComponent &gt; rerenderResultPanel &gt; displays a console frame when the selected operator has console messages" time="0.049928459">
        </testcase>
        <testcase classname="src/app/workspace/component/result-panel/result-panel.component.spec.ts" name="ResultPanelComponent &gt; rerenderResultPanel &gt; enables console input when the selected operator is a Python UDF" time="0.019665666">
        </testcase>
        <testcase classname="src/app/workspace/component/result-panel/result-panel.component.spec.ts" name="ResultPanelComponent &gt; auto-open reactions to execution state &gt; highlights the first active sink when a run completes and it is not already the sole selection" time="0.052149709">
        </testcase>
        <testcase classname="src/app/workspace/component/result-panel/result-panel.component.spec.ts" name="ResultPanelComponent &gt; auto-open reactions to execution state &gt; does not re-highlight a sink that is already the sole highlighted operator" time="0.033854125">
        </testcase>
        <testcase classname="src/app/workspace/component/result-panel/result-panel.component.spec.ts" name="ResultPanelComponent &gt; auto-open reactions to execution state &gt; highlights an active Python UDF operator when the workflow starts running" time="0.013693583">
        </testcase>
        <testcase classname="src/app/workspace/component/result-panel/result-panel.component.spec.ts" name="ResultPanelComponent &gt; auto-open reactions to execution state &gt; does not re-highlight a Python UDF when exactly one operator is already highlighted" time="0.022183333">
        </testcase>
        <testcase classname="src/app/workspace/component/result-panel/result-panel.component.spec.ts" name="ResultPanelComponent &gt; auto-open reactions to execution state &gt; does not touch the highlight selection when a run completes with no sink operators" time="0.027088208">
        </testcase>
        <testcase classname="src/app/workspace/component/result-panel/result-panel.component.spec.ts" name="ResultPanelComponent &gt; state-change driven rerender &gt; renders an error frame when the execution transitions into the failed state" time="0.01022925">
        </testcase>
        <testcase classname="src/app/workspace/component/result-panel/result-panel.component.spec.ts" name="ResultPanelComponent &gt; state-change driven rerender &gt; clears the error frame when the execution recovers out of the failed state" time="0.007563917">
        </testcase>
        <testcase classname="src/app/workspace/component/result-panel/result-panel.component.spec.ts" name="ResultPanelComponent &gt; operator display name changes &gt; updates the operator title when the selected operator is renamed" time="0.020918834">
        </testcase>
        <testcase classname="src/app/workspace/component/result-panel/result-panel.component.spec.ts" name="ResultPanelComponent &gt; operator display name changes &gt; ignores rename events for other operators" time="0.044571791">
        </testcase>
        <testcase classname="src/app/workspace/component/result-panel/result-panel.component.spec.ts" name="ResultPanelComponent &gt; panel open/close reactions &gt; collapses the panel when the panel service requests a close" time="0.008578375">
        </testcase>
        <testcase classname="src/app/workspace/component/result-panel/result-panel.component.spec.ts" name="ResultPanelComponent &gt; panel open/close reactions &gt; re-docks and re-opens the panel when the panel service requests a reset" time="0.008153292">
        </testcase>
        <testcase classname="src/app/workspace/component/result-panel/result-panel.component.spec.ts" name="ResultPanelComponent &gt; panel open/close reactions &gt; opens the panel when the result-panel-open stream emits true" time="0.007302833">
        </testcase>
        <testcase classname="src/app/workspace/component/result-panel/result-panel.component.spec.ts" name="ResultPanelComponent &gt; panel open/close reactions &gt; closes the panel when the result-panel-open stream emits false" time="0.018350958">
        </testcase>
        <testcase classname="src/app/workspace/component/result-panel/result-panel.component.spec.ts" name="ResultPanelComponent &gt; drag overlay restore &gt; handleEndDrag restores the visualization overlay z-index when it is present" time="0.015688458">
        </testcase>
        <testcase classname="src/app/workspace/component/result-panel/result-panel.component.spec.ts" name="ResultPanelComponent &gt; drag overlay restore &gt; handleStartDrag is a no-op when no visualization overlay is present" time="0.0223575">
        </testcase>
        <testcase classname="src/app/workspace/component/result-panel/result-panel.component.spec.ts" name="ResultPanelComponent &gt; getWorkflowFatalErrors filtering &gt; returns every fatal error unfiltered when no operator id is provided" time="0.010208959">
        </testcase>
        <testcase classname="src/app/workspace/component/result-panel/result-panel.component.spec.ts" name="ResultPanelComponent &gt; persistence on unload &gt; writes the current panel dimensions to localStorage on window beforeunload" time="0.008819375">
        </testcase>
        <testcase classname="src/app/workspace/component/result-panel/result-panel.component.spec.ts" name="ResultPanelComponent &gt; persistence on unload &gt; persists dimensions but skips the style entry when the result container is gone" time="0.006114292">
        </testcase>
        <testcase classname="src/app/workspace/component/result-panel/result-panel.component.spec.ts" name="ResultPanelComponent &gt; template rendering &gt; renders the docked panel chrome and wires the close / reset actions" time="0.073122709">
        </testcase>
        <testcase classname="src/app/workspace/component/result-panel/result-panel.component.spec.ts" name="ResultPanelComponent &gt; template rendering &gt; renders only the collapsed open button and wires openPanel when width is 0" time="0.032826959">
        </testcase>
        <testcase classname="src/app/workspace/component/result-panel/result-panel.component.spec.ts" name="ResultPanelComponent &gt; template rendering &gt; interpolates the operator title into the panel title" time="0.032742667">
        </testcase>
        <testcase classname="src/app/workspace/component/result-panel/result-panel.component.spec.ts" name="ResultPanelComponent &gt; template rendering &gt; omits the separator in the title when no operator is selected" time="0.017683542">
        </testcase>
        <testcase classname="src/app/workspace/component/result-panel/result-panel.component.spec.ts" name="ResultPanelComponent &gt; template rendering &gt; shows the no-results tab when there are no frames" time="0.035511583">
        </testcase>
        <testcase classname="src/app/workspace/component/result-panel/result-panel.component.spec.ts" name="ResultPanelComponent &gt; template rendering &gt; renders a tab per frame when frames are present" time="0.045882084">
        </testcase>
        <testcase classname="src/app/workspace/component/result-panel/result-panel.component.spec.ts" name="ResultPanelComponent &gt; template rendering &gt; renders the resize handles when the panel is docked" time="0.033139583">
        </testcase>
        <testcase classname="src/app/workspace/component/result-panel/result-panel.component.spec.ts" name="ResultPanelComponent &gt; template rendering &gt; offers only the right handle while the panel sits docked in its return position" time="0.031490541">
        </testcase>
        <testcase classname="src/app/workspace/component/result-panel/result-panel.component.spec.ts" name="ResultPanelComponent &gt; template rendering &gt; offers all three resize directions once the panel has been dragged away from its return position" time="0.018897292">
        </testcase>
        <testcase classname="src/app/workspace/component/result-panel/result-panel.component.spec.ts" name="ResultPanelComponent &gt; template rendering &gt; names the selected operator in the collapsed open button&apos;s tooltip" time="0.027066">
        </testcase>
        <testcase classname="src/app/workspace/component/result-panel/result-panel.component.spec.ts" name="ResultPanelComponent &gt; template rendering &gt; omits the separator from the collapsed open button&apos;s tooltip when no operator is selected" time="0.02319275">
        </testcase>
        <testcase classname="src/app/workspace/component/result-panel/result-panel.component.spec.ts" name="ResultPanelComponent &gt; template rendering &gt; names the selected operator in the expanded close button&apos;s tooltip" time="0.029384583">
        </testcase>
        <testcase classname="src/app/workspace/component/result-panel/result-panel.component.spec.ts" name="ResultPanelComponent &gt; template rendering &gt; omits the separator from the expanded close button&apos;s tooltip when no operator is selected" time="0.033862917">
        </testcase>
        <testcase classname="src/app/workspace/component/result-panel/result-panel.component.spec.ts" name="ResultPanelComponent &gt; template rendering &gt; routes the container&apos;s drag and resize outputs to the component handlers" time="0.029454042">
        </testcase>
    </testsuite>
    <testsuite name="src/app/workspace/component/ui-udf-parameters/ui-udf-parameters.component.spec.ts" timestamp="2026-09-01T22:49:41.682Z" hostname="dhcp-172-27-096-224.mobile.uci.edu" tests="20" failures="0" errors="0" skipped="0" time="0.222271167">
        <testcase classname="src/app/workspace/component/ui-udf-parameters/ui-udf-parameters.component.spec.ts" name="UiUdfParametersComponent &gt; should render the add control and draft row before existing parameters" time="0.022152625">
        </testcase>
        <testcase classname="src/app/workspace/component/ui-udf-parameters/ui-udf-parameters.component.spec.ts" name="UiUdfParametersComponent &gt; should disable name and type fields while leaving value editable" time="0.004714333">
        </testcase>
        <testcase classname="src/app/workspace/component/ui-udf-parameters/ui-udf-parameters.component.spec.ts" name="UiUdfParametersComponent &gt; should apply disabled state to rows generated from the field array template" time="0.003166917">
        </testcase>
        <testcase classname="src/app/workspace/component/ui-udf-parameters/ui-udf-parameters.component.spec.ts" name="UiUdfParametersComponent &gt; should add a parameter for the highlighted operator and close the draft row" time="0.004219833">
        </testcase>
        <testcase classname="src/app/workspace/component/ui-udf-parameters/ui-udf-parameters.component.spec.ts" name="UiUdfParametersComponent &gt; should surface edit errors and keep the draft row open" time="0.001942167">
        </testcase>
        <testcase classname="src/app/workspace/component/ui-udf-parameters/ui-udf-parameters.component.spec.ts" name="UiUdfParametersComponent &gt; branch coverage &gt; surfaces parse errors the same way as edit errors" time="0.004858041">
        </testcase>
        <testcase classname="src/app/workspace/component/ui-udf-parameters/ui-udf-parameters.component.spec.ts" name="UiUdfParametersComponent &gt; branch coverage &gt; rethrows an error that is neither an edit nor a parse error" time="0.002580792">
        </testcase>
        <testcase classname="src/app/workspace/component/ui-udf-parameters/ui-udf-parameters.component.spec.ts" name="UiUdfParametersComponent &gt; branch coverage &gt; skips the row template when fieldArray is a factory function" time="0.002491667">
        </testcase>
        <testcase classname="src/app/workspace/component/ui-udf-parameters/ui-udf-parameters.component.spec.ts" name="UiUdfParametersComponent &gt; branch coverage &gt; ignores columns that the row template does not declare" time="0.00498875">
        </testcase>
        <testcase classname="src/app/workspace/component/ui-udf-parameters/ui-udf-parameters.component.spec.ts" name="UiUdfParametersComponent &gt; branch coverage &gt; tracks parameter rows by attribute name, falling back to the index" time="0.002482875">
        </testcase>
        <testcase classname="src/app/workspace/component/ui-udf-parameters/ui-udf-parameters.component.spec.ts" name="UiUdfParametersComponent &gt; branch coverage &gt; reapplies the disabled state when the same row is populated again" time="0.003564291">
        </testcase>
        <testcase classname="src/app/workspace/component/ui-udf-parameters/ui-udf-parameters.component.spec.ts" name="UiUdfParametersComponent &gt; template interactions &gt; opens the draft row when the add-parameter button is clicked" time="0.01376175">
        </testcase>
        <testcase classname="src/app/workspace/component/ui-udf-parameters/ui-udf-parameters.component.spec.ts" name="UiUdfParametersComponent &gt; template interactions &gt; adds the parameter with the type chosen in the draft select when the confirm button is clicked" time="0.0394125">
        </testcase>
        <testcase classname="src/app/workspace/component/ui-udf-parameters/ui-udf-parameters.component.spec.ts" name="UiUdfParametersComponent &gt; template interactions &gt; closes the draft row without adding anything when the cancel button is clicked" time="0.029140958">
        </testcase>
        <testcase classname="src/app/workspace/component/ui-udf-parameters/ui-udf-parameters.component.spec.ts" name="UiUdfParametersComponent &gt; template interactions &gt; adds the parameter on Enter and closes the draft row on Escape" time="0.029080917">
        </testcase>
        <testcase classname="src/app/workspace/component/ui-udf-parameters/ui-udf-parameters.component.spec.ts" name="UiUdfParametersComponent &gt; template interactions &gt; renders one formly-field per column for a model row backed by a field group" time="0.013221959">
        </testcase>
        <testcase classname="src/app/workspace/component/ui-udf-parameters/ui-udf-parameters.component.spec.ts" name="UiUdfParametersComponent &gt; template interactions &gt; binds each rendered row to its own backing field group" time="0.009340083">
        </testcase>
        <testcase classname="src/app/workspace/component/ui-udf-parameters/ui-udf-parameters.component.spec.ts" name="UiUdfParametersComponent &gt; template interactions &gt; renders no cells for a model row whose backing field group is missing" time="0.01232875">
        </testcase>
        <testcase classname="src/app/workspace/component/ui-udf-parameters/ui-udf-parameters.component.spec.ts" name="UiUdfParametersComponent &gt; template interactions &gt; renders the header and draft rows alone when the field carries no model" time="0.009750583">
        </testcase>
        <testcase classname="src/app/workspace/component/ui-udf-parameters/ui-udf-parameters.component.spec.ts" name="UiUdfParametersComponent &gt; template interactions &gt; hides the add-parameter button while the workflow may not be modified" time="0.008393958">
        </testcase>
    </testsuite>
    <testsuite name="src/app/workspace/component/visualization-panel-content/visualization-frame-content.component.spec.ts" timestamp="2026-09-01T22:49:41.683Z" hostname="dhcp-172-27-096-224.mobile.uci.edu" tests="7" failures="0" errors="0" skipped="0" time="0.101969792">
        <testcase classname="src/app/workspace/component/visualization-panel-content/visualization-frame-content.component.spec.ts" name="VisualizationFrameContentComponent &gt; drawChart() guard clauses &gt; is a no-op when operatorId is undefined" time="0.009158084">
        </testcase>
        <testcase classname="src/app/workspace/component/visualization-panel-content/visualization-frame-content.component.spec.ts" name="VisualizationFrameContentComponent &gt; drawChart() guard clauses &gt; is a no-op when getResultService returns undefined" time="0.010311375">
        </testcase>
        <testcase classname="src/app/workspace/component/visualization-panel-content/visualization-frame-content.component.spec.ts" name="VisualizationFrameContentComponent &gt; drawChart() guard clauses &gt; is a no-op when the snapshot is empty/undefined" time="0.027086875">
        </testcase>
        <testcase classname="src/app/workspace/component/visualization-panel-content/visualization-frame-content.component.spec.ts" name="VisualizationFrameContentComponent &gt; drawChart() rendering &gt; renders the last snapshot entry&apos;s html-content through the DomSanitizer" time="0.012290666">
        </testcase>
        <testcase classname="src/app/workspace/component/visualization-panel-content/visualization-frame-content.component.spec.ts" name="VisualizationFrameContentComponent &gt; result-update stream subscription &gt; redraws after UPDATE_INTERVAL_MS when a matching operatorId emits" time="0.017674625">
        </testcase>
        <testcase classname="src/app/workspace/component/visualization-panel-content/visualization-frame-content.component.spec.ts" name="VisualizationFrameContentComponent &gt; result-update stream subscription &gt; ignores stream emissions that don&apos;t include the current operatorId" time="0.015283083">
        </testcase>
        <testcase classname="src/app/workspace/component/visualization-panel-content/visualization-frame-content.component.spec.ts" name="VisualizationFrameContentComponent &gt; result-update stream subscription &gt; ignores stream emissions when operatorId is undefined" time="0.00960025">
        </testcase>
    </testsuite>
    <testsuite name="src/app/workspace/component/workflow-editor/workflow-editor.component.spec.ts" timestamp="2026-09-01T22:49:41.683Z" hostname="dhcp-172-27-096-224.mobile.uci.edu" tests="106" failures="0" errors="0" skipped="0" time="7.083723125">
        <testcase classname="src/app/workspace/component/workflow-editor/workflow-editor.component.spec.ts" name="WorkflowEditorComponent &gt; JointJS Paper &gt; should create" time="0.127769541">
        </testcase>
        <testcase classname="src/app/workspace/component/workflow-editor/workflow-editor.component.spec.ts" name="WorkflowEditorComponent &gt; JointJS Paper &gt; should reset the heat-map view on destroy so a re-entered workspace starts with the overlay off" time="0.063162917">
        </testcase>
        <testcase classname="src/app/workspace/component/workflow-editor/workflow-editor.component.spec.ts" name="WorkflowEditorComponent &gt; JointJS Paper &gt; should hide operator status on the canvas by default" time="0.021563791">
        </testcase>
        <testcase classname="src/app/workspace/component/workflow-editor/workflow-editor.component.spec.ts" name="WorkflowEditorComponent &gt; JointJS Paper &gt; should create region elements hidden so the Regions toggle starts off on canvas and mini-map" time="0.055537166">
        </testcase>
        <testcase classname="src/app/workspace/component/workflow-editor/workflow-editor.component.spec.ts" name="WorkflowEditorComponent &gt; JointJS Paper &gt; should show regions created during execution when the toggle is already on" time="0.073366041">
        </testcase>
        <testcase classname="src/app/workspace/component/workflow-editor/workflow-editor.component.spec.ts" name="WorkflowEditorComponent &gt; JointJS Paper &gt; should keep regions visible when they are recreated on a later execution update" time="0.071611625">
        </testcase>
        <testcase classname="src/app/workspace/component/workflow-editor/workflow-editor.component.spec.ts" name="WorkflowEditorComponent &gt; JointJS Paper &gt; should toggle visibility of existing regions when the displayed flag changes" time="0.013971875">
        </testcase>
        <testcase classname="src/app/workspace/component/workflow-editor/workflow-editor.component.spec.ts" name="WorkflowEditorComponent &gt; JointJS Paper &gt; should create element in the UI after adding operator in the model" time="0.01831675">
        </testcase>
        <testcase classname="src/app/workspace/component/workflow-editor/workflow-editor.component.spec.ts" name="WorkflowEditorComponent &gt; JointJS Paper &gt; should create a graph of multiple cells in the UI" time="0.04599575">
        </testcase>
        <testcase classname="src/app/workspace/component/workflow-editor/workflow-editor.component.spec.ts" name="WorkflowEditorComponent &gt; External Module Integration &gt; should react to operator highlight event and change the appearance of the operator to be highlighted" time="0.108226292">
        </testcase>
        <testcase classname="src/app/workspace/component/workflow-editor/workflow-editor.component.spec.ts" name="WorkflowEditorComponent &gt; External Module Integration &gt; should react to operator unhighlight event and change the appearance of the operator to be unhighlighted" time="0.067964208">
        </testcase>
        <testcase classname="src/app/workspace/component/workflow-editor/workflow-editor.component.spec.ts" name="WorkflowEditorComponent &gt; External Module Integration &gt; pulls the active agent&apos;s operator results when an operator&apos;s chat popover opens" time="0.139478958">
        </testcase>
        <testcase classname="src/app/workspace/component/workflow-editor/workflow-editor.component.spec.ts" name="WorkflowEditorComponent &gt; External Module Integration &gt; does not pull operator results when no agent is connected" time="0.086410083">
        </testcase>
        <testcase classname="src/app/workspace/component/workflow-editor/workflow-editor.component.spec.ts" name="WorkflowEditorComponent &gt; External Module Integration &gt; should react to operator validation and change the color of operator box if the operator is valid " time="0.172885209">
        </testcase>
        <testcase classname="src/app/workspace/component/workflow-editor/workflow-editor.component.spec.ts" name="WorkflowEditorComponent &gt; External Module Integration &gt; should validate operator connections correctly" time="0.205917208">
        </testcase>
        <testcase classname="src/app/workspace/component/workflow-editor/workflow-editor.component.spec.ts" name="WorkflowEditorComponent &gt; External Module Integration &gt; should validate operator connections with ports that allow multi-inputs correctly" time="0.177775208">
        </testcase>
        <testcase classname="src/app/workspace/component/workflow-editor/workflow-editor.component.spec.ts" name="WorkflowEditorComponent &gt; External Module Integration &gt; should react to jointJS paper zoom event" time="0.026501042">
        </testcase>
        <testcase classname="src/app/workspace/component/workflow-editor/workflow-editor.component.spec.ts" name="WorkflowEditorComponent &gt; External Module Integration &gt; should react to jointJS paper restore default offset event" time="0.021985708">
        </testcase>
        <testcase classname="src/app/workspace/component/workflow-editor/workflow-editor.component.spec.ts" name="WorkflowEditorComponent &gt; External Module Integration &gt; should delete the highlighted operator when user presses the backspace key" time="0.056876625">
        </testcase>
        <testcase classname="src/app/workspace/component/workflow-editor/workflow-editor.component.spec.ts" name="WorkflowEditorComponent &gt; External Module Integration &gt; should delete the highlighted operator when user presses the delete key" time="0.027743833">
        </testcase>
        <testcase classname="src/app/workspace/component/workflow-editor/workflow-editor.component.spec.ts" name="WorkflowEditorComponent &gt; External Module Integration &gt; should delete all highlighted operators when user presses the backspace key" time="0.044185416">
        </testcase>
        <testcase classname="src/app/workspace/component/workflow-editor/workflow-editor.component.spec.ts" name="WorkflowEditorComponent &gt; External Module Integration &gt; should highlight all operators when user presses command + A" time="0.082577541">
        </testcase>
        <testcase classname="src/app/workspace/component/workflow-editor/workflow-editor.component.spec.ts" name="WorkflowEditorComponent &gt; External Module Integration &gt; should undo action when user presses command + Z or control + Z" time="0.05919875">
        </testcase>
        <testcase classname="src/app/workspace/component/workflow-editor/workflow-editor.component.spec.ts" name="WorkflowEditorComponent &gt; External Module Integration &gt; should redo action when user presses command/control + Y or command/control + shift + Z" time="0.255023458">
        </testcase>
        <testcase classname="src/app/workspace/component/workflow-editor/workflow-editor.component.spec.ts" name="WorkflowEditorComponent &gt; External Module Integration &gt; operator border restoration after navigation &gt; paints the execution-state stroke (green) for a valid operator with a cached Completed status" time="0.078554417">
        </testcase>
        <testcase classname="src/app/workspace/component/workflow-editor/workflow-editor.component.spec.ts" name="WorkflowEditorComponent &gt; External Module Integration &gt; operator border restoration after navigation &gt; paints the execution-state stroke (orange) for a valid operator with a cached Running status" time="0.07147725">
        </testcase>
        <testcase classname="src/app/workspace/component/workflow-editor/workflow-editor.component.spec.ts" name="WorkflowEditorComponent &gt; External Module Integration &gt; operator border restoration after navigation &gt; falls back to the default valid stroke (#CFCFCF) when no cached status exists" time="0.041548125">
        </testcase>
        <testcase classname="src/app/workspace/component/workflow-editor/workflow-editor.component.spec.ts" name="WorkflowEditorComponent &gt; External Module Integration &gt; operator border restoration after navigation &gt; paints the invalid stroke (red) for an invalid operator with no cached status" time="0.044606084">
        </testcase>
        <testcase classname="src/app/workspace/component/workflow-editor/workflow-editor.component.spec.ts" name="WorkflowEditorComponent &gt; External Module Integration &gt; operator border restoration after navigation &gt; prioritizes invalid (red) over cached Completed status" time="0.089098417">
        </testcase>
        <testcase classname="src/app/workspace/component/workflow-editor/workflow-editor.component.spec.ts" name="WorkflowEditorComponent &gt; External Module Integration &gt; operator border restoration after navigation &gt; relies solely on the passed-in Validation (never recomputes inside the helper)" time="0.047671292">
        </testcase>
        <testcase classname="src/app/workspace/component/workflow-editor/workflow-editor.component.spec.ts" name="WorkflowEditorComponent &gt; External Module Integration &gt; operator border restoration after navigation &gt; honors the passed-in Validation result (paints red when it is invalid)" time="0.042165417">
        </testcase>
        <testcase classname="src/app/workspace/component/workflow-editor/workflow-editor.component.spec.ts" name="WorkflowEditorComponent &gt; External Module Integration &gt; operator border restoration after navigation &gt; always supplies a Validation to applyOperatorBorder when an operator is added" time="0.03401875">
        </testcase>
        <testcase classname="src/app/workspace/component/workflow-editor/workflow-editor.component.spec.ts" name="WorkflowEditorComponent &gt; External Module Integration &gt; joint paper event handlers &gt; deletes the operator when its element:delete button fires" time="0.028163667">
        </testcase>
        <testcase classname="src/app/workspace/component/workflow-editor/workflow-editor.component.spec.ts" name="WorkflowEditorComponent &gt; External Module Integration &gt; joint paper event handlers &gt; adds then removes an input port on the matching element port events" time="0.051173625">
        </testcase>
        <testcase classname="src/app/workspace/component/workflow-editor/workflow-editor.component.spec.ts" name="WorkflowEditorComponent &gt; External Module Integration &gt; joint paper event handlers &gt; adds then removes an output port on the matching element port events" time="0.05407125">
        </testcase>
        <testcase classname="src/app/workspace/component/workflow-editor/workflow-editor.component.spec.ts" name="WorkflowEditorComponent &gt; External Module Integration &gt; joint paper event handlers &gt; highlights the clicked port when a port magnet is clicked" time="0.053787333">
        </testcase>
        <testcase classname="src/app/workspace/component/workflow-editor/workflow-editor.component.spec.ts" name="WorkflowEditorComponent &gt; External Module Integration &gt; joint paper event handlers &gt; supports shift-click multiselect, toggle-off, and blank-area unhighlight" time="0.043908458">
        </testcase>
        <testcase classname="src/app/workspace/component/workflow-editor/workflow-editor.component.spec.ts" name="WorkflowEditorComponent &gt; External Module Integration &gt; joint paper event handlers &gt; opens the comment box modal on a comment box double-click" time="0.0205325">
        </testcase>
        <testcase classname="src/app/workspace/component/workflow-editor/workflow-editor.component.spec.ts" name="WorkflowEditorComponent &gt; External Module Integration &gt; joint paper event handlers &gt; opens the comment box modal when the URL fragment matches an added comment box" time="0.018256292">
        </testcase>
        <testcase classname="src/app/workspace/component/workflow-editor/workflow-editor.component.spec.ts" name="WorkflowEditorComponent &gt; External Module Integration &gt; joint paper event handlers &gt; attaches link tools when the cursor enters a link" time="0.104612709">
        </testcase>
        <testcase classname="src/app/workspace/component/workflow-editor/workflow-editor.component.spec.ts" name="WorkflowEditorComponent &gt; External Module Integration &gt; joint paper event handlers &gt; hides link tools when the cursor leaves a link" time="0.093120375">
        </testcase>
        <testcase classname="src/app/workspace/component/workflow-editor/workflow-editor.component.spec.ts" name="WorkflowEditorComponent &gt; External Module Integration &gt; joint paper event handlers &gt; writes the highlighted operator to the URL fragment and clears it on unhighlight" time="0.050993292">
        </testcase>
        <testcase classname="src/app/workspace/component/workflow-editor/workflow-editor.component.spec.ts" name="WorkflowEditorComponent &gt; External Module Integration &gt; joint paper event handlers &gt; translates the paper toward the computed center on a center event" time="0.064857875">
        </testcase>
        <testcase classname="src/app/workspace/component/workflow-editor/workflow-editor.component.spec.ts" name="WorkflowEditorComponent &gt; External Module Integration &gt; joint paper event handlers &gt; exposes seeded agent operator result summaries and falls back to undefined" time="0.008989916">
        </testcase>
        <testcase classname="src/app/workspace/component/workflow-editor/workflow-editor.component.spec.ts" name="WorkflowEditorComponent &gt; External Module Integration &gt; joint paper event handlers &gt; detects visualization operators from the __is_visualization__ marker" time="0.035832708">
        </testcase>
        <testcase classname="src/app/workspace/component/workflow-editor/workflow-editor.component.spec.ts" name="WorkflowEditorComponent &gt; External Module Integration &gt; joint paper event handlers &gt; closes the chat popover" time="0.031035667">
        </testcase>
        <testcase classname="src/app/workspace/component/workflow-editor/workflow-editor.component.spec.ts" name="WorkflowEditorComponent &gt; External Module Integration &gt; joint paper event handlers &gt; clears agent action labels from every operator" time="0.050764917">
        </testcase>
        <testcase classname="src/app/workspace/component/workflow-editor/workflow-editor.component.spec.ts" name="WorkflowEditorComponent &gt; External Module Integration &gt; connection validation, clipboard, and delete/select-all &gt; validateJointOperatorConnection &gt; rejects a link drawn out of an input port" time="0.041215709">
        </testcase>
        <testcase classname="src/app/workspace/component/workflow-editor/workflow-editor.component.spec.ts" name="WorkflowEditorComponent &gt; External Module Integration &gt; connection validation, clipboard, and delete/select-all &gt; validateJointOperatorConnection &gt; rejects a link dropped onto an output port" time="0.033364417">
        </testcase>
        <testcase classname="src/app/workspace/component/workflow-editor/workflow-editor.component.spec.ts" name="WorkflowEditorComponent &gt; External Module Integration &gt; connection validation, clipboard, and delete/select-all &gt; validateJointOperatorConnection &gt; delegates an output-to-input pair to the operator-level validation" time="0.083032125">
        </testcase>
        <testcase classname="src/app/workspace/component/workflow-editor/workflow-editor.component.spec.ts" name="WorkflowEditorComponent &gt; External Module Integration &gt; connection validation, clipboard, and delete/select-all &gt; validateOperatorConnection guards &gt; rejects a connection from an operator to itself" time="0.067061667">
        </testcase>
        <testcase classname="src/app/workspace/component/workflow-editor/workflow-editor.component.spec.ts" name="WorkflowEditorComponent &gt; External Module Integration &gt; connection validation, clipboard, and delete/select-all &gt; validateOperatorConnection guards &gt; rejects a connection that is missing a port on either end" time="0.064045167">
        </testcase>
        <testcase classname="src/app/workspace/component/workflow-editor/workflow-editor.component.spec.ts" name="WorkflowEditorComponent &gt; External Module Integration &gt; connection validation, clipboard, and delete/select-all &gt; validateOperatorConnection guards &gt; rejects a connection whose endpoint is not an operator" time="0.024468667">
        </testcase>
        <testcase classname="src/app/workspace/component/workflow-editor/workflow-editor.component.spec.ts" name="WorkflowEditorComponent &gt; External Module Integration &gt; connection validation, clipboard, and delete/select-all &gt; delete &gt; deletes highlighted links and comment boxes, not just operators" time="0.133713916">
        </testcase>
        <testcase classname="src/app/workspace/component/workflow-editor/workflow-editor.component.spec.ts" name="WorkflowEditorComponent &gt; External Module Integration &gt; connection validation, clipboard, and delete/select-all &gt; select all &gt; highlights links and comment boxes as well as operators" time="0.053398">
        </testcase>
        <testcase classname="src/app/workspace/component/workflow-editor/workflow-editor.component.spec.ts" name="WorkflowEditorComponent &gt; External Module Integration &gt; connection validation, clipboard, and delete/select-all &gt; disabled-operator stream &gt; repaints an operator when it is disabled and again when it is re-enabled" time="0.081832834">
        </testcase>
        <testcase classname="src/app/workspace/component/workflow-editor/workflow-editor.component.spec.ts" name="WorkflowEditorComponent &gt; External Module Integration &gt; connection validation, clipboard, and delete/select-all &gt; clipboard &gt; caches the highlighted elements on copy" time="0.054379416">
        </testcase>
        <testcase classname="src/app/workspace/component/workflow-editor/workflow-editor.component.spec.ts" name="WorkflowEditorComponent &gt; External Module Integration &gt; connection validation, clipboard, and delete/select-all &gt; clipboard &gt; caches and then deletes the highlighted elements on cut" time="0.051759334">
        </testcase>
        <testcase classname="src/app/workspace/component/workflow-editor/workflow-editor.component.spec.ts" name="WorkflowEditorComponent &gt; External Module Integration &gt; connection validation, clipboard, and delete/select-all &gt; clipboard &gt; pastes the cached elements on paste" time="0.05985075">
        </testcase>
        <testcase classname="src/app/workspace/component/workflow-editor/workflow-editor.component.spec.ts" name="WorkflowEditorComponent link breakpoints &gt; attaches a breakpoint tool to every link, hidden until it is wanted" time="0.071010083">
        </testcase>
        <testcase classname="src/app/workspace/component/workflow-editor/workflow-editor.component.spec.ts" name="WorkflowEditorComponent link breakpoints &gt; highlights the link whose breakpoint button was clicked" time="0.188000209">
        </testcase>
        <testcase classname="src/app/workspace/component/workflow-editor/workflow-editor.component.spec.ts" name="WorkflowEditorComponent link breakpoints &gt; unhighlights an already-highlighted link on a shift-click" time="0.150660042">
        </testcase>
        <testcase classname="src/app/workspace/component/workflow-editor/workflow-editor.component.spec.ts" name="WorkflowEditorComponent link breakpoints &gt; carries the shift modifier into multi-select mode" time="0.209552333">
        </testcase>
        <testcase classname="src/app/workspace/component/workflow-editor/workflow-editor.component.spec.ts" name="WorkflowEditorComponent link breakpoints &gt; shows and hides the tool as the breakpoint streams ask" time="0.083737167">
        </testcase>
        <testcase classname="src/app/workspace/component/workflow-editor/workflow-editor.component.spec.ts" name="WorkflowEditorComponent editor wiring &gt; paper options &gt; only lets a link start from an output-port magnet" time="0.008557708">
        </testcase>
        <testcase classname="src/app/workspace/component/workflow-editor/workflow-editor.component.spec.ts" name="WorkflowEditorComponent editor wiring &gt; paper options &gt; routes the validateConnection option through the operator-level validation" time="0.074488167">
        </testcase>
        <testcase classname="src/app/workspace/component/workflow-editor/workflow-editor.component.spec.ts" name="WorkflowEditorComponent editor wiring &gt; paper options &gt; locks the paper and ignores element buttons while workflow modification is disabled" time="0.081547375">
        </testcase>
        <testcase classname="src/app/workspace/component/workflow-editor/workflow-editor.component.spec.ts" name="WorkflowEditorComponent editor wiring &gt; execution status streams &gt; forwards each operator&apos;s statistics, tagging which end of the graph it sits on" time="0.047604291">
        </testcase>
        <testcase classname="src/app/workspace/component/workflow-editor/workflow-editor.component.spec.ts" name="WorkflowEditorComponent editor wiring &gt; execution status streams &gt; overrides the reported state with Recovering while the execution is recovering" time="0.068216416">
        </testcase>
        <testcase classname="src/app/workspace/component/workflow-editor/workflow-editor.component.spec.ts" name="WorkflowEditorComponent editor wiring &gt; execution status streams &gt; does not invent statistics for an operator missing from the status payload" time="0.055088167">
        </testcase>
        <testcase classname="src/app/workspace/component/workflow-editor/workflow-editor.component.spec.ts" name="WorkflowEditorComponent editor wiring &gt; execution status streams &gt; repaints every operator with the state the execution recovered into" time="0.069534875">
        </testcase>
        <testcase classname="src/app/workspace/component/workflow-editor/workflow-editor.component.spec.ts" name="WorkflowEditorComponent editor wiring &gt; execution status streams &gt; refuses to guess a color for an unrecognized transition out of recovering" time="0.049688042">
        </testcase>
        <testcase classname="src/app/workspace/component/workflow-editor/workflow-editor.component.spec.ts" name="WorkflowEditorComponent editor wiring &gt; execution status streams &gt; leaves operator colors alone for a transition that did not come out of recovering" time="0.048211834">
        </testcase>
        <testcase classname="src/app/workspace/component/workflow-editor/workflow-editor.component.spec.ts" name="WorkflowEditorComponent editor wiring &gt; region overlays &gt; reshapes the region drawn around an operator that moved" time="0.029079458">
        </testcase>
        <testcase classname="src/app/workspace/component/workflow-editor/workflow-editor.component.spec.ts" name="WorkflowEditorComponent editor wiring &gt; region overlays &gt; tints a region with the color of the phase it reports" time="0.024611292">
        </testcase>
        <testcase classname="src/app/workspace/component/workflow-editor/workflow-editor.component.spec.ts" name="WorkflowEditorComponent editor wiring &gt; paper viewport &gt; pans the paper by the pointer delta scaled back into paper coordinates" time="0.0089415">
        </testcase>
        <testcase classname="src/app/workspace/component/workflow-editor/workflow-editor.component.spec.ts" name="WorkflowEditorComponent editor wiring &gt; paper viewport &gt; resizes the paper to the wrapper&apos;s dimensions on a window resize" time="0.035586125">
        </testcase>
        <testcase classname="src/app/workspace/component/workflow-editor/workflow-editor.component.spec.ts" name="WorkflowEditorComponent editor wiring &gt; operator badge streams &gt; repaints the result icon when an operator is marked and unmarked for viewing" time="0.046026542">
        </testcase>
        <testcase classname="src/app/workspace/component/workflow-editor/workflow-editor.component.spec.ts" name="WorkflowEditorComponent editor wiring &gt; operator badge streams &gt; repaints the cache icon when an operator is marked and unmarked for reuse" time="0.037419834">
            <system-out>
seeting marked for reuse in shared model

            </system-out>
        </testcase>
        <testcase classname="src/app/workspace/component/workflow-editor/workflow-editor.component.spec.ts" name="WorkflowEditorComponent editor wiring &gt; operator badge streams &gt; renders a renamed operator&apos;s display name on its joint element" time="0.056532666">
        </testcase>
        <testcase classname="src/app/workspace/component/workflow-editor/workflow-editor.component.spec.ts" name="WorkflowEditorComponent editor wiring &gt; operator badge streams &gt; renders a renamed port&apos;s display name on the port label" time="0.061080667">
        </testcase>
        <testcase classname="src/app/workspace/component/workflow-editor/workflow-editor.component.spec.ts" name="WorkflowEditorComponent editor wiring &gt; selection and highlight handlers &gt; opens the result panel when an operator is double-clicked, but not for a link" time="0.094927917">
        </testcase>
        <testcase classname="src/app/workspace/component/workflow-editor/workflow-editor.component.spec.ts" name="WorkflowEditorComponent editor wiring &gt; selection and highlight handlers &gt; highlights the link running between two shift-selected operators" time="0.070833334">
        </testcase>
        <testcase classname="src/app/workspace/component/workflow-editor/workflow-editor.component.spec.ts" name="WorkflowEditorComponent editor wiring &gt; selection and highlight handlers &gt; toggles a comment box in and out of a shift-selection" time="0.014473708">
        </testcase>
        <testcase classname="src/app/workspace/component/workflow-editor/workflow-editor.component.spec.ts" name="WorkflowEditorComponent editor wiring &gt; selection and highlight handlers &gt; replaces the whole selection when a comment box is clicked without shift" time="0.034427708">
        </testcase>
        <testcase classname="src/app/workspace/component/workflow-editor/workflow-editor.component.spec.ts" name="WorkflowEditorComponent editor wiring &gt; selection and highlight handlers &gt; grows a port when it is highlighted and shrinks it back when it is not" time="0.068468666">
        </testcase>
        <testcase classname="src/app/workspace/component/workflow-editor/workflow-editor.component.spec.ts" name="WorkflowEditorComponent editor wiring &gt; selection and highlight handlers &gt; toggles a port in and out of a shift-selection when its magnet is clicked" time="0.03265125">
        </testcase>
        <testcase classname="src/app/workspace/component/workflow-editor/workflow-editor.component.spec.ts" name="WorkflowEditorComponent editor wiring &gt; selection and highlight handlers &gt; outlines an operator suggested as a drop target and clears the outline afterwards" time="0.024917833">
        </testcase>
        <testcase classname="src/app/workspace/component/workflow-editor/workflow-editor.component.spec.ts" name="WorkflowEditorComponent editor wiring &gt; selection and highlight handlers &gt; deletes a comment box when its delete button fires" time="0.022543834">
        </testcase>
        <testcase classname="src/app/workspace/component/workflow-editor/workflow-editor.component.spec.ts" name="WorkflowEditorComponent editor wiring &gt; selection and highlight handlers &gt; unfolds the clicked operator&apos;s details and folds the one opened before it" time="0.046327959">
        </testcase>
        <testcase classname="src/app/workspace/component/workflow-editor/workflow-editor.component.spec.ts" name="WorkflowEditorComponent editor wiring &gt; selection and highlight handlers &gt; unfolds operator details on a right-click too" time="0.047492833">
        </testcase>
        <testcase classname="src/app/workspace/component/workflow-editor/workflow-editor.component.spec.ts" name="WorkflowEditorComponent editor wiring &gt; selection and highlight handlers &gt; highlights a right-clicked link so the context menu acts on it" time="0.155957375">
        </testcase>
        <testcase classname="src/app/workspace/component/workflow-editor/workflow-editor.component.spec.ts" name="WorkflowEditorComponent editor wiring &gt; selection and highlight handlers &gt; folds the open operator&apos;s details when the blank canvas is clicked" time="0.052808208">
        </testcase>
        <testcase classname="src/app/workspace/component/workflow-editor/workflow-editor.component.spec.ts" name="WorkflowEditorComponent editor wiring &gt; link tools &gt; offers both the remove and the breakpoint tool when the cursor enters a link" time="0.094849667">
        </testcase>
        <testcase classname="src/app/workspace/component/workflow-editor/workflow-editor.component.spec.ts" name="WorkflowEditorComponent editor wiring &gt; link tools &gt; deletes the link when the remove tool is activated" time="0.167310583">
        </testcase>
        <testcase classname="src/app/workspace/component/workflow-editor/workflow-editor.component.spec.ts" name="WorkflowEditorComponent editor wiring &gt; link tools &gt; highlights the link when the breakpoint tool is activated" time="0.113020875">
        </testcase>
        <testcase classname="src/app/workspace/component/workflow-editor/workflow-editor.component.spec.ts" name="WorkflowEditorComponent editor wiring &gt; shared-editing presence &gt; publishes the cursor position and the enter/leave presence flag" time="0.016176792">
        </testcase>
        <testcase classname="src/app/workspace/component/workflow-editor/workflow-editor.component.spec.ts" name="WorkflowEditorComponent editor wiring &gt; agent hover labels &gt; labels the viewed, added and modified operators of the hovered message" time="0.088212833">
        </testcase>
        <testcase classname="src/app/workspace/component/workflow-editor/workflow-editor.component.spec.ts" name="WorkflowEditorComponent editor wiring &gt; agent hover labels &gt; clears the labels of the previous hover and skips ids that left the canvas" time="0.038908125">
        </testcase>
        <testcase classname="src/app/workspace/component/workflow-editor/workflow-editor.component.spec.ts" name="WorkflowEditorComponent editor wiring &gt; operator chat popover &gt; toggles the popover shut when the same operator&apos;s chat button is clicked again" time="0.073679959">
        </testcase>
        <testcase classname="src/app/workspace/component/workflow-editor/workflow-editor.component.spec.ts" name="WorkflowEditorComponent editor wiring &gt; operator chat popover &gt; leaves the popover alone when the chat event arrives from a cell that is not an operator" time="0.037110833">
        </testcase>
        <testcase classname="src/app/workspace/component/workflow-editor/workflow-editor.component.spec.ts" name="WorkflowEditorComponent editor wiring &gt; operator chat popover &gt; closes the popover when the blank canvas is clicked" time="0.04272025">
        </testcase>
        <testcase classname="src/app/workspace/component/workflow-editor/workflow-editor.component.spec.ts" name="WorkflowEditorComponent editor wiring &gt; operator chat popover &gt; keeps the popover anchored to its operator when the operator is dragged" time="0.058381416">
        </testcase>
        <testcase classname="src/app/workspace/component/workflow-editor/workflow-editor.component.spec.ts" name="WorkflowEditorComponent editor wiring &gt; operator chat popover &gt; rescales the popover anchor when the canvas is zoomed" time="0.117052792">
        </testcase>
        <testcase classname="src/app/workspace/component/workflow-editor/workflow-editor.component.spec.ts" name="WorkflowEditorComponent editor wiring &gt; operator chat popover &gt; reports no anchor for an operator that is not on the paper" time="0.058720125">
        </testcase>
        <testcase classname="src/app/workspace/component/workflow-editor/workflow-editor.component.spec.ts" name="WorkflowEditorComponent editor wiring &gt; operator chat popover &gt; re-renders only while the popover is open when new agent summaries arrive" time="0.068745916">
        </testcase>
    </testsuite>
    <testsuite name="src/app/workspace/service/agent/agent.service.spec.ts" timestamp="2026-09-01T22:49:41.688Z" hostname="dhcp-172-27-096-224.mobile.uci.edu" tests="86" failures="0" errors="0" skipped="0" time="0.238813459">
        <testcase classname="src/app/workspace/service/agent/agent.service.spec.ts" name="AgentService &gt; createAgent &gt; creates an agent without putting the user token in the payload" time="0.007895584">
        </testcase>
        <testcase classname="src/app/workspace/service/agent/agent.service.spec.ts" name="AgentService &gt; createAgent &gt; includes workflowId and the selected computing unit id in the payload" time="0.003217875">
        </testcase>
        <testcase classname="src/app/workspace/service/agent/agent.service.spec.ts" name="AgentService &gt; fetchOperatorResults &gt; pulls operator results over REST and pushes them to operatorResultSummaries$" time="0.003664">
        </testcase>
        <testcase classname="src/app/workspace/service/agent/agent.service.spec.ts" name="AgentService &gt; fetchOperatorResults &gt; falls back to empty results when the request fails" time="0.003345041">
        </testcase>
        <testcase classname="src/app/workspace/service/agent/agent.service.spec.ts" name="AgentService &gt; stopGeneration &gt; sends a stop command over the websocket when one is open" time="0.002916833">
        </testcase>
        <testcase classname="src/app/workspace/service/agent/agent.service.spec.ts" name="AgentService &gt; stopGeneration &gt; falls back to the REST stop endpoint when no websocket is open" time="0.003223125">
        </testcase>
        <testcase classname="src/app/workspace/service/agent/agent.service.spec.ts" name="AgentService &gt; syncAgentsWithBackend &gt; evicts locally-cached agents missing from the backend and notifies subscribers" time="0.003184208">
        </testcase>
        <testcase classname="src/app/workspace/service/agent/agent.service.spec.ts" name="AgentService &gt; syncAgentsWithBackend &gt; pushes backend state updates into existing agents&apos; state streams without a change event" time="0.005361667">
        </testcase>
        <testcase classname="src/app/workspace/service/agent/agent.service.spec.ts" name="AgentService &gt; getAgent &gt; serves cache hits without issuing a request" time="0.003044208">
        </testcase>
        <testcase classname="src/app/workspace/service/agent/agent.service.spec.ts" name="AgentService &gt; getAgent &gt; fetches, maps and caches an unknown agent" time="0.005418167">
        </testcase>
        <testcase classname="src/app/workspace/service/agent/agent.service.spec.ts" name="AgentService &gt; getAgent &gt; maps a 404 to a descriptive error" time="0.005872125">
        </testcase>
        <testcase classname="src/app/workspace/service/agent/agent.service.spec.ts" name="AgentService &gt; getAllAgents &gt; maps backend agents and evicts stale local ones" time="0.003909125">
        </testcase>
        <testcase classname="src/app/workspace/service/agent/agent.service.spec.ts" name="AgentService &gt; getAllAgents &gt; falls back to the local cache on HTTP failure" time="0.002130375">
        </testcase>
        <testcase classname="src/app/workspace/service/agent/agent.service.spec.ts" name="AgentService &gt; deleteAgent &gt; evicts the agent and notifies on {deleted: true}" time="0.001464417">
        </testcase>
        <testcase classname="src/app/workspace/service/agent/agent.service.spec.ts" name="AgentService &gt; deleteAgent &gt; keeps the agent and emits false when the backend refuses the delete" time="0.001188542">
        </testcase>
        <testcase classname="src/app/workspace/service/agent/agent.service.spec.ts" name="AgentService &gt; deleteAgent &gt; still evicts locally and emits true when the DELETE fails" time="0.00260025">
        </testcase>
        <testcase classname="src/app/workspace/service/agent/agent.service.spec.ts" name="AgentService &gt; fetchModelTypes &gt; maps LiteLLM models and replays the cached result without a second request" time="0.001551541">
        </testcase>
        <testcase classname="src/app/workspace/service/agent/agent.service.spec.ts" name="AgentService &gt; fetchModelTypes &gt; emits an empty list when the model endpoint fails" time="0.001007">
            <system-err>
Failed to fetch models from API: HttpErrorResponse {
  headers: HttpHeaders {
    headers: Map(0) {},
    normalizedNames: Map(0) {},
    lazyInit: undefined,
    lazyUpdate: null
  },
  status: 500,
  statusText: &apos;Server Error&apos;,
  url: &apos;api/models&apos;,
  ok: false,
  type: undefined,
  redirected: undefined,
  responseType: undefined,
  name: &apos;HttpErrorResponse&apos;,
  message: &apos;Http failure response for api/models: 500 Server Error&apos;,
  error: &apos;boom&apos;
}

            </system-err>
        </testcase>
        <testcase classname="src/app/workspace/service/agent/agent.service.spec.ts" name="AgentService &gt; websocket lifecycle and events &gt; activateAgent / deactivateAgent &gt; returns false for unknown agents and opens no socket" time="0.00075075">
        </testcase>
        <testcase classname="src/app/workspace/service/agent/agent.service.spec.ts" name="AgentService &gt; websocket lifecycle and events &gt; activateAgent / deactivateAgent &gt; opens one websocket to the agent&apos;s react endpoint and reuses it on re-activation" time="0.003998042">
        </testcase>
        <testcase classname="src/app/workspace/service/agent/agent.service.spec.ts" name="AgentService &gt; websocket lifecycle and events &gt; activateAgent / deactivateAgent &gt; closes the socket and recreates stopPolling$ on deactivate, then reconnects on activate" time="0.00387325">
        </testcase>
        <testcase classname="src/app/workspace/service/agent/agent.service.spec.ts" name="AgentService &gt; websocket lifecycle and events &gt; activateAgent / deactivateAgent &gt; reflects the socket readyState in the connection queries" time="0.003148375">
        </testcase>
        <testcase classname="src/app/workspace/service/agent/agent.service.spec.ts" name="AgentService &gt; websocket lifecycle and events &gt; activateAgent / deactivateAgent &gt; keeps an already-open socket on re-activation and replaces a non-open one" time="0.002052542">
        </testcase>
        <testcase classname="src/app/workspace/service/agent/agent.service.spec.ts" name="AgentService &gt; websocket lifecycle and events &gt; activateAgent / deactivateAgent &gt; ignores deactivation of an unknown agent and of an already-inactive one" time="0.001939084">
        </testcase>
        <testcase classname="src/app/workspace/service/agent/agent.service.spec.ts" name="AgentService &gt; websocket lifecycle and events &gt; activateAgent / deactivateAgent &gt; deactivates cleanly when the socket was already dropped by a close event" time="0.001378417">
        </testcase>
        <testcase classname="src/app/workspace/service/agent/agent.service.spec.ts" name="AgentService &gt; websocket lifecycle and events &gt; connection setup &gt; switches to the wss scheme when the page is served over https" time="0.014567291">
        </testcase>
        <testcase classname="src/app/workspace/service/agent/agent.service.spec.ts" name="AgentService &gt; websocket lifecycle and events &gt; connection setup &gt; logs a payload that is not valid JSON instead of throwing out of the handler" time="0.0033545">
        </testcase>
        <testcase classname="src/app/workspace/service/agent/agent.service.spec.ts" name="AgentService &gt; websocket lifecycle and events &gt; connection setup &gt; logs socket transport errors" time="0.0030915">
        </testcase>
        <testcase classname="src/app/workspace/service/agent/agent.service.spec.ts" name="AgentService &gt; websocket lifecycle and events &gt; connection setup &gt; ignores a close event from a socket that has already been replaced" time="0.00303475">
        </testcase>
        <testcase classname="src/app/workspace/service/agent/agent.service.spec.ts" name="AgentService &gt; websocket lifecycle and events &gt; sendMessage &gt; reports an error for an unknown agent" time="0.002565">
        </testcase>
        <testcase classname="src/app/workspace/service/agent/agent.service.spec.ts" name="AgentService &gt; websocket lifecycle and events &gt; sendMessage &gt; reports when no websocket connection is available" time="0.003229375">
        </testcase>
        <testcase classname="src/app/workspace/service/agent/agent.service.spec.ts" name="AgentService &gt; websocket lifecycle and events &gt; sendMessage &gt; sends a WsClientPromptCommand carrying the message source over an open socket" time="0.003561583">
        </testcase>
        <testcase classname="src/app/workspace/service/agent/agent.service.spec.ts" name="AgentService &gt; websocket lifecycle and events &gt; sendMessage &gt; surfaces send failures as a notification" time="0.004368625">
            <system-err>
Failed to send message to agent: Error: socket closed
    at _FakeWebSocket.&lt;anonymous&gt; (/Users/karyzheng/dev/texera_workflow_to_py_3/frontend/src/app/workspace/service/agent/agent.service.spec.ts:672:17)
    at _FakeWebSocket.Mock (file:///Users/karyzheng/dev/texera_workflow_to_py_3/frontend/node_modules/@vitest/spy/dist/index.js:332:34)
    at _AgentService.sendMessage (/Users/karyzheng/dev/texera_workflow_to_py_3/frontend/src/app/workspace/service/agent/agent.service.ts:879:26)
    at /Users/karyzheng/dev/texera_workflow_to_py_3/frontend/src/app/workspace/service/agent/agent.service.spec.ts:675:17
    at /Users/karyzheng/dev/texera_workflow_to_py_3/frontend/src/test-zone-setup.ts:90:33
    at _ZoneDelegate.invoke (/Users/karyzheng/dev/texera_workflow_to_py_3/frontend/node_modules/zone.js/fesm2015/zone.js:398:28)
    at ProxyZoneSpec.onInvoke (/Users/karyzheng/dev/texera_workflow_to_py_3/frontend/node_modules/zone.js/fesm2015/zone-testing.js:2132:39)
    at _ZoneDelegate.invoke (/Users/karyzheng/dev/texera_workflow_to_py_3/frontend/node_modules/zone.js/fesm2015/zone.js:397:34)
    at ZoneImpl.run (/Users/karyzheng/dev/texera_workflow_to_py_3/frontend/node_modules/zone.js/fesm2015/zone.js:113:43)
    at /Users/karyzheng/dev/texera_workflow_to_py_3/frontend/src/test-zone-setup.ts:88:16

            </system-err>
        </testcase>
        <testcase classname="src/app/workspace/service/agent/agent.service.spec.ts" name="AgentService &gt; websocket lifecycle and events &gt; server events &gt; applies a WsServerSnapshotEvent: state, converted steps, HEAD and workflow" time="0.002795709">
        </testcase>
        <testcase classname="src/app/workspace/service/agent/agent.service.spec.ts" name="AgentService &gt; websocket lifecycle and events &gt; server events &gt; appends, replaces in place and advances HEAD on WsServerStepEvent" time="0.002774">
        </testcase>
        <testcase classname="src/app/workspace/service/agent/agent.service.spec.ts" name="AgentService &gt; websocket lifecycle and events &gt; server events &gt; cleans up the agent when the backend reports &apos;Agent not found&apos;" time="0.002490125">
            <system-err>
Agent agent-1 error: Agent not found

            </system-err>
        </testcase>
        <testcase classname="src/app/workspace/service/agent/agent.service.spec.ts" name="AgentService &gt; websocket lifecycle and events &gt; server events &gt; shows other websocket errors as notifications and keeps the agent" time="0.002547584">
            <system-err>
Agent agent-1 error: boom

            </system-err>
        </testcase>
        <testcase classname="src/app/workspace/service/agent/agent.service.spec.ts" name="AgentService &gt; websocket lifecycle and events &gt; server events &gt; marks the agent UNAVAILABLE only on abnormal socket close" time="0.003303291">
        </testcase>
        <testcase classname="src/app/workspace/service/agent/agent.service.spec.ts" name="AgentService &gt; websocket lifecycle and events &gt; server events &gt; leaves the workflow stream alone when a snapshot carries no workflow content" time="0.003464125">
        </testcase>
        <testcase classname="src/app/workspace/service/agent/agent.service.spec.ts" name="AgentService &gt; websocket lifecycle and events &gt; server events &gt; ignores a step event that carries no step" time="0.001541417">
        </testcase>
        <testcase classname="src/app/workspace/service/agent/agent.service.spec.ts" name="AgentService &gt; websocket lifecycle and events &gt; server events &gt; advances HEAD to the synthesised id when the step carries none" time="0.001203">
        </testcase>
        <testcase classname="src/app/workspace/service/agent/agent.service.spec.ts" name="AgentService &gt; websocket lifecycle and events &gt; server events &gt; ignores a status event that carries no state" time="0.001052959">
        </testcase>
        <testcase classname="src/app/workspace/service/agent/agent.service.spec.ts" name="AgentService &gt; websocket lifecycle and events &gt; server events &gt; falls back to a generic notification when the error event carries no message" time="0.000974791">
        </testcase>
        <testcase classname="src/app/workspace/service/agent/agent.service.spec.ts" name="AgentService &gt; websocket lifecycle and events &gt; server events &gt; warns about an unrecognised message type and changes nothing" time="0.001160291">
        </testcase>
        <testcase classname="src/app/workspace/service/agent/agent.service.spec.ts" name="AgentService &gt; websocket lifecycle and events &gt; stopStatePolling &gt; closes the socket and drops the tracking entry for a tracked agent" time="0.00110375">
        </testcase>
        <testcase classname="src/app/workspace/service/agent/agent.service.spec.ts" name="AgentService &gt; websocket lifecycle and events &gt; stopStatePolling &gt; is a no-op for an agent that was never tracked" time="0.003562083">
        </testcase>
        <testcase classname="src/app/workspace/service/agent/agent.service.spec.ts" name="AgentService &gt; websocket lifecycle and events &gt; workflow polling &gt; polls the workflow every second until websocket updates suppress it" time="0.003455083">
        </testcase>
        <testcase classname="src/app/workspace/service/agent/agent.service.spec.ts" name="AgentService &gt; websocket lifecycle and events &gt; workflow polling &gt; swallows polling errors and keeps the interval alive" time="0.00215425">
        </testcase>
        <testcase classname="src/app/workspace/service/agent/agent.service.spec.ts" name="AgentService &gt; clearMessages &gt; resets the step stream on success" time="0.001261417">
        </testcase>
        <testcase classname="src/app/workspace/service/agent/agent.service.spec.ts" name="AgentService &gt; clearMessages &gt; keeps the steps when the clear request fails" time="0.00124325">
            <system-err>
Error clearing messages for agent agent-1: HttpErrorResponse {
  headers: HttpHeaders {
    headers: Map(0) {},
    normalizedNames: Map(0) {},
    lazyInit: undefined,
    lazyUpdate: null
  },
  status: 500,
  statusText: &apos;Server Error&apos;,
  url: &apos;/api/agents/agent-1/clear&apos;,
  ok: false,
  type: undefined,
  redirected: undefined,
  responseType: undefined,
  name: &apos;HttpErrorResponse&apos;,
  message: &apos;Http failure response for /api/agents/agent-1/clear: 500 Server Error&apos;,
  error: &apos;boom&apos;
}

            </system-err>
        </testcase>
        <testcase classname="src/app/workspace/service/agent/agent.service.spec.ts" name="AgentService &gt; setHoveredMessage &gt; emits the deduplicated union of operator ids across tool calls" time="0.00109475">
        </testcase>
        <testcase classname="src/app/workspace/service/agent/agent.service.spec.ts" name="AgentService &gt; setHoveredMessage &gt; emits empty arrays when the hovered step is cleared" time="0.000782791">
        </testcase>
        <testcase classname="src/app/workspace/service/agent/agent.service.spec.ts" name="AgentService &gt; getReActStepsByOperatorAccess &gt; collects viewing and modifying steps exactly once each" time="0.001307333">
        </testcase>
        <testcase classname="src/app/workspace/service/agent/agent.service.spec.ts" name="AgentService &gt; agent request routing and fallbacks &gt; attaches X-Agent-Workflow-Id when the agent&apos;s tracking has a workflowId" time="0.0025695">
        </testcase>
        <testcase classname="src/app/workspace/service/agent/agent.service.spec.ts" name="AgentService &gt; agent request routing and fallbacks &gt; omits the header when no workflow is associated" time="0.00099575">
        </testcase>
        <testcase classname="src/app/workspace/service/agent/agent.service.spec.ts" name="AgentService &gt; agent request routing and fallbacks &gt; falls back to the documented default settings when the fetch fails" time="0.000714708">
        </testcase>
        <testcase classname="src/app/workspace/service/agent/agent.service.spec.ts" name="AgentService &gt; agent request routing and fallbacks &gt; updates the cached agent&apos;s settings on a successful PATCH" time="0.000918875">
        </testcase>
        <testcase classname="src/app/workspace/service/agent/agent.service.spec.ts" name="AgentService &gt; agent request routing and fallbacks &gt; notifies and rethrows when the settings update fails" time="0.00332425">
        </testcase>
        <testcase classname="src/app/workspace/service/agent/agent.service.spec.ts" name="AgentService &gt; agent request routing and fallbacks &gt; posts operator ids and converts the returned steps" time="0.00235375">
        </testcase>
        <testcase classname="src/app/workspace/service/agent/agent.service.spec.ts" name="AgentService &gt; agent request routing and fallbacks &gt; falls back for system-info, operator-types and steps-by-operators failures" time="0.003618292">
        </testcase>
        <testcase classname="src/app/workspace/service/agent/agent.service.spec.ts" name="AgentService &gt; canvas annotation toggles &gt; togglePortShapes drives showPortShapes$ and the synchronous getter" time="0.00310375">
        </testcase>
        <testcase classname="src/app/workspace/service/agent/agent.service.spec.ts" name="AgentService &gt; canvas annotation toggles &gt; requestScrollToStep broadcasts the scroll target" time="0.002261708">
        </testcase>
        <testcase classname="src/app/workspace/service/agent/agent.service.spec.ts" name="AgentService &gt; state accessors without tracking &gt; getAgentState returns the tracked value, or UNAVAILABLE for an unknown id" time="0.001569125">
        </testcase>
        <testcase classname="src/app/workspace/service/agent/agent.service.spec.ts" name="AgentService &gt; state accessors without tracking &gt; isAgentConnected is false for an unavailable/unknown agent and true otherwise" time="0.000852541">
        </testcase>
        <testcase classname="src/app/workspace/service/agent/agent.service.spec.ts" name="AgentService &gt; state accessors without tracking &gt; getHeadId / getHeadIdObservable return the tracked HEAD, or null when untracked" time="0.000654">
        </testcase>
        <testcase classname="src/app/workspace/service/agent/agent.service.spec.ts" name="AgentService &gt; state accessors without tracking &gt; getVisibleSteps returns the tracked snapshot, or [] when untracked" time="0.000530917">
        </testcase>
        <testcase classname="src/app/workspace/service/agent/agent.service.spec.ts" name="AgentService &gt; state accessors without tracking &gt; getWorkflowObservable emits the tracked workflow, or null when untracked" time="0.000539125">
        </testcase>
        <testcase classname="src/app/workspace/service/agent/agent.service.spec.ts" name="AgentService &gt; state accessors without tracking &gt; getAgentWorkflowId walks the delegate chain: missing agent, no delegate, full" time="0.001775625">
        </testcase>
        <testcase classname="src/app/workspace/service/agent/agent.service.spec.ts" name="AgentService &gt; state accessors without tracking &gt; getAgentCount reports the number of registered agents" time="0.002114625">
        </testcase>
        <testcase classname="src/app/workspace/service/agent/agent.service.spec.ts" name="AgentService &gt; setHoveredMessage guards &gt; emits empty arrays for a non-null step that carries no operator access" time="0.001768417">
        </testcase>
        <testcase classname="src/app/workspace/service/agent/agent.service.spec.ts" name="AgentService &gt; setHoveredMessage guards &gt; is a no-op when the agent has no tracking" time="0.004650209">
        </testcase>
        <testcase classname="src/app/workspace/service/agent/agent.service.spec.ts" name="AgentService &gt; getReActStepsByOperatorAccess without operator access &gt; skips steps whose operatorAccess is absent" time="0.002494125">
        </testcase>
        <testcase classname="src/app/workspace/service/agent/agent.service.spec.ts" name="AgentService &gt; mapStateToAgentState &gt; maps STOPPING, UNAVAILABLE and unrecognised backend states" time="0.001237916">
        </testcase>
        <testcase classname="src/app/workspace/service/agent/agent.service.spec.ts" name="AgentService &gt; createAgent failure fallback chain &gt; prefers the nested error.error message" time="0.003188166">
        </testcase>
        <testcase classname="src/app/workspace/service/agent/agent.service.spec.ts" name="AgentService &gt; createAgent failure fallback chain &gt; falls back to err.message when there is no nested error" time="0.003767291">
        </testcase>
        <testcase classname="src/app/workspace/service/agent/agent.service.spec.ts" name="AgentService &gt; createAgent failure fallback chain &gt; falls back to the default label when the error carries neither field" time="0.001850333">
        </testcase>
        <testcase classname="src/app/workspace/service/agent/agent.service.spec.ts" name="AgentService &gt; updateAgentSettings edge cases &gt; returns the response without touching the cache when the agent is unknown" time="0.00555975">
        </testcase>
        <testcase classname="src/app/workspace/service/agent/agent.service.spec.ts" name="AgentService &gt; updateAgentSettings edge cases &gt; falls back to the default label when the failure carries neither field" time="0.006782791">
        </testcase>
        <testcase classname="src/app/workspace/service/agent/agent.service.spec.ts" name="AgentService &gt; getReActSteps failure &gt; emits an empty array instead of propagating the error" time="0.002503834">
        </testcase>
        <testcase classname="src/app/workspace/service/agent/agent.service.spec.ts" name="AgentService &gt; syncAgentsWithBackend branches &gt; swallows a failed sync and treats the backend as empty" time="0.00308125">
        </testcase>
        <testcase classname="src/app/workspace/service/agent/agent.service.spec.ts" name="AgentService &gt; syncAgentsWithBackend branches &gt; does not add a backend agent that is not already cached locally" time="0.001675833">
        </testcase>
        <testcase classname="src/app/workspace/service/agent/agent.service.spec.ts" name="AgentService &gt; syncAgentsWithBackend branches &gt; updates an existing agent&apos;s state even when it has no tracking entry" time="0.002018">
        </testcase>
        <testcase classname="src/app/workspace/service/agent/agent.service.spec.ts" name="AgentService &gt; getAllAgents keeps agents still present on the backend &gt; does not prune a local agent that the backend still reports" time="0.00419725">
        </testcase>
        <testcase classname="src/app/workspace/service/agent/agent.service.spec.ts" name="AgentService &gt; stopGeneration error handlers &gt; logs when the websocket send throws" time="0.003435416">
        </testcase>
        <testcase classname="src/app/workspace/service/agent/agent.service.spec.ts" name="AgentService &gt; stopGeneration error handlers &gt; logs when the REST fallback fails" time="0.002873833">
        </testcase>
        <testcase classname="src/app/workspace/service/agent/agent.service.spec.ts" name="AgentService &gt; getOrCreateStateTracking back-fills a workflow id &gt; adds a workflow id onto tracking that was created without one" time="0.002253208">
        </testcase>
    </testsuite>
    <testsuite name="src/app/workspace/service/ai-analyst/ai-analyst.service.spec.ts" timestamp="2026-09-01T22:49:41.692Z" hostname="dhcp-172-27-096-224.mobile.uci.edu" tests="9" failures="0" errors="0" skipped="0" time="0.011761917">
        <testcase classname="src/app/workspace/service/ai-analyst/ai-analyst.service.spec.ts" name="AiAnalystService &gt; should be created" time="0.002024333">
        </testcase>
        <testcase classname="src/app/workspace/service/ai-analyst/ai-analyst.service.spec.ts" name="AiAnalystService &gt; isOpenAIEnabled &gt; GETs /aiassistant/isenabled as text and emits true when the backend returns OpenAI" time="0.002460375">
        </testcase>
        <testcase classname="src/app/workspace/service/ai-analyst/ai-analyst.service.spec.ts" name="AiAnalystService &gt; isOpenAIEnabled &gt; emits false for any non-OpenAI response" time="0.001925125">
        </testcase>
        <testcase classname="src/app/workspace/service/ai-analyst/ai-analyst.service.spec.ts" name="AiAnalystService &gt; isOpenAIEnabled &gt; emits false when the request errors" time="0.00207175">
        </testcase>
        <testcase classname="src/app/workspace/service/ai-analyst/ai-analyst.service.spec.ts" name="AiAnalystService &gt; isOpenAIEnabled &gt; returns the cached flag without issuing a request" time="0.000649291">
        </testcase>
        <testcase classname="src/app/workspace/service/ai-analyst/ai-analyst.service.spec.ts" name="AiAnalystService &gt; sendPromptToOpenAI &gt; emits an empty string without calling OpenAI when the assistant is disabled" time="0.000538292">
        </testcase>
        <testcase classname="src/app/workspace/service/ai-analyst/ai-analyst.service.spec.ts" name="AiAnalystService &gt; sendPromptToOpenAI &gt; POSTs the prompt and emits the trimmed completion when enabled" time="0.000627083">
        </testcase>
        <testcase classname="src/app/workspace/service/ai-analyst/ai-analyst.service.spec.ts" name="AiAnalystService &gt; sendPromptToOpenAI &gt; emits an empty string when the OpenAI request fails" time="0.000572417">
        </testcase>
        <testcase classname="src/app/workspace/service/ai-analyst/ai-analyst.service.spec.ts" name="AiAnalystService &gt; sendPromptToOpenAI &gt; emits an empty string when the enablement check errors" time="0.00042575">
        </testcase>
    </testsuite>
    <testsuite name="src/app/workspace/service/ai-assistant/ai-assistant.service.spec.ts" timestamp="2026-09-01T22:49:41.693Z" hostname="dhcp-172-27-096-224.mobile.uci.edu" tests="8" failures="0" errors="0" skipped="0" time="0.005770667">
        <testcase classname="src/app/workspace/service/ai-assistant/ai-assistant.service.spec.ts" name="AIAssistantService &gt; should be created" time="0.001236459">
        </testcase>
        <testcase classname="src/app/workspace/service/ai-assistant/ai-assistant.service.spec.ts" name="AIAssistantService &gt; checkAIAssistantEnabled &gt; GETs /isenabled as text and emits OpenAI when the backend returns OpenAI" time="0.00091875">
        </testcase>
        <testcase classname="src/app/workspace/service/ai-assistant/ai-assistant.service.spec.ts" name="AIAssistantService &gt; checkAIAssistantEnabled &gt; emits NoAiAssistant for any non-OpenAI response" time="0.000568834">
        </testcase>
        <testcase classname="src/app/workspace/service/ai-assistant/ai-assistant.service.spec.ts" name="AIAssistantService &gt; checkAIAssistantEnabled &gt; falls back to NoAiAssistant when the request errors" time="0.000442">
        </testcase>
        <testcase classname="src/app/workspace/service/ai-assistant/ai-assistant.service.spec.ts" name="AIAssistantService &gt; getTypeAnnotations &gt; POSTs /annotationresult with the code payload and passes the response through" time="0.000629292">
        </testcase>
        <testcase classname="src/app/workspace/service/ai-assistant/ai-assistant.service.spec.ts" name="AIAssistantService &gt; locateUnannotated &gt; POSTs /annotate-argument and flattens the nested response into UnannotatedArgument[]" time="0.000612875">
        </testcase>
        <testcase classname="src/app/workspace/service/ai-assistant/ai-assistant.service.spec.ts" name="AIAssistantService &gt; locateUnannotated &gt; emits an empty array when the response body is null" time="0.000441792">
        </testcase>
        <testcase classname="src/app/workspace/service/ai-assistant/ai-assistant.service.spec.ts" name="AIAssistantService &gt; locateUnannotated &gt; errors with a wrapped message when the request fails" time="0.000713875">
        </testcase>
    </testsuite>
    <testsuite name="src/app/workspace/service/code-editor/code-editor.service.spec.ts" timestamp="2026-09-01T22:49:41.693Z" hostname="dhcp-172-27-096-224.mobile.uci.edu" tests="5" failures="0" errors="0" skipped="0" time="0.001233708">
        <testcase classname="src/app/workspace/service/code-editor/code-editor.service.spec.ts" name="CodeEditorService &gt; should be created" time="0.000470208">
        </testcase>
        <testcase classname="src/app/workspace/service/code-editor/code-editor.service.spec.ts" name="CodeEditorService &gt; should emit true after setEditorState is called with true" time="0.000158">
        </testcase>
        <testcase classname="src/app/workspace/service/code-editor/code-editor.service.spec.ts" name="CodeEditorService &gt; should emit false after setEditorState is called with false" time="0.0001075">
        </testcase>
        <testcase classname="src/app/workspace/service/code-editor/code-editor.service.spec.ts" name="CodeEditorService &gt; seeds the state when setEditorState runs before any getEditorState" time="0.000083209">
        </testcase>
        <testcase classname="src/app/workspace/service/code-editor/code-editor.service.spec.ts" name="CodeEditorService &gt; should track state independently for different operator IDs" time="0.000097792">
        </testcase>
    </testsuite>
    <testsuite name="src/app/workspace/service/code-editor/ui-udf-parameters-parser.service.spec.ts" timestamp="2026-09-01T22:49:41.693Z" hostname="dhcp-172-27-096-224.mobile.uci.edu" tests="45" failures="0" errors="0" skipped="0" time="0.115707416">
        <testcase classname="src/app/workspace/service/code-editor/ui-udf-parameters-parser.service.spec.ts" name="UiUdfParametersParserService &gt; should parse supported positional, named, and attr_type arguments" time="0.020015708">
        </testcase>
        <testcase classname="src/app/workspace/service/code-editor/ui-udf-parameters-parser.service.spec.ts" name="UiUdfParametersParserService &gt; should parse multiline UiParameter calls with split arguments" time="0.003973542">
        </testcase>
        <testcase classname="src/app/workspace/service/code-editor/ui-udf-parameters-parser.service.spec.ts" name="UiUdfParametersParserService &gt; should ignore calls where name or type is missing" time="0.003223875">
        </testcase>
        <testcase classname="src/app/workspace/service/code-editor/ui-udf-parameters-parser.service.spec.ts" name="UiUdfParametersParserService &gt; should ignore invalid positional argument ordering" time="0.002970542">
        </testcase>
        <testcase classname="src/app/workspace/service/code-editor/ui-udf-parameters-parser.service.spec.ts" name="UiUdfParametersParserService &gt; should ignore legacy key= named argument" time="0.001560958">
        </testcase>
        <testcase classname="src/app/workspace/service/code-editor/ui-udf-parameters-parser.service.spec.ts" name="UiUdfParametersParserService &gt; should ignore non-self calls and non-AttributeType members" time="0.001368791">
        </testcase>
        <testcase classname="src/app/workspace/service/code-editor/ui-udf-parameters-parser.service.spec.ts" name="UiUdfParametersParserService &gt; should ignore empty and extra positional arguments" time="0.001066">
        </testcase>
        <testcase classname="src/app/workspace/service/code-editor/ui-udf-parameters-parser.service.spec.ts" name="UiUdfParametersParserService &gt; should ignore commented out UiParameter calls" time="0.001657459">
        </testcase>
        <testcase classname="src/app/workspace/service/code-editor/ui-udf-parameters-parser.service.spec.ts" name="UiUdfParametersParserService &gt; should ignore commented out multiline UiParameter sections" time="0.000761875">
        </testcase>
        <testcase classname="src/app/workspace/service/code-editor/ui-udf-parameters-parser.service.spec.ts" name="UiUdfParametersParserService &gt; should ignore UiParameter examples inside triple-quoted strings" time="0.001626792">
        </testcase>
        <testcase classname="src/app/workspace/service/code-editor/ui-udf-parameters-parser.service.spec.ts" name="UiUdfParametersParserService &gt; should reject binary UiParameter types" time="0.001743875">
        </testcase>
        <testcase classname="src/app/workspace/service/code-editor/ui-udf-parameters-parser.service.spec.ts" name="UiUdfParametersParserService &gt; should ignore a type written as a member access with no name parts" time="0.001418708">
        </testcase>
        <testcase classname="src/app/workspace/service/code-editor/ui-udf-parameters-parser.service.spec.ts" name="UiUdfParametersParserService &gt; should ignore a type written as a tuple that reads like a member path" time="0.000797625">
        </testcase>
        <testcase classname="src/app/workspace/service/code-editor/ui-udf-parameters-parser.service.spec.ts" name="UiUdfParametersParserService &gt; should ignore unsupported classes and custom-named subclasses" time="0.002637875">
        </testcase>
        <testcase classname="src/app/workspace/service/code-editor/ui-udf-parameters-parser.service.spec.ts" name="UiUdfParametersParserService &gt; should parse supported UiParameter calls when unsupported classes are present" time="0.001572667">
        </testcase>
        <testcase classname="src/app/workspace/service/code-editor/ui-udf-parameters-parser.service.spec.ts" name="UiUdfParametersParserService &gt; should raise an error for multiple supported UDF classes" time="0.002913709">
        </testcase>
        <testcase classname="src/app/workspace/service/code-editor/ui-udf-parameters-parser.service.spec.ts" name="UiUdfParametersParserService &gt; should raise an error for duplicate parameter names" time="0.002217417">
        </testcase>
        <testcase classname="src/app/workspace/service/code-editor/ui-udf-parameters-parser.service.spec.ts" name="UiUdfParametersParserService.computeParameterInsertion &gt; should insert before existing UiParameter declarations" time="0.005369792">
        </testcase>
        <testcase classname="src/app/workspace/service/code-editor/ui-udf-parameters-parser.service.spec.ts" name="UiUdfParametersParserService.computeParameterInsertion &gt; should insert after an open() docstring and before executable statements" time="0.002769625">
        </testcase>
        <testcase classname="src/app/workspace/service/code-editor/ui-udf-parameters-parser.service.spec.ts" name="UiUdfParametersParserService.computeParameterInsertion &gt; should insert before a header-based UiParameter and its following compound statement" time="0.003101458">
        </testcase>
        <testcase classname="src/app/workspace/service/code-editor/ui-udf-parameters-parser.service.spec.ts" name="UiUdfParametersParserService.computeParameterInsertion &gt; should create a decorated open() before the first method when the code uses @overrides" time="0.0014555">
        </testcase>
        <testcase classname="src/app/workspace/service/code-editor/ui-udf-parameters-parser.service.spec.ts" name="UiUdfParametersParserService.computeParameterInsertion &gt; should create an undecorated open() after a class docstring" time="0.000985625">
        </testcase>
        <testcase classname="src/app/workspace/service/code-editor/ui-udf-parameters-parser.service.spec.ts" name="UiUdfParametersParserService.computeParameterInsertion &gt; should start the class body with open() when the template body is still commented out" time="0.002718291">
        </testcase>
        <testcase classname="src/app/workspace/service/code-editor/ui-udf-parameters-parser.service.spec.ts" name="UiUdfParametersParserService.computeParameterInsertion &gt; should start the open() body when its statements are still commented out" time="0.000876">
        </testcase>
        <testcase classname="src/app/workspace/service/code-editor/ui-udf-parameters-parser.service.spec.ts" name="UiUdfParametersParserService.computeParameterInsertion &gt; should sanitize assignment targets while keeping exact names, and accumulate declarations" time="0.001187417">
        </testcase>
        <testcase classname="src/app/workspace/service/code-editor/ui-udf-parameters-parser.service.spec.ts" name="UiUdfParametersParserService.computeParameterInsertion &gt; should raise an error for no supported UDF class" time="0.00156925">
        </testcase>
        <testcase classname="src/app/workspace/service/code-editor/ui-udf-parameters-parser.service.spec.ts" name="UiUdfParametersParserService.computeParameterInsertion &gt; should raise an error for a duplicate parameter name" time="0.001108667">
        </testcase>
        <testcase classname="src/app/workspace/service/code-editor/ui-udf-parameters-parser.service.spec.ts" name="UiUdfParametersParserService.computeParameterInsertion &gt; should raise an error for a single-line open() body" time="0.001233958">
        </testcase>
        <testcase classname="src/app/workspace/service/code-editor/ui-udf-parameters-parser.service.spec.ts" name="UiUdfParametersParserService.computeParameterInsertion &gt; should raise an error for an empty parameter name" time="0.0004885">
        </testcase>
        <testcase classname="src/app/workspace/service/code-editor/ui-udf-parameters-parser.service.spec.ts" name="UiUdfParametersParserService.computeParameterInsertion &gt; should raise an error for an unsupported parameter type" time="0.000324417">
        </testcase>
        <testcase classname="src/app/workspace/service/code-editor/ui-udf-parameters-parser.service.spec.ts" name="UiUdfParametersParserService degenerate sources &gt; should return no parameters for empty or whitespace-only source" time="0.000300458">
        </testcase>
        <testcase classname="src/app/workspace/service/code-editor/ui-udf-parameters-parser.service.spec.ts" name="UiUdfParametersParserService degenerate sources &gt; should return no parameters when the class has no body" time="0.000466583">
        </testcase>
        <testcase classname="src/app/workspace/service/code-editor/ui-udf-parameters-parser.service.spec.ts" name="UiUdfParametersParserService degenerate sources &gt; should return no parameters when open() has no body" time="0.000514667">
        </testcase>
        <testcase classname="src/app/workspace/service/code-editor/ui-udf-parameters-parser.service.spec.ts" name="UiUdfParametersParserService degenerate sources &gt; should insert into an open() that holds a single statement" time="0.017557083">
        </testcase>
        <testcase classname="src/app/workspace/service/code-editor/ui-udf-parameters-parser.service.spec.ts" name="UiUdfParametersParserService degenerate sources &gt; should sanitize a punctuation-only name into a usable identifier" time="0.005686084">
        </testcase>
        <testcase classname="src/app/workspace/service/code-editor/ui-udf-parameters-parser.service.spec.ts" name="UiUdfParametersParserService degenerate sources &gt; should prefix a name that starts with a digit" time="0.000679542">
        </testcase>
        <testcase classname="src/app/workspace/service/code-editor/ui-udf-parameters-parser.service.spec.ts" name="UiUdfParametersParserService degenerate sources &gt; should suffix a name that collides with a Python keyword" time="0.00071425">
        </testcase>
        <testcase classname="src/app/workspace/service/code-editor/ui-udf-parameters-parser.service.spec.ts" name="UiUdfParametersParserService degenerate sources &gt; should handle a declaration on a final line with no trailing newline" time="0.001879417">
        </testcase>
        <testcase classname="src/app/workspace/service/code-editor/ui-udf-parameters-parser.service.spec.ts" name="UiUdfParametersParserService degenerate sources &gt; should ignore a UiParameter call that is not reached through self" time="0.000457209">
        </testcase>
        <testcase classname="src/app/workspace/service/code-editor/ui-udf-parameters-parser.service.spec.ts" name="UiUdfParametersParserService degenerate sources &gt; should ignore a UiParameter call with a positional argument after a named one" time="0.000854916">
        </testcase>
        <testcase classname="src/app/workspace/service/code-editor/ui-udf-parameters-parser.service.spec.ts" name="UiUdfParametersParserService degenerate sources &gt; should ignore a UiParameter call that supplies the same argument twice" time="0.003963625">
        </testcase>
        <testcase classname="src/app/workspace/service/code-editor/ui-udf-parameters-parser.service.spec.ts" name="UiUdfParametersParserService degenerate sources &gt; should ignore a type given as a plain string instead of an AttributeType member" time="0.000605167">
        </testcase>
        <testcase classname="src/app/workspace/service/code-editor/ui-udf-parameters-parser.service.spec.ts" name="UiUdfParametersParserService degenerate sources &gt; should refuse to insert into a class that has no block body at all" time="0.002288125">
        </testcase>
        <testcase classname="src/app/workspace/service/code-editor/ui-udf-parameters-parser.service.spec.ts" name="UiUdfParametersParserService degenerate sources &gt; should synthesize open() below a class docstring, kept apart from the code after it" time="0.001286667">
        </testcase>
        <testcase classname="src/app/workspace/service/code-editor/ui-udf-parameters-parser.service.spec.ts" name="UiUdfParametersParserService degenerate sources &gt; should append open() after a docstring that ends the file without a newline" time="0.002420583">
        </testcase>
    </testsuite>
    <testsuite name="src/app/workspace/service/code-editor/ui-udf-parameters-sync.service.spec.ts" timestamp="2026-09-01T22:49:41.695Z" hostname="dhcp-172-27-096-224.mobile.uci.edu" tests="16" failures="0" errors="0" skipped="0" time="0.010379666">
        <testcase classname="src/app/workspace/service/code-editor/ui-udf-parameters-sync.service.spec.ts" name="UiUdfParametersSyncService &gt; should preserve values from current parameter names" time="0.000734958">
        </testcase>
        <testcase classname="src/app/workspace/service/code-editor/ui-udf-parameters-sync.service.spec.ts" name="UiUdfParametersSyncService &gt; should remove stale parameters while preserving retained values" time="0.000180584">
        </testcase>
        <testcase classname="src/app/workspace/service/code-editor/ui-udf-parameters-sync.service.spec.ts" name="UiUdfParametersSyncService &gt; should not emit when the merged parameters are unchanged" time="0.000114209">
        </testcase>
        <testcase classname="src/app/workspace/service/code-editor/ui-udf-parameters-sync.service.spec.ts" name="UiUdfParametersSyncService &gt; should not replay a previous parameter change to a late subscriber" time="0.000110125">
        </testcase>
        <testcase classname="src/app/workspace/service/code-editor/ui-udf-parameters-sync.service.spec.ts" name="UiUdfParametersSyncService &gt; should emit parser errors without replacing the current parameters" time="0.00018725">
        </testcase>
        <testcase classname="src/app/workspace/service/code-editor/ui-udf-parameters-sync.service.spec.ts" name="UiUdfParametersSyncService &gt; should rethrow a non-parse error without emitting a parse-error event" time="0.000148792">
        </testcase>
        <testcase classname="src/app/workspace/service/code-editor/ui-udf-parameters-sync.service.spec.ts" name="UiUdfParametersSyncService &gt; should treat a Python UDF with no uiParameters key as having no existing parameters" time="0.000144875">
        </testcase>
        <testcase classname="src/app/workspace/service/code-editor/ui-udf-parameters-sync.service.spec.ts" name="UiUdfParametersSyncService &gt; should treat a Python UDF with no operatorProperties at all as having no existing parameters" time="0.000111417">
        </testcase>
        <testcase classname="src/app/workspace/service/code-editor/ui-udf-parameters-sync.service.spec.ts" name="UiUdfParametersSyncService &gt; should clear a previous parse error once the code parses again" time="0.00013625">
        </testcase>
        <testcase classname="src/app/workspace/service/code-editor/ui-udf-parameters-sync.service.spec.ts" name="UiUdfParametersSyncService &gt; should not replay a previous parser error to a late subscriber" time="0.000118375">
        </testcase>
        <testcase classname="src/app/workspace/service/code-editor/ui-udf-parameters-sync.service.spec.ts" name="UiUdfParametersSyncService &gt; should not parse code for non-Python UDF operators" time="0.000090334">
        </testcase>
        <testcase classname="src/app/workspace/service/code-editor/ui-udf-parameters-sync.service.spec.ts" name="UiUdfParametersSyncService &gt; should read code from the shared operator property when editor code is omitted" time="0.002132667">
            <system-err>
TypeError: Cannot read properties of null (reading &apos;forEach&apos;)
    at YText._integrate (file:///Users/karyzheng/dev/texera_workflow_to_py_3/frontend/node_modules/yjs/dist/yjs.mjs:7088:54)
    at ContentType.integrate (file:///Users/karyzheng/dev/texera_workflow_to_py_3/frontend/node_modules/yjs/dist/yjs.mjs:9446:15)
    at Item.integrate (file:///Users/karyzheng/dev/texera_workflow_to_py_3/frontend/node_modules/yjs/dist/yjs.mjs:10010:20)
    at typeMapSet (file:///Users/karyzheng/dev/texera_workflow_to_py_3/frontend/node_modules/yjs/dist/yjs.mjs:5600:130)
    at file:///Users/karyzheng/dev/texera_workflow_to_py_3/frontend/node_modules/yjs/dist/yjs.mjs:6173:9
    at transact (file:///Users/karyzheng/dev/texera_workflow_to_py_3/frontend/node_modules/yjs/dist/yjs.mjs:3414:14)
    at YMap.set (file:///Users/karyzheng/dev/texera_workflow_to_py_3/frontend/node_modules/yjs/dist/yjs.mjs:6172:7)
    at file:///Users/karyzheng/dev/texera_workflow_to_py_3/frontend/node_modules/yjs/dist/yjs.mjs:6028:12
    at Map.forEach (&lt;anonymous&gt;)
    at YMap._integrate (file:///Users/karyzheng/dev/texera_workflow_to_py_3/frontend/node_modules/yjs/dist/yjs.mjs:6027:60)

            </system-err>
        </testcase>
        <testcase classname="src/app/workspace/service/code-editor/ui-udf-parameters-sync.service.spec.ts" name="UiUdfParametersSyncService &gt; should warn and skip sync when shared code cannot be read" time="0.000277583">
        </testcase>
        <testcase classname="src/app/workspace/service/code-editor/ui-udf-parameters-sync.service.spec.ts" name="UiUdfParametersSyncService &gt; should debounce YText changes and clean up the observer" time="0.003948875">
        </testcase>
        <testcase classname="src/app/workspace/service/code-editor/ui-udf-parameters-sync.service.spec.ts" name="UiUdfParametersSyncService &gt; should insert the computed parameter edit into shared code and re-sync the structure" time="0.001561417">
            <system-err>
TypeError: Cannot read properties of null (reading &apos;forEach&apos;)
    at YText._integrate (file:///Users/karyzheng/dev/texera_workflow_to_py_3/frontend/node_modules/yjs/dist/yjs.mjs:7088:54)
    at ContentType.integrate (file:///Users/karyzheng/dev/texera_workflow_to_py_3/frontend/node_modules/yjs/dist/yjs.mjs:9446:15)
    at Item.integrate (file:///Users/karyzheng/dev/texera_workflow_to_py_3/frontend/node_modules/yjs/dist/yjs.mjs:10010:20)
    at typeMapSet (file:///Users/karyzheng/dev/texera_workflow_to_py_3/frontend/node_modules/yjs/dist/yjs.mjs:5600:130)
    at file:///Users/karyzheng/dev/texera_workflow_to_py_3/frontend/node_modules/yjs/dist/yjs.mjs:6173:9
    at transact (file:///Users/karyzheng/dev/texera_workflow_to_py_3/frontend/node_modules/yjs/dist/yjs.mjs:3414:14)
    at YMap.set (file:///Users/karyzheng/dev/texera_workflow_to_py_3/frontend/node_modules/yjs/dist/yjs.mjs:6172:7)
    at file:///Users/karyzheng/dev/texera_workflow_to_py_3/frontend/node_modules/yjs/dist/yjs.mjs:6028:12
    at Map.forEach (&lt;anonymous&gt;)
    at YMap._integrate (file:///Users/karyzheng/dev/texera_workflow_to_py_3/frontend/node_modules/yjs/dist/yjs.mjs:6027:60)

            </system-err>
        </testcase>
        <testcase classname="src/app/workspace/service/code-editor/ui-udf-parameters-sync.service.spec.ts" name="UiUdfParametersSyncService &gt; should throw without editing when shared code is unavailable" time="0.000237625">
        </testcase>
    </testsuite>
    <testsuite name="src/app/workspace/service/compile-workflow/workflow-compiling.service.spec.ts" timestamp="2026-09-01T22:49:41.696Z" hostname="dhcp-172-27-096-224.mobile.uci.edu" tests="47" failures="0" errors="0" skipped="0" time="0.484571083">
        <testcase classname="src/app/workspace/service/compile-workflow/workflow-compiling.service.spec.ts" name="WorkflowCompilingService.dropInvalidAttributeValues &gt; drops list entries and resets single attributes that are no longer valid" time="0.000557708">
        </testcase>
        <testcase classname="src/app/workspace/service/compile-workflow/workflow-compiling.service.spec.ts" name="WorkflowCompilingService.dropInvalidAttributeValues &gt; reports no change when all attribute references are valid" time="0.000089375">
        </testcase>
        <testcase classname="src/app/workspace/service/compile-workflow/workflow-compiling.service.spec.ts" name="WorkflowCompilingService.dropInvalidAttributeValues &gt; makes no change when the input schema (enum) is unknown" time="0.000088625">
        </testcase>
        <testcase classname="src/app/workspace/service/compile-workflow/workflow-compiling.service.spec.ts" name="WorkflowCompilingService.dropInvalidAttributeValues &gt; returns the value unchanged for non-object schemas or nullish values" time="0.000091791">
        </testcase>
        <testcase classname="src/app/workspace/service/compile-workflow/workflow-compiling.service.spec.ts" name="WorkflowCompilingService.dropInvalidAttributeValues &gt; skips schema properties that are absent from the value object" time="0.0000685">
        </testcase>
        <testcase classname="src/app/workspace/service/compile-workflow/workflow-compiling.service.spec.ts" name="WorkflowCompilingService schema propagation property cleanup &gt; drops operator property values that the propagated input schema no longer supports" time="0.031725625">
        </testcase>
        <testcase classname="src/app/workspace/service/compile-workflow/workflow-compiling.service.spec.ts" name="WorkflowCompilingService schema propagation property cleanup &gt; leaves valid property values untouched" time="0.014776209">
        </testcase>
        <testcase classname="src/app/workspace/service/compile-workflow/workflow-compiling.service.spec.ts" name="WorkflowCompilingService public getters &gt; getWorkflowCompilationState returns the current state" time="0.001971792">
        </testcase>
        <testcase classname="src/app/workspace/service/compile-workflow/workflow-compiling.service.spec.ts" name="WorkflowCompilingService public getters &gt; getWorkflowCompilationErrors is empty while succeeded or uninitialized" time="0.001590333">
        </testcase>
        <testcase classname="src/app/workspace/service/compile-workflow/workflow-compiling.service.spec.ts" name="WorkflowCompilingService public getters &gt; getWorkflowCompilationErrors surfaces the operator errors when compilation failed" time="0.0040635">
        </testcase>
        <testcase classname="src/app/workspace/service/compile-workflow/workflow-compiling.service.spec.ts" name="WorkflowCompilingService public getters &gt; getCompilationStateInfoChangedStream replays the latest state" time="0.001762">
        </testcase>
        <testcase classname="src/app/workspace/service/compile-workflow/workflow-compiling.service.spec.ts" name="WorkflowCompilingService public getters &gt; getOperatorOutputSchemaMap returns undefined when uninitialized" time="0.001371792">
        </testcase>
        <testcase classname="src/app/workspace/service/compile-workflow/workflow-compiling.service.spec.ts" name="WorkflowCompilingService public getters &gt; getOperatorOutputSchemaMap returns the operator&apos;s output port schema map" time="0.001990791">
        </testcase>
        <testcase classname="src/app/workspace/service/compile-workflow/workflow-compiling.service.spec.ts" name="WorkflowCompilingService public getters &gt; getPortInputSchema looks the port up by its serialized identity" time="0.004077209">
        </testcase>
        <testcase classname="src/app/workspace/service/compile-workflow/workflow-compiling.service.spec.ts" name="WorkflowCompilingService public getters &gt; getPortInputSchema returns undefined when the operator has no input schema map" time="0.003062208">
        </testcase>
        <testcase classname="src/app/workspace/service/compile-workflow/workflow-compiling.service.spec.ts" name="WorkflowCompilingService public getters &gt; getOperatorInputAttributeType finds the named attribute&apos;s type on the input port" time="0.001784834">
        </testcase>
        <testcase classname="src/app/workspace/service/compile-workflow/workflow-compiling.service.spec.ts" name="WorkflowCompilingService public getters &gt; getOperatorInputSchemaMap returns undefined when uninitialized" time="0.002598958">
        </testcase>
        <testcase classname="src/app/workspace/service/compile-workflow/workflow-compiling.service.spec.ts" name="WorkflowCompilingService public getters &gt; getOperatorInputSchemaMap returns undefined when there is no output schema map" time="0.003784792">
        </testcase>
        <testcase classname="src/app/workspace/service/compile-workflow/workflow-compiling.service.spec.ts" name="WorkflowCompilingService public getters &gt; getOperatorInputSchemaMap returns undefined for an operator with no input links" time="0.008479334">
        </testcase>
        <testcase classname="src/app/workspace/service/compile-workflow/workflow-compiling.service.spec.ts" name="WorkflowCompilingService public getters &gt; getOperatorInputSchemaMap resolves the input port schema from the upstream operator&apos;s output schema" time="0.014983">
        </testcase>
        <testcase classname="src/app/workspace/service/compile-workflow/workflow-compiling.service.spec.ts" name="WorkflowCompilingService.setOperatorInputAttrs / restoreOperatorInputAttrs &gt; setOperatorInputAttrs &gt; returns the original operator schema unchanged when the input schema map is undefined" time="0.000373">
        </testcase>
        <testcase classname="src/app/workspace/service/compile-workflow/workflow-compiling.service.spec.ts" name="WorkflowCompilingService.setOperatorInputAttrs / restoreOperatorInputAttrs &gt; setOperatorInputAttrs &gt; returns the original operator schema unchanged when the input schema map is empty" time="0.000200625">
        </testcase>
        <testcase classname="src/app/workspace/service/compile-workflow/workflow-compiling.service.spec.ts" name="WorkflowCompilingService.setOperatorInputAttrs / restoreOperatorInputAttrs &gt; setOperatorInputAttrs &gt; injects the input attribute names as an enum on an optional attributeName property" time="0.000467125">
        </testcase>
        <testcase classname="src/app/workspace/service/compile-workflow/workflow-compiling.service.spec.ts" name="WorkflowCompilingService.setOperatorInputAttrs / restoreOperatorInputAttrs &gt; setOperatorInputAttrs &gt; appends the property&apos;s string default instead of &quot;&quot; for optional properties" time="0.000324375">
        </testcase>
        <testcase classname="src/app/workspace/service/compile-workflow/workflow-compiling.service.spec.ts" name="WorkflowCompilingService.setOperatorInputAttrs / restoreOperatorInputAttrs &gt; setOperatorInputAttrs &gt; throws when the property&apos;s default value is not a string" time="0.000764167">
        </testcase>
        <testcase classname="src/app/workspace/service/compile-workflow/workflow-compiling.service.spec.ts" name="WorkflowCompilingService.setOperatorInputAttrs / restoreOperatorInputAttrs &gt; setOperatorInputAttrs &gt; does not append an empty option for required properties" time="0.0003445">
        </testcase>
        <testcase classname="src/app/workspace/service/compile-workflow/workflow-compiling.service.spec.ts" name="WorkflowCompilingService.setOperatorInputAttrs / restoreOperatorInputAttrs &gt; setOperatorInputAttrs &gt; includes additionalEnumValue before the optional empty option" time="0.000300583">
        </testcase>
        <testcase classname="src/app/workspace/service/compile-workflow/workflow-compiling.service.spec.ts" name="WorkflowCompilingService.setOperatorInputAttrs / restoreOperatorInputAttrs &gt; setOperatorInputAttrs &gt; yields an undefined enum when autofillAttributeOnPort is missing" time="0.002060416">
        </testcase>
        <testcase classname="src/app/workspace/service/compile-workflow/workflow-compiling.service.spec.ts" name="WorkflowCompilingService.setOperatorInputAttrs / restoreOperatorInputAttrs &gt; setOperatorInputAttrs &gt; yields an undefined enum when the referenced input port has no schema" time="0.000491459">
        </testcase>
        <testcase classname="src/app/workspace/service/compile-workflow/workflow-compiling.service.spec.ts" name="WorkflowCompilingService.setOperatorInputAttrs / restoreOperatorInputAttrs &gt; setOperatorInputAttrs &gt; injects the enum into the items of an attributeNameList property" time="0.000381041">
        </testcase>
        <testcase classname="src/app/workspace/service/compile-workflow/workflow-compiling.service.spec.ts" name="WorkflowCompilingService.setOperatorInputAttrs / restoreOperatorInputAttrs &gt; restoreOperatorInputAttrs &gt; clears the injected enum/uniqueItems from an attributeName property" time="0.002052708">
        </testcase>
        <testcase classname="src/app/workspace/service/compile-workflow/workflow-compiling.service.spec.ts" name="WorkflowCompilingService.setOperatorInputAttrs / restoreOperatorInputAttrs &gt; restoreOperatorInputAttrs &gt; clears the injected enum from the items of an attributeNameList property" time="0.00053125">
        </testcase>
        <testcase classname="src/app/workspace/service/compile-workflow/workflow-compiling.service.spec.ts" name="WorkflowCompilingService.setOperatorInputAttrs / restoreOperatorInputAttrs &gt; restoreOperatorInputAttrs &gt; round-trips: restore reverses the enums that setOperatorInputAttrs injected" time="0.00041875">
        </testcase>
        <testcase classname="src/app/workspace/service/compile-workflow/workflow-compiling.service.spec.ts" name="WorkflowCompilingService compile pipeline &gt; debounces graph edits into a single POST carrying the logical plan" time="0.04237575">
        </testcase>
        <testcase classname="src/app/workspace/service/compile-workflow/workflow-compiling.service.spec.ts" name="WorkflowCompilingService compile pipeline &gt; records the physical plan and output schemas when the response carries a physical plan" time="0.037462917">
        </testcase>
        <testcase classname="src/app/workspace/service/compile-workflow/workflow-compiling.service.spec.ts" name="WorkflowCompilingService compile pipeline &gt; records the operator errors when the response carries no physical plan" time="0.017673334">
        </testcase>
        <testcase classname="src/app/workspace/service/compile-workflow/workflow-compiling.service.spec.ts" name="WorkflowCompilingService compile pipeline &gt; pushes each compile outcome onto the compilation-state stream in order" time="0.017089166">
        </testcase>
        <testcase classname="src/app/workspace/service/compile-workflow/workflow-compiling.service.spec.ts" name="WorkflowCompilingService compile pipeline &gt; swallows a failing compile request and keeps compiling afterwards" time="0.024180583">
        </testcase>
        <testcase classname="src/app/workspace/service/compile-workflow/workflow-compiling.service.spec.ts" name="WorkflowCompilingService.applySchemaPropagationResult without a propagated input schema &gt; restores the original input attributes of a non-source operator" time="0.037988459">
        </testcase>
        <testcase classname="src/app/workspace/service/compile-workflow/workflow-compiling.service.spec.ts" name="WorkflowCompilingService.applySchemaPropagationResult without a propagated input schema &gt; keeps a source operator&apos;s attributes, which come from its own table rather than an input port" time="0.024355">
        </testcase>
        <testcase classname="src/app/workspace/service/compile-workflow/workflow-compiling.service.spec.ts" name="WorkflowCompilingService input port schema resolution &gt; ignores an input link whose target port ID is not in the input-&lt;n&gt; form" time="0.020597">
        </testcase>
        <testcase classname="src/app/workspace/service/compile-workflow/workflow-compiling.service.spec.ts" name="WorkflowCompilingService input port schema resolution &gt; ignores an input link whose source port ID is not in the output-&lt;n&gt; form" time="0.029238125">
        </testcase>
        <testcase classname="src/app/workspace/service/compile-workflow/workflow-compiling.service.spec.ts" name="WorkflowCompilingService input port schema resolution &gt; resolves no schema when the upstream operator is missing from the output schema map" time="0.012264708">
        </testcase>
        <testcase classname="src/app/workspace/service/compile-workflow/workflow-compiling.service.spec.ts" name="WorkflowCompilingService input port schema resolution &gt; leaves unlinked input ports unresolved and puts the schema on the linked port only" time="0.012143459">
        </testcase>
        <testcase classname="src/app/workspace/service/compile-workflow/workflow-compiling.service.spec.ts" name="WorkflowCompilingService input port schema resolution &gt; accepts two links into the same input port when they agree on the schema" time="0.045892708">
        </testcase>
        <testcase classname="src/app/workspace/service/compile-workflow/workflow-compiling.service.spec.ts" name="WorkflowCompilingService input port schema resolution &gt; fails compilation when two links into the same input port disagree on the schema" time="0.027221958">
        </testcase>
        <testcase classname="src/app/workspace/service/compile-workflow/workflow-compiling.service.spec.ts" name="WorkflowCompilingService input port schema resolution &gt; resolves nothing for an operator whose dynamic schema declares no input ports" time="0.027492834">
        </testcase>
    </testsuite>
    <testsuite name="src/app/workspace/service/drag-drop/drag-drop.service.spec.ts" timestamp="2026-09-01T22:49:41.698Z" hostname="dhcp-172-27-096-224.mobile.uci.edu" tests="24" failures="0" errors="0" skipped="0" time="1.473898292">
        <testcase classname="src/app/workspace/service/drag-drop/drag-drop.service.spec.ts" name="DragDropService &gt; should be created" time="0.003931917">
        </testcase>
        <testcase classname="src/app/workspace/service/drag-drop/drag-drop.service.spec.ts" name="DragDropService &gt; should successfully create a new operator link given 2 operator predicates" time="0.001559125">
        </testcase>
        <testcase classname="src/app/workspace/service/drag-drop/drag-drop.service.spec.ts" name="DragDropService &gt; should find 3 input operatorPredicates and 3 output operatorPredicates for an operatorPredicate with 3 input / 3 output ports" time="0.024833292">
        </testcase>
        <testcase classname="src/app/workspace/service/drag-drop/drag-drop.service.spec.ts" name="DragDropService &gt; should publish operatorPredicates to highlight streams when calling &quot;updateHighlighting(prevHighlights,newHighlights)&quot;" time="0.024540917">
        </testcase>
        <testcase classname="src/app/workspace/service/drag-drop/drag-drop.service.spec.ts" name="DragDropService &gt; should not find any operator when the mouse coordinate is greater than the threshold defined" time="0.004579125">
        </testcase>
        <testcase classname="src/app/workspace/service/drag-drop/drag-drop.service.spec.ts" name="DragDropService &gt; should add the dropped operator with links to suggested neighbors and unhighlight prior suggestions" time="0.394403833">
        </testcase>
        <testcase classname="src/app/workspace/service/drag-drop/drag-drop.service.spec.ts" name="DragDropService &gt; doesOperatorIntersectPath (bounding-box vs. path geometry) &gt; returns true when a sampled path point falls inside the operator bounding box" time="0.001880375">
        </testcase>
        <testcase classname="src/app/workspace/service/drag-drop/drag-drop.service.spec.ts" name="DragDropService &gt; doesOperatorIntersectPath (bounding-box vs. path geometry) &gt; returns false when every sampled path point is outside the operator bounding box" time="0.00121575">
        </testcase>
        <testcase classname="src/app/workspace/service/drag-drop/drag-drop.service.spec.ts" name="DragDropService &gt; doesOperatorIntersectPath (bounding-box vs. path geometry) &gt; clamps the number of path samples to a minimum of 5 and a maximum of 20" time="0.001965125">
        </testcase>
        <testcase classname="src/app/workspace/service/drag-drop/drag-drop.service.spec.ts" name="DragDropService &gt; createEdgeReconnectionLinks &gt; splices a new operator into an intersected edge, deleting the original link and returning source→new and new→target links" time="0.018919">
        </testcase>
        <testcase classname="src/app/workspace/service/drag-drop/drag-drop.service.spec.ts" name="DragDropService &gt; createEdgeReconnectionLinks &gt; falls back to suggestion links and leaves the edge intact when the new operator has no output port" time="0.011086333">
        </testcase>
        <testcase classname="src/app/workspace/service/drag-drop/drag-drop.service.spec.ts" name="DragDropService &gt; dragDropped edge-drop routing and operatorDropStream &gt; routes through edge reconnection and emits operatorDropStream when the drop lands on an existing edge" time="0.12247875">
        </testcase>
        <testcase classname="src/app/workspace/service/drag-drop/drag-drop.service.spec.ts" name="DragDropService &gt; edge-intersection highlighting helpers &gt; toggles the intersected link&apos;s stroke attributes between highlighted and default" time="0.116554292">
        </testcase>
        <testcase classname="src/app/workspace/service/drag-drop/drag-drop.service.spec.ts" name="DragDropService &gt; edge-intersection highlighting helpers &gt; no-ops safely (highlight/clear/findIntersectedLink) when no main paper is attached" time="0.006987584">
        </testcase>
        <testcase classname="src/app/workspace/service/drag-drop/drag-drop.service.spec.ts" name="DragDropService &gt; edge-intersection highlighting helpers &gt; skips links that are in the Texera graph but have no model in the JointJS paper" time="0.01307175">
        </testcase>
        <testcase classname="src/app/workspace/service/drag-drop/drag-drop.service.spec.ts" name="DragDropService &gt; handleOperatorRecommendationOnDrag (drag lifecycle) &gt; uses fallback mouse coordinates and unit scale when no paper is attached during mousemove" time="0.035831292">
        </testcase>
        <testcase classname="src/app/workspace/service/drag-drop/drag-drop.service.spec.ts" name="DragDropService &gt; handleOperatorRecommendationOnDrag (drag lifecycle) &gt; highlights, re-highlights, and clears intersected edges across mousemove and mouseup" time="0.0701315">
        </testcase>
        <testcase classname="src/app/workspace/service/drag-drop/drag-drop.service.spec.ts" name="DragDropService &gt; findClosestOperators (priority-queue selection and free-port filtering) &gt; keeps only the nearest free-port operator per side and excludes operators with no free ports" time="0.03792175">
        </testcase>
        <testcase classname="src/app/workspace/service/drag-drop/drag-drop.service.spec.ts" name="DragDropService &gt; findIntersectedLink (against a real paper) &gt; finds the edge an operator is dropped on top of" time="0.073125292">
        </testcase>
        <testcase classname="src/app/workspace/service/drag-drop/drag-drop.service.spec.ts" name="DragDropService &gt; findIntersectedLink (against a real paper) &gt; finds nothing when the drop is nowhere near the edge" time="0.246977959">
        </testcase>
        <testcase classname="src/app/workspace/service/drag-drop/drag-drop.service.spec.ts" name="DragDropService &gt; findIntersectedLink (against a real paper) &gt; finds nothing when the canvas has no links at all" time="0.015772333">
        </testcase>
        <testcase classname="src/app/workspace/service/drag-drop/drag-drop.service.spec.ts" name="DragDropService &gt; findIntersectedLink (against a real paper) &gt; skips a link the paper has no model for instead of throwing" time="0.094212125">
        </testcase>
        <testcase classname="src/app/workspace/service/drag-drop/drag-drop.service.spec.ts" name="DragDropService &gt; findIntersectedLink (against a real paper) &gt; skips a link whose view has no drawn path instead of throwing" time="0.088063042">
        </testcase>
        <testcase classname="src/app/workspace/service/drag-drop/drag-drop.service.spec.ts" name="DragDropService &gt; findIntersectedLink (against a real paper) &gt; skips a link the paper has no view for instead of throwing" time="0.063122875">
        </testcase>
    </testsuite>
    <testsuite name="src/app/workspace/service/dynamic-schema/dynamic-schema.service.spec.ts" timestamp="2026-09-01T22:49:41.700Z" hostname="dhcp-172-27-096-224.mobile.uci.edu" tests="12" failures="0" errors="0" skipped="0" time="0.028889041">
        <testcase classname="src/app/workspace/service/dynamic-schema/dynamic-schema.service.spec.ts" name="DynamicSchemaService &gt; should be created" time="0.003672667">
        </testcase>
        <testcase classname="src/app/workspace/service/dynamic-schema/dynamic-schema.service.spec.ts" name="DynamicSchemaService &gt; should update dynamic schema map when operator is added/deleted" time="0.005912959">
        </testcase>
        <testcase classname="src/app/workspace/service/dynamic-schema/dynamic-schema.service.spec.ts" name="DynamicSchemaService &gt; should call all initial schema transformers when creating a new dynamic schema" time="0.004539375">
        </testcase>
        <testcase classname="src/app/workspace/service/dynamic-schema/dynamic-schema.service.spec.ts" name="DynamicSchemaService &gt; should emit event when dynamic schema is changed" time="0.006758625">
        </testcase>
        <testcase classname="src/app/workspace/service/dynamic-schema/dynamic-schema.service.spec.ts" name="DynamicSchemaService &gt; should not emit event if the updated dynamic schema is same" time="0.00408325">
        </testcase>
        <testcase classname="src/app/workspace/service/dynamic-schema/dynamic-schema.service.spec.ts" name="DynamicSchemaService.mutateProperty &gt; should replace a matched top-level property without mutating the original schema" time="0.000800791">
        </testcase>
        <testcase classname="src/app/workspace/service/dynamic-schema/dynamic-schema.service.spec.ts" name="DynamicSchemaService.mutateProperty &gt; should recurse into nested object properties to find the matched property" time="0.00046125">
        </testcase>
        <testcase classname="src/app/workspace/service/dynamic-schema/dynamic-schema.service.spec.ts" name="DynamicSchemaService.mutateProperty &gt; should recurse into definitions to find the matched property" time="0.000332791">
        </testcase>
        <testcase classname="src/app/workspace/service/dynamic-schema/dynamic-schema.service.spec.ts" name="DynamicSchemaService.mutateProperty &gt; should recurse into array items and single-schema items to find the matched property" time="0.000465959">
        </testcase>
        <testcase classname="src/app/workspace/service/dynamic-schema/dynamic-schema.service.spec.ts" name="DynamicSchemaService.mutateProperty &gt; should step over a boolean subschema without matching or mutating it" time="0.000656458">
        </testcase>
        <testcase classname="src/app/workspace/service/dynamic-schema/dynamic-schema.service.spec.ts" name="DynamicSchemaService.mutateProperty &gt; should step over a boolean entry in a tuple items array" time="0.000356375">
        </testcase>
        <testcase classname="src/app/workspace/service/dynamic-schema/dynamic-schema.service.spec.ts" name="DynamicSchemaService.mutateProperty &gt; should not invoke the mutation function when nothing matches" time="0.000495875">
        </testcase>
    </testsuite>
    <testsuite name="src/app/workspace/service/execute-workflow/execute-workflow.service.spec.ts" timestamp="2026-09-01T22:49:41.700Z" hostname="dhcp-172-27-096-224.mobile.uci.edu" tests="35" failures="0" errors="0" skipped="0" time="0.217992167">
        <testcase classname="src/app/workspace/service/execute-workflow/execute-workflow.service.spec.ts" name="ExecuteWorkflowService &gt; should be created" time="0.0040655">
        </testcase>
        <testcase classname="src/app/workspace/service/execute-workflow/execute-workflow.service.spec.ts" name="ExecuteWorkflowService &gt; resetExecutionAndWorkers() clears the execution state and worker assignments" time="0.005093125">
        </testcase>
        <testcase classname="src/app/workspace/service/execute-workflow/execute-workflow.service.spec.ts" name="ExecuteWorkflowService &gt; should generate a logical plan request based on the workflow graph that is passed to the function" time="0.002777917">
        </testcase>
        <testcase classname="src/app/workspace/service/execute-workflow/execute-workflow.service.spec.ts" name="ExecuteWorkflowService &gt; should msg backend when executing workflow" time="0.002708292">
            <system-err>
No computing unit selected for workflow execution

            </system-err>
        </testcase>
        <testcase classname="src/app/workspace/service/execute-workflow/execute-workflow.service.spec.ts" name="ExecuteWorkflowService &gt; it should raise an error when pauseWorkflow() is called without an execution state" time="0.002847083">
        </testcase>
        <testcase classname="src/app/workspace/service/execute-workflow/execute-workflow.service.spec.ts" name="ExecuteWorkflowService &gt; it should raise an error when resumeWorkflow() is called without an execution state" time="0.00372475">
        </testcase>
        <testcase classname="src/app/workspace/service/execute-workflow/execute-workflow.service.spec.ts" name="ExecuteWorkflowService &gt; should execute workflow with email notification successfully" time="0.005352709">
            <system-err>
No computing unit selected for workflow execution

            </system-err>
        </testcase>
        <testcase classname="src/app/workspace/service/execute-workflow/execute-workflow.service.spec.ts" name="ExecuteWorkflowService &gt; should handle failure when executing workflow with email notification" time="0.003235375">
        </testcase>
        <testcase classname="src/app/workspace/service/execute-workflow/execute-workflow.service.spec.ts" name="ExecuteWorkflowService &gt; routes region and worker-assignment websocket events to their dedicated streams" time="0.002970041">
        </testcase>
        <testcase classname="src/app/workspace/service/execute-workflow/execute-workflow.service.spec.ts" name="ExecuteWorkflowService &gt; routes execution-status websocket events into the execution-state stream" time="0.004090333">
        </testcase>
        <testcase classname="src/app/workspace/service/execute-workflow/execute-workflow.service.spec.ts" name="ExecuteWorkflowService &gt; does not re-emit when a websocket event maps to the unchanged execution state" time="0.001684458">
        </testcase>
        <testcase classname="src/app/workspace/service/execute-workflow/execute-workflow.service.spec.ts" name="ExecuteWorkflowService &gt; handleReconfigurationEvent shows an error notification for an invalid ModifyLogicResponse" time="0.001307458">
        </testcase>
        <testcase classname="src/app/workspace/service/execute-workflow/execute-workflow.service.spec.ts" name="ExecuteWorkflowService &gt; handleReconfigurationEvent confirms a valid ModifyLogicResponse" time="0.004304333">
        </testcase>
        <testcase classname="src/app/workspace/service/execute-workflow/execute-workflow.service.spec.ts" name="ExecuteWorkflowService &gt; handleReconfigurationEvent announces a ModifyLogicCompletedEvent with the operator ids" time="0.002313291">
        </testcase>
        <testcase classname="src/app/workspace/service/execute-workflow/execute-workflow.service.spec.ts" name="ExecuteWorkflowService &gt; handleExecutionEvent enters Paused with empty tuples from a non-paused state" time="0.001274125">
        </testcase>
        <testcase classname="src/app/workspace/service/execute-workflow/execute-workflow.service.spec.ts" name="ExecuteWorkflowService &gt; handleExecutionEvent keeps the current state when already Paused" time="0.004310292">
        </testcase>
        <testcase classname="src/app/workspace/service/execute-workflow/execute-workflow.service.spec.ts" name="ExecuteWorkflowService &gt; handleExecutionEvent defers the Failed state to the follow-up error event" time="0.004059459">
        </testcase>
        <testcase classname="src/app/workspace/service/execute-workflow/execute-workflow.service.spec.ts" name="ExecuteWorkflowService &gt; handleExecutionEvent passes through other workflow states" time="0.0162375">
        </testcase>
        <testcase classname="src/app/workspace/service/execute-workflow/execute-workflow.service.spec.ts" name="ExecuteWorkflowService &gt; handleExecutionEvent maps RecoveryStartedEvent to the Recovering state" time="0.005115625">
        </testcase>
        <testcase classname="src/app/workspace/service/execute-workflow/execute-workflow.service.spec.ts" name="ExecuteWorkflowService &gt; handleExecutionEvent merges current tuples on top of the existing paused tuples" time="0.003424584">
        </testcase>
        <testcase classname="src/app/workspace/service/execute-workflow/execute-workflow.service.spec.ts" name="ExecuteWorkflowService &gt; handleExecutionEvent starts a fresh paused-tuples map when not already paused" time="0.003414291">
        </testcase>
        <testcase classname="src/app/workspace/service/execute-workflow/execute-workflow.service.spec.ts" name="ExecuteWorkflowService &gt; handleExecutionEvent maps WorkflowErrorEvent to Failed and rewrites newline escapes" time="0.003205667">
        </testcase>
        <testcase classname="src/app/workspace/service/execute-workflow/execute-workflow.service.spec.ts" name="ExecuteWorkflowService &gt; handleExecutionEvent ignores unrelated events" time="0.002990375">
        </testcase>
        <testcase classname="src/app/workspace/service/execute-workflow/execute-workflow.service.spec.ts" name="ExecuteWorkflowService &gt; getErrorMessages returns the fatal errors while the execution is Failed" time="0.004713041">
        </testcase>
        <testcase classname="src/app/workspace/service/execute-workflow/execute-workflow.service.spec.ts" name="ExecuteWorkflowService &gt; executeWorkflow delegates to executeWorkflowWithEmailNotification with email disabled" time="0.035418291">
        </testcase>
        <testcase classname="src/app/workspace/service/execute-workflow/execute-workflow.service.spec.ts" name="ExecuteWorkflowService &gt; executeWorkflowWithReplay builds a replay request and forwards the replay info" time="0.01219475">
        </testcase>
        <testcase classname="src/app/workspace/service/execute-workflow/execute-workflow.service.spec.ts" name="ExecuteWorkflowService &gt; sendExecutionRequest includes the selected computing unit id in the request" time="0.0045045">
        </testcase>
        <testcase classname="src/app/workspace/service/execute-workflow/execute-workflow.service.spec.ts" name="ExecuteWorkflowService &gt; sendExecutionRequest flags stored pagination info as belonging to a new execution" time="0.004330334">
            <system-err>
No computing unit selected for workflow execution

            </system-err>
        </testcase>
        <testcase classname="src/app/workspace/service/execute-workflow/execute-workflow.service.spec.ts" name="ExecuteWorkflowService &gt; pauseWorkflow sends a pause request while running" time="0.009407125">
        </testcase>
        <testcase classname="src/app/workspace/service/execute-workflow/execute-workflow.service.spec.ts" name="ExecuteWorkflowService &gt; killWorkflow throws in a terminal state and sends a kill request otherwise" time="0.022960958">
        </testcase>
        <testcase classname="src/app/workspace/service/execute-workflow/execute-workflow.service.spec.ts" name="ExecuteWorkflowService &gt; takeGlobalCheckpoint throws when completed and sends a checkpoint request otherwise" time="0.004251542">
        </testcase>
        <testcase classname="src/app/workspace/service/execute-workflow/execute-workflow.service.spec.ts" name="ExecuteWorkflowService &gt; resumeWorkflow sends a resume request while paused" time="0.004373875">
        </testcase>
        <testcase classname="src/app/workspace/service/execute-workflow/execute-workflow.service.spec.ts" name="ExecuteWorkflowService &gt; skipTuples requires a paused state and forwards the workers" time="0.007494792">
        </testcase>
        <testcase classname="src/app/workspace/service/execute-workflow/execute-workflow.service.spec.ts" name="ExecuteWorkflowService &gt; retryExecution requires a paused state and forwards the workers" time="0.004545416">
        </testcase>
        <testcase classname="src/app/workspace/service/execute-workflow/execute-workflow.service.spec.ts" name="ExecuteWorkflowService &gt; modifyOperatorLogic requires a paused state and sends the operator logic" time="0.0112915">
        </testcase>
    </testsuite>
    <testsuite name="src/app/workspace/service/heatmap/heatmap-color.spec.ts" timestamp="2026-09-01T22:49:41.702Z" hostname="dhcp-172-27-096-224.mobile.uci.edu" tests="9" failures="0" errors="0" skipped="0" time="0.00102175">
        <testcase classname="src/app/workspace/service/heatmap/heatmap-color.spec.ts" name="scoreToColor &gt; maps 0 to the cold stop (blue)" time="0.000299125">
        </testcase>
        <testcase classname="src/app/workspace/service/heatmap/heatmap-color.spec.ts" name="scoreToColor &gt; maps 0.5 to the mid stop (pale yellow)" time="0.000069834">
        </testcase>
        <testcase classname="src/app/workspace/service/heatmap/heatmap-color.spec.ts" name="scoreToColor &gt; maps 1 to the hot stop (red)" time="0.000056166">
        </testcase>
        <testcase classname="src/app/workspace/service/heatmap/heatmap-color.spec.ts" name="scoreToColor &gt; clamps values below 0 to the cold stop" time="0.000054042">
        </testcase>
        <testcase classname="src/app/workspace/service/heatmap/heatmap-color.spec.ts" name="scoreToColor &gt; clamps values above 1 to the hot stop" time="0.000047708">
        </testcase>
        <testcase classname="src/app/workspace/service/heatmap/heatmap-color.spec.ts" name="scoreToColor &gt; maps non-finite scores to the ramp endpoints (NaN -&gt; cold, Infinity -&gt; hot)" time="0.000066083">
        </testcase>
        <testcase classname="src/app/workspace/service/heatmap/heatmap-color.spec.ts" name="scoreToColor &gt; returns a valid hex color for interpolated values" time="0.000157083">
        </testcase>
        <testcase classname="src/app/workspace/service/heatmap/heatmap-color.spec.ts" name="scoreToColor &gt; interpolates between stops rather than snapping to an endpoint" time="0.000099917">
        </testcase>
        <testcase classname="src/app/workspace/service/heatmap/heatmap-color.spec.ts" name="scoreToColor &gt; exposes a distinct neutral no-data color" time="0.000076208">
        </testcase>
    </testsuite>
    <testsuite name="src/app/workspace/service/heatmap/heatmap-scoring.spec.ts" timestamp="2026-09-01T22:49:41.702Z" hostname="dhcp-172-27-096-224.mobile.uci.edu" tests="27" failures="0" errors="0" skipped="0" time="0.002477541">
        <testcase classname="src/app/workspace/service/heatmap/heatmap-scoring.spec.ts" name="rawMetricForView &gt; Runtime sums data and control processing time" time="0.000324041">
        </testcase>
        <testcase classname="src/app/workspace/service/heatmap/heatmap-scoring.spec.ts" name="rawMetricForView &gt; Time-per-row returns seconds per output tuple (slow producers are hotter)" time="0.000104625">
        </testcase>
        <testcase classname="src/app/workspace/service/heatmap/heatmap-scoring.spec.ts" name="rawMetricForView &gt; Time-per-row is not measurable (undefined) before the operator emits a row" time="0.000064333">
        </testcase>
        <testcase classname="src/app/workspace/service/heatmap/heatmap-scoring.spec.ts" name="rawMetricForView &gt; Time-per-row returns 0 when there is no processing time (infinitely fast -&gt; cold)" time="0.000062833">
        </testcase>
        <testcase classname="src/app/workspace/service/heatmap/heatmap-scoring.spec.ts" name="rawMetricForView &gt; IoImbalance scores a row-dropping operator (out &lt; in)" time="0.000070041">
        </testcase>
        <testcase classname="src/app/workspace/service/heatmap/heatmap-scoring.spec.ts" name="rawMetricForView &gt; IoImbalance scores an amplifying operator (out &gt; in)" time="0.000066834">
        </testcase>
        <testcase classname="src/app/workspace/service/heatmap/heatmap-scoring.spec.ts" name="rawMetricForView &gt; IoImbalance scores a total drop (out = 0) as maximally imbalanced" time="0.00005125">
        </testcase>
        <testcase classname="src/app/workspace/service/heatmap/heatmap-scoring.spec.ts" name="rawMetricForView &gt; IoImbalance stays within [0, 1] even for an extreme amplifier" time="0.00008875">
        </testcase>
        <testcase classname="src/app/workspace/service/heatmap/heatmap-scoring.spec.ts" name="rawMetricForView &gt; IoImbalance is 0 for a balanced operator (out == in)" time="0.000077875">
        </testcase>
        <testcase classname="src/app/workspace/service/heatmap/heatmap-scoring.spec.ts" name="rawMetricForView &gt; IoImbalance is not measurable (undefined) without input rows" time="0.000069375">
        </testcase>
        <testcase classname="src/app/workspace/service/heatmap/heatmap-scoring.spec.ts" name="rawMetricForView &gt; reports no raw metric for a view it does not know" time="0.000053333">
        </testcase>
        <testcase classname="src/app/workspace/service/heatmap/heatmap-scoring.spec.ts" name="normalizeScores &gt; returns an empty object for empty input" time="0.000115208">
        </testcase>
        <testcase classname="src/app/workspace/service/heatmap/heatmap-scoring.spec.ts" name="normalizeScores &gt; scores a single operator that did work as 1" time="0.000071417">
        </testcase>
        <testcase classname="src/app/workspace/service/heatmap/heatmap-scoring.spec.ts" name="normalizeScores &gt; scores a single operator that did no work as 0.5" time="0.000057416">
        </testcase>
        <testcase classname="src/app/workspace/service/heatmap/heatmap-scoring.spec.ts" name="normalizeScores &gt; scores all-equal values as 0.5 (avoids divide-by-zero)" time="0.000070791">
        </testcase>
        <testcase classname="src/app/workspace/service/heatmap/heatmap-scoring.spec.ts" name="normalizeScores &gt; scores all-zero values as 0.5" time="0.000064375">
        </testcase>
        <testcase classname="src/app/workspace/service/heatmap/heatmap-scoring.spec.ts" name="normalizeScores &gt; maps the min to 0 and the max to 1 for two distinct values" time="0.00007225">
        </testcase>
        <testcase classname="src/app/workspace/service/heatmap/heatmap-scoring.spec.ts" name="normalizeScores &gt; keeps all scores within [0, 1]" time="0.000102958">
        </testcase>
        <testcase classname="src/app/workspace/service/heatmap/heatmap-scoring.spec.ts" name="normalizeScores &gt; compresses heavy-tailed values so the middle is not flattened to ~0" time="0.000074916">
        </testcase>
        <testcase classname="src/app/workspace/service/heatmap/heatmap-scoring.spec.ts" name="formatMetricForView &gt; formats Runtime nanoseconds as a human duration" time="0.000110167">
        </testcase>
        <testcase classname="src/app/workspace/service/heatmap/heatmap-scoring.spec.ts" name="formatMetricForView &gt; formats Time-per-row as time-per-row" time="0.000073375">
        </testcase>
        <testcase classname="src/app/workspace/service/heatmap/heatmap-scoring.spec.ts" name="formatMetricForView &gt; formats I/O imbalance as a 2-decimal ratio" time="0.000059541">
        </testcase>
        <testcase classname="src/app/workspace/service/heatmap/heatmap-scoring.spec.ts" name="formatMetricForView &gt; renders 0 for non-positive or non-finite values" time="0.000064083">
        </testcase>
        <testcase classname="src/app/workspace/service/heatmap/heatmap-scoring.spec.ts" name="formatMetricForView &gt; renders a not-measurable (undefined) value as — so it is distinct from a genuine zero" time="0.0000615">
        </testcase>
        <testcase classname="src/app/workspace/service/heatmap/heatmap-scoring.spec.ts" name="formatMetricForView &gt; stringifies a value for a view it does not know, rather than blanking it" time="0.000050333">
        </testcase>
        <testcase classname="src/app/workspace/service/heatmap/heatmap-scoring.spec.ts" name="heatmapViewTitle &gt; returns a human-readable title for each view" time="0.000072209">
        </testcase>
        <testcase classname="src/app/workspace/service/heatmap/heatmap-scoring.spec.ts" name="heatmapViewTitle &gt; falls back to a generic title for an unexpected value" time="0.000049292">
        </testcase>
    </testsuite>
    <testsuite name="src/app/workspace/service/joint-ui/joint-ui.service.spec.ts" timestamp="2026-09-01T22:49:41.704Z" hostname="dhcp-172-27-096-224.mobile.uci.edu" tests="67" failures="0" errors="0" skipped="0" time="0.037291333">
        <testcase classname="src/app/workspace/service/joint-ui/joint-ui.service.spec.ts" name="JointUIService &gt; truncateOperatorDisplayName &gt; returns the name unchanged when it fits within the pixel budget" time="0.00054525">
        </testcase>
        <testcase classname="src/app/workspace/service/joint-ui/joint-ui.service.spec.ts" name="JointUIService &gt; truncateOperatorDisplayName &gt; truncates and appends an ellipsis when the name exceeds the budget" time="0.003949542">
        </testcase>
        <testcase classname="src/app/workspace/service/joint-ui/joint-ui.service.spec.ts" name="JointUIService &gt; truncateOperatorDisplayName &gt; returns an empty string unchanged" time="0.000101792">
        </testcase>
        <testcase classname="src/app/workspace/service/joint-ui/joint-ui.service.spec.ts" name="JointUIService &gt; truncateOperatorDisplayName &gt; truncates CJK characters at code-point boundaries" time="0.000095833">
        </testcase>
        <testcase classname="src/app/workspace/service/joint-ui/joint-ui.service.spec.ts" name="JointUIService &gt; truncateOperatorDisplayName &gt; truncates emoji at grapheme boundaries (no orphan surrogates)" time="0.000105417">
        </testcase>
        <testcase classname="src/app/workspace/service/joint-ui/joint-ui.service.spec.ts" name="JointUIService &gt; truncateOperatorDisplayName &gt; keeps a ZWJ grapheme cluster (family emoji) intact when truncating" time="0.000076917">
        </testcase>
        <testcase classname="src/app/workspace/service/joint-ui/joint-ui.service.spec.ts" name="JointUIService &gt; truncateOperatorDisplayName &gt; falls back to code-point iteration when Intl.Segmenter is unavailable" time="0.000057042">
        </testcase>
        <testcase classname="src/app/workspace/service/joint-ui/joint-ui.service.spec.ts" name="JointUIService &gt; truncateOperatorDisplayName &gt; uses the default canvas-based measurer when no measurer is injected" time="0.000347792">
        </testcase>
        <testcase classname="src/app/workspace/service/joint-ui/joint-ui.service.spec.ts" name="JointUIService &gt; measureOperatorNameWidth &gt; falls back to a per-char approximation when no canvas 2D context is available" time="0.000101709">
        </testcase>
        <testcase classname="src/app/workspace/service/joint-ui/joint-ui.service.spec.ts" name="JointUIService &gt; measureOperatorNameWidth &gt; uses Canvas measureText when a 2D context is available, and caches it" time="0.000166125">
        </testcase>
        <testcase classname="src/app/workspace/service/joint-ui/joint-ui.service.spec.ts" name="JointUIService &gt; changeOperatorJointDisplayName &gt; writes the truncated caption to the joint model&apos;s text attr" time="0.000325292">
        </testcase>
        <testcase classname="src/app/workspace/service/joint-ui/joint-ui.service.spec.ts" name="JointUIService &gt; getOperatorFillColor (static) &gt; returns the disabled fill for an isDisabled=true operator" time="0.000060708">
        </testcase>
        <testcase classname="src/app/workspace/service/joint-ui/joint-ui.service.spec.ts" name="JointUIService &gt; getOperatorFillColor (static) &gt; returns the default white fill for an enabled operator" time="0.00005375">
        </testcase>
        <testcase classname="src/app/workspace/service/joint-ui/joint-ui.service.spec.ts" name="JointUIService &gt; getOperatorCacheDisplayText (static) &gt; returns empty string when cacheStatus is undefined" time="0.0000625">
        </testcase>
        <testcase classname="src/app/workspace/service/joint-ui/joint-ui.service.spec.ts" name="JointUIService &gt; getOperatorCacheDisplayText (static) &gt; returns empty string when the operator is not marked for reuse" time="0.000040792">
        </testcase>
        <testcase classname="src/app/workspace/service/joint-ui/joint-ui.service.spec.ts" name="JointUIService &gt; getOperatorCacheDisplayText (static) &gt; returns the cache status text when both are set" time="0.000040334">
        </testcase>
        <testcase classname="src/app/workspace/service/joint-ui/joint-ui.service.spec.ts" name="JointUIService &gt; getOperatorCacheIcon (static) &gt; returns empty when the operator is not marked for reuse" time="0.000045792">
        </testcase>
        <testcase classname="src/app/workspace/service/joint-ui/joint-ui.service.spec.ts" name="JointUIService &gt; getOperatorCacheIcon (static) &gt; returns the valid-cache icon when cacheStatus is &apos;cache valid&apos;" time="0.00004025">
        </testcase>
        <testcase classname="src/app/workspace/service/joint-ui/joint-ui.service.spec.ts" name="JointUIService &gt; getOperatorCacheIcon (static) &gt; returns the invalid-cache icon for any other status (including undefined)" time="0.000046667">
        </testcase>
        <testcase classname="src/app/workspace/service/joint-ui/joint-ui.service.spec.ts" name="JointUIService &gt; getOperatorViewResultIcon (static) &gt; returns the view-result asset when viewResult=true" time="0.00004675">
        </testcase>
        <testcase classname="src/app/workspace/service/joint-ui/joint-ui.service.spec.ts" name="JointUIService &gt; getOperatorViewResultIcon (static) &gt; returns empty otherwise" time="0.000049458">
        </testcase>
        <testcase classname="src/app/workspace/service/joint-ui/joint-ui.service.spec.ts" name="JointUIService &gt; getJointLinkCell (static) &gt; builds a joint link cell carrying source/target/id from the OperatorLink" time="0.000689041">
        </testcase>
        <testcase classname="src/app/workspace/service/joint-ui/joint-ui.service.spec.ts" name="JointUIService &gt; getDefaultLinkCell (static) &gt; builds a link routed with manhattan and connected with rounded corners" time="0.000141416">
        </testcase>
        <testcase classname="src/app/workspace/service/joint-ui/joint-ui.service.spec.ts" name="JointUIService &gt; getDefaultLinkCell (static) &gt; styles the connection stroke and hides the remove tool by default" time="0.000213166">
        </testcase>
        <testcase classname="src/app/workspace/service/joint-ui/joint-ui.service.spec.ts" name="JointUIService &gt; getDefaultLinkCell (static) &gt; fills the source and target markers with the handle color" time="0.000105792">
        </testcase>
        <testcase classname="src/app/workspace/service/joint-ui/joint-ui.service.spec.ts" name="JointUIService &gt; getJointUserPointerName (static) &gt; prefixes the coeditor clientId with &apos;pointer_&apos;" time="0.000057292">
        </testcase>
        <testcase classname="src/app/workspace/service/joint-ui/joint-ui.service.spec.ts" name="JointUIService &gt; getJointUserPointerCell (static) &gt; builds a circle cell whose id matches getJointUserPointerName" time="0.000809">
        </testcase>
        <testcase classname="src/app/workspace/service/joint-ui/joint-ui.service.spec.ts" name="JointUIService &gt; changeOperatorColor &gt; paints the body stroke neutral for a valid operator" time="0.000186833">
        </testcase>
        <testcase classname="src/app/workspace/service/joint-ui/joint-ui.service.spec.ts" name="JointUIService &gt; changeOperatorColor &gt; paints the body stroke red for an invalid operator" time="0.000096833">
        </testcase>
        <testcase classname="src/app/workspace/service/joint-ui/joint-ui.service.spec.ts" name="JointUIService &gt; changeOperatorColor &gt; skips the write when the border is already the requested color" time="0.000093791">
        </testcase>
        <testcase classname="src/app/workspace/service/joint-ui/joint-ui.service.spec.ts" name="JointUIService &gt; changeOperatorColor &gt; writes the border when the current color differs" time="0.000072334">
        </testcase>
        <testcase classname="src/app/workspace/service/joint-ui/joint-ui.service.spec.ts" name="JointUIService &gt; changeOperatorState &gt; writes fill=&apos;#a6bd37&apos; for state=Ready" time="0.000182875">
        </testcase>
        <testcase classname="src/app/workspace/service/joint-ui/joint-ui.service.spec.ts" name="JointUIService &gt; changeOperatorState &gt; writes fill=&apos;green&apos; for state=Completed" time="0.000072625">
        </testcase>
        <testcase classname="src/app/workspace/service/joint-ui/joint-ui.service.spec.ts" name="JointUIService &gt; changeOperatorState &gt; writes fill=&apos;magenta&apos; for state=Paused" time="0.000068458">
        </testcase>
        <testcase classname="src/app/workspace/service/joint-ui/joint-ui.service.spec.ts" name="JointUIService &gt; changeOperatorState &gt; writes fill=&apos;magenta&apos; for state=Pausing" time="0.000066708">
        </testcase>
        <testcase classname="src/app/workspace/service/joint-ui/joint-ui.service.spec.ts" name="JointUIService &gt; changeOperatorState &gt; writes fill=&apos;orange&apos; for state=Running" time="0.000065625">
        </testcase>
        <testcase classname="src/app/workspace/service/joint-ui/joint-ui.service.spec.ts" name="JointUIService &gt; changeOperatorState &gt; writes fill=&apos;gray&apos; for state=Uninitialized" time="0.000070709">
        </testcase>
        <testcase classname="src/app/workspace/service/joint-ui/joint-ui.service.spec.ts" name="JointUIService &gt; foldOperatorDetails / unfoldOperatorDetails &gt; hides operator state + metric texts and the action buttons when folded" time="0.000124125">
        </testcase>
        <testcase classname="src/app/workspace/service/joint-ui/joint-ui.service.spec.ts" name="JointUIService &gt; foldOperatorDetails / unfoldOperatorDetails &gt; reveals the same surface when unfolded" time="0.000091125">
        </testcase>
        <testcase classname="src/app/workspace/service/joint-ui/joint-ui.service.spec.ts" name="JointUIService &gt; showAgentActionLabel / hideAgentActionLabel &gt; writes the action label with the agent name prefix when the model exists" time="0.000095625">
        </testcase>
        <testcase classname="src/app/workspace/service/joint-ui/joint-ui.service.spec.ts" name="JointUIService &gt; showAgentActionLabel / hideAgentActionLabel &gt; uses the default &apos;Agent&apos; name when none is supplied" time="0.000062292">
        </testcase>
        <testcase classname="src/app/workspace/service/joint-ui/joint-ui.service.spec.ts" name="JointUIService &gt; showAgentActionLabel / hideAgentActionLabel &gt; no-ops when the model is missing" time="0.0000985">
        </testcase>
        <testcase classname="src/app/workspace/service/joint-ui/joint-ui.service.spec.ts" name="JointUIService &gt; showAgentActionLabel / hideAgentActionLabel &gt; clears the label text and hides it on hideAgentActionLabel" time="0.000077833">
        </testcase>
        <testcase classname="src/app/workspace/service/joint-ui/joint-ui.service.spec.ts" name="JointUIService &gt; showAgentActionLabel / hideAgentActionLabel &gt; hideAgentActionLabel is a no-op when the model is missing" time="0.000078084">
        </testcase>
        <testcase classname="src/app/workspace/service/joint-ui/joint-ui.service.spec.ts" name="JointUIService &gt; getCommentElement &gt; builds a comment element with the supplied commentBoxID and position" time="0.000998709">
        </testcase>
        <testcase classname="src/app/workspace/service/joint-ui/joint-ui.service.spec.ts" name="JointUIService &gt; getCommentElement &gt; falls back to (0,0) when commentBoxPosition is missing" time="0.000338958">
        </testcase>
        <testcase classname="src/app/workspace/service/joint-ui/joint-ui.service.spec.ts" name="JointUIService &gt; getJointOperatorElement &gt; throws when the operator type isn&apos;t in the loaded schema list" time="0.000177833">
        </testcase>
        <testcase classname="src/app/workspace/service/joint-ui/joint-ui.service.spec.ts" name="JointUIService &gt; getJointOperatorElement &gt; returns an element carrying the predicate&apos;s operatorID and z-index 1" time="0.006219042">
        </testcase>
        <testcase classname="src/app/workspace/service/joint-ui/joint-ui.service.spec.ts" name="JointUIService &gt; getJointOperatorElement &gt; emits add/remove port buttons in the markup when dynamicInputPorts and dynamicOutputPorts are true" time="0.001564959">
        </testcase>
        <testcase classname="src/app/workspace/service/joint-ui/joint-ui.service.spec.ts" name="JointUIService &gt; getJointOperatorElement &gt; renders customDisplayName in the operator name attr when supplied" time="0.001762667">
        </testcase>
        <testcase classname="src/app/workspace/service/joint-ui/joint-ui.service.spec.ts" name="JointUIService &gt; changeOperatorState — port label re-coloring &gt; re-paints every input and output port label to the state&apos;s fill color" time="0.000821125">
        </testcase>
        <testcase classname="src/app/workspace/service/joint-ui/joint-ui.service.spec.ts" name="JointUIService &gt; changeOperatorDisableStatus &gt; paints the body fill with the disabled grey color for a disabled operator" time="0.000510917">
        </testcase>
        <testcase classname="src/app/workspace/service/joint-ui/joint-ui.service.spec.ts" name="JointUIService &gt; changeOperatorDisableStatus &gt; paints the body fill with the default white color for an enabled operator" time="0.000292709">
        </testcase>
        <testcase classname="src/app/workspace/service/joint-ui/joint-ui.service.spec.ts" name="JointUIService &gt; applyHeatmapColor &gt; paints the body fill with the ramp color for a given score" time="0.000395791">
        </testcase>
        <testcase classname="src/app/workspace/service/joint-ui/joint-ui.service.spec.ts" name="JointUIService &gt; applyHeatmapColor &gt; paints the neutral no-data color when the score is undefined" time="0.000273">
        </testcase>
        <testcase classname="src/app/workspace/service/joint-ui/joint-ui.service.spec.ts" name="JointUIService &gt; applyHeatmapColor &gt; no-ops when the model is missing" time="0.000315542">
        </testcase>
        <testcase classname="src/app/workspace/service/joint-ui/joint-ui.service.spec.ts" name="JointUIService &gt; restoreOperatorFill &gt; restores the default white fill for an enabled operator" time="0.000274667">
        </testcase>
        <testcase classname="src/app/workspace/service/joint-ui/joint-ui.service.spec.ts" name="JointUIService &gt; restoreOperatorFill &gt; restores the disabled grey fill for a disabled operator" time="0.000291333">
        </testcase>
        <testcase classname="src/app/workspace/service/joint-ui/joint-ui.service.spec.ts" name="JointUIService &gt; restoreOperatorFill &gt; no-ops when the model is missing" time="0.00025725">
        </testcase>
        <testcase classname="src/app/workspace/service/joint-ui/joint-ui.service.spec.ts" name="JointUIService &gt; changeOperatorViewResultStatus &gt; writes the view-result asset path when viewResult is true" time="0.000309375">
        </testcase>
        <testcase classname="src/app/workspace/service/joint-ui/joint-ui.service.spec.ts" name="JointUIService &gt; changeOperatorViewResultStatus &gt; writes the empty asset path when viewResult is missing/false" time="0.000225583">
        </testcase>
        <testcase classname="src/app/workspace/service/joint-ui/joint-ui.service.spec.ts" name="JointUIService &gt; changeOperatorReuseCacheStatus &gt; writes both the reuse-cache icon and the view-result icon when the cache is valid" time="0.000298916">
        </testcase>
        <testcase classname="src/app/workspace/service/joint-ui/joint-ui.service.spec.ts" name="JointUIService &gt; changeOperatorReuseCacheStatus &gt; writes the empty path for both icons when the operator isn&apos;t marked for reuse" time="0.001202833">
        </testcase>
        <testcase classname="src/app/workspace/service/joint-ui/joint-ui.service.spec.ts" name="JointUIService &gt; changeOperatorStatistics &gt; falls back to the Uninitialized state when statistics is undefined" time="0.001873208">
        </testcase>
        <testcase classname="src/app/workspace/service/joint-ui/joint-ui.service.spec.ts" name="JointUIService &gt; changeOperatorStatistics &gt; writes per-port counts derived from inputPortMetrics and outputPortMetrics" time="0.006875666">
        </testcase>
        <testcase classname="src/app/workspace/service/joint-ui/joint-ui.service.spec.ts" name="JointUIService &gt; changeOperatorStatistics &gt; writes the worker count label when statistics include numWorkers" time="0.000585417">
        </testcase>
        <testcase classname="src/app/workspace/service/joint-ui/joint-ui.service.spec.ts" name="JointUIService &gt; changeOperatorStatistics &gt; defaults the worker count to 1 when numWorkers is unspecified" time="0.000401625">
        </testcase>
    </testsuite>
    <testsuite name="src/app/workspace/service/jupyter-panel/jupyter-panel.service.spec.ts" timestamp="2026-09-01T22:49:41.707Z" hostname="dhcp-172-27-096-224.mobile.uci.edu" tests="42" failures="0" errors="0" skipped="0" time="0.061311084">
        <testcase classname="src/app/workspace/service/jupyter-panel/jupyter-panel.service.spec.ts" name="JupyterPanelService &gt; should open panel and hide it after deleting the notebook" time="0.004876583">
        </testcase>
        <testcase classname="src/app/workspace/service/jupyter-panel/jupyter-panel.service.spec.ts" name="JupyterPanelService &gt; deleteJupyterNotebook clears local state and unhighlights on success" time="0.002357375">
        </testcase>
        <testcase classname="src/app/workspace/service/jupyter-panel/jupyter-panel.service.spec.ts" name="JupyterPanelService &gt; deleteJupyterNotebook removes the pod&apos;s copy for the current workflow" time="0.001944">
        </testcase>
        <testcase classname="src/app/workspace/service/jupyter-panel/jupyter-panel.service.spec.ts" name="JupyterPanelService &gt; deleteJupyterNotebook keeps the panel open and notifies on failure" time="0.003076959">
            <system-err>
Failed to delete Jupyter notebook: Error: boom
    at /Users/karyzheng/dev/texera_workflow_to_py_3/frontend/src/app/workspace/service/jupyter-panel/jupyter-panel.service.spec.ts:160:80
    at Observable.init [as _subscribe] (/Users/karyzheng/dev/texera_workflow_to_py_3/frontend/node_modules/rxjs/dist/cjs/internal/observable/throwError.js:8:64)
    at Observable._trySubscribe (/Users/karyzheng/dev/texera_workflow_to_py_3/frontend/node_modules/rxjs/dist/cjs/internal/Observable.js:41:25)
    at /Users/karyzheng/dev/texera_workflow_to_py_3/frontend/node_modules/rxjs/dist/cjs/internal/Observable.js:35:31
    at Object.errorContext (/Users/karyzheng/dev/texera_workflow_to_py_3/frontend/node_modules/rxjs/dist/cjs/internal/util/errorContext.js:22:9)
    at Observable.subscribe (/Users/karyzheng/dev/texera_workflow_to_py_3/frontend/node_modules/rxjs/dist/cjs/internal/Observable.js:26:24)
    at _JupyterPanelService.deleteJupyterNotebook (/Users/karyzheng/dev/texera_workflow_to_py_3/frontend/src/app/workspace/service/jupyter-panel/jupyter-panel.service.ts:236:65)
    at /Users/karyzheng/dev/texera_workflow_to_py_3/frontend/src/app/workspace/service/jupyter-panel/jupyter-panel.service.spec.ts:165:13
    at /Users/karyzheng/dev/texera_workflow_to_py_3/frontend/src/test-zone-setup.ts:90:33
    at _ZoneDelegate.invoke (/Users/karyzheng/dev/texera_workflow_to_py_3/frontend/node_modules/zone.js/fesm2015/zone.js:398:28)

            </system-err>
        </testcase>
        <testcase classname="src/app/workspace/service/jupyter-panel/jupyter-panel.service.spec.ts" name="JupyterPanelService &gt; deleteJupyterNotebook only resets local state for the default wid 0 (no backend call)" time="0.001583958">
        </testcase>
        <testcase classname="src/app/workspace/service/jupyter-panel/jupyter-panel.service.spec.ts" name="JupyterPanelService &gt; should minimize panel" time="0.001331917">
        </testcase>
        <testcase classname="src/app/workspace/service/jupyter-panel/jupyter-panel.service.spec.ts" name="JupyterPanelService &gt; should warn if no mapping exists" time="0.0009055">
        </testcase>
        <testcase classname="src/app/workspace/service/jupyter-panel/jupyter-panel.service.spec.ts" name="JupyterPanelService &gt; should open panel if mapping exists" time="0.000604459">
        </testcase>
        <testcase classname="src/app/workspace/service/jupyter-panel/jupyter-panel.service.spec.ts" name="JupyterPanelService &gt; should return 0 when exists=false" time="0.004313542">
        </testcase>
        <testcase classname="src/app/workspace/service/jupyter-panel/jupyter-panel.service.spec.ts" name="JupyterPanelService &gt; returns 0 when Jupyter rejects the notebook, without going through the error path" time="0.002406125">
        </testcase>
        <testcase classname="src/app/workspace/service/jupyter-panel/jupyter-panel.service.spec.ts" name="JupyterPanelService &gt; returns 0 and logs when the fetch request fails" time="0.002967709">
        </testcase>
        <testcase classname="src/app/workspace/service/jupyter-panel/jupyter-panel.service.spec.ts" name="JupyterPanelService &gt; uploads under the fetched workflow&apos;s filename even if the current workflow changed" time="0.002468541">
        </testcase>
        <testcase classname="src/app/workspace/service/jupyter-panel/jupyter-panel.service.spec.ts" name="JupyterPanelService &gt; getJupyterIframeURLForWorkflow requests the current workflow&apos;s per-workflow filename" time="0.001643">
        </testcase>
        <testcase classname="src/app/workspace/service/jupyter-panel/jupyter-panel.service.spec.ts" name="JupyterPanelService &gt; sets jupyterNotebookExists$ true after a workflow&apos;s notebook is fetched" time="0.002604833">
        </testcase>
        <testcase classname="src/app/workspace/service/jupyter-panel/jupyter-panel.service.spec.ts" name="JupyterPanelService &gt; leaves the panel closed when the stored notebook cannot be loaded into Jupyter" time="0.003224084">
        </testcase>
        <testcase classname="src/app/workspace/service/jupyter-panel/jupyter-panel.service.spec.ts" name="JupyterPanelService &gt; init subscribes, drops the stale mapping, and fetches for the new workflow" time="0.002538542">
        </testcase>
        <testcase classname="src/app/workspace/service/jupyter-panel/jupyter-panel.service.spec.ts" name="JupyterPanelService &gt; init clears the highlight index on every workflow change" time="0.002070083">
        </testcase>
        <testcase classname="src/app/workspace/service/jupyter-panel/jupyter-panel.service.spec.ts" name="JupyterPanelService &gt; init does not fetch for an unsaved workflow (undefined wid)" time="0.001399292">
        </testcase>
        <testcase classname="src/app/workspace/service/jupyter-panel/jupyter-panel.service.spec.ts" name="JupyterPanelService &gt; should store iframe reference" time="0.000751958">
        </testcase>
        <testcase classname="src/app/workspace/service/jupyter-panel/jupyter-panel.service.spec.ts" name="JupyterPanelService &gt; should highlight operators and links" time="0.001620916">
        </testcase>
        <testcase classname="src/app/workspace/service/jupyter-panel/jupyter-panel.service.spec.ts" name="JupyterPanelService &gt; clears existing highlights and highlights nothing for an unmapped cell" time="0.001023458">
        </testcase>
        <testcase classname="src/app/workspace/service/jupyter-panel/jupyter-panel.service.spec.ts" name="JupyterPanelService &gt; handleNotebookMessage highlights only for messages from the iframe at the Jupyter origin" time="0.001627291">
        </testcase>
        <testcase classname="src/app/workspace/service/jupyter-panel/jupyter-panel.service.spec.ts" name="JupyterPanelService &gt; handleNotebookMessage ignores a message that carries no payload" time="0.000790292">
        </testcase>
        <testcase classname="src/app/workspace/service/jupyter-panel/jupyter-panel.service.spec.ts" name="JupyterPanelService &gt; precomputes component mappings even when the graph has no links" time="0.00087025">
        </testcase>
        <testcase classname="src/app/workspace/service/jupyter-panel/jupyter-panel.service.spec.ts" name="JupyterPanelService &gt; resets the highlight mapping on each precompute" time="0.00054575">
        </testcase>
        <testcase classname="src/app/workspace/service/jupyter-panel/jupyter-panel.service.spec.ts" name="JupyterPanelService &gt; drops the highlight index without a lookup when the workflow has no wid" time="0.000531958">
        </testcase>
        <testcase classname="src/app/workspace/service/jupyter-panel/jupyter-panel.service.spec.ts" name="JupyterPanelService &gt; drops the highlight index when no mapping is stored for the workflow" time="0.001092042">
        </testcase>
        <testcase classname="src/app/workspace/service/jupyter-panel/jupyter-panel.service.spec.ts" name="JupyterPanelService &gt; indexes a cell with no mapped operators as an empty selection" time="0.000449541">
        </testcase>
        <testcase classname="src/app/workspace/service/jupyter-panel/jupyter-panel.service.spec.ts" name="JupyterPanelService &gt; should postMessage when mapping exists" time="0.000498375">
        </testcase>
        <testcase classname="src/app/workspace/service/jupyter-panel/jupyter-panel.service.spec.ts" name="JupyterPanelService &gt; does not postMessage when the operator maps to no cells" time="0.000732875">
            <system-err>
No cells mapped to operator: op1

            </system-err>
        </testcase>
        <testcase classname="src/app/workspace/service/jupyter-panel/jupyter-panel.service.spec.ts" name="JupyterPanelService &gt; resolves the Jupyter URL only once across multiple clicks" time="0.002046125">
        </testcase>
        <testcase classname="src/app/workspace/service/jupyter-panel/jupyter-panel.service.spec.ts" name="JupyterPanelService &gt; does not postMessage for an unsaved workflow (undefined wid)" time="0.000975625">
        </testcase>
        <testcase classname="src/app/workspace/service/jupyter-panel/jupyter-panel.service.spec.ts" name="JupyterPanelService &gt; does not postMessage when the workflow has no stored mapping" time="0.000609833">
        </testcase>
        <testcase classname="src/app/workspace/service/jupyter-panel/jupyter-panel.service.spec.ts" name="JupyterPanelService &gt; retries the origin lookup after an unavailable Jupyter URL" time="0.000598709">
        </testcase>
        <testcase classname="src/app/workspace/service/jupyter-panel/jupyter-panel.service.spec.ts" name="JupyterPanelService &gt; treats a malformed Jupyter URL as unavailable and keeps retrying" time="0.000516708">
        </testcase>
        <testcase classname="src/app/workspace/service/jupyter-panel/jupyter-panel.service.spec.ts" name="JupyterPanelService &gt; when the feature flag is disabled &gt; init does not subscribe to workflowMetaDataChanged" time="0.000402375">
        </testcase>
        <testcase classname="src/app/workspace/service/jupyter-panel/jupyter-panel.service.spec.ts" name="JupyterPanelService &gt; when the feature flag is disabled &gt; deleteJupyterNotebook does not call the backend or delete the mapping when disabled" time="0.000367375">
        </testcase>
        <testcase classname="src/app/workspace/service/jupyter-panel/jupyter-panel.service.spec.ts" name="JupyterPanelService &gt; when the feature flag is disabled &gt; minimizeJupyterNotebookPanel does not flip visibility" time="0.000393958">
        </testcase>
        <testcase classname="src/app/workspace/service/jupyter-panel/jupyter-panel.service.spec.ts" name="JupyterPanelService &gt; when the feature flag is disabled &gt; openJupyterNotebookPanel does not warn or flip visibility" time="0.000378541">
        </testcase>
        <testcase classname="src/app/workspace/service/jupyter-panel/jupyter-panel.service.spec.ts" name="JupyterPanelService &gt; when the feature flag is disabled &gt; getJupyterIframeURLForWorkflow resolves null without calling the migration service" time="0.000440583">
        </testcase>
        <testcase classname="src/app/workspace/service/jupyter-panel/jupyter-panel.service.spec.ts" name="JupyterPanelService &gt; when the feature flag is disabled &gt; onWorkflowComponentClick does not postMessage to the iframe" time="0.000563458">
        </testcase>
        <testcase classname="src/app/workspace/service/jupyter-panel/jupyter-panel.service.spec.ts" name="JupyterPanelService &gt; when the feature flag is disabled &gt; handleNotebookMessage ignores a cellClicked message from our own iframe" time="0.000663">
        </testcase>
    </testsuite>
    <testsuite name="src/app/workspace/service/notebook-migration/migration-llm.spec.ts" timestamp="2026-09-01T22:49:41.709Z" hostname="dhcp-172-27-096-224.mobile.uci.edu" tests="31" failures="0" errors="0" skipped="0" time="0.024567333">
        <testcase classname="src/app/workspace/service/notebook-migration/migration-llm.spec.ts" name="NotebookMigrationLLM &gt; convertNotebookToWorkflow &gt; builds operators, links, positions, and a bidirectional mapping" time="0.002647209">
        </testcase>
        <testcase classname="src/app/workspace/service/notebook-migration/migration-llm.spec.ts" name="NotebookMigrationLLM &gt; convertNotebookToWorkflow &gt; types intermediate UDF outputs as binary and terminal UDF outputs as string" time="0.000502042">
        </testcase>
        <testcase classname="src/app/workspace/service/notebook-migration/migration-llm.spec.ts" name="NotebookMigrationLLM &gt; convertNotebookToWorkflow &gt; maps multiple cells onto the same UDF, and one cell onto multiple UDFs" time="0.000414792">
        </testcase>
        <testcase classname="src/app/workspace/service/notebook-migration/migration-llm.spec.ts" name="NotebookMigrationLLM &gt; convertNotebookToWorkflow &gt; skips (with a warning) an edge that references an unknown UDF id" time="0.000542417">
        </testcase>
        <testcase classname="src/app/workspace/service/notebook-migration/migration-llm.spec.ts" name="NotebookMigrationLLM &gt; convertNotebookToWorkflow &gt; skips (with a warning) a mapping entry that references an unknown UDF id" time="0.000352625">
        </testcase>
        <testcase classname="src/app/workspace/service/notebook-migration/migration-llm.spec.ts" name="NotebookMigrationLLM &gt; convertNotebookToWorkflow &gt; handles empty code, edges, and outputs" time="0.000200666">
        </testcase>
        <testcase classname="src/app/workspace/service/notebook-migration/migration-llm.spec.ts" name="NotebookMigrationLLM &gt; convertNotebookToWorkflow &gt; rejects when a code cell is missing metadata.uuid" time="0.001352584">
        </testcase>
        <testcase classname="src/app/workspace/service/notebook-migration/migration-llm.spec.ts" name="NotebookMigrationLLM &gt; convertNotebookToWorkflow &gt; joins array-form cell source (nbformat lines) without inserting commas" time="0.000531959">
        </testcase>
        <testcase classname="src/app/workspace/service/notebook-migration/migration-llm.spec.ts" name="NotebookMigrationLLM &gt; convertNotebookToWorkflow &gt; resets conversation history between conversions so a prior notebook does not leak" time="0.000449708">
        </testcase>
        <testcase classname="src/app/workspace/service/notebook-migration/migration-llm.spec.ts" name="NotebookMigrationLLM &gt; parseJsonResponse &gt; parses bare JSON" time="0.0001785">
        </testcase>
        <testcase classname="src/app/workspace/service/notebook-migration/migration-llm.spec.ts" name="NotebookMigrationLLM &gt; parseJsonResponse &gt; strips a ```json fence" time="0.000120667">
        </testcase>
        <testcase classname="src/app/workspace/service/notebook-migration/migration-llm.spec.ts" name="NotebookMigrationLLM &gt; parseJsonResponse &gt; strips a plain ``` fence" time="0.000097583">
        </testcase>
        <testcase classname="src/app/workspace/service/notebook-migration/migration-llm.spec.ts" name="NotebookMigrationLLM &gt; parseJsonResponse &gt; tolerates surrounding whitespace and newlines around the fence" time="0.000095">
        </testcase>
        <testcase classname="src/app/workspace/service/notebook-migration/migration-llm.spec.ts" name="NotebookMigrationLLM &gt; parseJsonResponse &gt; throws a contextual error on malformed JSON" time="0.000146916">
        </testcase>
        <testcase classname="src/app/workspace/service/notebook-migration/migration-llm.spec.ts" name="NotebookMigrationLLM &gt; parseJsonResponse &gt; extracts fenced JSON even when surrounded by prose" time="0.00009025">
        </testcase>
        <testcase classname="src/app/workspace/service/notebook-migration/migration-llm.spec.ts" name="NotebookMigrationLLM &gt; parseJsonResponse &gt; extracts the outermost object from fence-less prose" time="0.000123916">
        </testcase>
        <testcase classname="src/app/workspace/service/notebook-migration/migration-llm.spec.ts" name="NotebookMigrationLLM &gt; feature flag guard &gt; initialize() throws when the migration feature is disabled" time="0.00040875">
        </testcase>
        <testcase classname="src/app/workspace/service/notebook-migration/migration-llm.spec.ts" name="NotebookMigrationLLM &gt; feature flag guard &gt; convertNotebookToWorkflow() rejects when the migration feature is disabled" time="0.000343667">
        </testcase>
        <testcase classname="src/app/workspace/service/notebook-migration/migration-llm.spec.ts" name="NotebookMigrationLLM &gt; initialize &gt; defaults the access token to an empty string when AuthService returns null and none is passed" time="0.000453375">
        </testcase>
        <testcase classname="src/app/workspace/service/notebook-migration/migration-llm.spec.ts" name="NotebookMigrationLLM &gt; verifyConnection &gt; returns false without prompting when the feature is disabled" time="0.000151833">
        </testcase>
        <testcase classname="src/app/workspace/service/notebook-migration/migration-llm.spec.ts" name="NotebookMigrationLLM &gt; verifyConnection &gt; throws when the session has not been initialized" time="0.000318375">
        </testcase>
        <testcase classname="src/app/workspace/service/notebook-migration/migration-llm.spec.ts" name="NotebookMigrationLLM &gt; verifyConnection &gt; returns true and pings the model with a capped token budget on success" time="0.000346917">
        </testcase>
        <testcase classname="src/app/workspace/service/notebook-migration/migration-llm.spec.ts" name="NotebookMigrationLLM &gt; verifyConnection &gt; returns false and logs the error when the ping fails" time="0.0012125">
        </testcase>
        <testcase classname="src/app/workspace/service/notebook-migration/migration-llm.spec.ts" name="NotebookMigrationLLM &gt; callModel transport &gt; forwards messages and the abort signal to generateText and returns its text" time="0.006332416">
        </testcase>
        <testcase classname="src/app/workspace/service/notebook-migration/migration-llm.spec.ts" name="NotebookMigrationLLM &gt; request timeout &gt; rejects a stalled model call once the timeout elapses so the caller can recover" time="0.00267125">
        </testcase>
        <testcase classname="src/app/workspace/service/notebook-migration/migration-llm.spec.ts" name="NotebookMigrationLLM &gt; request timeout &gt; does not reject a call that resolves before the timeout" time="0.000739917">
        </testcase>
        <testcase classname="src/app/workspace/service/notebook-migration/migration-llm.spec.ts" name="NotebookMigrationLLM &gt; request timeout &gt; falls back to the default timeout when the configured value is non-positive" time="0.001138291">
        </testcase>
        <testcase classname="src/app/workspace/service/notebook-migration/migration-llm.spec.ts" name="NotebookMigrationLLM &gt; initialization guards &gt; convertNotebookToWorkflow() rejects when the session is enabled but not initialized" time="0.000618583">
        </testcase>
        <testcase classname="src/app/workspace/service/notebook-migration/migration-llm.spec.ts" name="NotebookMigrationLLM &gt; initialization guards &gt; sendPrompt() rejects when the session is not initialized" time="0.000336917">
        </testcase>
        <testcase classname="src/app/workspace/service/notebook-migration/migration-llm.spec.ts" name="NotebookMigrationLLM &gt; convertNotebookToWorkflow response-shape tolerance &gt; tolerates a workflow response with no edges or outputs keys" time="0.000498">
        </testcase>
        <testcase classname="src/app/workspace/service/notebook-migration/migration-llm.spec.ts" name="NotebookMigrationLLM &gt; close &gt; clears session state so subsequent conversions report an uninitialized session" time="0.000325333">
        </testcase>
    </testsuite>
    <testsuite name="src/app/workspace/service/notebook-migration/notebook-migration.service.spec.ts" timestamp="2026-09-01T22:49:41.710Z" hostname="dhcp-172-27-096-224.mobile.uci.edu" tests="39" failures="0" errors="0" skipped="0" time="0.117607417">
        <testcase classname="src/app/workspace/service/notebook-migration/notebook-migration.service.spec.ts" name="NotebookMigrationService &gt; should fetch and map available models" time="0.002930167">
        </testcase>
        <testcase classname="src/app/workspace/service/notebook-migration/notebook-migration.service.spec.ts" name="NotebookMigrationService &gt; should return empty array on getAvailableModels error" time="0.003062834">
            <system-err>
Failed to fetch models HttpErrorResponse {
  headers: HttpHeaders {
    headers: Map(0) {},
    normalizedNames: Map(0) {},
    lazyInit: undefined,
    lazyUpdate: null
  },
  status: 0,
  statusText: &apos;Unknown Error&apos;,
  url: &apos;api/models&apos;,
  ok: false,
  type: undefined,
  redirected: undefined,
  responseType: undefined,
  name: &apos;HttpErrorResponse&apos;,
  message: &apos;Http failure response for api/models: 0 &apos;,
  error: ErrorEvent { isTrusted: [Getter] }
}

            </system-err>
        </testcase>
        <testcase classname="src/app/workspace/service/notebook-migration/notebook-migration.service.spec.ts" name="NotebookMigrationService &gt; should send notebook successfully and return 1" time="0.001816208">
        </testcase>
        <testcase classname="src/app/workspace/service/notebook-migration/notebook-migration.service.spec.ts" name="NotebookMigrationService &gt; should handle error when sending notebook and return 0" time="0.001730708">
            <system-err>
Error sending notebook to pod:  HttpErrorResponse {
  headers: HttpHeaders {
    headers: Map(0) {},
    normalizedNames: Map(0) {},
    lazyInit: undefined,
    lazyUpdate: null
  },
  status: 0,
  statusText: &apos;Unknown Error&apos;,
  url: &apos;api/notebook-migration/set-notebook&apos;,
  ok: false,
  type: undefined,
  redirected: undefined,
  responseType: undefined,
  name: &apos;HttpErrorResponse&apos;,
  message: &apos;Http failure response for api/notebook-migration/set-notebook: 0 &apos;,
  error: ErrorEvent { isTrusted: [Getter] }
}

            </system-err>
        </testcase>
        <testcase classname="src/app/workspace/service/notebook-migration/notebook-migration.service.spec.ts" name="NotebookMigrationService &gt; includes the Error message in the failure toast when an Error is thrown" time="0.001686125">
            <system-err>
Error sending notebook to pod:  Error: network down
    at /Users/karyzheng/dev/texera_workflow_to_py_3/frontend/src/app/workspace/service/notebook-migration/notebook-migration.service.spec.ts:138:83
    at Observable.init [as _subscribe] (/Users/karyzheng/dev/texera_workflow_to_py_3/frontend/node_modules/rxjs/dist/cjs/internal/observable/throwError.js:8:64)
    at Observable._trySubscribe (/Users/karyzheng/dev/texera_workflow_to_py_3/frontend/node_modules/rxjs/dist/cjs/internal/Observable.js:41:25)
    at /Users/karyzheng/dev/texera_workflow_to_py_3/frontend/node_modules/rxjs/dist/cjs/internal/Observable.js:35:31
    at Object.errorContext (/Users/karyzheng/dev/texera_workflow_to_py_3/frontend/node_modules/rxjs/dist/cjs/internal/util/errorContext.js:22:9)
    at Observable.subscribe (/Users/karyzheng/dev/texera_workflow_to_py_3/frontend/node_modules/rxjs/dist/cjs/internal/Observable.js:26:24)
    at /Users/karyzheng/dev/texera_workflow_to_py_3/frontend/node_modules/rxjs/dist/cjs/internal/firstValueFrom.js:24:16
    at new ZoneAwarePromise (/Users/karyzheng/dev/texera_workflow_to_py_3/frontend/node_modules/zone.js/fesm2015/zone.js:2701:25)
    at firstValueFrom (/Users/karyzheng/dev/texera_workflow_to_py_3/frontend/node_modules/rxjs/dist/cjs/internal/firstValueFrom.js:8:12)
    at _NotebookMigrationService.&lt;anonymous&gt; (/Users/karyzheng/dev/texera_workflow_to_py_3/frontend/src/app/workspace/service/notebook-migration/notebook-migration.service.ts:155:13)

            </system-err>
        </testcase>
        <testcase classname="src/app/workspace/service/notebook-migration/notebook-migration.service.spec.ts" name="NotebookMigrationService &gt; posts the wid-derived notebook name to delete-notebook" time="0.000906125">
        </testcase>
        <testcase classname="src/app/workspace/service/notebook-migration/notebook-migration.service.spec.ts" name="NotebookMigrationService &gt; makes no HTTP call for wid 0, which would map to the shared default filename" time="0.000456083">
        </testcase>
        <testcase classname="src/app/workspace/service/notebook-migration/notebook-migration.service.spec.ts" name="NotebookMigrationService &gt; swallows the failure and shows no notification when the notebook file delete fails" time="0.000667833">
            <system-err>
Error deleting notebook from pod:  HttpErrorResponse {
  headers: HttpHeaders {
    headers: Map(0) {},
    normalizedNames: Map(0) {},
    lazyInit: undefined,
    lazyUpdate: null
  },
  status: 0,
  statusText: &apos;Unknown Error&apos;,
  url: &apos;api/notebook-migration/delete-notebook&apos;,
  ok: false,
  type: undefined,
  redirected: undefined,
  responseType: undefined,
  name: &apos;HttpErrorResponse&apos;,
  message: &apos;Http failure response for api/notebook-migration/delete-notebook: 0 &apos;,
  error: ErrorEvent { isTrusted: [Getter] }
}

            </system-err>
        </testcase>
        <testcase classname="src/app/workspace/service/notebook-migration/notebook-migration.service.spec.ts" name="NotebookMigrationService &gt; should return Jupyter URL when the request succeeds" time="0.000614292">
        </testcase>
        <testcase classname="src/app/workspace/service/notebook-migration/notebook-migration.service.spec.ts" name="NotebookMigrationService &gt; should return null when the Jupyter URL request fails" time="0.001675458">
            <system-err>
Error fetching Jupyter URL: HttpErrorResponse {
  headers: HttpHeaders {
    headers: Map(0) {},
    normalizedNames: Map(0) {},
    lazyInit: undefined,
    lazyUpdate: null
  },
  status: 500,
  statusText: &apos;Server Error&apos;,
  url: &apos;api/notebook-migration/get-jupyter-url&apos;,
  ok: false,
  type: undefined,
  redirected: undefined,
  responseType: undefined,
  name: &apos;HttpErrorResponse&apos;,
  message: &apos;Http failure response for api/notebook-migration/get-jupyter-url: 500 Server Error&apos;,
  error: { success: false }
}

            </system-err>
        </testcase>
        <testcase classname="src/app/workspace/service/notebook-migration/notebook-migration.service.spec.ts" name="NotebookMigrationService &gt; should return null when the Jupyter URL response is 200 but unsuccessful" time="0.000599375">
            <system-err>
Jupyter server unavailable

            </system-err>
        </testcase>
        <testcase classname="src/app/workspace/service/notebook-migration/notebook-migration.service.spec.ts" name="NotebookMigrationService &gt; should return iframe URL when the request succeeds" time="0.000753791">
        </testcase>
        <testcase classname="src/app/workspace/service/notebook-migration/notebook-migration.service.spec.ts" name="NotebookMigrationService &gt; sends the notebookName as a query param when one is given" time="0.000749458">
        </testcase>
        <testcase classname="src/app/workspace/service/notebook-migration/notebook-migration.service.spec.ts" name="NotebookMigrationService &gt; should return null when the iframe URL request fails" time="0.00060575">
            <system-err>
Error fetching Jupyter iframe URL: HttpErrorResponse {
  headers: HttpHeaders {
    headers: Map(0) {},
    normalizedNames: Map(0) {},
    lazyInit: undefined,
    lazyUpdate: null
  },
  status: 500,
  statusText: &apos;Server Error&apos;,
  url: &apos;api/notebook-migration/get-jupyter-iframe-url&apos;,
  ok: false,
  type: undefined,
  redirected: undefined,
  responseType: undefined,
  name: &apos;HttpErrorResponse&apos;,
  message: &apos;Http failure response for api/notebook-migration/get-jupyter-iframe-url: 500 Server Error&apos;,
  error: { success: false }
}

            </system-err>
        </testcase>
        <testcase classname="src/app/workspace/service/notebook-migration/notebook-migration.service.spec.ts" name="NotebookMigrationService &gt; should return null when the iframe URL response is 200 but unsuccessful" time="0.00047375">
            <system-err>
Jupyter server unavailable

            </system-err>
        </testcase>
        <testcase classname="src/app/workspace/service/notebook-migration/notebook-migration.service.spec.ts" name="NotebookMigrationService &gt; should set and get mapping" time="0.000392708">
        </testcase>
        <testcase classname="src/app/workspace/service/notebook-migration/notebook-migration.service.spec.ts" name="NotebookMigrationService &gt; should delete mapping" time="0.001706">
        </testcase>
        <testcase classname="src/app/workspace/service/notebook-migration/notebook-migration.service.spec.ts" name="NotebookMigrationService &gt; should call storeNotebookAndMapping API without a vid (resolved server-side)" time="0.000770417">
        </testcase>
        <testcase classname="src/app/workspace/service/notebook-migration/notebook-migration.service.spec.ts" name="NotebookMigrationService &gt; notebookMappingKey builds the in-memory cache key from the wid" time="0.00149575">
        </testcase>
        <testcase classname="src/app/workspace/service/notebook-migration/notebook-migration.service.spec.ts" name="NotebookMigrationService &gt; notebookFileName builds a per-workflow filename from the wid, defaulting when absent" time="0.002172375">
        </testcase>
        <testcase classname="src/app/workspace/service/notebook-migration/notebook-migration.service.spec.ts" name="NotebookMigrationService &gt; should call deleteNotebookAndMapping API with the wid" time="0.004355291">
        </testcase>
        <testcase classname="src/app/workspace/service/notebook-migration/notebook-migration.service.spec.ts" name="NotebookMigrationService &gt; wires a real client to the injected config and workflow-util service" time="0.0025875">
        </testcase>
        <testcase classname="src/app/workspace/service/notebook-migration/notebook-migration.service.spec.ts" name="NotebookMigrationService &gt; hands out a fresh client per call so one conversion cannot see another&apos;s state" time="0.003005917">
        </testcase>
        <testcase classname="src/app/workspace/service/notebook-migration/notebook-migration.service.spec.ts" name="NotebookMigrationService &gt; sendToAIGenerateWorkflow (enabled) &gt; returns the parsed workflow and mapping, and closes the client" time="0.002789167">
        </testcase>
        <testcase classname="src/app/workspace/service/notebook-migration/notebook-migration.service.spec.ts" name="NotebookMigrationService &gt; sendToAIGenerateWorkflow (enabled) &gt; rejects when the connection cannot be verified, and still closes the client" time="0.004410083">
        </testcase>
        <testcase classname="src/app/workspace/service/notebook-migration/notebook-migration.service.spec.ts" name="NotebookMigrationService &gt; sendToAIGenerateWorkflow (enabled) &gt; rethrows conversion errors and still closes the client" time="0.011304708">
            <system-err>
Error converting notebook: Error: conversion boom
    at /Users/karyzheng/dev/texera_workflow_to_py_3/frontend/src/app/workspace/service/notebook-migration/notebook-migration.service.spec.ts:367:59
    at Generator.next (&lt;anonymous&gt;)
    at /Users/karyzheng/dev/texera_workflow_to_py_3/frontend/chunk-4FID45YU.js:144:61
    at new ZoneAwarePromise (/Users/karyzheng/dev/texera_workflow_to_py_3/frontend/node_modules/zone.js/fesm2015/zone.js:2701:25)
    at __async (/Users/karyzheng/dev/texera_workflow_to_py_3/frontend/chunk-4FID45YU.js:128:10)
    at /Users/karyzheng/dev/texera_workflow_to_py_3/frontend/src/app/workspace/service/notebook-migration/notebook-migration.service.spec.ts:366:77
    at /Users/karyzheng/dev/texera_workflow_to_py_3/frontend/src/test-zone-setup.ts:90:33
    at _ZoneDelegate.invoke (/Users/karyzheng/dev/texera_workflow_to_py_3/frontend/node_modules/zone.js/fesm2015/zone.js:398:28)
    at ProxyZoneSpec.onInvoke (/Users/karyzheng/dev/texera_workflow_to_py_3/frontend/node_modules/zone.js/fesm2015/zone-testing.js:2132:39)
    at _ZoneDelegate.invoke (/Users/karyzheng/dev/texera_workflow_to_py_3/frontend/node_modules/zone.js/fesm2015/zone.js:397:34)

            </system-err>
        </testcase>
        <testcase classname="src/app/workspace/service/notebook-migration/notebook-migration.service.spec.ts" name="NotebookMigrationService &gt; when the feature flag is disabled &gt; getAvailableModels emits an empty array and makes no HTTP call" time="0.0020445">
        </testcase>
        <testcase classname="src/app/workspace/service/notebook-migration/notebook-migration.service.spec.ts" name="NotebookMigrationService &gt; when the feature flag is disabled &gt; sendToAIGenerateWorkflow rejects with a disabled-feature error" time="0.00203025">
        </testcase>
        <testcase classname="src/app/workspace/service/notebook-migration/notebook-migration.service.spec.ts" name="NotebookMigrationService &gt; when the feature flag is disabled &gt; sendNotebookToJupyter returns 0 with no HTTP call or notification" time="0.001544667">
        </testcase>
        <testcase classname="src/app/workspace/service/notebook-migration/notebook-migration.service.spec.ts" name="NotebookMigrationService &gt; when the feature flag is disabled &gt; deleteNotebookForWorkflow makes no HTTP call" time="0.013315083">
        </testcase>
        <testcase classname="src/app/workspace/service/notebook-migration/notebook-migration.service.spec.ts" name="NotebookMigrationService &gt; when the feature flag is disabled &gt; getJupyterURL returns null without making an HTTP call" time="0.006614875">
        </testcase>
        <testcase classname="src/app/workspace/service/notebook-migration/notebook-migration.service.spec.ts" name="NotebookMigrationService &gt; when the feature flag is disabled &gt; getJupyterIframeURL returns null without making an HTTP call" time="0.003166">
        </testcase>
        <testcase classname="src/app/workspace/service/notebook-migration/notebook-migration.service.spec.ts" name="NotebookMigrationService &gt; when the feature flag is disabled &gt; storeNotebookAndMapping emits a disabled result without making an HTTP call" time="0.002694542">
        </testcase>
        <testcase classname="src/app/workspace/service/notebook-migration/notebook-migration.service.spec.ts" name="NotebookMigrationService &gt; when the feature flag is disabled &gt; deleteNotebookAndMapping emits a disabled result without making an HTTP call" time="0.003026667">
        </testcase>
        <testcase classname="src/app/workspace/service/notebook-migration/notebook-migration.service.spec.ts" name="NotebookMigrationService &gt; parseAndTagNotebook &gt; parses a valid notebook and tags every cell with a uuid" time="0.021881833">
        </testcase>
        <testcase classname="src/app/workspace/service/notebook-migration/notebook-migration.service.spec.ts" name="NotebookMigrationService &gt; parseAndTagNotebook &gt; rejects when the notebook is not valid JSON" time="0.002682667">
        </testcase>
        <testcase classname="src/app/workspace/service/notebook-migration/notebook-migration.service.spec.ts" name="NotebookMigrationService &gt; parseAndTagNotebook &gt; rejects a notebook without a cells array" time="0.002244625">
        </testcase>
        <testcase classname="src/app/workspace/service/notebook-migration/notebook-migration.service.spec.ts" name="NotebookMigrationService &gt; parseAndTagNotebook &gt; rejects when the file content is not a string" time="0.001139292">
        </testcase>
        <testcase classname="src/app/workspace/service/notebook-migration/notebook-migration.service.spec.ts" name="NotebookMigrationService &gt; parseAndTagNotebook &gt; rejects when the file cannot be read" time="0.0007395">
        </testcase>
    </testsuite>
    <testsuite name="src/app/workspace/service/operator-debug/udf-debug.service.spec.ts" timestamp="2026-09-01T22:49:41.712Z" hostname="dhcp-172-27-096-224.mobile.uci.edu" tests="33" failures="0" errors="0" skipped="0" time="0.193651375">
        <testcase classname="src/app/workspace/service/operator-debug/udf-debug.service.spec.ts" name="UdfDebugServiceSpec &gt; should initialize debug handlers on service creation" time="0.007032459">
        </testcase>
        <testcase classname="src/app/workspace/service/operator-debug/udf-debug.service.spec.ts" name="UdfDebugServiceSpec &gt; should retrieve the debug state of an operator" time="0.007139166">
        </testcase>
        <testcase classname="src/app/workspace/service/operator-debug/udf-debug.service.spec.ts" name="UdfDebugServiceSpec &gt; should get the condition of a breakpoint" time="0.005075375">
        </testcase>
        <testcase classname="src/app/workspace/service/operator-debug/udf-debug.service.spec.ts" name="UdfDebugServiceSpec &gt; should return empty string if condition does not exist" time="0.002837167">
        </testcase>
        <testcase classname="src/app/workspace/service/operator-debug/udf-debug.service.spec.ts" name="UdfDebugServiceSpec &gt; should update the breakpoint condition if different" time="0.005071459">
        </testcase>
        <testcase classname="src/app/workspace/service/operator-debug/udf-debug.service.spec.ts" name="UdfDebugServiceSpec &gt; should not update the breakpoint condition if it is the same" time="0.005381875">
        </testcase>
        <testcase classname="src/app/workspace/service/operator-debug/udf-debug.service.spec.ts" name="UdfDebugServiceSpec &gt; should modify a breakpoint (remove existing)" time="0.00574625">
        </testcase>
        <testcase classname="src/app/workspace/service/operator-debug/udf-debug.service.spec.ts" name="UdfDebugServiceSpec &gt; should modify a breakpoint (add new)" time="0.017775417">
        </testcase>
        <testcase classname="src/app/workspace/service/operator-debug/udf-debug.service.spec.ts" name="UdfDebugServiceSpec &gt; should continue the workflow execution" time="0.008577625">
        </testcase>
        <testcase classname="src/app/workspace/service/operator-debug/udf-debug.service.spec.ts" name="UdfDebugServiceSpec &gt; should step through the workflow execution" time="0.003272">
        </testcase>
        <testcase classname="src/app/workspace/service/operator-debug/udf-debug.service.spec.ts" name="UdfDebugServiceSpec &gt; should clear the debug state on state change to Uninitialized" time="0.014041">
        </testcase>
        <testcase classname="src/app/workspace/service/operator-debug/udf-debug.service.spec.ts" name="UdfDebugServiceSpec &gt; should handle console update events (breakpoint creation)" time="0.011391208">
        </testcase>
        <testcase classname="src/app/workspace/service/operator-debug/udf-debug.service.spec.ts" name="UdfDebugServiceSpec &gt; should not call doContinue if a breakpoint is hit" time="0.009645666">
        </testcase>
        <testcase classname="src/app/workspace/service/operator-debug/udf-debug.service.spec.ts" name="UdfDebugServiceSpec &gt; should handle breakpoint deletion and remove it from the debug state" time="0.003039792">
        </testcase>
        <testcase classname="src/app/workspace/service/operator-debug/udf-debug.service.spec.ts" name="UdfDebugServiceSpec &gt; should handle console update events (breakpoint deletion)" time="0.002929084">
        </testcase>
        <testcase classname="src/app/workspace/service/operator-debug/udf-debug.service.spec.ts" name="UdfDebugServiceSpec &gt; should handle console update events (breakpoint deletion) without sending continue if a hit breakpoint exists" time="0.002471042">
        </testcase>
        <testcase classname="src/app/workspace/service/operator-debug/udf-debug.service.spec.ts" name="UdfDebugServiceSpec &gt; should call doContinue for all workers if no breakpoints are hit" time="0.002999958">
        </testcase>
        <testcase classname="src/app/workspace/service/operator-debug/udf-debug.service.spec.ts" name="UdfDebugServiceSpec &gt; should handle console update events (breakpoint blank message)" time="0.003591542">
        </testcase>
        <testcase classname="src/app/workspace/service/operator-debug/udf-debug.service.spec.ts" name="UdfDebugServiceSpec &gt; should handle console update events (stepping message)" time="0.006960041">
        </testcase>
        <testcase classname="src/app/workspace/service/operator-debug/udf-debug.service.spec.ts" name="UdfDebugServiceSpec &gt; should mark a breakpoint as hit" time="0.005988083">
        </testcase>
        <testcase classname="src/app/workspace/service/operator-debug/udf-debug.service.spec.ts" name="UdfDebugServiceSpec &gt; should mark continue by resetting hit statuses and removing temporary breakpoints" time="0.007714125">
        </testcase>
        <testcase classname="src/app/workspace/service/operator-debug/udf-debug.service.spec.ts" name="UdfDebugServiceSpec &gt; should not send a condition for a line that has no breakpoint" time="0.003316875">
        </testcase>
        <testcase classname="src/app/workspace/service/operator-debug/udf-debug.service.spec.ts" name="UdfDebugServiceSpec &gt; should clear a breakpoint that lost its id with an empty id" time="0.002547167">
        </testcase>
        <testcase classname="src/app/workspace/service/operator-debug/udf-debug.service.spec.ts" name="UdfDebugServiceSpec &gt; should ignore console events from another operator or with no messages" time="0.002378875">
        </testcase>
        <testcase classname="src/app/workspace/service/operator-debug/udf-debug.service.spec.ts" name="UdfDebugServiceSpec &gt; should ignore console messages that are not from the debugger" time="0.003404666">
        </testcase>
        <testcase classname="src/app/workspace/service/operator-debug/udf-debug.service.spec.ts" name="UdfDebugServiceSpec &gt; should keep the debug state on a status update that is not Uninitialized" time="0.002642834">
        </testcase>
        <testcase classname="src/app/workspace/service/operator-debug/udf-debug.service.spec.ts" name="UdfDebugServiceSpec &gt; should ignore a stepping message that carries no line number" time="0.003045417">
        </testcase>
        <testcase classname="src/app/workspace/service/operator-debug/udf-debug.service.spec.ts" name="UdfDebugServiceSpec &gt; should ignore a deletion message that carries no line number" time="0.007377583">
        </testcase>
        <testcase classname="src/app/workspace/service/operator-debug/udf-debug.service.spec.ts" name="UdfDebugServiceSpec &gt; should ignore a deletion message for a line with no debug state" time="0.009763625">
        </testcase>
        <testcase classname="src/app/workspace/service/operator-debug/udf-debug.service.spec.ts" name="UdfDebugServiceSpec &gt; should not record a breakpoint whose creation message has no id" time="0.007776542">
        </testcase>
        <testcase classname="src/app/workspace/service/operator-debug/udf-debug.service.spec.ts" name="UdfDebugServiceSpec &gt; should not record a breakpoint whose creation message has neither id nor line" time="0.003610666">
        </testcase>
        <testcase classname="src/app/workspace/service/operator-debug/udf-debug.service.spec.ts" name="UdfDebugServiceSpec &gt; should mark an existing breakpoint as hit without discarding its condition" time="0.002536583">
        </testcase>
        <testcase classname="src/app/workspace/service/operator-debug/udf-debug.service.spec.ts" name="UdfDebugServiceSpec &gt; should keep a hit breakpoint that still has an id when continuing" time="0.005992083">
        </testcase>
    </testsuite>
    <testsuite name="src/app/workspace/service/operator-menu/operator-menu.service.spec.ts" timestamp="2026-09-01T22:49:41.714Z" hostname="dhcp-172-27-096-224.mobile.uci.edu" tests="27" failures="0" errors="0" skipped="0" time="0.20784575">
        <testcase classname="src/app/workspace/service/operator-menu/operator-menu.service.spec.ts" name="OperatorMenuService &gt; should be created" time="0.00425475">
        </testcase>
        <testcase classname="src/app/workspace/service/operator-menu/operator-menu.service.spec.ts" name="OperatorMenuService &gt; starts with empty highlighted snapshots" time="0.00335025">
        </testcase>
        <testcase classname="src/app/workspace/service/operator-menu/operator-menu.service.spec.ts" name="OperatorMenuService &gt; does not expose mutable BehaviorSubjects on the public API" time="0.002951084">
        </testcase>
        <testcase classname="src/app/workspace/service/operator-menu/operator-menu.service.spec.ts" name="OperatorMenuService &gt; emits the new highlighted operator IDs on highlightedOperators$" time="0.005823167">
        </testcase>
        <testcase classname="src/app/workspace/service/operator-menu/operator-menu.service.spec.ts" name="OperatorMenuService &gt; emits the new highlighted comment box IDs on highlightedCommentBoxes$" time="0.004666833">
        </testcase>
        <testcase classname="src/app/workspace/service/operator-menu/operator-menu.service.spec.ts" name="OperatorMenuService &gt; emits exactly once on highlightedOperators$ per highlight change (no fan-out)" time="0.014060833">
        </testcase>
        <testcase classname="src/app/workspace/service/operator-menu/operator-menu.service.spec.ts" name="OperatorMenuService &gt; button state recomputation &gt; makes disable button clickable when an operator is highlighted and modification is enabled" time="0.004946625">
        </testcase>
        <testcase classname="src/app/workspace/service/operator-menu/operator-menu.service.spec.ts" name="OperatorMenuService &gt; button state recomputation &gt; flips isDisableOperator to enable after the operator is disabled" time="0.003258625">
        </testcase>
        <testcase classname="src/app/workspace/service/operator-menu/operator-menu.service.spec.ts" name="OperatorMenuService &gt; button state recomputation &gt; excludes sinks from view-result targets" time="0.007332875">
        </testcase>
        <testcase classname="src/app/workspace/service/operator-menu/operator-menu.service.spec.ts" name="OperatorMenuService &gt; button state recomputation &gt; recomputes when modification-enabled stream fires without a highlight change" time="0.006156125">
        </testcase>
        <testcase classname="src/app/workspace/service/operator-menu/operator-menu.service.spec.ts" name="OperatorMenuService &gt; button state recomputation &gt; recomputes when view-result state of a highlighted non-sink operator changes" time="0.006479208">
        </testcase>
        <testcase classname="src/app/workspace/service/operator-menu/operator-menu.service.spec.ts" name="OperatorMenuService &gt; operator action callbacks &gt; disables then re-enables the highlighted operators based on isDisableOperator" time="0.007620625">
        </testcase>
        <testcase classname="src/app/workspace/service/operator-menu/operator-menu.service.spec.ts" name="OperatorMenuService &gt; operator action callbacks &gt; sets then unsets view-result on the highlighted non-sink operators" time="0.010943083">
        </testcase>
        <testcase classname="src/app/workspace/service/operator-menu/operator-menu.service.spec.ts" name="OperatorMenuService &gt; operator action callbacks &gt; marks then unmarks the highlighted non-sink operators for reuse" time="0.007294625">
            <system-out>
seeting marked for reuse in shared model

            </system-out>
        </testcase>
        <testcase classname="src/app/workspace/service/operator-menu/operator-menu.service.spec.ts" name="OperatorMenuService &gt; executeUpToOperator &gt; errors and does not execute when zero operators are highlighted" time="0.002425209">
        </testcase>
        <testcase classname="src/app/workspace/service/operator-menu/operator-menu.service.spec.ts" name="OperatorMenuService &gt; executeUpToOperator &gt; errors and does not execute when more than one operator is highlighted" time="0.003218708">
        </testcase>
        <testcase classname="src/app/workspace/service/operator-menu/operator-menu.service.spec.ts" name="OperatorMenuService &gt; executeUpToOperator &gt; executes the workflow up to the single highlighted operator" time="0.004451333">
        </testcase>
        <testcase classname="src/app/workspace/service/operator-menu/operator-menu.service.spec.ts" name="OperatorMenuService &gt; saveHighlightedElements &gt; serializes the highlighted operators, links, and comment boxes to the clipboard" time="0.008058875">
        </testcase>
        <testcase classname="src/app/workspace/service/operator-menu/operator-menu.service.spec.ts" name="OperatorMenuService &gt; saveHighlightedElements &gt; notifies the user when writing to the clipboard is rejected" time="0.02145175">
        </testcase>
        <testcase classname="src/app/workspace/service/operator-menu/operator-menu.service.spec.ts" name="OperatorMenuService &gt; performPasteOperation &gt; pastes operators, links, and comment boxes with fresh IDs and non-overlapping positions" time="0.00702775">
        </testcase>
        <testcase classname="src/app/workspace/service/operator-menu/operator-menu.service.spec.ts" name="OperatorMenuService &gt; performPasteOperation &gt; notifies the user when the clipboard holds no pasteable elements" time="0.005185791">
        </testcase>
        <testcase classname="src/app/workspace/service/operator-menu/operator-menu.service.spec.ts" name="OperatorMenuService &gt; performPasteOperation &gt; notifies the user when reading the clipboard is rejected" time="0.00340775">
        </testcase>
        <testcase classname="src/app/workspace/service/operator-menu/operator-menu.service.spec.ts" name="OperatorMenuService &gt; performPasteOperation &gt; warns when adding the pasted operators and links fails" time="0.003345875">
        </testcase>
        <testcase classname="src/app/workspace/service/operator-menu/operator-menu.service.spec.ts" name="OperatorMenuService &gt; ordering and collision across multiple elements &gt; serializes the copied links by joint layer rather than by highlight order" time="0.006582292">
        </testcase>
        <testcase classname="src/app/workspace/service/operator-menu/operator-menu.service.spec.ts" name="OperatorMenuService &gt; ordering and collision across multiple elements &gt; serializes the copied comment boxes by joint layer rather than by highlight order" time="0.03161525">
        </testcase>
        <testcase classname="src/app/workspace/service/operator-menu/operator-menu.service.spec.ts" name="OperatorMenuService &gt; ordering and collision across multiple elements &gt; shifts a pasted comment box clear of one already on the canvas" time="0.013227542">
        </testcase>
        <testcase classname="src/app/workspace/service/operator-menu/operator-menu.service.spec.ts" name="OperatorMenuService &gt; ordering and collision across multiple elements &gt; leaves both ends of a pasted link blank when neither of its operators was copied" time="0.007279208">
        </testcase>
    </testsuite>
    <testsuite name="src/app/workspace/service/operator-metadata/operator-metadata.service.spec.ts" timestamp="2026-09-01T22:49:41.715Z" hostname="dhcp-172-27-096-224.mobile.uci.edu" tests="11" failures="0" errors="0" skipped="0" time="0.008372125">
        <testcase classname="src/app/workspace/service/operator-metadata/operator-metadata.service.spec.ts" name="OperatorMetadataService &gt; should be created" time="0.002430709">
        </testcase>
        <testcase classname="src/app/workspace/service/operator-metadata/operator-metadata.service.spec.ts" name="OperatorMetadataService &gt; should send http request once" time="0.000819416">
        </testcase>
        <testcase classname="src/app/workspace/service/operator-metadata/operator-metadata.service.spec.ts" name="OperatorMetadataService &gt; should check if operatorType exists correctly" time="0.000619417">
        </testcase>
        <testcase classname="src/app/workspace/service/operator-metadata/operator-metadata.service.spec.ts" name="OperatorMetadataService &gt; getOperatorMetadata emits the fetched metadata to subscribers" time="0.000467125">
        </testcase>
        <testcase classname="src/app/workspace/service/operator-metadata/operator-metadata.service.spec.ts" name="OperatorMetadataService &gt; getOperatorSchema returns the schema for a known operator type" time="0.000449916">
        </testcase>
        <testcase classname="src/app/workspace/service/operator-metadata/operator-metadata.service.spec.ts" name="OperatorMetadataService &gt; getOperatorSchema throws for an unknown operator type" time="0.000422917">
        </testcase>
        <testcase classname="src/app/workspace/service/operator-metadata/operator-metadata.service.spec.ts" name="OperatorMetadataService &gt; getOperatorSchema throws when the metadata has not been fetched yet" time="0.000741833">
        </testcase>
        <testcase classname="src/app/workspace/service/operator-metadata/operator-metadata.service.spec.ts" name="OperatorMetadataService &gt; operatorTypeExists is true for a fetched type and false for an unknown one" time="0.000736167">
        </testcase>
        <testcase classname="src/app/workspace/service/operator-metadata/operator-metadata.service.spec.ts" name="OperatorMetadataService &gt; operatorTypeExists is false before the metadata request resolves" time="0.000467917">
        </testcase>
        <testcase classname="src/app/workspace/service/operator-metadata/operator-metadata.service.spec.ts" name="OperatorMetadataService &gt; operatorTypeExists matches the user-friendly name only when that filter is enabled" time="0.000378666">
        </testcase>
        <testcase classname="src/app/workspace/service/operator-metadata/operator-metadata.service.spec.ts" name="OperatorMetadataService &gt; operatorTypeExists honors case-insensitive matching when requested" time="0.000670333">
        </testcase>
    </testsuite>
    <testsuite name="src/app/workspace/service/panel/panel.service.spec.ts" timestamp="2026-09-01T22:49:41.716Z" hostname="dhcp-172-27-096-224.mobile.uci.edu" tests="6" failures="0" errors="0" skipped="0" time="0.003144166">
        <testcase classname="src/app/workspace/service/panel/panel.service.spec.ts" name="PanelService &gt; should be created" time="0.001045417">
        </testcase>
        <testcase classname="src/app/workspace/service/panel/panel.service.spec.ts" name="PanelService &gt; resetPanels() emits on resetPanelStream" time="0.000574333">
        </testcase>
        <testcase classname="src/app/workspace/service/panel/panel.service.spec.ts" name="PanelService &gt; closePanels() emits on closePanelStream" time="0.0003875">
        </testcase>
        <testcase classname="src/app/workspace/service/panel/panel.service.spec.ts" name="PanelService &gt; keeps the reset and close streams independent of each other" time="0.000384125">
        </testcase>
        <testcase classname="src/app/workspace/service/panel/panel.service.spec.ts" name="PanelService &gt; delivers each emission to every current subscriber" time="0.000318417">
        </testcase>
        <testcase classname="src/app/workspace/service/panel/panel.service.spec.ts" name="PanelService &gt; does not replay past emissions to a late subscriber but still forwards future ones (Subject semantics)" time="0.000307584">
        </testcase>
    </testsuite>
    <testsuite name="src/app/workspace/service/preset/preset.service.spec.ts" timestamp="2026-09-01T22:49:41.716Z" hostname="dhcp-172-27-096-224.mobile.uci.edu" tests="57" failures="0" errors="0" skipped="0" time="0.318835666">
        <testcase classname="src/app/workspace/service/preset/preset.service.spec.ts" name="PresetService &gt; should be created" time="0.003365834">
        </testcase>
        <testcase classname="src/app/workspace/service/preset/preset.service.spec.ts" name="PresetService &gt; preset I/O &gt; emits an event on applyPresetStream when a preset is applied" time="0.003719917">
        </testcase>
        <testcase classname="src/app/workspace/service/preset/preset.service.spec.ts" name="PresetService &gt; preset I/O &gt; emits an event on savePresetsStream when presets are saved" time="0.002036542">
        </testcase>
        <testcase classname="src/app/workspace/service/preset/preset.service.spec.ts" name="PresetService &gt; preset I/O &gt; writes through UserConfigService.set when saving a non-empty preset list" time="0.001344167">
        </testcase>
        <testcase classname="src/app/workspace/service/preset/preset.service.spec.ts" name="PresetService &gt; preset I/O &gt; calls UserConfigService.delete instead of set when saving an empty preset list" time="0.001137458">
        </testcase>
        <testcase classname="src/app/workspace/service/preset/preset.service.spec.ts" name="PresetService &gt; preset I/O &gt; displays the success toast by default when saving presets" time="0.001051125">
        </testcase>
        <testcase classname="src/app/workspace/service/preset/preset.service.spec.ts" name="PresetService &gt; preset I/O &gt; suppresses the toast when displayMessage is explicitly null" time="0.001231959">
        </testcase>
        <testcase classname="src/app/workspace/service/preset/preset.service.spec.ts" name="PresetService &gt; preset I/O &gt; routes an explicitly passed message to the NzMessageService method for its severity" time="0.003310416">
        </testcase>
        <testcase classname="src/app/workspace/service/preset/preset.service.spec.ts" name="PresetService &gt; preset I/O &gt; refuses to save with an &apos;info&apos; severity when no message is supplied" time="0.001869959">
        </testcase>
        <testcase classname="src/app/workspace/service/preset/preset.service.spec.ts" name="PresetService &gt; preset I/O &gt; refuses to save with a &apos;warning&apos; severity when no message is supplied" time="0.001791709">
        </testcase>
        <testcase classname="src/app/workspace/service/preset/preset.service.spec.ts" name="PresetService &gt; preset I/O &gt; deletePreset reports the caller&apos;s message as an error toast" time="0.004285334">
        </testcase>
        <testcase classname="src/app/workspace/service/preset/preset.service.spec.ts" name="PresetService &gt; preset I/O &gt; createPreset appends to existing presets and writes back" time="0.001727208">
        </testcase>
        <testcase classname="src/app/workspace/service/preset/preset.service.spec.ts" name="PresetService &gt; preset I/O &gt; createPreset stores the first preset when the dictionary has no entry yet" time="0.001147041">
        </testcase>
        <testcase classname="src/app/workspace/service/preset/preset.service.spec.ts" name="PresetService &gt; preset I/O &gt; createPreset does not write the preset back when it already exists" time="0.004404167">
        </testcase>
        <testcase classname="src/app/workspace/service/preset/preset.service.spec.ts" name="PresetService &gt; preset I/O &gt; deletePreset removes the matching preset via savePresets" time="0.001641125">
        </testcase>
        <testcase classname="src/app/workspace/service/preset/preset.service.spec.ts" name="PresetService &gt; preset I/O &gt; deletePreset clears the dictionary entry when the last preset is removed" time="0.001475667">
        </testcase>
        <testcase classname="src/app/workspace/service/preset/preset.service.spec.ts" name="PresetService &gt; preset I/O &gt; getPresets returns the parsed preset array stored in user config" time="0.001465">
        </testcase>
        <testcase classname="src/app/workspace/service/preset/preset.service.spec.ts" name="PresetService &gt; preset I/O &gt; getPresets yields an empty array when no entry exists" time="0.002752792">
        </testcase>
        <testcase classname="src/app/workspace/service/preset/preset.service.spec.ts" name="PresetService &gt; preset I/O &gt; getPresets emits an error when the stored value is not a valid preset array" time="0.004647834">
        </testcase>
        <testcase classname="src/app/workspace/service/preset/preset.service.spec.ts" name="PresetService &gt; operator preset application &gt; does not set operator properties when applyPreset uses a non-operator type" time="0.018432916">
        </testcase>
        <testcase classname="src/app/workspace/service/preset/preset.service.spec.ts" name="PresetService &gt; operator preset application &gt; merges preset values into operator properties when a valid preset is applied" time="0.01265275">
        </testcase>
        <testcase classname="src/app/workspace/service/preset/preset.service.spec.ts" name="PresetService &gt; operator preset application &gt; does not change operator properties when an invalid preset is applied" time="0.003782875">
        </testcase>
        <testcase classname="src/app/workspace/service/preset/preset.service.spec.ts" name="PresetService &gt; operator preset application &gt; ignores apply events targeting an operator that does not exist on the graph" time="0.005701042">
        </testcase>
        <testcase classname="src/app/workspace/service/preset/preset.service.spec.ts" name="PresetService &gt; operator preset validation &gt; rejects an empty preset" time="0.014803833">
        </testcase>
        <testcase classname="src/app/workspace/service/preset/preset.service.spec.ts" name="PresetService &gt; operator preset validation &gt; rejects presets containing only properties that are not preset-enabled" time="0.004164416">
        </testcase>
        <testcase classname="src/app/workspace/service/preset/preset.service.spec.ts" name="PresetService &gt; operator preset validation &gt; rejects presets with empty string values" time="0.006315917">
        </testcase>
        <testcase classname="src/app/workspace/service/preset/preset.service.spec.ts" name="PresetService &gt; operator preset validation &gt; accepts presets that match the preset schema with non-empty values" time="0.015235458">
        </testcase>
        <testcase classname="src/app/workspace/service/preset/preset.service.spec.ts" name="PresetService &gt; operator preset validation &gt; isValidNewOperatorPreset returns false when the preset already exists" time="0.009112125">
            <system-out>
false vn

            </system-out>
        </testcase>
        <testcase classname="src/app/workspace/service/preset/preset.service.spec.ts" name="PresetService &gt; operator preset validation &gt; isValidNewOperatorPreset returns true when the preset is novel" time="0.004525792">
            <system-out>
true vn

            </system-out>
        </testcase>
        <testcase classname="src/app/workspace/service/preset/preset.service.spec.ts" name="PresetService &gt; operator preset validation &gt; isValidNewOperatorPreset short-circuits to false when the preset itself is invalid" time="0.004814375">
        </testcase>
        <testcase classname="src/app/workspace/service/preset/preset.service.spec.ts" name="PresetService &gt; static schema helpers &gt; getOperatorPresetSchema keeps only enable-preset properties and marks them required" time="0.003345625">
        </testcase>
        <testcase classname="src/app/workspace/service/preset/preset.service.spec.ts" name="PresetService &gt; static schema helpers &gt; getOperatorPresetSchema throws when the operator schema has no properties" time="0.006736375">
        </testcase>
        <testcase classname="src/app/workspace/service/preset/preset.service.spec.ts" name="PresetService &gt; static schema helpers &gt; getOperatorPresetSchema throws when the operator schema omits properties entirely" time="0.004455917">
        </testcase>
        <testcase classname="src/app/workspace/service/preset/preset.service.spec.ts" name="PresetService &gt; static schema helpers &gt; getOperatorPresetSchema throws when no property is preset-enabled" time="0.008999584">
        </testcase>
        <testcase classname="src/app/workspace/service/preset/preset.service.spec.ts" name="PresetService &gt; static schema helpers &gt; getOperatorPreset &gt; throws when operator properties are empty" time="0.026985625">
        </testcase>
        <testcase classname="src/app/workspace/service/preset/preset.service.spec.ts" name="PresetService &gt; static schema helpers &gt; getOperatorPreset &gt; throws when operator properties miss a required preset property" time="0.006400125">
        </testcase>
        <testcase classname="src/app/workspace/service/preset/preset.service.spec.ts" name="PresetService &gt; static schema helpers &gt; getOperatorPreset &gt; returns the preset when properties cover all preset fields" time="0.006415625">
        </testcase>
        <testcase classname="src/app/workspace/service/preset/preset.service.spec.ts" name="PresetService &gt; static schema helpers &gt; getOperatorPreset &gt; strips non-preset properties when returning the preset" time="0.010063708">
        </testcase>
        <testcase classname="src/app/workspace/service/preset/preset.service.spec.ts" name="PresetService &gt; static schema helpers &gt; filterOperatorPresetProperties &gt; returns empty when input is empty (never adds keys)" time="0.007465583">
        </testcase>
        <testcase classname="src/app/workspace/service/preset/preset.service.spec.ts" name="PresetService &gt; static schema helpers &gt; filterOperatorPresetProperties &gt; filters out non-preset properties only when at least one preset property is present" time="0.002192083">
        </testcase>
        <testcase classname="src/app/workspace/service/preset/preset.service.spec.ts" name="PresetService &gt; static schema helpers &gt; filterOperatorPresetProperties &gt; keeps preset properties and strips extras" time="0.002243584">
        </testcase>
        <testcase classname="src/app/workspace/service/preset/preset.service.spec.ts" name="PresetService &gt; updateOrCreatePreset &gt; writes the stored preset list back unchanged when the original and replacement presets are identical" time="0.00348725">
        </testcase>
        <testcase classname="src/app/workspace/service/preset/preset.service.spec.ts" name="PresetService &gt; updateOrCreatePreset &gt; stores the replacement when the dictionary has no entry yet" time="0.001676375">
        </testcase>
        <testcase classname="src/app/workspace/service/preset/preset.service.spec.ts" name="PresetService &gt; updateOrCreatePreset &gt; appends the replacement when neither preset already exists" time="0.001146417">
        </testcase>
        <testcase classname="src/app/workspace/service/preset/preset.service.spec.ts" name="PresetService &gt; updateOrCreatePreset &gt; writes the stored preset list back unchanged when only the replacement preset already exists" time="0.000995834">
        </testcase>
        <testcase classname="src/app/workspace/service/preset/preset.service.spec.ts" name="PresetService &gt; updateOrCreatePreset &gt; implicitly deletes a preset when both the original and the replacement exist" time="0.000913917">
        </testcase>
        <testcase classname="src/app/workspace/service/preset/preset.service.spec.ts" name="PresetService &gt; updateOrCreatePreset &gt; replaces the original preset in place when only the original exists" time="0.000823083">
        </testcase>
        <testcase classname="src/app/workspace/service/preset/preset.service.spec.ts" name="PresetService &gt; preset Ajv type guards &gt; isValidPreset &gt; accepts an object whose values are all non-blank strings" time="0.008467291">
        </testcase>
        <testcase classname="src/app/workspace/service/preset/preset.service.spec.ts" name="PresetService &gt; preset Ajv type guards &gt; isValidPreset &gt; accepts an empty object (no properties to violate the schema)" time="0.044585834">
        </testcase>
        <testcase classname="src/app/workspace/service/preset/preset.service.spec.ts" name="PresetService &gt; preset Ajv type guards &gt; isValidPreset &gt; rejects a preset with a non-string value" time="0.003506083">
        </testcase>
        <testcase classname="src/app/workspace/service/preset/preset.service.spec.ts" name="PresetService &gt; preset Ajv type guards &gt; isValidPreset &gt; rejects a preset with an empty-string value" time="0.004778">
        </testcase>
        <testcase classname="src/app/workspace/service/preset/preset.service.spec.ts" name="PresetService &gt; preset Ajv type guards &gt; isValidPreset &gt; rejects a preset whose value starts with whitespace" time="0.004492334">
        </testcase>
        <testcase classname="src/app/workspace/service/preset/preset.service.spec.ts" name="PresetService &gt; preset Ajv type guards &gt; isValidPresetArray &gt; accepts an array of distinct valid presets" time="0.003101958">
        </testcase>
        <testcase classname="src/app/workspace/service/preset/preset.service.spec.ts" name="PresetService &gt; preset Ajv type guards &gt; isValidPresetArray &gt; accepts an empty array" time="0.002066375">
        </testcase>
        <testcase classname="src/app/workspace/service/preset/preset.service.spec.ts" name="PresetService &gt; preset Ajv type guards &gt; isValidPresetArray &gt; rejects an array containing duplicate presets (uniqueItems)" time="0.00254075">
        </testcase>
        <testcase classname="src/app/workspace/service/preset/preset.service.spec.ts" name="PresetService &gt; preset Ajv type guards &gt; isValidPresetArray &gt; rejects an array whose entry is not a valid preset" time="0.0030255">
        </testcase>
        <testcase classname="src/app/workspace/service/preset/preset.service.spec.ts" name="PresetService &gt; preset Ajv type guards &gt; isValidPresetArray &gt; rejects a value that is not an array" time="0.002536875">
        </testcase>
    </testsuite>
    <testsuite name="src/app/workspace/service/report-generation/report-generation.service.spec.ts" timestamp="2026-09-01T22:49:41.719Z" hostname="dhcp-172-27-096-224.mobile.uci.edu" tests="26" failures="0" errors="0" skipped="0" time="0.364619375">
        <testcase classname="src/app/workspace/service/report-generation/report-generation.service.spec.ts" name="ReportGenerationService &gt; should be created" time="0.002082458">
        </testcase>
        <testcase classname="src/app/workspace/service/report-generation/report-generation.service.spec.ts" name="ReportGenerationService &gt; retrieveOperatorInfoReport &gt; renders a paginated result as a table of its first page" time="0.001285958">
        </testcase>
        <testcase classname="src/app/workspace/service/report-generation/report-generation.service.spec.ts" name="ReportGenerationService &gt; retrieveOperatorInfoReport &gt; asks for the first page of ten rows" time="0.000577375">
        </testcase>
        <testcase classname="src/app/workspace/service/report-generation/report-generation.service.spec.ts" name="ReportGenerationService &gt; retrieveOperatorInfoReport &gt; reports an empty page as no results rather than an empty table" time="0.000424125">
        </testcase>
        <testcase classname="src/app/workspace/service/report-generation/report-generation.service.spec.ts" name="ReportGenerationService &gt; retrieveOperatorInfoReport &gt; notifies and fails when the page cannot be fetched" time="0.001618792">
        </testcase>
        <testcase classname="src/app/workspace/service/report-generation/report-generation.service.spec.ts" name="ReportGenerationService &gt; retrieveOperatorInfoReport &gt; renders the most recent snapshot of a visualization operator" time="0.002324541">
        </testcase>
        <testcase classname="src/app/workspace/service/report-generation/report-generation.service.spec.ts" name="ReportGenerationService &gt; retrieveOperatorInfoReport &gt; reports a visualization operator with no snapshot as having no data" time="0.000644041">
        </testcase>
        <testcase classname="src/app/workspace/service/report-generation/report-generation.service.spec.ts" name="ReportGenerationService &gt; retrieveOperatorInfoReport &gt; reports an operator with neither result service as having no results" time="0.000399875">
        </testcase>
        <testcase classname="src/app/workspace/service/report-generation/report-generation.service.spec.ts" name="ReportGenerationService &gt; retrieveOperatorInfoReport &gt; falls back to a generic reason when the page failure carries no message" time="0.001000583">
        </testcase>
        <testcase classname="src/app/workspace/service/report-generation/report-generation.service.spec.ts" name="ReportGenerationService &gt; retrieveOperatorInfoReport &gt; still renders a visualization snapshot that has no wrapper div to resize" time="0.0012965">
        </testcase>
        <testcase classname="src/app/workspace/service/report-generation/report-generation.service.spec.ts" name="ReportGenerationService &gt; retrieveOperatorInfoReport &gt; notifies and fails when building the report throws outright" time="0.000737042">
        </testcase>
        <testcase classname="src/app/workspace/service/report-generation/report-generation.service.spec.ts" name="ReportGenerationService &gt; retrieveOperatorInfoReport &gt; falls back to a generic reason when that failure carries no message" time="0.000613791">
        </testcase>
        <testcase classname="src/app/workspace/service/report-generation/report-generation.service.spec.ts" name="ReportGenerationService &gt; retrieveOperatorInfoReport &gt; embeds the operator&apos;s own definition in the collapsible details block" time="0.000424167">
        </testcase>
        <testcase classname="src/app/workspace/service/report-generation/report-generation.service.spec.ts" name="ReportGenerationService &gt; retrieveOperatorInfoReport &gt; produces nothing until the AI-enabled check emits" time="0.000369">
        </testcase>
        <testcase classname="src/app/workspace/service/report-generation/report-generation.service.spec.ts" name="ReportGenerationService &gt; getAllOperatorResults &gt; returns one entry per operator, in the order asked for" time="0.000468375">
        </testcase>
        <testcase classname="src/app/workspace/service/report-generation/report-generation.service.spec.ts" name="ReportGenerationService &gt; prompt construction &gt; asks for a per-operator comment carrying that operator&apos;s JSON" time="0.000334584">
        </testcase>
        <testcase classname="src/app/workspace/service/report-generation/report-generation.service.spec.ts" name="ReportGenerationService &gt; prompt construction &gt; asks the summary for a longer answer than the per-operator comment" time="0.000324334">
        </testcase>
        <testcase classname="src/app/workspace/service/report-generation/report-generation.service.spec.ts" name="ReportGenerationService &gt; generateReportAsHtml &gt; downloads a report named after the workflow" time="0.003358791">
        </testcase>
        <testcase classname="src/app/workspace/service/report-generation/report-generation.service.spec.ts" name="ReportGenerationService &gt; generateReportAsHtml &gt; writes the snapshot, every operator result, and the summary into the document" time="0.003653834">
        </testcase>
        <testcase classname="src/app/workspace/service/report-generation/report-generation.service.spec.ts" name="ReportGenerationService &gt; generateWorkflowSnapshot &gt; fails when the editor is not on the page" time="0.0011485">
        </testcase>
        <testcase classname="src/app/workspace/service/report-generation/report-generation.service.spec.ts" name="ReportGenerationService &gt; generateWorkflowSnapshot &gt; inlining the editor&apos;s images &gt; rewrites an image&apos;s source to the fetched base64 data" time="0.058456084">
            <system-out>
#1 0ms Starting document clone with size 1024x768 scrolled to 0,0

            </system-out>
        </testcase>
        <testcase classname="src/app/workspace/service/report-generation/report-generation.service.spec.ts" name="ReportGenerationService &gt; generateWorkflowSnapshot &gt; inlining the editor&apos;s images &gt; leaves an image with no source alone and fetches nothing for it" time="0.029917333">
            <system-out>
#2 6ms Starting document clone with size 1024x768 scrolled to 0,0

            </system-out>
        </testcase>
        <testcase classname="src/app/workspace/service/report-generation/report-generation.service.spec.ts" name="ReportGenerationService &gt; generateWorkflowSnapshot &gt; inlining the editor&apos;s images &gt; reports an image whose bytes cannot be converted, and leaves its source alone" time="0.056134167">
            <system-out>
#3 0ms Starting document clone with size 1024x768 scrolled to 0,0

#1 127ms Document cloned, using foreign object rendering

            </system-out>
        </testcase>
        <testcase classname="src/app/workspace/service/report-generation/report-generation.service.spec.ts" name="ReportGenerationService &gt; generateWorkflowSnapshot &gt; inlining the editor&apos;s images &gt; reports an image that cannot be fetched at all" time="0.052635292">
            <system-out>
#4 0ms Starting document clone with size 1024x768 scrolled to 0,0

#2 100ms Document cloned, using foreign object rendering

#3 74ms Document cloned, using foreign object rendering

            </system-out>
        </testcase>
        <testcase classname="src/app/workspace/service/report-generation/report-generation.service.spec.ts" name="ReportGenerationService &gt; generateWorkflowSnapshot &gt; rendering the editor to a PNG &gt; emits the rendered editor as a PNG data URL and then completes" time="0.06675025">
            <system-out>
#5 0ms Starting document clone with size 1024x768 scrolled to 0,0

#4 65ms Document cloned, using foreign object rendering
#4 65ms EXPERIMENTAL ForeignObject renderer initialized (0x0 at 0,0) with scale 1
#4 66ms Finished rendering

#5 63ms Document cloned, using foreign object rendering
#5 64ms EXPERIMENTAL ForeignObject renderer initialized (0x0 at 0,0) with scale 1
#5 65ms Finished rendering

            </system-out>
        </testcase>
        <testcase classname="src/app/workspace/service/report-generation/report-generation.service.spec.ts" name="ReportGenerationService &gt; generateWorkflowSnapshot &gt; rendering the editor to a PNG &gt; fails when the editor cannot be rendered" time="0.069973">
            <system-out>
#6 0ms Starting document clone with size 1024x768 scrolled to 0,0

#6 64ms Document cloned, using foreign object rendering
#6 64ms EXPERIMENTAL ForeignObject renderer initialized (0x0 at 0,0) with scale 1
#6 64ms Finished rendering

            </system-out>
        </testcase>
    </testsuite>
    <testsuite name="src/app/workspace/service/undo-redo/undo-redo.service.spec.ts" timestamp="2026-09-01T22:49:41.720Z" hostname="dhcp-172-27-096-224.mobile.uci.edu" tests="11" failures="0" errors="0" skipped="0" time="0.068294625">
        <testcase classname="src/app/workspace/service/undo-redo/undo-redo.service.spec.ts" name="UndoRedoService &gt; should be created" time="0.003491208">
        </testcase>
        <testcase classname="src/app/workspace/service/undo-redo/undo-redo.service.spec.ts" name="UndoRedoService &gt; executing command should append to stack" time="0.004414625">
        </testcase>
        <testcase classname="src/app/workspace/service/undo-redo/undo-redo.service.spec.ts" name="UndoRedoService &gt; redoing command should move from undo to redo stack and vice versa" time="0.006409208">
        </testcase>
        <testcase classname="src/app/workspace/service/undo-redo/undo-redo.service.spec.ts" name="UndoRedoService &gt; executing new action clears redo stack" time="0.005247959">
        </testcase>
        <testcase classname="src/app/workspace/service/undo-redo/undo-redo.service.spec.ts" name="UndoRedoService &gt; with a stubbed undo manager &gt; undoAction / redoAction delegate to the manager and toggle the joint-command guard back on" time="0.001695791">
        </testcase>
        <testcase classname="src/app/workspace/service/undo-redo/undo-redo.service.spec.ts" name="UndoRedoService &gt; with a stubbed undo manager &gt; undoAction / redoAction are no-ops when the manager cannot undo/redo" time="0.003317708">
        </testcase>
        <testcase classname="src/app/workspace/service/undo-redo/undo-redo.service.spec.ts" name="UndoRedoService &gt; with a stubbed undo manager &gt; undoAction / redoAction are no-ops while workflow modification is disabled" time="0.002725459">
        </testcase>
        <testcase classname="src/app/workspace/service/undo-redo/undo-redo.service.spec.ts" name="UndoRedoService &gt; with a stubbed undo manager &gt; canUndo / canRedo require both the modification guard and the manager" time="0.003564125">
        </testcase>
        <testcase classname="src/app/workspace/service/undo-redo/undo-redo.service.spec.ts" name="UndoRedoService &gt; with a stubbed undo manager &gt; getUndoLength / getRedoLength reflect the manager stacks" time="0.00383275">
        </testcase>
        <testcase classname="src/app/workspace/service/undo-redo/undo-redo.service.spec.ts" name="UndoRedoService &gt; with a stubbed undo manager &gt; clearUndoStack / clearRedoStack clear the correct side of the manager" time="0.017810875">
        </testcase>
        <testcase classname="src/app/workspace/service/undo-redo/undo-redo.service.spec.ts" name="UndoRedoService &gt; without an undo manager &gt; canUndo / canRedo are false" time="0.015217542">
        </testcase>
    </testsuite>
    <testsuite name="src/app/workspace/service/validation/validation-workflow.service.spec.ts" timestamp="2026-09-01T22:49:41.721Z" hostname="dhcp-172-27-096-224.mobile.uci.edu" tests="10" failures="0" errors="0" skipped="0" time="0.1317375">
        <testcase classname="src/app/workspace/service/validation/validation-workflow.service.spec.ts" name="ValidationWorkflowService &gt; should be created" time="0.003619166">
        </testcase>
        <testcase classname="src/app/workspace/service/validation/validation-workflow.service.spec.ts" name="ValidationWorkflowService &gt; should receive true from validateOperator when operator box is connected and required properties are complete " time="0.015192834">
        </testcase>
        <testcase classname="src/app/workspace/service/validation/validation-workflow.service.spec.ts" name="ValidationWorkflowService &gt; should subscribe the changes of validateOperatorStream when operator box is connected and required properties are complete " time="0.01873625">
        </testcase>
        <testcase classname="src/app/workspace/service/validation/validation-workflow.service.spec.ts" name="ValidationWorkflowService &gt; should receive false from validateOperator when operator box is not connected or required properties are not complete " time="0.028588875">
        </testcase>
        <testcase classname="src/app/workspace/service/validation/validation-workflow.service.spec.ts" name="ValidationWorkflowService &gt; should subscribe the changes of validateOperatorStream when operator link is deleted after valid status " time="0.017164625">
        </testcase>
        <testcase classname="src/app/workspace/service/validation/validation-workflow.service.spec.ts" name="ValidationWorkflowService &gt; should consider disabled operators when validating workflow" time="0.0143075">
            <system-out>
{
  mockScan2: {
    isValid: false,
    messages: { required: &quot;must have required property &apos;tableName&apos;&quot; }
  }
}

            </system-out>
        </testcase>
        <testcase classname="src/app/workspace/service/validation/validation-workflow.service.spec.ts" name="ValidationWorkflowService &gt; should report an operator invalid when a disallowMultiInputs port has two enabled links" time="0.020962125">
        </testcase>
        <testcase classname="src/app/workspace/service/validation/validation-workflow.service.spec.ts" name="ValidationWorkflowService &gt; should throw for an operator id that is not in the graph" time="0.003815083">
        </testcase>
        <testcase classname="src/app/workspace/service/validation/validation-workflow.service.spec.ts" name="ValidationWorkflowService &gt; should reject an operator whose type has no schema at insertion time" time="0.002706125">
        </testcase>
        <testcase classname="src/app/workspace/service/validation/validation-workflow.service.spec.ts" name="ValidationWorkflowService &gt; should expose the workflow validation error stream" time="0.006346792">
        </testcase>
    </testsuite>
    <testsuite name="src/app/workspace/service/virtual-environment/virtual-environment.service.spec.ts" timestamp="2026-09-01T22:49:41.722Z" hostname="dhcp-172-27-096-224.mobile.uci.edu" tests="20" failures="0" errors="0" skipped="0" time="0.055388292">
        <testcase classname="src/app/workspace/service/virtual-environment/virtual-environment.service.spec.ts" name="WorkflowPveService &gt; should be created" time="0.003146083">
        </testcase>
        <testcase classname="src/app/workspace/service/virtual-environment/virtual-environment.service.spec.ts" name="WorkflowPveService &gt; savePve() POSTs to /pve/db with name + packages and returns the new veid" time="0.002404125">
        </testcase>
        <testcase classname="src/app/workspace/service/virtual-environment/virtual-environment.service.spec.ts" name="WorkflowPveService &gt; updateUserPve() PUTs to /pve/db/{veid} with name + packages" time="0.00202675">
        </testcase>
        <testcase classname="src/app/workspace/service/virtual-environment/virtual-environment.service.spec.ts" name="WorkflowPveService &gt; listUserPves() GETs /pve/db and returns the array of records" time="0.000972541">
        </testcase>
        <testcase classname="src/app/workspace/service/virtual-environment/virtual-environment.service.spec.ts" name="WorkflowPveService &gt; deleteUserPve() DELETEs /pve/db/{veid}" time="0.009493791">
        </testcase>
        <testcase classname="src/app/workspace/service/virtual-environment/virtual-environment.service.spec.ts" name="WorkflowPveService &gt; token-parameterized endpoints &gt; getAccessToken() &gt; returns the token when AuthService yields a non-empty value" time="0.006176708">
        </testcase>
        <testcase classname="src/app/workspace/service/virtual-environment/virtual-environment.service.spec.ts" name="WorkflowPveService &gt; token-parameterized endpoints &gt; getAccessToken() &gt; returns null when AuthService yields null" time="0.002437459">
        </testcase>
        <testcase classname="src/app/workspace/service/virtual-environment/virtual-environment.service.spec.ts" name="WorkflowPveService &gt; token-parameterized endpoints &gt; getAccessToken() &gt; returns null when the token is whitespace-only" time="0.001982875">
        </testcase>
        <testcase classname="src/app/workspace/service/virtual-environment/virtual-environment.service.spec.ts" name="WorkflowPveService &gt; token-parameterized endpoints &gt; getSystemPackages() &gt; GETs /pve/system with cuid and the access-token param when authenticated" time="0.003094875">
        </testcase>
        <testcase classname="src/app/workspace/service/virtual-environment/virtual-environment.service.spec.ts" name="WorkflowPveService &gt; token-parameterized endpoints &gt; getSystemPackages() &gt; omits the access-token param when unauthenticated" time="0.002685125">
        </testcase>
        <testcase classname="src/app/workspace/service/virtual-environment/virtual-environment.service.spec.ts" name="WorkflowPveService &gt; token-parameterized endpoints &gt; fetchPVEs() &gt; GETs /pve/pves with the cuid param and returns the records" time="0.003253792">
        </testcase>
        <testcase classname="src/app/workspace/service/virtual-environment/virtual-environment.service.spec.ts" name="WorkflowPveService &gt; token-parameterized endpoints &gt; getUserPackages() &gt; returns the userPackages of the matching PVE" time="0.002808417">
        </testcase>
        <testcase classname="src/app/workspace/service/virtual-environment/virtual-environment.service.spec.ts" name="WorkflowPveService &gt; token-parameterized endpoints &gt; getUserPackages() &gt; returns an empty array when no PVE matches the given name" time="0.001716834">
        </testcase>
        <testcase classname="src/app/workspace/service/virtual-environment/virtual-environment.service.spec.ts" name="WorkflowPveService &gt; token-parameterized endpoints &gt; deleteEnvironments() &gt; DELETEs /pve/pves/{cuid}" time="0.0021165">
        </testcase>
        <testcase classname="src/app/workspace/service/virtual-environment/virtual-environment.service.spec.ts" name="WorkflowPveService &gt; token-parameterized endpoints &gt; deletePackage() &gt; DELETEs a URL-encoded package path with the access-token param when authenticated" time="0.001735416">
        </testcase>
        <testcase classname="src/app/workspace/service/virtual-environment/virtual-environment.service.spec.ts" name="WorkflowPveService &gt; token-parameterized endpoints &gt; deletePackage() &gt; omits the access-token param when unauthenticated" time="0.001139416">
        </testcase>
        <testcase classname="src/app/workspace/service/virtual-environment/virtual-environment.service.spec.ts" name="WorkflowPveService &gt; getPveWebSocketUrl() &gt; uses the ws:// scheme over http and encodes an empty package list with no token param" time="0.00111325">
        </testcase>
        <testcase classname="src/app/workspace/service/virtual-environment/virtual-environment.service.spec.ts" name="WorkflowPveService &gt; getPveWebSocketUrl() &gt; uses the wss:// scheme over https" time="0.001998292">
        </testcase>
        <testcase classname="src/app/workspace/service/virtual-environment/virtual-environment.service.spec.ts" name="WorkflowPveService &gt; getPveWebSocketUrl() &gt; appends the access-token param when authenticated and URL-encodes it" time="0.002272958">
        </testcase>
        <testcase classname="src/app/workspace/service/virtual-environment/virtual-environment.service.spec.ts" name="WorkflowPveService &gt; getPveWebSocketUrl() &gt; JSON-encodes the packages list and URL-encodes the pveName" time="0.001890167">
        </testcase>
    </testsuite>
    <testsuite name="src/app/workspace/service/workflow-console/workflow-console.service.spec.ts" timestamp="2026-09-01T22:49:41.722Z" hostname="dhcp-172-27-096-224.mobile.uci.edu" tests="5" failures="0" errors="0" skipped="0" time="0.004393333">
        <testcase classname="src/app/workspace/service/workflow-console/workflow-console.service.spec.ts" name="WorkflowConsoleService &gt; should be created" time="0.001573334">
        </testcase>
        <testcase classname="src/app/workspace/service/workflow-console/workflow-console.service.spec.ts" name="WorkflowConsoleService &gt; buffers messages from a ConsoleUpdateEvent and exposes them per operator" time="0.000971208">
        </testcase>
        <testcase classname="src/app/workspace/service/workflow-console/workflow-console.service.spec.ts" name="WorkflowConsoleService &gt; clearConsoleMessages() removes all messages and notifies subscribers" time="0.000654583">
        </testcase>
        <testcase classname="src/app/workspace/service/workflow-console/workflow-console.service.spec.ts" name="WorkflowConsoleService &gt; clears the console store when the workflow re-initializes (WorkflowStateEvent)" time="0.000524166">
        </testcase>
        <testcase classname="src/app/workspace/service/workflow-console/workflow-console.service.spec.ts" name="WorkflowConsoleService &gt; leaves the store untouched for a non-initializing workflow state event" time="0.0004965">
        </testcase>
    </testsuite>
    <testsuite name="src/app/workspace/service/workflow-result/workflow-result.service.spec.ts" timestamp="2026-09-01T22:49:41.723Z" hostname="dhcp-172-27-096-224.mobile.uci.edu" tests="29" failures="0" errors="0" skipped="0" time="0.085689541">
        <testcase classname="src/app/workspace/service/workflow-result/workflow-result.service.spec.ts" name="WorkflowResultService &gt; should be created" time="0.00130075">
        </testcase>
        <testcase classname="src/app/workspace/service/workflow-result/workflow-result.service.spec.ts" name="WorkflowResultService &gt; clearResults() drops cached operator results" time="0.000607833">
        </testcase>
        <testcase classname="src/app/workspace/service/workflow-result/workflow-result.service.spec.ts" name="WorkflowResultService &gt; clearResults() resets table stats to empty for subscribers" time="0.0006305">
        </testcase>
        <testcase classname="src/app/workspace/service/workflow-result/workflow-result.service.spec.ts" name="WorkflowResultService &gt; clearResults() emits on the cleared stream so the UI tears down stale frames" time="0.000568042">
        </testcase>
        <testcase classname="src/app/workspace/service/workflow-result/workflow-result.service.spec.ts" name="WorkflowResultService &gt; routes pagination updates to a paginated service and data updates to a result service" time="0.008423834">
        </testcase>
        <testcase classname="src/app/workspace/service/workflow-result/workflow-result.service.spec.ts" name="WorkflowResultService &gt; announces newly-created operators on the result-initiate stream" time="0.003631625">
        </testcase>
        <testcase classname="src/app/workspace/service/workflow-result/workflow-result.service.spec.ts" name="WorkflowResultService &gt; creates no result service for a cleared operator entry but still forwards the update record" time="0.00195275">
        </testcase>
        <testcase classname="src/app/workspace/service/workflow-result/workflow-result.service.spec.ts" name="WorkflowResultService &gt; reuses the existing result service for a second data update and announces the operator only once" time="0.001858042">
        </testcase>
        <testcase classname="src/app/workspace/service/workflow-result/workflow-result.service.spec.ts" name="WorkflowResultService &gt; reuses the existing paginated service for a second pagination update and announces it only once" time="0.003994375">
        </testcase>
        <testcase classname="src/app/workspace/service/workflow-result/workflow-result.service.spec.ts" name="WorkflowResultService &gt; feeds table stats to the matching paginated service and republishes the snapshot" time="0.005562875">
        </testcase>
        <testcase classname="src/app/workspace/service/workflow-result/workflow-result.service.spec.ts" name="WorkflowResultService &gt; switches an operator from data output to paginated output and clears the stale service" time="0.003481917">
        </testcase>
        <testcase classname="src/app/workspace/service/workflow-result/workflow-result.service.spec.ts" name="WorkflowResultService &gt; determineOutputTypes distinguishes binary from non-binary paginated output" time="0.002245667">
        </testcase>
        <testcase classname="src/app/workspace/service/workflow-result/workflow-result.service.spec.ts" name="WorkflowResultService &gt; determineOutputTypes marks a data-only operator as visualization output" time="0.002496083">
        </testcase>
        <testcase classname="src/app/workspace/service/workflow-result/workflow-result.service.spec.ts" name="WorkflowResultService &gt; determineOutputTypes returns all-false for an operator with no results" time="0.004379875">
        </testcase>
        <testcase classname="src/app/workspace/service/workflow-result/workflow-result.service.spec.ts" name="WorkflowResultService &gt; determineOutputExtension short-circuits the &apos;data&apos; extension" time="0.013274334">
        </testcase>
        <testcase classname="src/app/workspace/service/workflow-result/workflow-result.service.spec.ts" name="WorkflowResultService &gt; determineOutputExtension returns html for visualization output" time="0.0069775">
        </testcase>
        <testcase classname="src/app/workspace/service/workflow-result/workflow-result.service.spec.ts" name="WorkflowResultService &gt; determineOutputExtension keeps csv for table output and passes other extensions through" time="0.005369958">
        </testcase>
        <testcase classname="src/app/workspace/service/workflow-result/workflow-result.service.spec.ts" name="OperatorPaginationResultService &gt; getSchema &gt; should return the current schema" time="0.003015792">
        </testcase>
        <testcase classname="src/app/workspace/service/workflow-result/workflow-result.service.spec.ts" name="OperatorPaginationResultService &gt; selectTuple &gt; should return the correct tuple and schema" time="0.001567125">
        </testcase>
        <testcase classname="src/app/workspace/service/workflow-result/workflow-result.service.spec.ts" name="OperatorPaginationResultService &gt; selectTuple &gt; should handle out-of-bounds tuple index" time="0.000587083">
        </testcase>
        <testcase classname="src/app/workspace/service/workflow-result/workflow-result.service.spec.ts" name="OperatorPaginationResultService &gt; selectPage &gt; returns the cached page without contacting the server" time="0.00207725">
        </testcase>
        <testcase classname="src/app/workspace/service/workflow-result/workflow-result.service.spec.ts" name="OperatorPaginationResultService &gt; selectPage &gt; fetches from the server and resolves once the matching page event arrives" time="0.005090958">
        </testcase>
        <testcase classname="src/app/workspace/service/workflow-result/workflow-result.service.spec.ts" name="OperatorPaginationResultService &gt; selectPage &gt; bypasses the frontend cache when column filters are set" time="0.002432959">
        </testcase>
        <testcase classname="src/app/workspace/service/workflow-result/workflow-result.service.spec.ts" name="OperatorPaginationResultService &gt; handleResultUpdate &gt; records the total tuple count and evicts only the dirty pages" time="0.000495916">
        </testcase>
        <testcase classname="src/app/workspace/service/workflow-result/workflow-result.service.spec.ts" name="OperatorPaginationResultService &gt; handleStatsUpdate &gt; replaces the current stats on each update" time="0.000366875">
        </testcase>
        <testcase classname="src/app/workspace/service/workflow-result/workflow-result.service.spec.ts" name="OperatorPaginationResultService &gt; reset &gt; clears caches, pending requests, page index and tuple total" time="0.000240875">
        </testcase>
        <testcase classname="src/app/workspace/service/workflow-result/workflow-result.service.spec.ts" name="OperatorPaginationResultService &gt; incoming page events &gt; refreshes the schema but ignores events whose request id is unknown" time="0.000281167">
        </testcase>
        <testcase classname="src/app/workspace/service/workflow-result/workflow-result.service.spec.ts" name="OperatorResultService &gt; exposes the latest snapshot and clears it on reset" time="0.000379417">
        </testcase>
        <testcase classname="src/app/workspace/service/workflow-result/workflow-result.service.spec.ts" name="OperatorResultService &gt; ignores delta-mode updates and keeps the last snapshot" time="0.000254042">
        </testcase>
    </testsuite>
    <testsuite name="src/app/workspace/service/workflow-result-export/workflow-result-export.service.spec.ts" timestamp="2026-09-01T22:49:41.724Z" hostname="dhcp-172-27-096-224.mobile.uci.edu" tests="30" failures="0" errors="0" skipped="0" time="0.105879292">
        <testcase classname="src/app/workspace/service/workflow-result-export/workflow-result-export.service.spec.ts" name="WorkflowResultExportService &gt; should be created" time="0.003340708">
        </testcase>
        <testcase classname="src/app/workspace/service/workflow-result-export/workflow-result-export.service.spec.ts" name="WorkflowResultExportService &gt; resetFlags clears the highlighted flag and resets the all-operators subject to false" time="0.002418375">
        </testcase>
        <testcase classname="src/app/workspace/service/workflow-result-export/workflow-result-export.service.spec.ts" name="WorkflowResultExportService &gt; computeRestrictionAnalysis &gt; returns an empty restriction map without hitting the backend when the workflow has no id" time="0.003678667">
        </testcase>
        <testcase classname="src/app/workspace/service/workflow-result-export/workflow-result-export.service.spec.ts" name="WorkflowResultExportService &gt; computeRestrictionAnalysis &gt; maps the backend response into a Map of operatorId -&gt; Set&lt;datasetLabel&gt;" time="0.002282292">
        </testcase>
        <testcase classname="src/app/workspace/service/workflow-result-export/workflow-result-export.service.spec.ts" name="WorkflowResultExportService &gt; computeRestrictionAnalysis &gt; falls back to an empty restriction map when the backend call errors" time="0.002140125">
        </testcase>
        <testcase classname="src/app/workspace/service/workflow-result-export/workflow-result-export.service.spec.ts" name="WorkflowResultExportService &gt; export flow (exportWorkflowExecutionResult / performExport) &gt; does nothing when export is disabled in the gui config" time="0.00266625">
        </testcase>
        <testcase classname="src/app/workspace/service/workflow-result-export/workflow-result-export.service.spec.ts" name="WorkflowResultExportService &gt; export flow (exportWorkflowExecutionResult / performExport) &gt; errors when the computing unit is null" time="0.002403">
        </testcase>
        <testcase classname="src/app/workspace/service/workflow-result-export/workflow-result-export.service.spec.ts" name="WorkflowResultExportService &gt; export flow (exportWorkflowExecutionResult / performExport) &gt; errors when the workflow id is not available" time="0.002004333">
        </testcase>
        <testcase classname="src/app/workspace/service/workflow-result-export/workflow-result-export.service.spec.ts" name="WorkflowResultExportService &gt; export flow (exportWorkflowExecutionResult / performExport) &gt; does nothing when no operators are selected (highlighted export with empty selection)" time="0.002612291">
        </testcase>
        <testcase classname="src/app/workspace/service/workflow-result-export/workflow-result-export.service.spec.ts" name="WorkflowResultExportService &gt; export flow (exportWorkflowExecutionResult / performExport) &gt; errors (no export) when every selected operator is blocked by a non-downloadable dataset" time="0.004276333">
        </testcase>
        <testcase classname="src/app/workspace/service/workflow-result-export/workflow-result-export.service.spec.ts" name="WorkflowResultExportService &gt; export flow (exportWorkflowExecutionResult / performExport) &gt; warns and still exports the unblocked operators when only some are blocked" time="0.003559334">
        </testcase>
        <testcase classname="src/app/workspace/service/workflow-result-export/workflow-result-export.service.spec.ts" name="WorkflowResultExportService &gt; export flow (exportWorkflowExecutionResult / performExport) &gt; errors without a dataset list when every operator is blocked but no dataset was named" time="0.002479584">
        </testcase>
        <testcase classname="src/app/workspace/service/workflow-result-export/workflow-result-export.service.spec.ts" name="WorkflowResultExportService &gt; export flow (exportWorkflowExecutionResult / performExport) &gt; warns without a dataset list when only some operators are blocked and no dataset was named" time="0.003173125">
        </testcase>
        <testcase classname="src/app/workspace/service/workflow-result-export/workflow-result-export.service.spec.ts" name="WorkflowResultExportService &gt; export flow (exportWorkflowExecutionResult / performExport) &gt; exports to dataset and reports success on a success response" time="0.002305542">
        </testcase>
        <testcase classname="src/app/workspace/service/workflow-result-export/workflow-result-export.service.spec.ts" name="WorkflowResultExportService &gt; export flow (exportWorkflowExecutionResult / performExport) &gt; reports the server message when the dataset export response is not successful" time="0.002053375">
        </testcase>
        <testcase classname="src/app/workspace/service/workflow-result-export/workflow-result-export.service.spec.ts" name="WorkflowResultExportService &gt; export flow (exportWorkflowExecutionResult / performExport) &gt; reports a default error message when the dataset export response has no body" time="0.00240275">
        </testcase>
        <testcase classname="src/app/workspace/service/workflow-result-export/workflow-result-export.service.spec.ts" name="WorkflowResultExportService &gt; export flow (exportWorkflowExecutionResult / performExport) &gt; reports the extracted error message when the dataset export call fails" time="0.007378958">
        </testcase>
        <testcase classname="src/app/workspace/service/workflow-result-export/workflow-result-export.service.spec.ts" name="WorkflowResultExportService &gt; export flow (exportWorkflowExecutionResult / performExport) &gt; reports the error payload itself when the failure carries no nested message" time="0.002478708">
        </testcase>
        <testcase classname="src/app/workspace/service/workflow-result-export/workflow-result-export.service.spec.ts" name="WorkflowResultExportService &gt; export flow (exportWorkflowExecutionResult / performExport) &gt; reports the raw failure when it carries no error field at all" time="0.002026791">
        </testcase>
        <testcase classname="src/app/workspace/service/workflow-result-export/workflow-result-export.service.spec.ts" name="WorkflowResultExportService &gt; export flow (exportWorkflowExecutionResult / performExport) &gt; routes to the local-filesystem export when destination is &apos;local&apos;" time="0.00277025">
        </testcase>
        <testcase classname="src/app/workspace/service/workflow-result-export/workflow-result-export.service.spec.ts" name="WorkflowResultExportService &gt; updateExportAvailabilityFlags &gt; marks results exportable when execution is idle and operators have a result snapshot" time="0.018070583">
        </testcase>
        <testcase classname="src/app/workspace/service/workflow-result-export/workflow-result-export.service.spec.ts" name="WorkflowResultExportService &gt; updateExportAvailabilityFlags &gt; marks only the matching flag exportable when just the highlighted selection has a result" time="0.002292375">
        </testcase>
        <testcase classname="src/app/workspace/service/workflow-result-export/workflow-result-export.service.spec.ts" name="WorkflowResultExportService &gt; updateExportAvailabilityFlags &gt; marks only the matching flag exportable when just an unselected operator elsewhere on the canvas has a result" time="0.017365">
        </testcase>
        <testcase classname="src/app/workspace/service/workflow-result-export/workflow-result-export.service.spec.ts" name="WorkflowResultExportService &gt; updateExportAvailabilityFlags &gt; keeps results non-exportable while a workflow is still executing" time="0.007194">
        </testcase>
        <testcase classname="src/app/workspace/service/workflow-result-export/workflow-result-export.service.spec.ts" name="WorkflowResultExportService &gt; getExportOnAllOperatorsStatusStream emits the current all-operators availability value" time="0.001158916">
        </testcase>
        <testcase classname="src/app/workspace/service/workflow-result-export/workflow-result-export.service.spec.ts" name="WorkflowResultDownloadability &gt; getExportableOperatorIds keeps only operators absent from the restricted map" time="0.000089125">
        </testcase>
        <testcase classname="src/app/workspace/service/workflow-result-export/workflow-result-export.service.spec.ts" name="WorkflowResultDownloadability &gt; getBlockedOperatorIds keeps only operators present in the restricted map" time="0.000071625">
        </testcase>
        <testcase classname="src/app/workspace/service/workflow-result-export/workflow-result-export.service.spec.ts" name="WorkflowResultDownloadability &gt; getBlockingDatasets returns the deduped union of blocking dataset labels" time="0.000111667">
        </testcase>
        <testcase classname="src/app/workspace/service/workflow-result-export/workflow-result-export.service.spec.ts" name="WorkflowResultDownloadability &gt; getBlockingDatasets returns an empty array for unrestricted operators" time="0.000060833">
        </testcase>
        <testcase classname="src/app/workspace/service/workflow-result-export/workflow-result-export.service.spec.ts" name="WorkflowResultDownloadability &gt; treats every operator as exportable when the restricted map is empty" time="0.000065708">
        </testcase>
    </testsuite>
    <testsuite name="src/app/workspace/service/workflow-status/operator-reuse-cache-status.service.spec.ts" timestamp="2026-09-01T22:49:41.726Z" hostname="dhcp-172-27-096-224.mobile.uci.edu" tests="6" failures="0" errors="0" skipped="0" time="0.01008675">
        <testcase classname="src/app/workspace/service/workflow-status/operator-reuse-cache-status.service.spec.ts" name="OperatorCacheStatusService &gt; should be created" time="0.003892917">
        </testcase>
        <testcase classname="src/app/workspace/service/workflow-status/operator-reuse-cache-status.service.spec.ts" name="OperatorCacheStatusService - behavior &gt; calls changeOperatorReuseCacheStatus for each operator in a CacheStatusUpdateEvent" time="0.003385334">
        </testcase>
        <testcase classname="src/app/workspace/service/workflow-status/operator-reuse-cache-status.service.spec.ts" name="OperatorCacheStatusService - behavior &gt; does not call changeOperatorReuseCacheStatus when mainJointPaper is null on CacheStatusUpdateEvent" time="0.000973125">
        </testcase>
        <testcase classname="src/app/workspace/service/workflow-status/operator-reuse-cache-status.service.spec.ts" name="OperatorCacheStatusService - behavior &gt; calls changeOperatorReuseCacheStatus for all ops in a reuse cache operators changed event" time="0.000689">
        </testcase>
        <testcase classname="src/app/workspace/service/workflow-status/operator-reuse-cache-status.service.spec.ts" name="OperatorCacheStatusService - behavior &gt; does not call changeOperatorReuseCacheStatus when mainJointPaper is null on reuse cache changed event" time="0.000430167">
        </testcase>
        <testcase classname="src/app/workspace/service/workflow-status/operator-reuse-cache-status.service.spec.ts" name="OperatorCacheStatusService - behavior &gt; does not throw when reuse cache changed event has empty operator lists" time="0.000438584">
        </testcase>
    </testsuite>
    <testsuite name="src/app/workspace/service/workflow-status/performance-metrics.spec.ts" timestamp="2026-09-01T22:49:41.726Z" hostname="dhcp-172-27-096-224.mobile.uci.edu" tests="4" failures="0" errors="0" skipped="0" time="0.000828417">
        <testcase classname="src/app/workspace/service/workflow-status/performance-metrics.spec.ts" name="extractPerformanceMetrics &gt; maps every field from a full statistics object" time="0.000329208">
        </testcase>
        <testcase classname="src/app/workspace/service/workflow-status/performance-metrics.spec.ts" name="extractPerformanceMetrics &gt; keeps data and control processing time as separate fields" time="0.000098917">
        </testcase>
        <testcase classname="src/app/workspace/service/workflow-status/performance-metrics.spec.ts" name="extractPerformanceMetrics &gt; defaults missing metric fields to 0 and numWorkers to 1 (no NaN, no undefined)" time="0.000133209">
        </testcase>
        <testcase classname="src/app/workspace/service/workflow-status/performance-metrics.spec.ts" name="extractPerformanceMetrics &gt; defaults a missing worker count to 1 and passes a real count through" time="0.000118834">
        </testcase>
    </testsuite>
    <testsuite name="src/app/workspace/service/workflow-status/workflow-status.service.spec.ts" timestamp="2026-09-01T22:49:41.726Z" hostname="dhcp-172-27-096-224.mobile.uci.edu" tests="8" failures="0" errors="0" skipped="0" time="0.014662375">
        <testcase classname="src/app/workspace/service/workflow-status/workflow-status.service.spec.ts" name="WorkflowStatusService &gt; forwards an OperatorStatisticsUpdateEvent to the status stream" time="0.002217375">
        </testcase>
        <testcase classname="src/app/workspace/service/workflow-status/workflow-status.service.spec.ts" name="WorkflowStatusService &gt; ignores websocket events of other types" time="0.002655416">
        </testcase>
        <testcase classname="src/app/workspace/service/workflow-status/workflow-status.service.spec.ts" name="WorkflowStatusService &gt; derives performance metrics from a status update" time="0.0020005">
        </testcase>
        <testcase classname="src/app/workspace/service/workflow-status/workflow-status.service.spec.ts" name="WorkflowStatusService &gt; keys the derived metrics by operator id, including unicode ids" time="0.00178125">
        </testcase>
        <testcase classname="src/app/workspace/service/workflow-status/workflow-status.service.spec.ts" name="WorkflowStatusService &gt; seeds the performance-metrics stream with an empty map for late subscribers" time="0.001338833">
        </testcase>
        <testcase classname="src/app/workspace/service/workflow-status/workflow-status.service.spec.ts" name="WorkflowStatusService &gt; defaults missing optional fields to 0 when deriving metrics" time="0.001543584">
        </testcase>
        <testcase classname="src/app/workspace/service/workflow-status/workflow-status.service.spec.ts" name="WorkflowStatusService &gt; resetStatus zeros the metrics for known operators" time="0.001196959">
        </testcase>
        <testcase classname="src/app/workspace/service/workflow-status/workflow-status.service.spec.ts" name="WorkflowStatusService &gt; clearStatus empties both the status and performance-metrics snapshots" time="0.001193083">
        </testcase>
    </testsuite>
    <testsuite name="src/app/workspace/service/workflow-websocket/workflow-websocket.service.spec.ts" timestamp="2026-09-01T22:49:41.727Z" hostname="dhcp-172-27-096-224.mobile.uci.edu" tests="14" failures="0" errors="0" skipped="0" time="0.020395459">
        <testcase classname="src/app/workspace/service/workflow-websocket/workflow-websocket.service.spec.ts" name="WorkflowWebsocketService &gt; should be created" time="0.002671208">
        </testcase>
        <testcase classname="src/app/workspace/service/workflow-websocket/workflow-websocket.service.spec.ts" name="WorkflowWebsocketService &gt; should close the previous status subscription when openWebsocket is called again" time="0.002115041">
            <system-out>
websocketUrl ws://localhost:3000/wsapi/workflow-websocket?wid=1&amp;uid=1&amp;cuid=1
websocketUrl ws://localhost:3000/wsapi/workflow-websocket?wid=1&amp;uid=1&amp;cuid=1

            </system-out>
        </testcase>
        <testcase classname="src/app/workspace/service/workflow-websocket/workflow-websocket.service.spec.ts" name="WorkflowWebsocketService &gt; should reset the cached worker count when the websocket is closed" time="0.000679083">
        </testcase>
        <testcase classname="src/app/workspace/service/workflow-websocket/workflow-websocket.service.spec.ts" name="WorkflowWebsocketService &gt; websocketEvent surfaces events pushed onto the response stream" time="0.000506083">
        </testcase>
        <testcase classname="src/app/workspace/service/workflow-websocket/workflow-websocket.service.spec.ts" name="WorkflowWebsocketService &gt; getConnectionStatusStream reflects updateConnectionStatus transitions and guards duplicates" time="0.00037025">
        </testcase>
        <testcase classname="src/app/workspace/service/workflow-websocket/workflow-websocket.service.spec.ts" name="WorkflowWebsocketService &gt; openWebsocket routes an incoming socket message to websocketEvent and marks the connection up" time="0.0010185">
            <system-out>
websocketUrl ws://localhost:3000/wsapi/workflow-websocket?wid=1&amp;uid=1&amp;cuid=1

            </system-out>
        </testcase>
        <testcase classname="src/app/workspace/service/workflow-websocket/workflow-websocket.service.spec.ts" name="WorkflowWebsocketService &gt; handshake URL and reconnection &gt; defaults the user id to 1 and says so when openWebsocket is called without one" time="0.000772167">
            <system-out>
uId is undefined, defaulting to uId = 1
websocketUrl ws://localhost:3000/wsapi/workflow-websocket?wid=7&amp;uid=1

            </system-out>
        </testcase>
        <testcase classname="src/app/workspace/service/workflow-websocket/workflow-websocket.service.spec.ts" name="WorkflowWebsocketService &gt; handshake URL and reconnection &gt; carries the computing-unit id in the handshake URL, and leaves the parameter out when none is given" time="0.000732333">
            <system-out>
websocketUrl ws://localhost:3000/wsapi/workflow-websocket?wid=3&amp;uid=9&amp;cuid=5
websocketUrl ws://localhost:3000/wsapi/workflow-websocket?wid=3&amp;uid=9

            </system-out>
        </testcase>
        <testcase classname="src/app/workspace/service/workflow-websocket/workflow-websocket.service.spec.ts" name="WorkflowWebsocketService &gt; handshake URL and reconnection &gt; appends the stored access token to the handshake URL, and nothing when there is none" time="0.000947209">
            <system-out>
websocketUrl ws://localhost:3000/wsapi/workflow-websocket?wid=1&amp;uid=1&amp;cuid=1&amp;access-token=tok-abc
websocketUrl ws://localhost:3000/wsapi/workflow-websocket?wid=1&amp;uid=1&amp;cuid=1

            </system-out>
        </testcase>
        <testcase classname="src/app/workspace/service/workflow-websocket/workflow-websocket.service.spec.ts" name="WorkflowWebsocketService &gt; handshake URL and reconnection &gt; reports the drop, waits out the reconnect delay, then redials and resends a heartbeat" time="0.006949666">
            <system-out>
websocketUrl ws://localhost:3000/wsapi/workflow-websocket?wid=1&amp;uid=1&amp;cuid=1
websocket connection lost, reconnecting in 3 seconds

            </system-out>
        </testcase>
        <testcase classname="src/app/workspace/service/workflow-websocket/workflow-websocket.service.spec.ts" name="WorkflowWebsocketService &gt; handshake URL and reconnection &gt; merges the request payload into the frame it puts on the wire" time="0.001345334">
            <system-out>
websocketUrl ws://localhost:3000/wsapi/workflow-websocket?wid=1&amp;uid=1&amp;cuid=1

            </system-out>
        </testcase>
        <testcase classname="src/app/workspace/service/workflow-websocket/workflow-websocket.service.spec.ts" name="WorkflowWebsocketService &gt; handshake URL and reconnection &gt; keeps the connection alive by sending a heartbeat once every interval" time="0.000926875">
            <system-out>
websocketUrl ws://localhost:3000/wsapi/workflow-websocket?wid=1&amp;uid=1&amp;cuid=1

            </system-out>
        </testcase>
        <testcase classname="src/app/workspace/service/workflow-websocket/workflow-websocket.service.spec.ts" name="WorkflowWebsocketService &gt; handshake URL and reconnection &gt; adopts the worker count carried by a ClusterStatusUpdateEvent" time="0.000623">
            <system-out>
websocketUrl ws://localhost:3000/wsapi/workflow-websocket?wid=1&amp;uid=1&amp;cuid=1

            </system-out>
        </testcase>
        <testcase classname="src/app/workspace/service/workflow-websocket/workflow-websocket.service.spec.ts" name="WorkflowWebsocketService &gt; handshake URL and reconnection &gt; leaves the worker count alone for events that are not cluster status updates" time="0.000504458">
            <system-out>
websocketUrl ws://localhost:3000/wsapi/workflow-websocket?wid=1&amp;uid=1&amp;cuid=1

            </system-out>
        </testcase>
    </testsuite>
    <testsuite name="src/app/common/service/computing-unit/computing-unit-actions/computing-unit-actions.service.spec.ts" timestamp="2026-09-01T22:49:41.728Z" hostname="dhcp-172-27-096-224.mobile.uci.edu" tests="13" failures="0" errors="0" skipped="0" time="0.011795208">
        <testcase classname="src/app/common/service/computing-unit/computing-unit-actions/computing-unit-actions.service.spec.ts" name="ComputingUnitActionsService &gt; should be created" time="0.001441666">
        </testcase>
        <testcase classname="src/app/common/service/computing-unit/computing-unit-actions/computing-unit-actions.service.spec.ts" name="ComputingUnitActionsService &gt; create &gt; routes a kubernetes request to createKubernetesBasedComputingUnit" time="0.000999209">
        </testcase>
        <testcase classname="src/app/common/service/computing-unit/computing-unit-actions/computing-unit-actions.service.spec.ts" name="ComputingUnitActionsService &gt; create &gt; routes a local request to createLocalComputingUnit with name and localUri" time="0.000810167">
        </testcase>
        <testcase classname="src/app/common/service/computing-unit/computing-unit-actions/computing-unit-actions.service.spec.ts" name="ComputingUnitActionsService &gt; create &gt; throws for an unsupported computing unit type" time="0.000522333">
        </testcase>
        <testcase classname="src/app/common/service/computing-unit/computing-unit-actions/computing-unit-actions.service.spec.ts" name="ComputingUnitActionsService &gt; openShareAccessModal &gt; opens the share modal seeded with the computing unit id and workspace flag" time="0.00052375">
        </testcase>
        <testcase classname="src/app/common/service/computing-unit/computing-unit-actions/computing-unit-actions.service.spec.ts" name="ComputingUnitActionsService &gt; openShareAccessModal &gt; defaults inWorkspace to true" time="0.000409208">
        </testcase>
        <testcase classname="src/app/common/service/computing-unit/computing-unit-actions/computing-unit-actions.service.spec.ts" name="ComputingUnitActionsService &gt; confirmAndTerminate &gt; errors and skips the modal when the unit has no uri" time="0.001511583">
        </testcase>
        <testcase classname="src/app/common/service/computing-unit/computing-unit-actions/computing-unit-actions.service.spec.ts" name="ComputingUnitActionsService &gt; confirmAndTerminate &gt; opens a confirmation modal for a valid unit" time="0.00098075">
        </testcase>
        <testcase classname="src/app/common/service/computing-unit/computing-unit-actions/computing-unit-actions.service.spec.ts" name="ComputingUnitActionsService &gt; confirmAndTerminate &gt; notifies success when the confirmed termination succeeds" time="0.000589084">
        </testcase>
        <testcase classname="src/app/common/service/computing-unit/computing-unit-actions/computing-unit-actions.service.spec.ts" name="ComputingUnitActionsService &gt; confirmAndTerminate &gt; notifies an error when the confirmed termination reports failure" time="0.000440792">
        </testcase>
        <testcase classname="src/app/common/service/computing-unit/computing-unit-actions/computing-unit-actions.service.spec.ts" name="ComputingUnitActionsService &gt; confirmAndTerminate &gt; uses the disconnect wording and shows no destructive warning for a local unit" time="0.0004385">
        </testcase>
        <testcase classname="src/app/common/service/computing-unit/computing-unit-actions/computing-unit-actions.service.spec.ts" name="ComputingUnitActionsService &gt; confirmAndTerminate &gt; falls back to the kubernetes copy when the unit carries no type" time="0.002012875">
        </testcase>
        <testcase classname="src/app/common/service/computing-unit/computing-unit-actions/computing-unit-actions.service.spec.ts" name="ComputingUnitActionsService &gt; confirmAndTerminate &gt; notifies an error with the extracted message when the termination observable errors" time="0.000820792">
        </testcase>
    </testsuite>
    <testsuite name="src/app/common/service/computing-unit/computing-unit-status/computing-unit-status.service.spec.ts" timestamp="2026-09-01T22:49:41.730Z" hostname="dhcp-172-27-096-224.mobile.uci.edu" tests="27" failures="0" errors="0" skipped="0" time="0.019969708">
        <testcase classname="src/app/common/service/computing-unit/computing-unit-status/computing-unit-status.service.spec.ts" name="ComputingUnitStatusService &gt; should be created" time="0.002804459">
        </testcase>
        <testcase classname="src/app/common/service/computing-unit/computing-unit-status/computing-unit-status.service.spec.ts" name="ComputingUnitStatusService &gt; reconnects when re-selecting the same workflow after disconnect (regression #3120)" time="0.002002417">
        </testcase>
        <testcase classname="src/app/common/service/computing-unit/computing-unit-status/computing-unit-status.service.spec.ts" name="ComputingUnitStatusService &gt; disconnect() clears the selected computing unit" time="0.000939709">
        </testcase>
        <testcase classname="src/app/common/service/computing-unit/computing-unit-status/computing-unit-status.service.spec.ts" name="ComputingUnitStatusService &gt; emits a connection-reset signal when switching to a different computing unit (issue #3120)" time="0.000705541">
        </testcase>
        <testcase classname="src/app/common/service/computing-unit/computing-unit-status/computing-unit-status.service.spec.ts" name="ComputingUnitStatusService &gt; emits a connection-reset signal when switching units even if the socket already dropped (issue #3120)" time="0.000551833">
        </testcase>
        <testcase classname="src/app/common/service/computing-unit/computing-unit-status/computing-unit-status.service.spec.ts" name="ComputingUnitStatusService &gt; getAllComputingUnits() replays the current list and forwards later updates" time="0.000485125">
        </testcase>
        <testcase classname="src/app/common/service/computing-unit/computing-unit-status/computing-unit-status.service.spec.ts" name="ComputingUnitStatusService &gt; getSelectedComputingUnitValue() returns null before any unit is selected" time="0.000397708">
        </testcase>
        <testcase classname="src/app/common/service/computing-unit/computing-unit-status/computing-unit-status.service.spec.ts" name="ComputingUnitStatusService &gt; getSelectedComputingUnitValue() reflects the unit chosen via selectComputingUnit()" time="0.000426666">
        </testcase>
        <testcase classname="src/app/common/service/computing-unit/computing-unit-status/computing-unit-status.service.spec.ts" name="ComputingUnitStatusService &gt; getStatus() maps a null selection to NoComputingUnit" time="0.000428291">
        </testcase>
        <testcase classname="src/app/common/service/computing-unit/computing-unit-status/computing-unit-status.service.spec.ts" name="ComputingUnitStatusService &gt; getStatus() maps a Running unit to ComputingUnitState.Running" time="0.000395">
        </testcase>
        <testcase classname="src/app/common/service/computing-unit/computing-unit-status/computing-unit-status.service.spec.ts" name="ComputingUnitStatusService &gt; getStatus() maps a Pending unit to ComputingUnitState.Pending" time="0.00043875">
        </testcase>
        <testcase classname="src/app/common/service/computing-unit/computing-unit-status/computing-unit-status.service.spec.ts" name="ComputingUnitStatusService &gt; getStatus() maps an unrecognized status to Pending (default branch)" time="0.000466875">
        </testcase>
        <testcase classname="src/app/common/service/computing-unit/computing-unit-status/computing-unit-status.service.spec.ts" name="ComputingUnitStatusService &gt; refreshComputingUnitList() re-fetches the list and pushes it to subscribers" time="0.000450291">
        </testcase>
        <testcase classname="src/app/common/service/computing-unit/computing-unit-status/computing-unit-status.service.spec.ts" name="ComputingUnitStatusService &gt; updateUnitInList replaces the matching unit and leaves the others untouched" time="0.0004105">
        </testcase>
        <testcase classname="src/app/common/service/computing-unit/computing-unit-status/computing-unit-status.service.spec.ts" name="ComputingUnitStatusService &gt; setComputingUnitsState refreshes the selected unit when it is still present in the new list" time="0.000377542">
        </testcase>
        <testcase classname="src/app/common/service/computing-unit/computing-unit-status/computing-unit-status.service.spec.ts" name="ComputingUnitStatusService &gt; setComputingUnitsState clears the selection and stops polling when the selected unit disappears" time="0.000423875">
        </testcase>
        <testcase classname="src/app/common/service/computing-unit/computing-unit-status/computing-unit-status.service.spec.ts" name="ComputingUnitStatusService &gt; startPollingSelectedUnit polls the unit on each interval tick and merges the result" time="0.000794958">
        </testcase>
        <testcase classname="src/app/common/service/computing-unit/computing-unit-status/computing-unit-status.service.spec.ts" name="ComputingUnitStatusService &gt; stopPollingSelectedUnit halts further polling" time="0.000667083">
        </testcase>
        <testcase classname="src/app/common/service/computing-unit/computing-unit-status/computing-unit-status.service.spec.ts" name="ComputingUnitStatusService &gt; selectComputingUnit() cache-miss and guard branches &gt; refreshes then selects a unit that is not yet in the cache" time="0.000613792">
        </testcase>
        <testcase classname="src/app/common/service/computing-unit/computing-unit-status/computing-unit-status.service.spec.ts" name="ComputingUnitStatusService &gt; selectComputingUnit() cache-miss and guard branches &gt; does not reopen the websocket when the identical unit is re-selected" time="0.000477834">
        </testcase>
        <testcase classname="src/app/common/service/computing-unit/computing-unit-status/computing-unit-status.service.spec.ts" name="ComputingUnitStatusService &gt; selectComputingUnit() cache-miss and guard branches &gt; does nothing when the workflow id is undefined" time="0.000428834">
        </testcase>
        <testcase classname="src/app/common/service/computing-unit/computing-unit-status/computing-unit-status.service.spec.ts" name="ComputingUnitStatusService &gt; selectComputingUnit() cache-miss and guard branches &gt; reconnects when the same unit is opened under a different workflow (wid change alone)" time="0.000434208">
        </testcase>
        <testcase classname="src/app/common/service/computing-unit/computing-unit-status/computing-unit-status.service.spec.ts" name="ComputingUnitStatusService &gt; startRefreshInterval() tears down an existing refresh subscription before creating a new one" time="0.000434542">
        </testcase>
        <testcase classname="src/app/common/service/computing-unit/computing-unit-status/computing-unit-status.service.spec.ts" name="ComputingUnitStatusService &gt; terminateComputingUnit() &gt; closes the socket and clears status when terminating the connected selection" time="0.001161042">
        </testcase>
        <testcase classname="src/app/common/service/computing-unit/computing-unit-status/computing-unit-status.service.spec.ts" name="ComputingUnitStatusService &gt; terminateComputingUnit() &gt; leaves the socket untouched when terminating a non-selected unit" time="0.001554708">
        </testcase>
        <testcase classname="src/app/common/service/computing-unit/computing-unit-status/computing-unit-status.service.spec.ts" name="ComputingUnitStatusService &gt; terminateComputingUnit() &gt; skips socket teardown when the selected unit is not connected" time="0.000759625">
        </testcase>
        <testcase classname="src/app/common/service/computing-unit/computing-unit-status/computing-unit-status.service.spec.ts" name="ComputingUnitStatusService &gt; terminateComputingUnit() &gt; resolves to false when the termination request errors" time="0.000584667">
        </testcase>
    </testsuite>
    <testsuite name="src/app/common/service/computing-unit/workflow-computing-unit/workflow-computing-unit-managing.service.spec.ts" timestamp="2026-09-01T22:49:41.731Z" hostname="dhcp-172-27-096-224.mobile.uci.edu" tests="10" failures="0" errors="0" skipped="0" time="0.009289791">
        <testcase classname="src/app/common/service/computing-unit/workflow-computing-unit/workflow-computing-unit-managing.service.spec.ts" name="WorkflowComputingUnitManagingService &gt; should be created" time="0.002789833">
        </testcase>
        <testcase classname="src/app/common/service/computing-unit/workflow-computing-unit/workflow-computing-unit-managing.service.spec.ts" name="WorkflowComputingUnitManagingService &gt; createKubernetesBasedComputingUnit &gt; POSTs a kubernetes body with an empty uri and parses the resource JSON string" time="0.001595708">
        </testcase>
        <testcase classname="src/app/common/service/computing-unit/workflow-computing-unit/workflow-computing-unit-managing.service.spec.ts" name="WorkflowComputingUnitManagingService &gt; createLocalComputingUnit &gt; POSTs a local body with NaN resource placeholders and the given uri" time="0.000774209">
        </testcase>
        <testcase classname="src/app/common/service/computing-unit/workflow-computing-unit/workflow-computing-unit-managing.service.spec.ts" name="WorkflowComputingUnitManagingService &gt; resource parsing &gt; falls back to a NaN-filled resource object when the resource JSON is malformed" time="0.000490917">
        </testcase>
        <testcase classname="src/app/common/service/computing-unit/workflow-computing-unit/workflow-computing-unit-managing.service.spec.ts" name="WorkflowComputingUnitManagingService &gt; resource parsing &gt; leaves an already-parsed resource object untouched" time="0.00038975">
        </testcase>
        <testcase classname="src/app/common/service/computing-unit/workflow-computing-unit/workflow-computing-unit-managing.service.spec.ts" name="WorkflowComputingUnitManagingService &gt; terminateComputingUnit() DELETEs the terminate endpoint" time="0.000413625">
        </testcase>
        <testcase classname="src/app/common/service/computing-unit/workflow-computing-unit/workflow-computing-unit-managing.service.spec.ts" name="WorkflowComputingUnitManagingService &gt; getComputingUnitLimitOptions() GETs the limits endpoint" time="0.000342583">
        </testcase>
        <testcase classname="src/app/common/service/computing-unit/workflow-computing-unit/workflow-computing-unit-managing.service.spec.ts" name="WorkflowComputingUnitManagingService &gt; getComputingUnitTypes() GETs the types endpoint" time="0.000354625">
        </testcase>
        <testcase classname="src/app/common/service/computing-unit/workflow-computing-unit/workflow-computing-unit-managing.service.spec.ts" name="WorkflowComputingUnitManagingService &gt; listComputingUnits() GETs the list endpoint and parses every unit&apos;s resource" time="0.000414417">
        </testcase>
        <testcase classname="src/app/common/service/computing-unit/workflow-computing-unit/workflow-computing-unit-managing.service.spec.ts" name="WorkflowComputingUnitManagingService &gt; renameComputingUnit() PUTs to a URI-encoded rename endpoint" time="0.001433125">
        </testcase>
    </testsuite>
    <testsuite name="src/app/common/service/user/config/user-config.service.spec.ts" timestamp="2026-09-01T22:49:41.731Z" hostname="dhcp-172-27-096-224.mobile.uci.edu" tests="22" failures="0" errors="0" skipped="0" time="0.021605875">
        <testcase classname="src/app/common/service/user/config/user-config.service.spec.ts" name="UserConfigService &gt; should be created" time="0.00168125">
        </testcase>
        <testcase classname="src/app/common/service/user/config/user-config.service.spec.ts" name="UserConfigService &gt; starts with an empty local dictionary after the initial fetch" time="0.000804292">
        </testcase>
        <testcase classname="src/app/common/service/user/config/user-config.service.spec.ts" name="UserConfigService &gt; fetchAll &gt; issues a GET to the config endpoint and replaces the local dictionary" time="0.0006105">
        </testcase>
        <testcase classname="src/app/common/service/user/config/user-config.service.spec.ts" name="UserConfigService &gt; fetchAll &gt; notifies dictionaryChanged subscribers when the dictionary is replaced" time="0.000605125">
        </testcase>
        <testcase classname="src/app/common/service/user/config/user-config.service.spec.ts" name="UserConfigService &gt; fetchAll &gt; throws when the user is not logged in" time="0.00064375">
        </testcase>
        <testcase classname="src/app/common/service/user/config/user-config.service.spec.ts" name="UserConfigService &gt; fetchKey &gt; issues a GET to the per-key endpoint and merges the value into the local dict" time="0.001443041">
        </testcase>
        <testcase classname="src/app/common/service/user/config/user-config.service.spec.ts" name="UserConfigService &gt; fetchKey &gt; notifies dictionaryChanged subscribers only when the value actually changes" time="0.00095325">
        </testcase>
        <testcase classname="src/app/common/service/user/config/user-config.service.spec.ts" name="UserConfigService &gt; fetchKey &gt; throws when the user is not logged in" time="0.000805958">
        </testcase>
        <testcase classname="src/app/common/service/user/config/user-config.service.spec.ts" name="UserConfigService &gt; fetchKey &gt; throws when given an empty key" time="0.000660125">
        </testcase>
        <testcase classname="src/app/common/service/user/config/user-config.service.spec.ts" name="UserConfigService &gt; set &gt; issues a PUT with the value as the body and updates the local dict" time="0.000928875">
        </testcase>
        <testcase classname="src/app/common/service/user/config/user-config.service.spec.ts" name="UserConfigService &gt; set &gt; does not refire dictionaryChanged when setting the same value twice" time="0.001314875">
        </testcase>
        <testcase classname="src/app/common/service/user/config/user-config.service.spec.ts" name="UserConfigService &gt; set &gt; throws when the user is not logged in" time="0.001604666">
        </testcase>
        <testcase classname="src/app/common/service/user/config/user-config.service.spec.ts" name="UserConfigService &gt; set &gt; throws when given an empty key" time="0.001117084">
        </testcase>
        <testcase classname="src/app/common/service/user/config/user-config.service.spec.ts" name="UserConfigService &gt; delete &gt; issues a DELETE to the per-key endpoint and removes the entry from the local dict" time="0.002104167">
        </testcase>
        <testcase classname="src/app/common/service/user/config/user-config.service.spec.ts" name="UserConfigService &gt; delete &gt; is a no-op (no HTTP request) when the key is not present in the local dict" time="0.001001083">
        </testcase>
        <testcase classname="src/app/common/service/user/config/user-config.service.spec.ts" name="UserConfigService &gt; delete &gt; throws when the user is not logged in" time="0.000787917">
        </testcase>
        <testcase classname="src/app/common/service/user/config/user-config.service.spec.ts" name="UserConfigService &gt; delete &gt; throws when given an empty key" time="0.000657583">
        </testcase>
        <testcase classname="src/app/common/service/user/config/user-config.service.spec.ts" name="UserConfigService &gt; updateEntry (private, called directly) &gt; rejects a blank key even though no public caller can supply one" time="0.000570125">
        </testcase>
        <testcase classname="src/app/common/service/user/config/user-config.service.spec.ts" name="UserConfigService &gt; updateEntry (private, called directly) &gt; does not fire dictionaryChanged when told to delete a key that is absent" time="0.000402834">
        </testcase>
        <testcase classname="src/app/common/service/user/config/user-config.service.spec.ts" name="UserConfigService &gt; user-change reactions &gt; re-fetches the dictionary when a logged-in user is emitted on userChanged" time="0.0003815">
        </testcase>
        <testcase classname="src/app/common/service/user/config/user-config.service.spec.ts" name="UserConfigService &gt; user-change reactions &gt; clears the local dictionary when the user logs out" time="0.000472666">
        </testcase>
        <testcase classname="src/app/common/service/user/config/user-config.service.spec.ts" name="UserConfigService (constructed while logged out) &gt; does not fetch the dictionary on construction when nobody is logged in" time="0.001233">
        </testcase>
    </testsuite>
    <testsuite name="src/app/common/service/user/email-request-modal/email-request-modal.component.spec.ts" timestamp="2026-09-01T22:49:41.732Z" hostname="dhcp-172-27-096-224.mobile.uci.edu" tests="9" failures="0" errors="0" skipped="0" time="0.18851525">
        <testcase classname="src/app/common/service/user/email-request-modal/email-request-modal.component.spec.ts" name="EmailRequestModalComponent &gt; should create and render the template" time="0.007392417">
        </testcase>
        <testcase classname="src/app/common/service/user/email-request-modal/email-request-modal.component.spec.ts" name="EmailRequestModalComponent &gt; shows the signed-in name and starts with an empty field" time="0.067871417">
        </testcase>
        <testcase classname="src/app/common/service/user/email-request-modal/email-request-modal.component.spec.ts" name="EmailRequestModalComponent &gt; defaults to empty strings when the modal data is undefined" time="0.013490083">
        </testcase>
        <testcase classname="src/app/common/service/user/email-request-modal/email-request-modal.component.spec.ts" name="EmailRequestModalComponent &gt; getValues trims both fields" time="0.025192333">
        </testcase>
        <testcase classname="src/app/common/service/user/email-request-modal/email-request-modal.component.spec.ts" name="EmailRequestModalComponent &gt; getValues returns an empty string for an untouched field" time="0.021877708">
        </testcase>
        <testcase classname="src/app/common/service/user/email-request-modal/email-request-modal.component.spec.ts" name="EmailRequestModalComponent &gt; renders the modal-title template with the label and the logo" time="0.011964291">
        </testcase>
        <testcase classname="src/app/common/service/user/email-request-modal/email-request-modal.component.spec.ts" name="EmailRequestModalComponent &gt; names the signed-in user and writes the typed address back through ngModel" time="0.007812333">
        </testcase>
        <testcase classname="src/app/common/service/user/email-request-modal/email-request-modal.component.spec.ts" name="EmailRequestModalComponent &gt; starts on the address step with no code field on screen" time="0.007112625">
        </testcase>
        <testcase classname="src/app/common/service/user/email-request-modal/email-request-modal.component.spec.ts" name="EmailRequestModalComponent &gt; shows a second field once the step advances, and freezes the address" time="0.0252825">
        </testcase>
    </testsuite>
    <testsuite name="src/app/common/service/user/registration-request-modal/registration-request-modal.component.spec.ts" timestamp="2026-09-01T22:49:41.733Z" hostname="dhcp-172-27-096-224.mobile.uci.edu" tests="9" failures="0" errors="0" skipped="0" time="0.078248292">
        <testcase classname="src/app/common/service/user/registration-request-modal/registration-request-modal.component.spec.ts" name="RegistrationRequestModalComponent &gt; should create and render the template" time="0.015057708">
        </testcase>
        <testcase classname="src/app/common/service/user/registration-request-modal/registration-request-modal.component.spec.ts" name="RegistrationRequestModalComponent &gt; populates name and email from the modal data" time="0.006981959">
        </testcase>
        <testcase classname="src/app/common/service/user/registration-request-modal/registration-request-modal.component.spec.ts" name="RegistrationRequestModalComponent &gt; defaults name and email to empty strings when the modal data is undefined" time="0.017913542">
        </testcase>
        <testcase classname="src/app/common/service/user/registration-request-modal/registration-request-modal.component.spec.ts" name="RegistrationRequestModalComponent &gt; getValues trims the affiliation and reason" time="0.002617333">
        </testcase>
        <testcase classname="src/app/common/service/user/registration-request-modal/registration-request-modal.component.spec.ts" name="RegistrationRequestModalComponent &gt; getValues returns empty strings when affiliation and reason are unset" time="0.002470625">
        </testcase>
        <testcase classname="src/app/common/service/user/registration-request-modal/registration-request-modal.component.spec.ts" name="RegistrationRequestModalComponent &gt; renders the modal-title template with the label and the logo" time="0.012296625">
        </testcase>
        <testcase classname="src/app/common/service/user/registration-request-modal/registration-request-modal.component.spec.ts" name="RegistrationRequestModalComponent &gt; rendered form &gt; shows the signed-in identity read-only and leaves the request fields open" time="0.004026125">
        </testcase>
        <testcase classname="src/app/common/service/user/registration-request-modal/registration-request-modal.component.spec.ts" name="RegistrationRequestModalComponent &gt; rendered form &gt; collects what the user typed into each box, trimmed" time="0.003758083">
        </testcase>
        <testcase classname="src/app/common/service/user/registration-request-modal/registration-request-modal.component.spec.ts" name="RegistrationRequestModalComponent &gt; rendered form &gt; reports an untouched form as empty rather than as the identity fields" time="0.01277075">
        </testcase>
    </testsuite>
    <testsuite name="src/app/dashboard/service/admin/execution/admin-execution.service.spec.ts" timestamp="2026-09-01T22:49:41.733Z" hostname="dhcp-172-27-096-224.mobile.uci.edu" tests="4" failures="0" errors="0" skipped="0" time="0.00378425">
        <testcase classname="src/app/dashboard/service/admin/execution/admin-execution.service.spec.ts" name="AdminExecutionService &gt; should be created" time="0.001817958">
        </testcase>
        <testcase classname="src/app/dashboard/service/admin/execution/admin-execution.service.spec.ts" name="AdminExecutionService &gt; getExecutionList &gt; GETs the paginated endpoint and joins filters into a comma-separated query param" time="0.000875708">
        </testcase>
        <testcase classname="src/app/dashboard/service/admin/execution/admin-execution.service.spec.ts" name="AdminExecutionService &gt; getExecutionList &gt; sends an empty filter param when no filters are supplied" time="0.000467791">
        </testcase>
        <testcase classname="src/app/dashboard/service/admin/execution/admin-execution.service.spec.ts" name="AdminExecutionService &gt; getTotalWorkflows &gt; GETs the total-workflow count endpoint" time="0.000377875">
        </testcase>
    </testsuite>
    <testsuite name="src/app/dashboard/service/admin/guard/admin-guard.service.spec.ts" timestamp="2026-09-01T22:49:41.734Z" hostname="dhcp-172-27-096-224.mobile.uci.edu" tests="3" failures="0" errors="0" skipped="0" time="0.003570042">
        <testcase classname="src/app/dashboard/service/admin/guard/admin-guard.service.spec.ts" name="AdminGuardService &gt; allows navigation and does not redirect when the user is an admin" time="0.002039083">
        </testcase>
        <testcase classname="src/app/dashboard/service/admin/guard/admin-guard.service.spec.ts" name="AdminGuardService &gt; blocks navigation and redirects to USER_WORKFLOW when the user is a regular (non-admin) user" time="0.000803125">
        </testcase>
        <testcase classname="src/app/dashboard/service/admin/guard/admin-guard.service.spec.ts" name="AdminGuardService &gt; blocks navigation and redirects to USER_WORKFLOW when there is no signed-in user" time="0.000520875">
        </testcase>
    </testsuite>
    <testsuite name="src/app/dashboard/service/admin/settings/admin-settings.service.spec.ts" timestamp="2026-09-01T22:49:41.734Z" hostname="dhcp-172-27-096-224.mobile.uci.edu" tests="6" failures="0" errors="0" skipped="0" time="0.007679416">
        <testcase classname="src/app/dashboard/service/admin/settings/admin-settings.service.spec.ts" name="AdminSettingsService &gt; shares one public-settings request across per-key subscribers" time="0.001665875">
        </testcase>
        <testcase classname="src/app/dashboard/service/admin/settings/admin-settings.service.spec.ts" name="AdminSettingsService &gt; emits null for a key absent from the public payload" time="0.000707625">
        </testcase>
        <testcase classname="src/app/dashboard/service/admin/settings/admin-settings.service.spec.ts" name="AdminSettingsService &gt; drops the cached observable on error so the next read retries" time="0.000587792">
        </testcase>
        <testcase classname="src/app/dashboard/service/admin/settings/admin-settings.service.spec.ts" name="AdminSettingsService &gt; invalidates the public-settings cache after a save" time="0.0014775">
        </testcase>
        <testcase classname="src/app/dashboard/service/admin/settings/admin-settings.service.spec.ts" name="AdminSettingsService &gt; invalidates the public-settings cache after a reset" time="0.002104">
        </testcase>
        <testcase classname="src/app/dashboard/service/admin/settings/admin-settings.service.spec.ts" name="AdminSettingsService &gt; reads every stored setting through the bulk management endpoint" time="0.000870459">
        </testcase>
    </testsuite>
    <testsuite name="src/app/dashboard/service/admin/user/admin-user.service.spec.ts" timestamp="2026-09-01T22:49:41.734Z" hostname="dhcp-172-27-096-224.mobile.uci.edu" tests="21" failures="0" errors="0" skipped="0" time="0.1175055">
        <testcase classname="src/app/dashboard/service/admin/user/admin-user.service.spec.ts" name="AdminUserService &gt; should be created" time="0.004025583">
        </testcase>
        <testcase classname="src/app/dashboard/service/admin/user/admin-user.service.spec.ts" name="AdminUserService &gt; getUserList() GETs the list endpoint" time="0.002823">
        </testcase>
        <testcase classname="src/app/dashboard/service/admin/user/admin-user.service.spec.ts" name="AdminUserService &gt; updateUser() PUTs the full user record" time="0.002458084">
        </testcase>
        <testcase classname="src/app/dashboard/service/admin/user/admin-user.service.spec.ts" name="AdminUserService &gt; addUser() POSTs an empty body to the trailing-slash add endpoint" time="0.003477833">
        </testcase>
        <testcase classname="src/app/dashboard/service/admin/user/admin-user.service.spec.ts" name="AdminUserService &gt; getUploadedFiles() sends the uid as a user_id query param" time="0.002191">
        </testcase>
        <testcase classname="src/app/dashboard/service/admin/user/admin-user.service.spec.ts" name="AdminUserService &gt; getCreatedDatasets() sends the uid as a user_id query param" time="0.0029805">
        </testcase>
        <testcase classname="src/app/dashboard/service/admin/user/admin-user.service.spec.ts" name="AdminUserService &gt; getCreatedWorkflows() sends the uid as a user_id query param" time="0.005836291">
        </testcase>
        <testcase classname="src/app/dashboard/service/admin/user/admin-user.service.spec.ts" name="AdminUserService &gt; getAccessFiles() sends the uid as a user_id query param" time="0.006233291">
        </testcase>
        <testcase classname="src/app/dashboard/service/admin/user/admin-user.service.spec.ts" name="AdminUserService &gt; getAccessWorkflows() sends the uid as a user_id query param" time="0.005789458">
        </testcase>
        <testcase classname="src/app/dashboard/service/admin/user/admin-user.service.spec.ts" name="AdminUserService &gt; getExecutionQuota() sends the uid as a user_id query param" time="0.002652375">
        </testcase>
        <testcase classname="src/app/dashboard/service/admin/user/admin-user.service.spec.ts" name="AdminUserService &gt; deleteExecutionCollection() DELETEs the per-execution endpoint" time="0.002269083">
        </testcase>
        <testcase classname="src/app/dashboard/service/admin/user/admin-user.service.spec.ts" name="AdminUserService &gt; error propagation &gt; getUserList() propagates HTTP errors to the subscriber" time="0.011011542">
        </testcase>
        <testcase classname="src/app/dashboard/service/admin/user/admin-user.service.spec.ts" name="AdminUserService &gt; error propagation &gt; updateUser() propagates HTTP errors to the subscriber" time="0.008042583">
        </testcase>
        <testcase classname="src/app/dashboard/service/admin/user/admin-user.service.spec.ts" name="AdminUserService &gt; error propagation &gt; addUser() propagates HTTP errors to the subscriber" time="0.004719875">
        </testcase>
        <testcase classname="src/app/dashboard/service/admin/user/admin-user.service.spec.ts" name="AdminUserService &gt; error propagation &gt; getUploadedFiles() propagates HTTP errors to the subscriber" time="0.00263025">
        </testcase>
        <testcase classname="src/app/dashboard/service/admin/user/admin-user.service.spec.ts" name="AdminUserService &gt; error propagation &gt; getCreatedDatasets() propagates HTTP errors to the subscriber" time="0.019800958">
        </testcase>
        <testcase classname="src/app/dashboard/service/admin/user/admin-user.service.spec.ts" name="AdminUserService &gt; error propagation &gt; getCreatedWorkflows() propagates HTTP errors to the subscriber" time="0.012884333">
        </testcase>
        <testcase classname="src/app/dashboard/service/admin/user/admin-user.service.spec.ts" name="AdminUserService &gt; error propagation &gt; getAccessFiles() propagates HTTP errors to the subscriber" time="0.007392709">
        </testcase>
        <testcase classname="src/app/dashboard/service/admin/user/admin-user.service.spec.ts" name="AdminUserService &gt; error propagation &gt; getAccessWorkflows() propagates HTTP errors to the subscriber" time="0.002783958">
        </testcase>
        <testcase classname="src/app/dashboard/service/admin/user/admin-user.service.spec.ts" name="AdminUserService &gt; error propagation &gt; getExecutionQuota() propagates HTTP errors to the subscriber" time="0.00299375">
        </testcase>
        <testcase classname="src/app/dashboard/service/admin/user/admin-user.service.spec.ts" name="AdminUserService &gt; error propagation &gt; deleteExecutionCollection() propagates HTTP errors to the subscriber" time="0.003730291">
        </testcase>
    </testsuite>
    <testsuite name="src/app/dashboard/service/user/dataset/dataset.service.spec.ts" timestamp="2026-09-01T22:49:41.735Z" hostname="dhcp-172-27-096-224.mobile.uci.edu" tests="52" failures="0" errors="0" skipped="0" time="0.19944675">
        <testcase classname="src/app/dashboard/service/user/dataset/dataset.service.spec.ts" name="validateDatasetName &gt; returns null for a valid name" time="0.000804917">
        </testcase>
        <testcase classname="src/app/dashboard/service/user/dataset/dataset.service.spec.ts" name="validateDatasetName &gt; returns null for a single valid character" time="0.000220959">
        </testcase>
        <testcase classname="src/app/dashboard/service/user/dataset/dataset.service.spec.ts" name="validateDatasetName &gt; returns null for a name exactly at the 128-character limit" time="0.000064542">
        </testcase>
        <testcase classname="src/app/dashboard/service/user/dataset/dataset.service.spec.ts" name="validateDatasetName &gt; returns an error for an empty string" time="0.000074375">
        </testcase>
        <testcase classname="src/app/dashboard/service/user/dataset/dataset.service.spec.ts" name="validateDatasetName &gt; returns an error for names with spaces" time="0.000817792">
        </testcase>
        <testcase classname="src/app/dashboard/service/user/dataset/dataset.service.spec.ts" name="validateDatasetName &gt; returns an error for names with dots" time="0.000282458">
        </testcase>
        <testcase classname="src/app/dashboard/service/user/dataset/dataset.service.spec.ts" name="validateDatasetName &gt; returns an error for names with slashes" time="0.000213417">
        </testcase>
        <testcase classname="src/app/dashboard/service/user/dataset/dataset.service.spec.ts" name="validateDatasetName &gt; returns an error for names with non-ASCII characters" time="0.0001175">
        </testcase>
        <testcase classname="src/app/dashboard/service/user/dataset/dataset.service.spec.ts" name="validateDatasetName &gt; returns an error for names exceeding 128 characters" time="0.000060792">
        </testcase>
        <testcase classname="src/app/dashboard/service/user/dataset/dataset.service.spec.ts" name="DatasetService &gt; createDataset POSTs the dataset metadata under the create endpoint" time="0.003677208">
        </testcase>
        <testcase classname="src/app/dashboard/service/user/dataset/dataset.service.spec.ts" name="DatasetService &gt; createDataset includes contributors in the request body when present" time="0.003190834">
        </testcase>
        <testcase classname="src/app/dashboard/service/user/dataset/dataset.service.spec.ts" name="DatasetService &gt; createDataset omits blank optional contributor fields" time="0.004456333">
        </testcase>
        <testcase classname="src/app/dashboard/service/user/dataset/dataset.service.spec.ts" name="DatasetService &gt; updateDatasetContributors POSTs the did and list, omitting blank optional fields" time="0.003672417">
        </testcase>
        <testcase classname="src/app/dashboard/service/user/dataset/dataset.service.spec.ts" name="DatasetService &gt; updateDatasetContributors sends an empty list when all contributors are removed" time="0.003254959">
        </testcase>
        <testcase classname="src/app/dashboard/service/user/dataset/dataset.service.spec.ts" name="DatasetService &gt; getDataset hits /dataset/{did} when logged in" time="0.002386709">
        </testcase>
        <testcase classname="src/app/dashboard/service/user/dataset/dataset.service.spec.ts" name="DatasetService &gt; getDataset hits /dataset/public/{did} when anonymous" time="0.007276584">
        </testcase>
        <testcase classname="src/app/dashboard/service/user/dataset/dataset.service.spec.ts" name="DatasetService &gt; retrieveDatasetVersionSingleFile resolves the presigned URL then GETs the blob" time="0.003393667">
        </testcase>
        <testcase classname="src/app/dashboard/service/user/dataset/dataset.service.spec.ts" name="DatasetService &gt; retrieveDatasetVersionSingleFile uses the public presign endpoint when anonymous" time="0.00346925">
        </testcase>
        <testcase classname="src/app/dashboard/service/user/dataset/dataset.service.spec.ts" name="DatasetService &gt; retrieveDatasetVersionZip sets dvid when a version is specified" time="0.002527625">
        </testcase>
        <testcase classname="src/app/dashboard/service/user/dataset/dataset.service.spec.ts" name="DatasetService &gt; retrieveDatasetVersionZip sets latest=true when dvid is omitted" time="0.00608725">
        </testcase>
        <testcase classname="src/app/dashboard/service/user/dataset/dataset.service.spec.ts" name="DatasetService &gt; retrieveAccessibleDatasets GETs /dataset/list" time="0.0011575">
        </testcase>
        <testcase classname="src/app/dashboard/service/user/dataset/dataset.service.spec.ts" name="DatasetService &gt; createDatasetVersion attaches fileNodes onto the returned DatasetVersion" time="0.003401875">
        </testcase>
        <testcase classname="src/app/dashboard/service/user/dataset/dataset.service.spec.ts" name="DatasetService &gt; listMultipartUploads returns the filePaths array" time="0.00695675">
        </testcase>
        <testcase classname="src/app/dashboard/service/user/dataset/dataset.service.spec.ts" name="DatasetService &gt; listMultipartUploads tolerates a null payload" time="0.004382584">
        </testcase>
        <testcase classname="src/app/dashboard/service/user/dataset/dataset.service.spec.ts" name="DatasetService &gt; multipartUpload resumes a failed upload by sending only missing parts" time="0.009293917">
        </testcase>
        <testcase classname="src/app/dashboard/service/user/dataset/dataset.service.spec.ts" name="DatasetService &gt; findExistingUploadFiles posts path and size candidates" time="0.007597791">
        </testcase>
        <testcase classname="src/app/dashboard/service/user/dataset/dataset.service.spec.ts" name="DatasetService &gt; findExistingUploadFiles tolerates a null payload" time="0.004715416">
        </testcase>
        <testcase classname="src/app/dashboard/service/user/dataset/dataset.service.spec.ts" name="DatasetService &gt; finalizeMultipartUpload routes through type=finish when not aborting" time="0.004070541">
        </testcase>
        <testcase classname="src/app/dashboard/service/user/dataset/dataset.service.spec.ts" name="DatasetService &gt; finalizeMultipartUpload routes through type=abort when aborting" time="0.005469">
        </testcase>
        <testcase classname="src/app/dashboard/service/user/dataset/dataset.service.spec.ts" name="DatasetService &gt; resetDatasetFileDiff PUTs /dataset/{did}/diff with the encoded filePath" time="0.005235958">
        </testcase>
        <testcase classname="src/app/dashboard/service/user/dataset/dataset.service.spec.ts" name="DatasetService &gt; deleteDatasetFile DELETEs /dataset/{did}/file with the encoded filePath" time="0.00736125">
        </testcase>
        <testcase classname="src/app/dashboard/service/user/dataset/dataset.service.spec.ts" name="DatasetService &gt; getDatasetDiff returns the staged-object list" time="0.00307225">
        </testcase>
        <testcase classname="src/app/dashboard/service/user/dataset/dataset.service.spec.ts" name="DatasetService &gt; retrieveDatasetVersionList hits the authenticated path when logged in" time="0.007091917">
        </testcase>
        <testcase classname="src/app/dashboard/service/user/dataset/dataset.service.spec.ts" name="DatasetService &gt; retrieveDatasetVersionList hits the public path when anonymous" time="0.004074083">
        </testcase>
        <testcase classname="src/app/dashboard/service/user/dataset/dataset.service.spec.ts" name="DatasetService &gt; retrieveDatasetLatestVersion attaches fileNodes onto the returned version" time="0.007139458">
        </testcase>
        <testcase classname="src/app/dashboard/service/user/dataset/dataset.service.spec.ts" name="DatasetService &gt; retrieveDatasetVersionFileTree picks the authenticated path when logged in" time="0.00393025">
        </testcase>
        <testcase classname="src/app/dashboard/service/user/dataset/dataset.service.spec.ts" name="DatasetService &gt; retrieveDatasetVersionFileTree picks the public path when anonymous" time="0.002367166">
        </testcase>
        <testcase classname="src/app/dashboard/service/user/dataset/dataset.service.spec.ts" name="DatasetService &gt; deleteDatasets DELETEs /dataset/{did}" time="0.002478125">
        </testcase>
        <testcase classname="src/app/dashboard/service/user/dataset/dataset.service.spec.ts" name="DatasetService &gt; updateDatasetName POSTs name + did into /update/name" time="0.002724625">
        </testcase>
        <testcase classname="src/app/dashboard/service/user/dataset/dataset.service.spec.ts" name="DatasetService &gt; updateDatasetDescription POSTs description + did into /update/description" time="0.002215">
        </testcase>
        <testcase classname="src/app/dashboard/service/user/dataset/dataset.service.spec.ts" name="DatasetService &gt; updateDatasetPublicity POSTs to /dataset/{did}/update/publicity" time="0.002084834">
        </testcase>
        <testcase classname="src/app/dashboard/service/user/dataset/dataset.service.spec.ts" name="DatasetService &gt; updateDatasetDownloadable POSTs to /dataset/{did}/update/downloadable" time="0.0017475">
        </testcase>
        <testcase classname="src/app/dashboard/service/user/dataset/dataset.service.spec.ts" name="DatasetService &gt; retrieveOwners GETs /dataset/user-dataset-owners" time="0.00227725">
        </testcase>
        <testcase classname="src/app/dashboard/service/user/dataset/dataset.service.spec.ts" name="DatasetService &gt; updateDatasetCoverImage POSTs the cover image base64 to /dataset/{did}/update/cover" time="0.027088833">
        </testcase>
        <testcase classname="src/app/dashboard/service/user/dataset/dataset.service.spec.ts" name="DatasetService &gt; getDatasetCoverUrl GETs /dataset/{did}/cover-url and returns the mapped payload" time="0.001199">
        </testcase>
        <testcase classname="src/app/dashboard/service/user/dataset/dataset.service.spec.ts" name="DatasetService &gt; getDatasetCoverUrl passes through a null url" time="0.001895375">
        </testcase>
        <testcase classname="src/app/dashboard/service/user/dataset/dataset.service.spec.ts" name="DatasetService &gt; multipartUpload emits uploading progress, attaches the auth header, and finishes on HTTP 200" time="0.002373208">
        </testcase>
        <testcase classname="src/app/dashboard/service/user/dataset/dataset.service.spec.ts" name="DatasetService &gt; multipartUpload errors out when a part upload load returns a non-2xx status" time="0.00539925">
        </testcase>
        <testcase classname="src/app/dashboard/service/user/dataset/dataset.service.spec.ts" name="DatasetService &gt; multipartUpload tolerates a sparse init payload and finishes when no parts are missing" time="0.005246292">
        </testcase>
        <testcase classname="src/app/dashboard/service/user/dataset/dataset.service.spec.ts" name="DatasetService &gt; multipartUpload reports a 0% failure when the finish call errors for an empty file" time="0.002660625">
        </testcase>
        <testcase classname="src/app/dashboard/service/user/dataset/dataset.service.spec.ts" name="DatasetService &gt; multipartUpload smooths, throttles and shifts the progress statistics across events" time="0.003378625">
        </testcase>
        <testcase classname="src/app/dashboard/service/user/dataset/dataset.service.spec.ts" name="DatasetService &gt; multipartUpload clamps a sharply rising ETA to the +30% smoothing bound" time="0.001898">
        </testcase>
    </testsuite>
    <testsuite name="src/app/dashboard/service/user/download/download.service.spec.ts" timestamp="2026-09-01T22:49:41.738Z" hostname="dhcp-172-27-096-224.mobile.uci.edu" tests="33" failures="0" errors="0" skipped="0" time="0.13137525">
        <testcase classname="src/app/dashboard/service/user/download/download.service.spec.ts" name="DownloadService &gt; downloads a single file and saves it under the basename of the path" time="0.002923167">
        </testcase>
        <testcase classname="src/app/dashboard/service/user/download/download.service.spec.ts" name="DownloadService &gt; falls back to a default filename when the path has no basename segment" time="0.002126667">
        </testcase>
        <testcase classname="src/app/dashboard/service/user/download/download.service.spec.ts" name="DownloadService &gt; propagates errors from downloadSingleFile and emits the error notification" time="0.002595958">
        </testcase>
        <testcase classname="src/app/dashboard/service/user/download/download.service.spec.ts" name="DownloadService &gt; passes isLogin=false through to retrieveDatasetVersionSingleFile" time="0.000923625">
        </testcase>
        <testcase classname="src/app/dashboard/service/user/download/download.service.spec.ts" name="DownloadService &gt; downloads the latest dataset version as a zip named after the dataset" time="0.001663417">
        </testcase>
        <testcase classname="src/app/dashboard/service/user/download/download.service.spec.ts" name="DownloadService &gt; emits the dataset error notification and rethrows on retrieve failure" time="0.001094958">
        </testcase>
        <testcase classname="src/app/dashboard/service/user/download/download.service.spec.ts" name="DownloadService &gt; downloads a specific dataset version with composite zip name" time="0.001936625">
        </testcase>
        <testcase classname="src/app/dashboard/service/user/download/download.service.spec.ts" name="DownloadService &gt; emits the version-specific error notification on retrieve failure" time="0.001077166">
        </testcase>
        <testcase classname="src/app/dashboard/service/user/download/download.service.spec.ts" name="DownloadService &gt; downloads a model&apos;s latest version, a chosen version, and a single file" time="0.000981416">
        </testcase>
        <testcase classname="src/app/dashboard/service/user/download/download.service.spec.ts" name="DownloadService &gt; passes the logged-out flag through to the model file endpoint" time="0.000539916">
        </testcase>
        <testcase classname="src/app/dashboard/service/user/download/download.service.spec.ts" name="DownloadService &gt; emits the model error notification and rethrows on retrieve failure" time="0.000705583">
        </testcase>
        <testcase classname="src/app/dashboard/service/user/download/download.service.spec.ts" name="DownloadService &gt; downloads a workflow as a JSON blob named after the workflow" time="0.000633125">
        </testcase>
        <testcase classname="src/app/dashboard/service/user/download/download.service.spec.ts" name="DownloadService &gt; downloads the workflow ZIP and routes through createWorkflowsZip" time="0.001817834">
        </testcase>
        <testcase classname="src/app/dashboard/service/user/download/download.service.spec.ts" name="DownloadService &gt; propagates errors from createWorkflowsZip with the expected error notification" time="0.001765375">
        </testcase>
        <testcase classname="src/app/dashboard/service/user/download/download.service.spec.ts" name="DownloadService &gt; assembles a real zip with one JSON entry per workflow" time="0.003487416">
        </testcase>
        <testcase classname="src/app/dashboard/service/user/download/download.service.spec.ts" name="DownloadService &gt; de-duplicates colliding workflow filenames inside the zip" time="0.003652">
        </testcase>
        <testcase classname="src/app/dashboard/service/user/download/download.service.spec.ts" name="DownloadService &gt; saves only the zip, not one JSON per workflow, when several workflows are zipped" time="0.004587292">
        </testcase>
        <testcase classname="src/app/dashboard/service/user/download/download.service.spec.ts" name="DownloadService &gt; saves only the zip for a single-workflow selection" time="0.005169208">
        </testcase>
        <testcase classname="src/app/dashboard/service/user/download/download.service.spec.ts" name="DownloadService &gt; still saves the file when a single workflow is downloaded on its own" time="0.001372583">
        </testcase>
        <testcase classname="src/app/dashboard/service/user/download/download.service.spec.ts" name="DownloadService &gt; saves nothing when one of the workflows fails to retrieve" time="0.002074917">
        </testcase>
        <testcase classname="src/app/dashboard/service/user/download/download.service.spec.ts" name="DownloadService &gt; saves nothing for an empty selection" time="0.002305">
        </testcase>
        <testcase classname="src/app/dashboard/service/user/download/download.service.spec.ts" name="DownloadService &gt; writes the workflow content into the zip entries" time="0.027314458">
        </testcase>
        <testcase classname="src/app/dashboard/service/user/download/download.service.spec.ts" name="DownloadService &gt; does not save anything when the standalone workflow download fails" time="0.002837875">
        </testcase>
        <testcase classname="src/app/dashboard/service/user/download/download.service.spec.ts" name="DownloadService &gt; downloads a single operator file directly when there&apos;s exactly one file" time="0.00243225">
        </testcase>
        <testcase classname="src/app/dashboard/service/user/download/download.service.spec.ts" name="DownloadService &gt; zips multiple operator files into a workflow-named archive" time="0.008049084">
        </testcase>
        <testcase classname="src/app/dashboard/service/user/download/download.service.spec.ts" name="DownloadService &gt; flattens operator result batches before deciding single vs zip" time="0.005376083">
        </testcase>
        <testcase classname="src/app/dashboard/service/user/download/download.service.spec.ts" name="DownloadService &gt; errors out cleanly when no operator result files are provided" time="0.00225675">
        </testcase>
        <testcase classname="src/app/dashboard/service/user/download/download.service.spec.ts" name="DownloadService &gt; hits the downloadability endpoint and returns the operator → labels map" time="0.003333916">
        </testcase>
        <testcase classname="src/app/dashboard/service/user/download/download.service.spec.ts" name="DownloadService &gt; POSTs the dataset export request and returns the response body" time="0.00317075">
        </testcase>
        <testcase classname="src/app/dashboard/service/user/download/download.service.spec.ts" name="DownloadService &gt; appends the cuid query param for a kubernetes computing unit" time="0.001253">
        </testcase>
        <testcase classname="src/app/dashboard/service/user/download/download.service.spec.ts" name="DownloadService &gt; exportWorkflowResultToLocal &gt; builds and submits a hidden form carrying the request and token, then cleans up on timeout" time="0.013550041">
        </testcase>
        <testcase classname="src/app/dashboard/service/user/download/download.service.spec.ts" name="DownloadService &gt; exportWorkflowResultToLocal &gt; falls back to an empty token when none is stored" time="0.0067405">
        </testcase>
        <testcase classname="src/app/dashboard/service/user/download/download.service.spec.ts" name="DownloadService &gt; exportWorkflowResultToLocal &gt; targets the cuid-scoped endpoint for a kubernetes computing unit" time="0.011143833">
        </testcase>
    </testsuite>
    <testsuite name="src/app/dashboard/service/user/feedback/feedback.service.spec.ts" timestamp="2026-09-01T22:49:41.739Z" hostname="dhcp-172-27-096-224.mobile.uci.edu" tests="4" failures="0" errors="0" skipped="0" time="0.004021458">
        <testcase classname="src/app/dashboard/service/user/feedback/feedback.service.spec.ts" name="FeedbackService &gt; submitFeedback POSTs the message to /feedback" time="0.00165925">
        </testcase>
        <testcase classname="src/app/dashboard/service/user/feedback/feedback.service.spec.ts" name="FeedbackService &gt; getMyFeedback GETs /feedback and returns the list" time="0.001033667">
        </testcase>
        <testcase classname="src/app/dashboard/service/user/feedback/feedback.service.spec.ts" name="FeedbackService &gt; getFeedbackCounts GETs /feedback/counts" time="0.000570334">
        </testcase>
        <testcase classname="src/app/dashboard/service/user/feedback/feedback.service.spec.ts" name="FeedbackService &gt; getUserFeedback GETs /feedback/user with a user_id query param" time="0.000505084">
        </testcase>
    </testsuite>
    <testsuite name="src/app/dashboard/service/user/file-resource/multipart-upload.service.spec.ts" timestamp="2026-09-01T22:49:41.739Z" hostname="dhcp-172-27-096-224.mobile.uci.edu" tests="13" failures="0" errors="0" skipped="0" time="0.044685417">
        <testcase classname="src/app/dashboard/service/user/file-resource/multipart-upload.service.spec.ts" name="MultipartUploadService &gt; addresses init, part and finish through the supplied endpoint" time="0.007815708">
        </testcase>
        <testcase classname="src/app/dashboard/service/user/file-resource/multipart-upload.service.spec.ts" name="MultipartUploadService &gt; uses the endpoint for listMultipartUploads" time="0.003417334">
        </testcase>
        <testcase classname="src/app/dashboard/service/user/file-resource/multipart-upload.service.spec.ts" name="MultipartUploadService &gt; uses the endpoint for findExistingUploadFiles" time="0.005629375">
        </testcase>
        <testcase classname="src/app/dashboard/service/user/file-resource/multipart-upload.service.spec.ts" name="MultipartUploadService &gt; uses the endpoint for finalizeMultipartUpload and distinguishes abort from finish" time="0.001525916">
        </testcase>
        <testcase classname="src/app/dashboard/service/user/file-resource/multipart-upload.service.spec.ts" name="MultipartUploadService &gt; emits progress, attaches the auth header, and finishes at 100%" time="0.002895791">
        </testcase>
        <testcase classname="src/app/dashboard/service/user/file-resource/multipart-upload.service.spec.ts" name="MultipartUploadService &gt; omits the auth header when there is no access token" time="0.002861542">
        </testcase>
        <testcase classname="src/app/dashboard/service/user/file-resource/multipart-upload.service.spec.ts" name="MultipartUploadService &gt; resumes by uploading only the parts the backend reports missing" time="0.005171208">
        </testcase>
        <testcase classname="src/app/dashboard/service/user/file-resource/multipart-upload.service.spec.ts" name="MultipartUploadService &gt; finishes without uploading anything when no parts are missing" time="0.002235">
        </testcase>
        <testcase classname="src/app/dashboard/service/user/file-resource/multipart-upload.service.spec.ts" name="MultipartUploadService &gt; fails the upload when a part returns a non-2xx status" time="0.002130125">
        </testcase>
        <testcase classname="src/app/dashboard/service/user/file-resource/multipart-upload.service.spec.ts" name="MultipartUploadService &gt; fails the upload when a part errors at the transport level" time="0.003653625">
        </testcase>
        <testcase classname="src/app/dashboard/service/user/file-resource/multipart-upload.service.spec.ts" name="MultipartUploadService &gt; aborts the in-flight part request when the caller unsubscribes" time="0.0012435">
        </testcase>
        <testcase classname="src/app/dashboard/service/user/file-resource/multipart-upload.service.spec.ts" name="MultipartUploadService &gt; tolerates null payloads from the list and existing-files endpoints" time="0.00326575">
        </testcase>
        <testcase classname="src/app/dashboard/service/user/file-resource/multipart-upload.service.spec.ts" name="MultipartUploadService &gt; percent-encodes the file path on both the init params and the part URL" time="0.001645334">
        </testcase>
    </testsuite>
    <testsuite name="src/app/dashboard/service/user/file-resource/staged-file.service.spec.ts" timestamp="2026-09-01T22:49:41.740Z" hostname="dhcp-172-27-096-224.mobile.uci.edu" tests="7" failures="0" errors="0" skipped="0" time="0.007382916">
        <testcase classname="src/app/dashboard/service/user/file-resource/staged-file.service.spec.ts" name="StagedFileService &gt; lists the staged objects of a dataset" time="0.002354291">
        </testcase>
        <testcase classname="src/app/dashboard/service/user/file-resource/staged-file.service.spec.ts" name="StagedFileService &gt; reverts one staged dataset path" time="0.001083125">
        </testcase>
        <testcase classname="src/app/dashboard/service/user/file-resource/staged-file.service.spec.ts" name="StagedFileService &gt; stages a deletion of a committed dataset file" time="0.000603042">
        </testcase>
        <testcase classname="src/app/dashboard/service/user/file-resource/staged-file.service.spec.ts" name="StagedFileService &gt; lists the staged objects of a model" time="0.000418209">
        </testcase>
        <testcase classname="src/app/dashboard/service/user/file-resource/staged-file.service.spec.ts" name="StagedFileService &gt; reverts one staged model path" time="0.00070775">
        </testcase>
        <testcase classname="src/app/dashboard/service/user/file-resource/staged-file.service.spec.ts" name="StagedFileService &gt; stages a deletion of a committed model file" time="0.001249542">
        </testcase>
        <testcase classname="src/app/dashboard/service/user/file-resource/staged-file.service.spec.ts" name="StagedFileService &gt; surfaces a server error rather than swallowing it" time="0.000812417">
        </testcase>
    </testsuite>
    <testsuite name="src/app/dashboard/service/user/flarum/flarum.service.spec.ts" timestamp="2026-09-01T22:49:41.740Z" hostname="dhcp-172-27-096-224.mobile.uci.edu" tests="7" failures="0" errors="0" skipped="0" time="0.004867708">
        <testcase classname="src/app/dashboard/service/user/flarum/flarum.service.spec.ts" name="FlarumService &gt; should be created" time="0.001083708">
        </testcase>
        <testcase classname="src/app/dashboard/service/user/flarum/flarum.service.spec.ts" name="FlarumService &gt; register &gt; POSTs a user with a username derived from email local-part + uid" time="0.000934">
        </testcase>
        <testcase classname="src/app/dashboard/service/user/flarum/flarum.service.spec.ts" name="FlarumService &gt; register &gt; handles an email that contains multiple &apos;@&apos; by using only the first local-part segment" time="0.000650625">
        </testcase>
        <testcase classname="src/app/dashboard/service/user/flarum/flarum.service.spec.ts" name="FlarumService &gt; register &gt; propagates HTTP errors to the subscriber" time="0.000531417">
        </testcase>
        <testcase classname="src/app/dashboard/service/user/flarum/flarum.service.spec.ts" name="FlarumService &gt; auth &gt; POSTs credentials to the token endpoint" time="0.000529375">
        </testcase>
        <testcase classname="src/app/dashboard/service/user/flarum/flarum.service.spec.ts" name="FlarumService &gt; auth &gt; propagates HTTP errors to the subscriber" time="0.000446542">
        </testcase>
        <testcase classname="src/app/dashboard/service/user/flarum/flarum.service.spec.ts" name="FlarumService &gt; throws when no user is logged in" time="0.000471875">
        </testcase>
    </testsuite>
    <testsuite name="src/app/dashboard/service/user/model/model.service.spec.ts" timestamp="2026-09-01T22:49:41.741Z" hostname="dhcp-172-27-096-224.mobile.uci.edu" tests="24" failures="0" errors="0" skipped="0" time="0.032159875">
        <testcase classname="src/app/dashboard/service/user/model/model.service.spec.ts" name="validateModelName &gt; accepts letters, digits, underscores and hyphens" time="0.000296708">
        </testcase>
        <testcase classname="src/app/dashboard/service/user/model/model.service.spec.ts" name="validateModelName &gt; rejects anything else, including the empty name" time="0.000176292">
        </testcase>
        <testcase classname="src/app/dashboard/service/user/model/model.service.spec.ts" name="validateModelName &gt; rejects a name one character past the limit but accepts the limit itself" time="0.000100166">
        </testcase>
        <testcase classname="src/app/dashboard/service/user/model/model.service.spec.ts" name="validateModelName &gt; offers a default name that is itself valid" time="0.000093958">
        </testcase>
        <testcase classname="src/app/dashboard/service/user/model/model.service.spec.ts" name="model whitelists &gt; mirror the backend&apos;s accepted frameworks and formats" time="0.00011775">
        </testcase>
        <testcase classname="src/app/dashboard/service/user/model/model.service.spec.ts" name="ModelService &gt; posts a create request under the model-shaped field names" time="0.001383167">
        </testcase>
        <testcase classname="src/app/dashboard/service/user/model/model.service.spec.ts" name="ModelService &gt; returns the created model to the caller" time="0.00111875">
        </testcase>
        <testcase classname="src/app/dashboard/service/user/model/model.service.spec.ts" name="ModelService &gt; lists the accessible models, including when the user has none" time="0.00183825">
        </testcase>
        <testcase classname="src/app/dashboard/service/user/model/model.service.spec.ts" name="ModelService &gt; deletes by id" time="0.001698792">
        </testcase>
        <testcase classname="src/app/dashboard/service/user/model/model.service.spec.ts" name="ModelService &gt; sends renames and description edits with the id in the body" time="0.000991166">
        </testcase>
        <testcase classname="src/app/dashboard/service/user/model/model.service.spec.ts" name="ModelService &gt; reads a model from the authenticated or the public endpoint" time="0.007475167">
        </testcase>
        <testcase classname="src/app/dashboard/service/user/model/model.service.spec.ts" name="ModelService &gt; lists versions from the endpoint matching the caller&apos;s login state" time="0.001859791">
        </testcase>
        <testcase classname="src/app/dashboard/service/user/model/model.service.spec.ts" name="ModelService &gt; reads a version&apos;s root file nodes with its size" time="0.001002667">
        </testcase>
        <testcase classname="src/app/dashboard/service/user/model/model.service.spec.ts" name="ModelService &gt; asks for exactly one of mvid or latest on a version zip" time="0.001128333">
        </testcase>
        <testcase classname="src/app/dashboard/service/user/model/model.service.spec.ts" name="ModelService &gt; fetches a single file by following the presigned url it is handed" time="0.002161125">
        </testcase>
        <testcase classname="src/app/dashboard/service/user/model/model.service.spec.ts" name="ModelService &gt; uses the anonymous presign endpoint for a logged-out viewer" time="0.001166167">
        </testcase>
        <testcase classname="src/app/dashboard/service/user/model/model.service.spec.ts" name="ModelService &gt; reads the presigned cover url, which is null for a model without one" time="0.001047083">
        </testcase>
        <testcase classname="src/app/dashboard/service/user/model/model.service.spec.ts" name="ModelService &gt; posts a version name as text/plain and folds the file nodes into the version" time="0.00303925">
        </testcase>
        <testcase classname="src/app/dashboard/service/user/model/model.service.spec.ts" name="ModelService &gt; lets the backend name the version when none is given" time="0.000905375">
        </testcase>
        <testcase classname="src/app/dashboard/service/user/model/model.service.spec.ts" name="ModelService &gt; updates the framework and the format through their own endpoints" time="0.001053042">
        </testcase>
        <testcase classname="src/app/dashboard/service/user/model/model.service.spec.ts" name="ModelService &gt; toggles publicity and downloadability without a payload" time="0.001376834">
        </testcase>
        <testcase classname="src/app/dashboard/service/user/model/model.service.spec.ts" name="ModelService &gt; points the cover at a path already committed to the model" time="0.000754041">
        </testcase>
        <testcase classname="src/app/dashboard/service/user/model/model.service.spec.ts" name="ModelService &gt; lists the owners of the models the user can see" time="0.000424708">
        </testcase>
        <testcase classname="src/app/dashboard/service/user/model/model.service.spec.ts" name="ModelService &gt; surfaces a server error rather than swallowing it" time="0.00057375">
        </testcase>
    </testsuite>
    <testsuite name="src/app/dashboard/service/user/quota/user-quota.service.spec.ts" timestamp="2026-09-01T22:49:41.742Z" hostname="dhcp-172-27-096-224.mobile.uci.edu" tests="7" failures="0" errors="0" skipped="0" time="0.005757792">
        <testcase classname="src/app/dashboard/service/user/quota/user-quota.service.spec.ts" name="UserQuotaService &gt; should be created" time="0.001686167">
        </testcase>
        <testcase classname="src/app/dashboard/service/user/quota/user-quota.service.spec.ts" name="UserQuotaService &gt; getCreatedDatasets() GETs the created-datasets endpoint" time="0.001027958">
        </testcase>
        <testcase classname="src/app/dashboard/service/user/quota/user-quota.service.spec.ts" name="UserQuotaService &gt; getCreatedWorkflows() GETs the created-workflows endpoint" time="0.0006165">
        </testcase>
        <testcase classname="src/app/dashboard/service/user/quota/user-quota.service.spec.ts" name="UserQuotaService &gt; getAccessWorkflows() GETs the access-workflows endpoint" time="0.00055">
        </testcase>
        <testcase classname="src/app/dashboard/service/user/quota/user-quota.service.spec.ts" name="UserQuotaService &gt; getExecutionQuota() GETs the quota-size endpoint" time="0.000510542">
        </testcase>
        <testcase classname="src/app/dashboard/service/user/quota/user-quota.service.spec.ts" name="UserQuotaService &gt; deleteExecutionCollection() DELETEs the per-execution endpoint" time="0.000586">
        </testcase>
        <testcase classname="src/app/dashboard/service/user/quota/user-quota.service.spec.ts" name="UserQuotaService &gt; deleteExecutionCollection() handles a server error response" time="0.000618584">
        </testcase>
    </testsuite>
    <testsuite name="src/app/dashboard/service/user/resource-registry/resource-registry.service.spec.ts" timestamp="2026-09-01T22:49:41.742Z" hostname="dhcp-172-27-096-224.mobile.uci.edu" tests="15" failures="0" errors="0" skipped="0" time="0.009417667">
        <testcase classname="src/app/dashboard/service/user/resource-registry/resource-registry.service.spec.ts" name="ResourceRegistryService &gt; resolves every kind the dashboard renders" time="0.00126275">
        </testcase>
        <testcase classname="src/app/dashboard/service/user/resource-registry/resource-registry.service.spec.ts" name="ResourceRegistryService &gt; refuses a kind it does not carry" time="0.000680459">
        </testcase>
        <testcase classname="src/app/dashboard/service/user/resource-registry/resource-registry.service.spec.ts" name="ResourceRegistryService &gt; answers with undefined instead of throwing when the caller can cope" time="0.000704125">
        </testcase>
        <testcase classname="src/app/dashboard/service/user/resource-registry/resource-registry.service.spec.ts" name="ResourceRegistryService &gt; exposes rename and description only for the kinds that support them" time="0.000680917">
        </testcase>
        <testcase classname="src/app/dashboard/service/user/resource-registry/resource-registry.service.spec.ts" name="ResourceRegistryService &gt; offers a download and a file preview only for the kinds that hold files" time="0.000506542">
        </testcase>
        <testcase classname="src/app/dashboard/service/user/resource-registry/resource-registry.service.spec.ts" name="ResourceRegistryService &gt; offers publishing and covers only to the kinds the backend supports" time="0.000486625">
        </testcase>
        <testcase classname="src/app/dashboard/service/user/resource-registry/resource-registry.service.spec.ts" name="ResourceRegistryService &gt; warns about cloning only for the kind that can be cloned" time="0.000408292">
        </testcase>
        <testcase classname="src/app/dashboard/service/user/resource-registry/resource-registry.service.spec.ts" name="ResourceRegistryService &gt; offers an id filter only where the backend has an id endpoint" time="0.000419666">
        </testcase>
        <testcase classname="src/app/dashboard/service/user/resource-registry/resource-registry.service.spec.ts" name="ResourceRegistryService &gt; validates names only where the backend restricts them" time="0.000769792">
        </testcase>
        <testcase classname="src/app/dashboard/service/user/resource-registry/resource-registry.service.spec.ts" name="ResourceRegistryService &gt; delegates each operation to the owning service" time="0.000758417">
        </testcase>
        <testcase classname="src/app/dashboard/service/user/resource-registry/resource-registry.service.spec.ts" name="ResourceRegistryService &gt; delegates a model&apos;s publishing and cover work to ModelService" time="0.000642583">
        </testcase>
        <testcase classname="src/app/dashboard/service/user/resource-registry/resource-registry.service.spec.ts" name="ResourceRegistryService &gt; reads ownership off the kind&apos;s own payload" time="0.000502459">
        </testcase>
        <testcase classname="src/app/dashboard/service/user/resource-registry/resource-registry.service.spec.ts" name="ResourceRegistryService &gt; routes a viewer with access to the private page and everyone else to the hub" time="0.000513833">
        </testcase>
        <testcase classname="src/app/dashboard/service/user/resource-registry/resource-registry.service.spec.ts" name="ResourceRegistryService &gt; routes a model to its detail page, which has no hub twin yet" time="0.000400375">
        </testcase>
        <testcase classname="src/app/dashboard/service/user/resource-registry/resource-registry.service.spec.ts" name="ResourceRegistryService &gt; leaves an unroutable or unsaved entry unlinked" time="0.000450667">
        </testcase>
    </testsuite>
    <testsuite name="src/app/dashboard/service/user/share-access/share-access.service.spec.ts" timestamp="2026-09-01T22:49:41.743Z" hostname="dhcp-172-27-096-224.mobile.uci.edu" tests="4" failures="0" errors="0" skipped="0" time="0.0032325">
        <testcase classname="src/app/dashboard/service/user/share-access/share-access.service.spec.ts" name="ShareAccessService &gt; grantAccess composes the correct PUT url" time="0.001421666">
        </testcase>
        <testcase classname="src/app/dashboard/service/user/share-access/share-access.service.spec.ts" name="ShareAccessService &gt; revokeAccess composes the correct DELETE url" time="0.000635458">
        </testcase>
        <testcase classname="src/app/dashboard/service/user/share-access/share-access.service.spec.ts" name="ShareAccessService &gt; getOwner should respond with type text" time="0.00043425">
        </testcase>
        <testcase classname="src/app/dashboard/service/user/share-access/share-access.service.spec.ts" name="ShareAccessService &gt; getAccessList should resolve to an array" time="0.000455333">
        </testcase>
    </testsuite>
    <testsuite name="src/app/dashboard/service/user/workflow-cover/workflow-cover.service.spec.ts" timestamp="2026-09-01T22:49:41.743Z" hostname="dhcp-172-27-096-224.mobile.uci.edu" tests="9" failures="0" errors="0" skipped="0" time="0.012559125">
        <testcase classname="src/app/dashboard/service/user/workflow-cover/workflow-cover.service.spec.ts" name="WorkflowCoverService &gt; getCover returns the stored image data URL" time="0.001314667">
        </testcase>
        <testcase classname="src/app/dashboard/service/user/workflow-cover/workflow-cover.service.spec.ts" name="WorkflowCoverService &gt; getCover resolves to undefined when no cover exists (404)" time="0.001141167">
        </testcase>
        <testcase classname="src/app/dashboard/service/user/workflow-cover/workflow-cover.service.spec.ts" name="WorkflowCoverService &gt; clearCover issues a DELETE" time="0.000720375">
        </testcase>
        <testcase classname="src/app/dashboard/service/user/workflow-cover/workflow-cover.service.spec.ts" name="WorkflowCoverService &gt; setCoverFromFile PUTs the resized data URL and resolves with it" time="0.000893042">
        </testcase>
        <testcase classname="src/app/dashboard/service/user/workflow-cover/workflow-cover.service.spec.ts" name="WorkflowCoverService &gt; fileToResizedDataUrl &gt; downscales a large image along its longest edge and re-encodes it as jpeg" time="0.001463209">
        </testcase>
        <testcase classname="src/app/dashboard/service/user/workflow-cover/workflow-cover.service.spec.ts" name="WorkflowCoverService &gt; fileToResizedDataUrl &gt; leaves an already-small image at its natural size" time="0.001473625">
        </testcase>
        <testcase classname="src/app/dashboard/service/user/workflow-cover/workflow-cover.service.spec.ts" name="WorkflowCoverService &gt; fileToResizedDataUrl &gt; rejects when a 2d canvas context is unavailable" time="0.001138292">
        </testcase>
        <testcase classname="src/app/dashboard/service/user/workflow-cover/workflow-cover.service.spec.ts" name="WorkflowCoverService &gt; fileToResizedDataUrl &gt; rejects when the file is not a decodable image" time="0.002344541">
        </testcase>
        <testcase classname="src/app/dashboard/service/user/workflow-cover/workflow-cover.service.spec.ts" name="WorkflowCoverService &gt; fileToResizedDataUrl &gt; rejects when the file cannot be read" time="0.001816917">
        </testcase>
    </testsuite>
    <testsuite name="src/app/dashboard/service/user/workflow-executions/workflow-executions.service.spec.ts" timestamp="2026-09-01T22:49:41.744Z" hostname="dhcp-172-27-096-224.mobile.uci.edu" tests="7" failures="0" errors="0" skipped="0" time="0.007605292">
        <testcase classname="src/app/dashboard/service/user/workflow-executions/workflow-executions.service.spec.ts" name="WorkflowExecutionsService &gt; retrieveLatestWorkflowExecution issues GET to the latest url" time="0.001254625">
        </testcase>
        <testcase classname="src/app/dashboard/service/user/workflow-executions/workflow-executions.service.spec.ts" name="WorkflowExecutionsService &gt; retrieveWorkflowExecutions issues GET without a status param when no statuses are given" time="0.00074825">
        </testcase>
        <testcase classname="src/app/dashboard/service/user/workflow-executions/workflow-executions.service.spec.ts" name="WorkflowExecutionsService &gt; retrieveWorkflowExecutions sets the status param when statuses are given" time="0.000633625">
        </testcase>
        <testcase classname="src/app/dashboard/service/user/workflow-executions/workflow-executions.service.spec.ts" name="WorkflowExecutionsService &gt; groupSetIsBookmarked issues PUT with the bookmark payload" time="0.001015125">
        </testcase>
        <testcase classname="src/app/dashboard/service/user/workflow-executions/workflow-executions.service.spec.ts" name="WorkflowExecutionsService &gt; groupDeleteWorkflowExecutions issues PUT with the delete payload" time="0.002006875">
        </testcase>
        <testcase classname="src/app/dashboard/service/user/workflow-executions/workflow-executions.service.spec.ts" name="WorkflowExecutionsService &gt; updateWorkflowExecutionsName issues POST with the rename payload" time="0.001106125">
        </testcase>
        <testcase classname="src/app/dashboard/service/user/workflow-executions/workflow-executions.service.spec.ts" name="WorkflowExecutionsService &gt; retrieveWorkflowRuntimeStatistics issues GET with the cuid param" time="0.000618958">
        </testcase>
    </testsuite>
    <testsuite name="src/app/dashboard/service/user/workflow-version/workflow-version.service.spec.ts" timestamp="2026-09-01T22:49:41.744Z" hostname="dhcp-172-27-096-224.mobile.uci.edu" tests="32" failures="0" errors="0" skipped="0" time="0.103163084">
        <testcase classname="src/app/dashboard/service/user/workflow-version/workflow-version.service.spec.ts" name="WorkflowVersionService &gt; canRestoreVersion &gt; is false when no readonly display has been entered" time="0.003441083">
        </testcase>
        <testcase classname="src/app/dashboard/service/user/workflow-version/workflow-version.service.spec.ts" name="WorkflowVersionService &gt; canRestoreVersion &gt; is true after entering readonly display from a modification-enabled state" time="0.002625708">
        </testcase>
        <testcase classname="src/app/dashboard/service/user/workflow-version/workflow-version.service.spec.ts" name="WorkflowVersionService &gt; canRestoreVersion &gt; is false after entering readonly display from an already-disabled state" time="0.001783291">
        </testcase>
        <testcase classname="src/app/dashboard/service/user/workflow-version/workflow-version.service.spec.ts" name="WorkflowVersionService &gt; setDisplayParticularVersion &gt; publishes both ids and the flag when entering a particular version" time="0.002236791">
        </testcase>
        <testcase classname="src/app/dashboard/service/user/workflow-version/workflow-version.service.spec.ts" name="WorkflowVersionService &gt; setDisplayParticularVersion &gt; ignores undefined version ids but still flips the flag" time="0.003405042">
        </testcase>
        <testcase classname="src/app/dashboard/service/user/workflow-version/workflow-version.service.spec.ts" name="WorkflowVersionService &gt; setDisplayParticularVersion &gt; nulls both ids when leaving a particular version" time="0.002667875">
        </testcase>
        <testcase classname="src/app/dashboard/service/user/workflow-version/workflow-version.service.spec.ts" name="WorkflowVersionService &gt; displayWorkflowVersions unhighlights whatever is currently highlighted" time="0.002701875">
        </testcase>
        <testcase classname="src/app/dashboard/service/user/workflow-version/workflow-version.service.spec.ts" name="WorkflowVersionService &gt; displayReadonlyWorkflow &gt; snapshots the current workflow, disables persist+undo, then reloads readonly" time="0.002846292">
        </testcase>
        <testcase classname="src/app/dashboard/service/user/workflow-version/workflow-version.service.spec.ts" name="WorkflowVersionService &gt; displayReadonlyWorkflow &gt; only captures the modification state once across nested calls" time="0.001387208">
        </testcase>
        <testcase classname="src/app/dashboard/service/user/workflow-version/workflow-version.service.spec.ts" name="WorkflowVersionService &gt; displayParticularVersion diffs, swaps the paper, and emits the flag" time="0.002558084">
        </testcase>
        <testcase classname="src/app/dashboard/service/user/workflow-version/workflow-version.service.spec.ts" name="WorkflowVersionService &gt; highlight helpers &gt; highlightOpBoundary writes rect.boundary/fill with the rgba color" time="0.001043209">
        </testcase>
        <testcase classname="src/app/dashboard/service/user/workflow-version/workflow-version.service.spec.ts" name="WorkflowVersionService &gt; highlight helpers &gt; highlightOpBracket writes the position-prefixed stroke attribute" time="0.001747458">
        </testcase>
        <testcase classname="src/app/dashboard/service/user/workflow-version/workflow-version.service.spec.ts" name="WorkflowVersionService &gt; highlight helpers &gt; is a no-op when the joint paper is not yet bound" time="0.000556792">
        </testcase>
        <testcase classname="src/app/dashboard/service/user/workflow-version/workflow-version.service.spec.ts" name="WorkflowVersionService &gt; highlightOpVersionDiff &gt; colors modified ops orange and added ops green" time="0.001180417">
        </testcase>
        <testcase classname="src/app/dashboard/service/user/workflow-version/workflow-version.service.spec.ts" name="WorkflowVersionService &gt; highlightOpVersionDiff &gt; draws left/right red brackets around the neighbors of deleted ops" time="0.001908292">
        </testcase>
        <testcase classname="src/app/dashboard/service/user/workflow-version/workflow-version.service.spec.ts" name="WorkflowVersionService &gt; highlightOpVersionDiff &gt; skips bracket drawing when the temp workflow is missing" time="0.001578417">
        </testcase>
        <testcase classname="src/app/dashboard/service/user/workflow-version/workflow-version.service.spec.ts" name="WorkflowVersionService &gt; unhighlightOpVersionDiff &gt; resets the boundary fill of added and modified ops to transparent" time="0.001530875">
        </testcase>
        <testcase classname="src/app/dashboard/service/user/workflow-version/workflow-version.service.spec.ts" name="WorkflowVersionService &gt; unhighlightOpVersionDiff &gt; resets the red brackets drawn around the neighbors of deleted ops" time="0.000852209">
        </testcase>
        <testcase classname="src/app/dashboard/service/user/workflow-version/workflow-version.service.spec.ts" name="WorkflowVersionService &gt; unhighlightOpVersionDiff &gt; skips bracket clearing when the temp workflow is missing" time="0.002351167">
        </testcase>
        <testcase classname="src/app/dashboard/service/user/workflow-version/workflow-version.service.spec.ts" name="WorkflowVersionService &gt; getWorkflowsDifference &gt; classifies operators into added, deleted, and modified" time="0.001549084">
        </testcase>
        <testcase classname="src/app/dashboard/service/user/workflow-version/workflow-version.service.spec.ts" name="WorkflowVersionService &gt; getWorkflowsDifference &gt; returns empty diffs when the contents are identical" time="0.00919625">
        </testcase>
        <testcase classname="src/app/dashboard/service/user/workflow-version/workflow-version.service.spec.ts" name="WorkflowVersionService &gt; getWorkflowsDifference &gt; leaves an operator that is identical in both versions out of the modified list" time="0.00277125">
        </testcase>
        <testcase classname="src/app/dashboard/service/user/workflow-version/workflow-version.service.spec.ts" name="WorkflowVersionService &gt; getWorkflowsDifference &gt; records per-property and version-bump diffs in operatorPropertyDiff" time="0.004044">
        </testcase>
        <testcase classname="src/app/dashboard/service/user/workflow-version/workflow-version.service.spec.ts" name="WorkflowVersionService &gt; close + revert helpers &gt; revertToVersion clears stacks, re-enables modification, and exits readonly mode" time="0.00453575">
        </testcase>
        <testcase classname="src/app/dashboard/service/user/workflow-version/workflow-version.service.spec.ts" name="WorkflowVersionService &gt; close + revert helpers &gt; closeReadonlyWorkflowDisplay restores the previous workflow and re-enables undo" time="0.004588542">
        </testcase>
        <testcase classname="src/app/dashboard/service/user/workflow-version/workflow-version.service.spec.ts" name="WorkflowVersionService &gt; close + revert helpers &gt; closeParticularVersionDisplay unhighlights, restores, and flips the flag" time="0.00289175">
        </testcase>
        <testcase classname="src/app/dashboard/service/user/workflow-version/workflow-version.service.spec.ts" name="WorkflowVersionService &gt; close + revert helpers &gt; restoreModificationState re-disables modification when the snapshot was false" time="0.004908">
        </testcase>
        <testcase classname="src/app/dashboard/service/user/workflow-version/workflow-version.service.spec.ts" name="WorkflowVersionService &gt; close + revert helpers &gt; restoreModificationState leaves modification enabled when the snapshot was true" time="0.003416375">
        </testcase>
        <testcase classname="src/app/dashboard/service/user/workflow-version/workflow-version.service.spec.ts" name="WorkflowVersionService &gt; HTTP &gt; retrieveVersionsOfWorkflow GETs /version/{wid}" time="0.003892417">
        </testcase>
        <testcase classname="src/app/dashboard/service/user/workflow-version/workflow-version.service.spec.ts" name="WorkflowVersionService &gt; HTTP &gt; retrieveWorkflowByVersion parses a string `content` into an object" time="0.010111916">
        </testcase>
        <testcase classname="src/app/dashboard/service/user/workflow-version/workflow-version.service.spec.ts" name="WorkflowVersionService &gt; HTTP &gt; retrieveWorkflowByVersion drops null payloads (filter blocks the emission)" time="0.007466334">
        </testcase>
        <testcase classname="src/app/dashboard/service/user/workflow-version/workflow-version.service.spec.ts" name="WorkflowVersionService &gt; HTTP &gt; cloneWorkflowVersion POSTs to /version/clone/{vid} with the displayed id" time="0.004477125">
        </testcase>
    </testsuite>
    <testsuite name="src/app/hub/component/workflow/detail/hub-workflow-detail.component.spec.ts" timestamp="2026-09-01T22:49:41.746Z" hostname="dhcp-172-27-096-224.mobile.uci.edu" tests="43" failures="0" errors="0" skipped="0" time="1.383537417">
        <testcase classname="src/app/hub/component/workflow/detail/hub-workflow-detail.component.spec.ts" name="HubWorkflowDetailComponent &gt; constructor / wid resolution &gt; uses NZ_MODAL_DATA wid and leaves isHub false" time="0.022581375">
        </testcase>
        <testcase classname="src/app/hub/component/workflow/detail/hub-workflow-detail.component.spec.ts" name="HubWorkflowDetailComponent &gt; constructor / wid resolution &gt; falls back to route.snapshot.params.id and sets isHub true" time="0.036433709">
        </testcase>
        <testcase classname="src/app/hub/component/workflow/detail/hub-workflow-detail.component.spec.ts" name="HubWorkflowDetailComponent &gt; constructor / wid resolution &gt; sets isActivatedUser true for REGULAR" time="0.014994458">
        </testcase>
        <testcase classname="src/app/hub/component/workflow/detail/hub-workflow-detail.component.spec.ts" name="HubWorkflowDetailComponent &gt; constructor / wid resolution &gt; sets isActivatedUser true for ADMIN" time="0.016479083">
        </testcase>
        <testcase classname="src/app/hub/component/workflow/detail/hub-workflow-detail.component.spec.ts" name="HubWorkflowDetailComponent &gt; constructor / wid resolution &gt; leaves isActivatedUser false for non-activated roles" time="0.034973375">
        </testcase>
        <testcase classname="src/app/hub/component/workflow/detail/hub-workflow-detail.component.spec.ts" name="HubWorkflowDetailComponent &gt; constructor / wid resolution &gt; disables workflow modification" time="0.030879">
        </testcase>
        <testcase classname="src/app/hub/component/workflow/detail/hub-workflow-detail.component.spec.ts" name="HubWorkflowDetailComponent &gt; ngOnInit &gt; early-returns when wid is undefined" time="0.168723708">
        </testcase>
        <testcase classname="src/app/hub/component/workflow/detail/hub-workflow-detail.component.spec.ts" name="HubWorkflowDetailComponent &gt; ngOnInit &gt; assigns likeCount and cloneCount from getCounts" time="0.017295958">
        </testcase>
        <testcase classname="src/app/hub/component/workflow/detail/hub-workflow-detail.component.spec.ts" name="HubWorkflowDetailComponent &gt; ngOnInit &gt; defaults likeCount and cloneCount to 0 when counts are missing" time="0.053900583">
        </testcase>
        <testcase classname="src/app/hub/component/workflow/detail/hub-workflow-detail.component.spec.ts" name="HubWorkflowDetailComponent &gt; ngOnInit &gt; pipes postView through throttleTime and assigns viewCount" time="0.064406042">
        </testcase>
        <testcase classname="src/app/hub/component/workflow/detail/hub-workflow-detail.component.spec.ts" name="HubWorkflowDetailComponent &gt; ngOnInit &gt; passes 0 as userId to postView when there is no current user" time="0.035935791">
        </testcase>
        <testcase classname="src/app/hub/component/workflow/detail/hub-workflow-detail.component.spec.ts" name="HubWorkflowDetailComponent &gt; ngOnInit &gt; sets isLiked from the isLiked response when a user is logged in" time="0.042560958">
        </testcase>
        <testcase classname="src/app/hub/component/workflow/detail/hub-workflow-detail.component.spec.ts" name="HubWorkflowDetailComponent &gt; ngOnInit &gt; falls back to isLiked = false when the response is empty" time="0.026949667">
        </testcase>
        <testcase classname="src/app/hub/component/workflow/detail/hub-workflow-detail.component.spec.ts" name="HubWorkflowDetailComponent &gt; ngOnInit &gt; does not call isLiked when there is no current user" time="0.02716425">
        </testcase>
        <testcase classname="src/app/hub/component/workflow/detail/hub-workflow-detail.component.spec.ts" name="HubWorkflowDetailComponent &gt; ngOnInit &gt; assigns the fetched description and passes it to the description child" time="0.012432417">
        </testcase>
        <testcase classname="src/app/hub/component/workflow/detail/hub-workflow-detail.component.spec.ts" name="HubWorkflowDetailComponent &gt; ngOnInit &gt; substitutes a placeholder when the workflow has no description" time="0.023238666">
        </testcase>
        <testcase classname="src/app/hub/component/workflow/detail/hub-workflow-detail.component.spec.ts" name="HubWorkflowDetailComponent &gt; ngAfterViewInit / loadWorkflowWithId &gt; uses retrieveWorkflow when not in hub mode and triggers center event" time="0.021197334">
        </testcase>
        <testcase classname="src/app/hub/component/workflow/detail/hub-workflow-detail.component.spec.ts" name="HubWorkflowDetailComponent &gt; ngAfterViewInit / loadWorkflowWithId &gt; uses retrievePublicWorkflow when in hub mode and triggers center event" time="0.017562708">
        </testcase>
        <testcase classname="src/app/hub/component/workflow/detail/hub-workflow-detail.component.spec.ts" name="HubWorkflowDetailComponent &gt; ngAfterViewInit / loadWorkflowWithId &gt; reports the load failure and does not reload or trigger center event when retrieveWorkflow errors" time="0.012255791">
        </testcase>
        <testcase classname="src/app/hub/component/workflow/detail/hub-workflow-detail.component.spec.ts" name="HubWorkflowDetailComponent &gt; ngAfterViewInit / loadWorkflowWithId &gt; reports the load failure and does not reload or trigger center event when retrievePublicWorkflow errors" time="0.031870833">
        </testcase>
        <testcase classname="src/app/hub/component/workflow/detail/hub-workflow-detail.component.spec.ts" name="HubWorkflowDetailComponent &gt; ngAfterViewInit / loadWorkflowWithId &gt; skips loading when wid is undefined" time="0.012063291">
        </testcase>
        <testcase classname="src/app/hub/component/workflow/detail/hub-workflow-detail.component.spec.ts" name="HubWorkflowDetailComponent &gt; ngOnDestroy &gt; calls WorkflowActionService.clearWorkflow" time="0.012770125">
        </testcase>
        <testcase classname="src/app/hub/component/workflow/detail/hub-workflow-detail.component.spec.ts" name="HubWorkflowDetailComponent &gt; goBack &gt; navigates to HUB_WORKFLOW_RESULT" time="0.036290292">
        </testcase>
        <testcase classname="src/app/hub/component/workflow/detail/hub-workflow-detail.component.spec.ts" name="HubWorkflowDetailComponent &gt; goBack &gt; notifies the user on navigation failure" time="0.01030175">
        </testcase>
        <testcase classname="src/app/hub/component/workflow/detail/hub-workflow-detail.component.spec.ts" name="HubWorkflowDetailComponent &gt; cloneWorkflow &gt; early-returns when wid is undefined" time="0.009363541">
        </testcase>
        <testcase classname="src/app/hub/component/workflow/detail/hub-workflow-detail.component.spec.ts" name="HubWorkflowDetailComponent &gt; cloneWorkflow &gt; navigates to the user workspace and shows a success notification" time="0.010979375">
        </testcase>
        <testcase classname="src/app/hub/component/workflow/detail/hub-workflow-detail.component.spec.ts" name="HubWorkflowDetailComponent &gt; toggleLike &gt; short-circuits when there is no current user" time="0.037441333">
        </testcase>
        <testcase classname="src/app/hub/component/workflow/detail/hub-workflow-detail.component.spec.ts" name="HubWorkflowDetailComponent &gt; toggleLike &gt; short-circuits when wid is undefined" time="0.014980042">
        </testcase>
        <testcase classname="src/app/hub/component/workflow/detail/hub-workflow-detail.component.spec.ts" name="HubWorkflowDetailComponent &gt; toggleLike &gt; calls postLike when not currently liked, flips isLiked, refreshes likeCount" time="0.0203675">
        </testcase>
        <testcase classname="src/app/hub/component/workflow/detail/hub-workflow-detail.component.spec.ts" name="HubWorkflowDetailComponent &gt; toggleLike &gt; calls postUnlike when currently liked, flips isLiked, refreshes likeCount" time="0.011603791">
        </testcase>
        <testcase classname="src/app/hub/component/workflow/detail/hub-workflow-detail.component.spec.ts" name="HubWorkflowDetailComponent &gt; toggleLike &gt; does not flip isLiked when postLike returns false" time="0.048119708">
        </testcase>
        <testcase classname="src/app/hub/component/workflow/detail/hub-workflow-detail.component.spec.ts" name="HubWorkflowDetailComponent &gt; toggleLike &gt; does not flip isLiked when postUnlike returns false" time="0.014857667">
        </testcase>
        <testcase classname="src/app/hub/component/workflow/detail/hub-workflow-detail.component.spec.ts" name="HubWorkflowDetailComponent &gt; toggleLike &gt; defaults likeCount to 0 when the counts refreshed after a like carry none" time="0.010749667">
        </testcase>
        <testcase classname="src/app/hub/component/workflow/detail/hub-workflow-detail.component.spec.ts" name="HubWorkflowDetailComponent &gt; toggleLike &gt; defaults likeCount to 0 when the counts refreshed after an unlike carry none" time="0.018179333">
        </testcase>
        <testcase classname="src/app/hub/component/workflow/detail/hub-workflow-detail.component.spec.ts" name="HubWorkflowDetailComponent &gt; toggleLike &gt; skips the like refresh when wid disappears before the response" time="0.019091416">
        </testcase>
        <testcase classname="src/app/hub/component/workflow/detail/hub-workflow-detail.component.spec.ts" name="HubWorkflowDetailComponent &gt; toggleLike &gt; skips the unlike refresh when wid disappears before the response" time="0.007837958">
        </testcase>
        <testcase classname="src/app/hub/component/workflow/detail/hub-workflow-detail.component.spec.ts" name="HubWorkflowDetailComponent &gt; formatCount &gt; returns 1.0k for 1000" time="0.007319083">
        </testcase>
        <testcase classname="src/app/hub/component/workflow/detail/hub-workflow-detail.component.spec.ts" name="HubWorkflowDetailComponent &gt; formatCount &gt; returns the raw string for values below 1000" time="0.050610083">
        </testcase>
        <testcase classname="src/app/hub/component/workflow/detail/hub-workflow-detail.component.spec.ts" name="HubWorkflowDetailComponent &gt; changeViewDisplayStyle &gt; toggles displayPreciseViewCount" time="0.032387416">
        </testcase>
        <testcase classname="src/app/hub/component/workflow/detail/hub-workflow-detail.component.spec.ts" name="HubWorkflowDetailComponent rendered with its real children &gt; renders the real editor and mini-map rather than stubs" time="0.057927208">
        </testcase>
        <testcase classname="src/app/hub/component/workflow/detail/hub-workflow-detail.component.spec.ts" name="HubWorkflowDetailComponent rendered with its real children &gt; shows the back button when the id came from the route" time="0.082455875">
        </testcase>
        <testcase classname="src/app/hub/component/workflow/detail/hub-workflow-detail.component.spec.ts" name="HubWorkflowDetailComponent rendered with its real children &gt; navigates back to the hub listing when the back button is clicked" time="0.065083625">
        </testcase>
        <testcase classname="src/app/hub/component/workflow/detail/hub-workflow-detail.component.spec.ts" name="HubWorkflowDetailComponent rendered with its real children &gt; hides the back button when the wid arrived as modal data" time="0.079982541">
        </testcase>
    </testsuite>
    <testsuite name="src/app/dashboard/component/admin/execution/admin-execution.component.spec.ts" timestamp="2026-09-01T22:49:41.748Z" hostname="dhcp-172-27-096-224.mobile.uci.edu" tests="53" failures="0" errors="0" skipped="0" time="2.018615792">
        <testcase classname="src/app/dashboard/component/admin/execution/admin-execution.component.spec.ts" name="AdminDashboardComponent &gt; should create" time="0.133108959">
        </testcase>
        <testcase classname="src/app/dashboard/component/admin/execution/admin-execution.component.spec.ts" name="AdminDashboardComponent &gt; renders the workflow link to /user/workflow/&lt;id&gt; when the admin has access" time="0.192312292">
        </testcase>
        <testcase classname="src/app/dashboard/component/admin/execution/admin-execution.component.spec.ts" name="AdminExecutionComponent pagination (#3586) &gt; moves to the page the user clicks (page 1 -&gt; page 5)" time="0.029240167">
        </testcase>
        <testcase classname="src/app/dashboard/component/admin/execution/admin-execution.component.spec.ts" name="AdminExecutionComponent pagination (#3586) &gt; follows the emitted page index when the page size changes (reset to first page)" time="0.00928425">
        </testcase>
        <testcase classname="src/app/dashboard/component/admin/execution/admin-execution.component.spec.ts" name="AdminExecutionComponent pagination (#3586) &gt; syncs both page size and page index from a single event, order-independently" time="0.043186791">
        </testcase>
        <testcase classname="src/app/dashboard/component/admin/execution/admin-execution.component.spec.ts" name="AdminExecutionComponent pagination (#3586) &gt; clamps to the last existing page when a larger page size removes pages" time="0.050315667">
        </testcase>
        <testcase classname="src/app/dashboard/component/admin/execution/admin-execution.component.spec.ts" name="AdminExecutionComponent pagination (#3586) &gt; handles single-page results (stays on the only page)" time="0.008197375">
        </testcase>
        <testcase classname="src/app/dashboard/component/admin/execution/admin-execution.component.spec.ts" name="AdminExecutionComponent pagination (#3586) &gt; clamps to the first page for empty results even if a later page is requested" time="0.006088291">
        </testcase>
        <testcase classname="src/app/dashboard/component/admin/execution/admin-execution.component.spec.ts" name="AdminExecutionComponent pagination (#3586) &gt; does not refetch when neither page size nor page index changed (sort/filter handled elsewhere)" time="0.009634375">
        </testcase>
        <testcase classname="src/app/dashboard/component/admin/execution/admin-execution.component.spec.ts" name="AdminExecutionComponent pagination (#3586) &gt; fetches exactly once for a real page change" time="0.007061833">
        </testcase>
        <testcase classname="src/app/dashboard/component/admin/execution/admin-execution.component.spec.ts" name="AdminExecutionComponent methods (#6550) &gt; pure helpers &gt; padZero pads single digits to two characters" time="0.00733675">
        </testcase>
        <testcase classname="src/app/dashboard/component/admin/execution/admin-execution.component.spec.ts" name="AdminExecutionComponent methods (#6550) &gt; pure helpers &gt; convertSecondsToTime formats seconds as HH:MM:SS" time="0.029043291">
        </testcase>
        <testcase classname="src/app/dashboard/component/admin/execution/admin-execution.component.spec.ts" name="AdminExecutionComponent methods (#6550) &gt; pure helpers &gt; maxStringLength truncates only when longer than the limit" time="0.008655792">
        </testcase>
        <testcase classname="src/app/dashboard/component/admin/execution/admin-execution.component.spec.ts" name="AdminExecutionComponent methods (#6550) &gt; pure helpers &gt; getStatusColor maps statuses to colors and falls back to black" time="0.0104755">
        </testcase>
        <testcase classname="src/app/dashboard/component/admin/execution/admin-execution.component.spec.ts" name="AdminExecutionComponent methods (#6550) &gt; pure helpers &gt; getStatusColor maps the remaining statuses" time="0.011633709">
        </testcase>
        <testcase classname="src/app/dashboard/component/admin/execution/admin-execution.component.spec.ts" name="AdminExecutionComponent methods (#6550) &gt; pure helpers &gt; convertTimeToTimestamp renders the timestamp via toLocaleString" time="0.012841375">
        </testcase>
        <testcase classname="src/app/dashboard/component/admin/execution/admin-execution.component.spec.ts" name="AdminExecutionComponent methods (#6550) &gt; pure helpers &gt; calculateTime uses the fixed final duration for a completed execution" time="0.003617625">
        </testcase>
        <testcase classname="src/app/dashboard/component/admin/execution/admin-execution.component.spec.ts" name="AdminExecutionComponent methods (#6550) &gt; pure helpers &gt; calculateTime uses the live elapsed time for a running execution" time="0.003315">
        </testcase>
        <testcase classname="src/app/dashboard/component/admin/execution/admin-execution.component.spec.ts" name="AdminExecutionComponent methods (#6550) &gt; time status &gt; specifyCompletedStatus flips COMPLETED to JUST COMPLETED within the 5s window" time="0.003986958">
        </testcase>
        <testcase classname="src/app/dashboard/component/admin/execution/admin-execution.component.spec.ts" name="AdminExecutionComponent methods (#6550) &gt; time status &gt; specifyCompletedStatus reverts JUST COMPLETED to COMPLETED after 5s" time="0.027187416">
        </testcase>
        <testcase classname="src/app/dashboard/component/admin/execution/admin-execution.component.spec.ts" name="AdminExecutionComponent methods (#6550) &gt; time status &gt; updateTimeDifferences assigns the elapsed time for each execution" time="0.004385125">
        </testcase>
        <testcase classname="src/app/dashboard/component/admin/execution/admin-execution.component.spec.ts" name="AdminExecutionComponent methods (#6550) &gt; time status &gt; updateTimeStatus delegates to specifyCompletedStatus and updateTimeDifferences" time="0.010043583">
        </testcase>
        <testcase classname="src/app/dashboard/component/admin/execution/admin-execution.component.spec.ts" name="AdminExecutionComponent methods (#6550) &gt; time status &gt; dataCheck flags a status change and ignores a fresh JUST COMPLETED" time="0.0107125">
        </testcase>
        <testcase classname="src/app/dashboard/component/admin/execution/admin-execution.component.spec.ts" name="AdminExecutionComponent methods (#6550) &gt; time status &gt; dataCheck flags execution-name and workflow-name changes when the status is unchanged" time="0.007672334">
        </testcase>
        <testcase classname="src/app/dashboard/component/admin/execution/admin-execution.component.spec.ts" name="AdminExecutionComponent methods (#6550) &gt; time status &gt; dataCheck returns false when status, execution name and workflow name are all unchanged" time="0.011923292">
        </testcase>
        <testcase classname="src/app/dashboard/component/admin/execution/admin-execution.component.spec.ts" name="AdminExecutionComponent methods (#6550) &gt; data + table &gt; fetchData populates the list, total and loading flag" time="0.008737875">
        </testcase>
        <testcase classname="src/app/dashboard/component/admin/execution/admin-execution.component.spec.ts" name="AdminExecutionComponent methods (#6550) &gt; data + table &gt; onFilterChange stringifies the filter and refetches with it" time="0.012841917">
        </testcase>
        <testcase classname="src/app/dashboard/component/admin/execution/admin-execution.component.spec.ts" name="AdminExecutionComponent methods (#6550) &gt; data + table &gt; onSortChange sets the field/direction and refetches" time="0.017536708">
        </testcase>
        <testcase classname="src/app/dashboard/component/admin/execution/admin-execution.component.spec.ts" name="AdminExecutionComponent methods (#6550) &gt; data + table &gt; onSortChange resets to NO_SORT when the active field is cleared" time="0.008339292">
        </testcase>
        <testcase classname="src/app/dashboard/component/admin/execution/admin-execution.component.spec.ts" name="AdminExecutionComponent methods (#6550) &gt; data + table &gt; onSortChange maps a descend order to the &apos;desc&apos; direction" time="0.027003541">
        </testcase>
        <testcase classname="src/app/dashboard/component/admin/execution/admin-execution.component.spec.ts" name="AdminExecutionComponent methods (#6550) &gt; data + table &gt; onSortChange is a no-op when a non-active field is cleared" time="0.020469917">
        </testcase>
        <testcase classname="src/app/dashboard/component/admin/execution/admin-execution.component.spec.ts" name="AdminExecutionComponent methods (#6550) &gt; data + table &gt; filterByStatus matches only executions whose status contains a selected value" time="0.011028292">
        </testcase>
        <testcase classname="src/app/dashboard/component/admin/execution/admin-execution.component.spec.ts" name="AdminExecutionComponent methods (#6550) &gt; execution actions &gt; killExecution opens the socket for the workflow, sends a kill request and refreshes" time="0.00809775">
        </testcase>
        <testcase classname="src/app/dashboard/component/admin/execution/admin-execution.component.spec.ts" name="AdminExecutionComponent methods (#6550) &gt; execution actions &gt; pauseExecution sends a pause request" time="0.009994709">
        </testcase>
        <testcase classname="src/app/dashboard/component/admin/execution/admin-execution.component.spec.ts" name="AdminExecutionComponent methods (#6550) &gt; execution actions &gt; resumeExecution sends a resume request" time="0.012712791">
        </testcase>
        <testcase classname="src/app/dashboard/component/admin/execution/admin-execution.component.spec.ts" name="AdminExecutionComponent methods (#6550) &gt; execution actions &gt; clickToViewHistory opens the history modal for the workflow" time="0.013443292">
        </testcase>
        <testcase classname="src/app/dashboard/component/admin/execution/admin-execution.component.spec.ts" name="AdminExecutionComponent methods (#6550) &gt; lifecycle polling &gt; ngOnInit loads the current page and starts the 1s clock tick" time="0.024048041">
        </testcase>
        <testcase classname="src/app/dashboard/component/admin/execution/admin-execution.component.spec.ts" name="AdminExecutionComponent methods (#6550) &gt; lifecycle polling &gt; ngOnInit polls the current page every 5s and leaves the total untouched when it did not change" time="0.01919575">
        </testcase>
        <testcase classname="src/app/dashboard/component/admin/execution/admin-execution.component.spec.ts" name="AdminExecutionComponent methods (#6550) &gt; lifecycle polling &gt; ngOnDestroy clears the clock interval so it stops ticking" time="0.00520975">
        </testcase>
        <testcase classname="src/app/dashboard/component/admin/execution/admin-execution.component.spec.ts" name="AdminExecutionComponent template rendering &gt; renders one row per execution with the truncated name and formatted duration" time="0.077297167">
        </testcase>
        <testcase classname="src/app/dashboard/component/admin/execution/admin-execution.component.spec.ts" name="AdminExecutionComponent template rendering &gt; renders the Not Available arm when the execution time is negative" time="0.070955625">
        </testcase>
        <testcase classname="src/app/dashboard/component/admin/execution/admin-execution.component.spec.ts" name="AdminExecutionComponent template rendering &gt; kills the execution with its workflow id when the kill control is clicked" time="0.07879175">
        </testcase>
        <testcase classname="src/app/dashboard/component/admin/execution/admin-execution.component.spec.ts" name="AdminExecutionComponent template rendering &gt; renders the workflow name as plain text when the admin has no access" time="0.147387625">
        </testcase>
        <testcase classname="src/app/dashboard/component/admin/execution/admin-execution.component.spec.ts" name="AdminExecutionComponent template rendering &gt; pauses the execution when the pause control is clicked on a running row" time="0.21348875">
        </testcase>
        <testcase classname="src/app/dashboard/component/admin/execution/admin-execution.component.spec.ts" name="AdminExecutionComponent template rendering &gt; resumes the execution when the resume control is clicked on a paused row" time="0.092603959">
        </testcase>
        <testcase classname="src/app/dashboard/component/admin/execution/admin-execution.component.spec.ts" name="AdminExecutionComponent template rendering &gt; greys out kill, pause and resume once the execution has finished" time="0.028151125">
        </testcase>
        <testcase classname="src/app/dashboard/component/admin/execution/admin-execution.component.spec.ts" name="AdminExecutionComponent template rendering &gt; paints each row&apos;s status cell with that status&apos;s colour" time="0.094756584">
        </testcase>
        <testcase classname="src/app/dashboard/component/admin/execution/admin-execution.component.spec.ts" name="AdminExecutionComponent template rendering &gt; sorts each column by that column&apos;s own server-side key" time="0.049470791">
        </testcase>
        <testcase classname="src/app/dashboard/component/admin/execution/admin-execution.component.spec.ts" name="AdminExecutionComponent template rendering &gt; hands the page bar the 1-indexed page, the page size and the server-side total" time="0.069461125">
        </testcase>
        <testcase classname="src/app/dashboard/component/admin/execution/admin-execution.component.spec.ts" name="AdminExecutionComponent template rendering &gt; labels each status filter with the status it actually filters for" time="0.060206541">
        </testcase>
        <testcase classname="src/app/dashboard/component/admin/execution/admin-execution.component.spec.ts" name="AdminExecutionComponent template rendering &gt; opens the execution history for the row&apos;s workflow" time="0.070563042">
        </testcase>
        <testcase classname="src/app/dashboard/component/admin/execution/admin-execution.component.spec.ts" name="AdminExecutionComponent template rendering &gt; reads Not Available in the end-time cell while the execution is still running" time="0.035623292">
        </testcase>
        <testcase classname="src/app/dashboard/component/admin/execution/admin-execution.component.spec.ts" name="AdminExecutionComponent template rendering &gt; reads Not Available in the duration cell while still showing a negative-duration run&apos;s end time" time="0.078677583">
        </testcase>
    </testsuite>
    <testsuite name="src/app/dashboard/component/admin/gmail/admin-gmail.component.spec.ts" timestamp="2026-09-01T22:49:41.750Z" hostname="dhcp-172-27-096-224.mobile.uci.edu" tests="10" failures="0" errors="0" skipped="0" time="0.21172425">
        <testcase classname="src/app/dashboard/component/admin/gmail/admin-gmail.component.spec.ts" name="AdminGmailComponent &gt; should create and render the reactive form template" time="0.018776708">
        </testcase>
        <testcase classname="src/app/dashboard/component/admin/gmail/admin-gmail.component.spec.ts" name="AdminGmailComponent &gt; validateForm validation &gt; builds the form with email/subject/content controls" time="0.016497042">
        </testcase>
        <testcase classname="src/app/dashboard/component/admin/gmail/admin-gmail.component.spec.ts" name="AdminGmailComponent &gt; validateForm validation &gt; is invalid when empty" time="0.055531583">
        </testcase>
        <testcase classname="src/app/dashboard/component/admin/gmail/admin-gmail.component.spec.ts" name="AdminGmailComponent &gt; validateForm validation &gt; is invalid when the email is malformed (all fields otherwise filled)" time="0.021050459">
        </testcase>
        <testcase classname="src/app/dashboard/component/admin/gmail/admin-gmail.component.spec.ts" name="AdminGmailComponent &gt; validateForm validation &gt; is invalid when subject is missing" time="0.011534375">
        </testcase>
        <testcase classname="src/app/dashboard/component/admin/gmail/admin-gmail.component.spec.ts" name="AdminGmailComponent &gt; validateForm validation &gt; is invalid when content is missing" time="0.022262417">
        </testcase>
        <testcase classname="src/app/dashboard/component/admin/gmail/admin-gmail.component.spec.ts" name="AdminGmailComponent &gt; validateForm validation &gt; is valid when all three fields are filled with a well-formed email" time="0.017749334">
        </testcase>
        <testcase classname="src/app/dashboard/component/admin/gmail/admin-gmail.component.spec.ts" name="AdminGmailComponent &gt; getSenderEmail (called from ngOnInit) &gt; subscribes on init and sets email to the emitted value" time="0.013172958">
        </testcase>
        <testcase classname="src/app/dashboard/component/admin/gmail/admin-gmail.component.spec.ts" name="AdminGmailComponent &gt; getSenderEmail (called from ngOnInit) &gt; resets email to undefined and logs when the sender lookup errors" time="0.020228792">
        </testcase>
        <testcase classname="src/app/dashboard/component/admin/gmail/admin-gmail.component.spec.ts" name="AdminGmailComponent &gt; sendTestEmail &gt; calls GmailService.sendEmail with the form&apos;s subject, content and email" time="0.014402167">
        </testcase>
    </testsuite>
    <testsuite name="src/app/dashboard/component/admin/settings/admin-settings.component.spec.ts" timestamp="2026-09-01T22:49:41.751Z" hostname="dhcp-172-27-096-224.mobile.uci.edu" tests="53" failures="0" errors="0" skipped="0" time="3.308327958">
        <testcase classname="src/app/dashboard/component/admin/settings/admin-settings.component.spec.ts" name="AdminSettingsComponent &gt; should create" time="0.055585666">
        </testcase>
        <testcase classname="src/app/dashboard/component/admin/settings/admin-settings.component.spec.ts" name="AdminSettingsComponent &gt; renders MiB unit beside every size-based input" time="0.069155208">
        </testcase>
        <testcase classname="src/app/dashboard/component/admin/settings/admin-settings.component.spec.ts" name="AdminSettingsComponent &gt; loads every form field from one bulk settings request" time="0.053273291">
        </testcase>
        <testcase classname="src/app/dashboard/component/admin/settings/admin-settings.component.spec.ts" name="AdminSettingsComponent &gt; keeps the initializer defaults for missing or unparsable values" time="0.069544625">
        </testcase>
        <testcase classname="src/app/dashboard/component/admin/settings/admin-settings.component.spec.ts" name="AdminSettingsComponent &gt; surfaces a load failure through the message service" time="0.040887916">
        </testcase>
        <testcase classname="src/app/dashboard/component/admin/settings/admin-settings.component.spec.ts" name="AdminSettingsComponent &gt; preserves a legitimately stored 0 instead of falling back to the default" time="0.076822625">
        </testcase>
        <testcase classname="src/app/dashboard/component/admin/settings/admin-settings.component.spec.ts" name="AdminSettingsComponent &gt; blocks a tab save when the bulk load failed (no destructive all-off write)" time="0.075160875">
        </testcase>
        <testcase classname="src/app/dashboard/component/admin/settings/admin-settings.component.spec.ts" name="AdminSettingsComponent &gt; save / reset handlers &gt; branding &gt; saveLogos PUTs only the branding assets that are set and notifies success" time="0.092717041">
        </testcase>
        <testcase classname="src/app/dashboard/component/admin/settings/admin-settings.component.spec.ts" name="AdminSettingsComponent &gt; save / reset handlers &gt; branding &gt; saveLogos PUTs the favicon too when one is set" time="0.07865225">
        </testcase>
        <testcase classname="src/app/dashboard/component/admin/settings/admin-settings.component.spec.ts" name="AdminSettingsComponent &gt; save / reset handlers &gt; branding &gt; saveLogos does nothing when no branding asset is set" time="0.066006916">
        </testcase>
        <testcase classname="src/app/dashboard/component/admin/settings/admin-settings.component.spec.ts" name="AdminSettingsComponent &gt; save / reset handlers &gt; branding &gt; saveLogos notifies an error when the request fails" time="0.0609315">
        </testcase>
        <testcase classname="src/app/dashboard/component/admin/settings/admin-settings.component.spec.ts" name="AdminSettingsComponent &gt; save / reset handlers &gt; branding &gt; resetBranding POSTs a reset for all three branding settings" time="0.066182542">
        </testcase>
        <testcase classname="src/app/dashboard/component/admin/settings/admin-settings.component.spec.ts" name="AdminSettingsComponent &gt; save / reset handlers &gt; tabs &gt; saveTabs PUTs every sidebar tab and notifies success" time="0.035843667">
        </testcase>
        <testcase classname="src/app/dashboard/component/admin/settings/admin-settings.component.spec.ts" name="AdminSettingsComponent &gt; save / reset handlers &gt; tabs &gt; saveTabs notifies an error when a request fails" time="0.041829458">
        </testcase>
        <testcase classname="src/app/dashboard/component/admin/settings/admin-settings.component.spec.ts" name="AdminSettingsComponent &gt; save / reset handlers &gt; tabs &gt; resetTabs POSTs a reset for every sidebar tab" time="0.05121">
        </testcase>
        <testcase classname="src/app/dashboard/component/admin/settings/admin-settings.component.spec.ts" name="AdminSettingsComponent &gt; save / reset handlers &gt; Dataset upload settings &gt; PUTs the four upload settings of its own family and notifies success" time="0.040117625">
        </testcase>
        <testcase classname="src/app/dashboard/component/admin/settings/admin-settings.component.spec.ts" name="AdminSettingsComponent &gt; save / reset handlers &gt; Dataset upload settings &gt; refuses to save before the bulk load completes" time="0.026230584">
        </testcase>
        <testcase classname="src/app/dashboard/component/admin/settings/admin-settings.component.spec.ts" name="AdminSettingsComponent &gt; save / reset handlers &gt; Dataset upload settings &gt; rejects non-positive values without saving" time="0.07516925">
        </testcase>
        <testcase classname="src/app/dashboard/component/admin/settings/admin-settings.component.spec.ts" name="AdminSettingsComponent &gt; save / reset handlers &gt; Dataset upload settings &gt; rejects a configuration that would exceed the 10,000-part limit" time="0.10994725">
        </testcase>
        <testcase classname="src/app/dashboard/component/admin/settings/admin-settings.component.spec.ts" name="AdminSettingsComponent &gt; save / reset handlers &gt; Dataset upload settings &gt; notifies an error when a request fails" time="0.0226735">
        </testcase>
        <testcase classname="src/app/dashboard/component/admin/settings/admin-settings.component.spec.ts" name="AdminSettingsComponent &gt; save / reset handlers &gt; Dataset upload settings &gt; POSTs a reset for all four upload settings" time="0.048391042">
        </testcase>
        <testcase classname="src/app/dashboard/component/admin/settings/admin-settings.component.spec.ts" name="AdminSettingsComponent &gt; save / reset handlers &gt; Model upload settings &gt; PUTs the four upload settings of its own family and notifies success" time="0.057855834">
        </testcase>
        <testcase classname="src/app/dashboard/component/admin/settings/admin-settings.component.spec.ts" name="AdminSettingsComponent &gt; save / reset handlers &gt; Model upload settings &gt; refuses to save before the bulk load completes" time="0.040089459">
        </testcase>
        <testcase classname="src/app/dashboard/component/admin/settings/admin-settings.component.spec.ts" name="AdminSettingsComponent &gt; save / reset handlers &gt; Model upload settings &gt; rejects non-positive values without saving" time="0.066688334">
        </testcase>
        <testcase classname="src/app/dashboard/component/admin/settings/admin-settings.component.spec.ts" name="AdminSettingsComponent &gt; save / reset handlers &gt; Model upload settings &gt; rejects a configuration that would exceed the 10,000-part limit" time="0.065222833">
        </testcase>
        <testcase classname="src/app/dashboard/component/admin/settings/admin-settings.component.spec.ts" name="AdminSettingsComponent &gt; save / reset handlers &gt; Model upload settings &gt; notifies an error when a request fails" time="0.065720834">
        </testcase>
        <testcase classname="src/app/dashboard/component/admin/settings/admin-settings.component.spec.ts" name="AdminSettingsComponent &gt; save / reset handlers &gt; Model upload settings &gt; POSTs a reset for all four upload settings" time="0.03475075">
        </testcase>
        <testcase classname="src/app/dashboard/component/admin/settings/admin-settings.component.spec.ts" name="AdminSettingsComponent &gt; save / reset handlers &gt; computed part-size properties &gt; partsAtMax is 0 unless both the total size and the chunk size are set" time="0.036354041">
        </testcase>
        <testcase classname="src/app/dashboard/component/admin/settings/admin-settings.component.spec.ts" name="AdminSettingsComponent &gt; save / reset handlers &gt; computed part-size properties &gt; requiredMinPartSizeMiB falls back to the floor when no total size is set" time="0.036760542">
        </testcase>
        <testcase classname="src/app/dashboard/component/admin/settings/admin-settings.component.spec.ts" name="AdminSettingsComponent &gt; save / reset handlers &gt; csv (result panel) settings &gt; saveCsvSettings PUTs the max-columns value and notifies success" time="0.053935708">
        </testcase>
        <testcase classname="src/app/dashboard/component/admin/settings/admin-settings.component.spec.ts" name="AdminSettingsComponent &gt; save / reset handlers &gt; csv (result panel) settings &gt; saveCsvSettings refuses to save before the bulk load completes" time="0.024628209">
        </testcase>
        <testcase classname="src/app/dashboard/component/admin/settings/admin-settings.component.spec.ts" name="AdminSettingsComponent &gt; save / reset handlers &gt; csv (result panel) settings &gt; saveCsvSettings notifies an error when the request fails" time="0.036341417">
        </testcase>
        <testcase classname="src/app/dashboard/component/admin/settings/admin-settings.component.spec.ts" name="AdminSettingsComponent &gt; save / reset handlers &gt; csv (result panel) settings &gt; resetCsvSettings notifies an error when the reset fails" time="0.043929667">
        </testcase>
        <testcase classname="src/app/dashboard/component/admin/settings/admin-settings.component.spec.ts" name="AdminSettingsComponent &gt; save / reset handlers &gt; csv (result panel) settings &gt; resetCsvSettings POSTs a reset and notifies info" time="0.038857541">
        </testcase>
        <testcase classname="src/app/dashboard/component/admin/settings/admin-settings.component.spec.ts" name="AdminSettingsComponent &gt; save / reset handlers &gt; onFileChange &gt; rejects a non-image file with an error and leaves the existing logo untouched" time="0.048177125">
        </testcase>
        <testcase classname="src/app/dashboard/component/admin/settings/admin-settings.component.spec.ts" name="AdminSettingsComponent &gt; save / reset handlers &gt; onFileChange &gt; reads a valid image file into the matching branding field" time="0.0664105">
        </testcase>
        <testcase classname="src/app/dashboard/component/admin/settings/admin-settings.component.spec.ts" name="AdminSettingsComponent &gt; save / reset handlers &gt; onFileChange &gt; routes a logo upload to logoData" time="0.039047292">
        </testcase>
        <testcase classname="src/app/dashboard/component/admin/settings/admin-settings.component.spec.ts" name="AdminSettingsComponent &gt; save / reset handlers &gt; onFileChange &gt; routes a favicon upload to faviconData" time="0.048703459">
        </testcase>
        <testcase classname="src/app/dashboard/component/admin/settings/admin-settings.component.spec.ts" name="AdminSettingsComponent &gt; save / reset handlers &gt; onFileChange &gt; stores null when the reader yields something other than a string" time="0.050990875">
        </testcase>
        <testcase classname="src/app/dashboard/component/admin/settings/admin-settings.component.spec.ts" name="AdminSettingsComponent wiring &gt; sidebar switches &gt; gives every switch its own setting, in template order" time="0.135866708">
        </testcase>
        <testcase classname="src/app/dashboard/component/admin/settings/admin-settings.component.spec.ts" name="AdminSettingsComponent wiring &gt; sidebar switches &gt; locks the Hub children until Hub itself is on" time="0.108765333">
        </testcase>
        <testcase classname="src/app/dashboard/component/admin/settings/admin-settings.component.spec.ts" name="AdminSettingsComponent wiring &gt; sidebar switches &gt; locks the Your Work children until Your Work itself is on" time="0.132011">
        </testcase>
        <testcase classname="src/app/dashboard/component/admin/settings/admin-settings.component.spec.ts" name="AdminSettingsComponent wiring &gt; sidebar switches &gt; never locks the two section switches or About" time="0.053208708">
        </testcase>
        <testcase classname="src/app/dashboard/component/admin/settings/admin-settings.component.spec.ts" name="AdminSettingsComponent wiring &gt; numeric settings &gt; gives every number input its own field, in template order" time="0.106630542">
        </testcase>
        <testcase classname="src/app/dashboard/component/admin/settings/admin-settings.component.spec.ts" name="AdminSettingsComponent wiring &gt; card buttons &gt; routes each card&apos;s Save to that card&apos;s own handler" time="0.108124709">
        </testcase>
        <testcase classname="src/app/dashboard/component/admin/settings/admin-settings.component.spec.ts" name="AdminSettingsComponent wiring &gt; card buttons &gt; routes each card&apos;s Reset to that card&apos;s own handler" time="0.124387459">
        </testcase>
        <testcase classname="src/app/dashboard/component/admin/settings/admin-settings.component.spec.ts" name="AdminSettingsComponent wiring &gt; branding uploads &gt; points each picker at its own hidden input" time="0.047206375">
        </testcase>
        <testcase classname="src/app/dashboard/component/admin/settings/admin-settings.component.spec.ts" name="AdminSettingsComponent wiring &gt; branding uploads &gt; tags each hidden input&apos;s change with its own setting key" time="0.041910416">
        </testcase>
        <testcase classname="src/app/dashboard/component/admin/settings/admin-settings.component.spec.ts" name="AdminSettingsComponent wiring &gt; branding uploads &gt; shows no preview until something has been chosen" time="0.057941208">
        </testcase>
        <testcase classname="src/app/dashboard/component/admin/settings/admin-settings.component.spec.ts" name="AdminSettingsComponent wiring &gt; branding uploads &gt; previews only the images that have been chosen" time="0.04867975">
        </testcase>
        <testcase classname="src/app/dashboard/component/admin/settings/admin-settings.component.spec.ts" name="AdminSettingsComponent wiring &gt; branding uploads &gt; previews each image beside its own label" time="0.040536333">
        </testcase>
        <testcase classname="src/app/dashboard/component/admin/settings/admin-settings.component.spec.ts" name="AdminSettingsComponent upload guidance tooltip &gt; spells out the part-count guidance behind an upload card&apos;s info icon" time="0.111824625">
        </testcase>
        <testcase classname="src/app/dashboard/component/admin/settings/admin-settings.component.spec.ts" name="AdminSettingsComponent upload guidance tooltip &gt; opens the AWS limits reference in a new tab without leaking the admin page" time="0.07235425">
        </testcase>
    </testsuite>
    <testsuite name="src/app/dashboard/component/admin/user/admin-user.component.spec.ts" timestamp="2026-09-01T22:49:41.753Z" hostname="dhcp-172-27-096-224.mobile.uci.edu" tests="48" failures="0" errors="0" skipped="0" time="2.972257875">
        <testcase classname="src/app/dashboard/component/admin/user/admin-user.component.spec.ts" name="AdminUserComponent &gt; should create" time="0.042281709">
        </testcase>
        <testcase classname="src/app/dashboard/component/admin/user/admin-user.component.spec.ts" name="AdminUserComponent &gt; shows a placeholder tag only for placeholder accounts" time="0.123086833">
        </testcase>
        <testcase classname="src/app/dashboard/component/admin/user/admin-user.component.spec.ts" name="AdminUserComponent &gt; should search email case-insensitively" time="0.071736">
        </testcase>
        <testcase classname="src/app/dashboard/component/admin/user/admin-user.component.spec.ts" name="AdminUserComponent &gt; should search comment case-insensitively" time="0.074171542">
        </testcase>
        <testcase classname="src/app/dashboard/component/admin/user/admin-user.component.spec.ts" name="AdminUserComponent &gt; should trim active email search value without lowercasing the stored input" time="0.051769417">
        </testcase>
        <testcase classname="src/app/dashboard/component/admin/user/admin-user.component.spec.ts" name="AdminUserComponent &gt; should trim active comment search value without lowercasing the stored input" time="0.043968917">
        </testcase>
        <testcase classname="src/app/dashboard/component/admin/user/admin-user.component.spec.ts" name="AdminUserComponent &gt; should clear inactive search values when searching by name" time="0.038948">
        </testcase>
        <testcase classname="src/app/dashboard/component/admin/user/admin-user.component.spec.ts" name="AdminUserComponent &gt; should clear inactive search values when searching by email" time="0.056895459">
        </testcase>
        <testcase classname="src/app/dashboard/component/admin/user/admin-user.component.spec.ts" name="AdminUserComponent &gt; should clear inactive search values when searching by comment" time="0.025669958">
        </testcase>
        <testcase classname="src/app/dashboard/component/admin/user/admin-user.component.spec.ts" name="AdminUserComponent &gt; addUser creates a user through the service and reloads the list" time="0.044602">
        </testcase>
        <testcase classname="src/app/dashboard/component/admin/user/admin-user.component.spec.ts" name="AdminUserComponent &gt; startEdit loads the target row&apos;s values into the edit fields" time="0.018133708">
        </testcase>
        <testcase classname="src/app/dashboard/component/admin/user/admin-user.component.spec.ts" name="AdminUserComponent &gt; saveEdit persists a changed row and updates the local lists" time="0.12444775">
        </testcase>
        <testcase classname="src/app/dashboard/component/admin/user/admin-user.component.spec.ts" name="AdminUserComponent &gt; saveEdit is a no-op when nothing changed" time="0.07555375">
        </testcase>
        <testcase classname="src/app/dashboard/component/admin/user/admin-user.component.spec.ts" name="AdminUserComponent &gt; saveEdit surfaces a service error through the message service" time="0.077708542">
        </testcase>
        <testcase classname="src/app/dashboard/component/admin/user/admin-user.component.spec.ts" name="AdminUserComponent &gt; stopEdit clears the edit target" time="0.055168666">
        </testcase>
        <testcase classname="src/app/dashboard/component/admin/user/admin-user.component.spec.ts" name="AdminUserComponent &gt; reset clears search state and restores the full display list" time="0.055584917">
        </testcase>
        <testcase classname="src/app/dashboard/component/admin/user/admin-user.component.spec.ts" name="AdminUserComponent &gt; updateRole edits only the role and persists it" time="0.103720959">
        </testcase>
        <testcase classname="src/app/dashboard/component/admin/user/admin-user.component.spec.ts" name="AdminUserComponent &gt; isUserActive reflects the recent-login window" time="0.04096175">
        </testcase>
        <testcase classname="src/app/dashboard/component/admin/user/admin-user.component.spec.ts" name="AdminUserComponent &gt; getAccountCreation converts seconds to milliseconds and defaults to 0" time="0.042820083">
        </testcase>
        <testcase classname="src/app/dashboard/component/admin/user/admin-user.component.spec.ts" name="AdminUserComponent &gt; loadFeedbackCounts caches counts read back by getFeedbackCount" time="0.030593708">
        </testcase>
        <testcase classname="src/app/dashboard/component/admin/user/admin-user.component.spec.ts" name="AdminUserComponent &gt; clickToViewFeedbacks opens the feedback modal for the given uid" time="0.061964166">
        </testcase>
        <testcase classname="src/app/dashboard/component/admin/user/admin-user.component.spec.ts" name="AdminUserComponent &gt; clickToViewQuota opens the quota modal for the given uid" time="0.08572825">
        </testcase>
        <testcase classname="src/app/dashboard/component/admin/user/admin-user.component.spec.ts" name="AdminUserComponent &gt; startEdit caret focus &gt; focuses the name input and places the caret at the end after the setTimeout macrotask" time="0.02464775">
        </testcase>
        <testcase classname="src/app/dashboard/component/admin/user/admin-user.component.spec.ts" name="AdminUserComponent &gt; startEdit caret focus &gt; focuses the email input and places the caret at the end" time="0.061754625">
        </testcase>
        <testcase classname="src/app/dashboard/component/admin/user/admin-user.component.spec.ts" name="AdminUserComponent &gt; startEdit caret focus &gt; focuses the comment textarea and places the caret at the end" time="0.045328625">
        </testcase>
        <testcase classname="src/app/dashboard/component/admin/user/admin-user.component.spec.ts" name="AdminUserComponent &gt; startEdit caret focus &gt; does nothing on the timer when the matching input ref is absent" time="0.029967625">
        </testcase>
        <testcase classname="src/app/dashboard/component/admin/user/admin-user.component.spec.ts" name="AdminUserComponent &gt; saveEdit error fallback &gt; falls back to err.message when err.error.message is absent" time="0.057453542">
        </testcase>
        <testcase classname="src/app/dashboard/component/admin/user/admin-user.component.spec.ts" name="AdminUserComponent &gt; searchByName filtering &gt; filters the display list by name case-insensitively over populated data" time="0.036010333">
        </testcase>
        <testcase classname="src/app/dashboard/component/admin/user/admin-user.component.spec.ts" name="AdminUserComponent &gt; searchByName filtering &gt; trims a null name search value down to an empty string" time="0.034402916">
        </testcase>
        <testcase classname="src/app/dashboard/component/admin/user/admin-user.component.spec.ts" name="AdminUserComponent &gt; searchByName filtering &gt; tolerates null name/email/comment fields across all three searches" time="0.093717916">
        </testcase>
        <testcase classname="src/app/dashboard/component/admin/user/admin-user.component.spec.ts" name="AdminUserComponent &gt; column sort comparators &gt; sortByID orders by descending uid" time="0.026470833">
        </testcase>
        <testcase classname="src/app/dashboard/component/admin/user/admin-user.component.spec.ts" name="AdminUserComponent &gt; column sort comparators &gt; sortByName compares names and falls back to uid on a tie" time="0.062882084">
        </testcase>
        <testcase classname="src/app/dashboard/component/admin/user/admin-user.component.spec.ts" name="AdminUserComponent &gt; column sort comparators &gt; sortByEmail compares emails and falls back to uid on a tie" time="0.022333542">
        </testcase>
        <testcase classname="src/app/dashboard/component/admin/user/admin-user.component.spec.ts" name="AdminUserComponent &gt; column sort comparators &gt; sortByComment compares comments and falls back to uid on a tie" time="0.035147791">
        </testcase>
        <testcase classname="src/app/dashboard/component/admin/user/admin-user.component.spec.ts" name="AdminUserComponent &gt; column sort comparators &gt; sortByRole compares roles and falls back to uid on a tie" time="0.078602125">
        </testcase>
        <testcase classname="src/app/dashboard/component/admin/user/admin-user.component.spec.ts" name="AdminUserComponent &gt; column sort comparators &gt; sortByAccountCreation orders ascending and defaults missing values to 0" time="0.037454625">
        </testcase>
        <testcase classname="src/app/dashboard/component/admin/user/admin-user.component.spec.ts" name="AdminUserComponent &gt; column sort comparators &gt; sortByAffiliation compares affiliations and falls back to uid on a tie" time="0.03937325">
        </testcase>
        <testcase classname="src/app/dashboard/component/admin/user/admin-user.component.spec.ts" name="AdminUserComponent &gt; column sort comparators &gt; sortByJoiningReason compares joining reasons and falls back to uid on a tie" time="0.049016292">
        </testcase>
        <testcase classname="src/app/dashboard/component/admin/user/admin-user.component.spec.ts" name="AdminUserComponent &gt; column sort comparators &gt; sortByActive ranks active users first and falls back to uid when equal" time="0.031874792">
        </testcase>
        <testcase classname="src/app/dashboard/component/admin/user/admin-user.component.spec.ts" name="AdminUserComponent &gt; filterByRole &gt; matches when the user role is in the selected list" time="0.0452425">
        </testcase>
        <testcase classname="src/app/dashboard/component/admin/user/admin-user.component.spec.ts" name="AdminUserComponent &gt; filterByRole &gt; does not match when the user role is absent from the selected list" time="0.039268375">
        </testcase>
        <testcase classname="src/app/dashboard/component/admin/user/admin-user.component.spec.ts" name="AdminUserComponent &gt; rendered table &gt; swaps a cell for an input when it is clicked, and saves on enter" time="0.099791458">
        </testcase>
        <testcase classname="src/app/dashboard/component/admin/user/admin-user.component.spec.ts" name="AdminUserComponent &gt; rendered table &gt; does the same for the email and comment cells, and saves when the cell loses focus" time="0.08449075">
        </testcase>
        <testcase classname="src/app/dashboard/component/admin/user/admin-user.component.spec.ts" name="AdminUserComponent &gt; rendered table &gt; updates the role through the row&apos;s select" time="0.132301667">
        </testcase>
        <testcase classname="src/app/dashboard/component/admin/user/admin-user.component.spec.ts" name="AdminUserComponent &gt; rendered table &gt; opens the quota and feedback views from the row actions" time="0.183094125">
        </testcase>
        <testcase classname="src/app/dashboard/component/admin/user/admin-user.component.spec.ts" name="AdminUserComponent &gt; rendered table &gt; disables the feedback button for a user with none" time="0.088231167">
        </testcase>
        <testcase classname="src/app/dashboard/component/admin/user/admin-user.component.spec.ts" name="AdminUserComponent &gt; rendered table &gt; shows a creation date when there is one and a dash when there is not" time="0.112342333">
        </testcase>
        <testcase classname="src/app/dashboard/component/admin/user/admin-user.component.spec.ts" name="AdminUserComponent &gt; rendered table &gt; adds a user from the Add button" time="0.074425541">
        </testcase>
    </testsuite>
    <testsuite name="src/app/dashboard/component/user/feedback/feedback.component.spec.ts" timestamp="2026-09-01T22:49:41.755Z" hostname="dhcp-172-27-096-224.mobile.uci.edu" tests="16" failures="0" errors="0" skipped="0" time="0.387792625">
        <testcase classname="src/app/dashboard/component/user/feedback/feedback.component.spec.ts" name="FeedbackComponent &gt; own-feedback (page) mode &gt; creates and is not in admin view" time="0.009710208">
        </testcase>
        <testcase classname="src/app/dashboard/component/user/feedback/feedback.component.spec.ts" name="FeedbackComponent &gt; own-feedback (page) mode &gt; loads the current user&apos;s own feedback on init" time="0.007007625">
        </testcase>
        <testcase classname="src/app/dashboard/component/user/feedback/feedback.component.spec.ts" name="FeedbackComponent &gt; own-feedback (page) mode &gt; does not submit empty or whitespace-only feedback" time="0.006915666">
        </testcase>
        <testcase classname="src/app/dashboard/component/user/feedback/feedback.component.spec.ts" name="FeedbackComponent &gt; own-feedback (page) mode &gt; submits trimmed feedback, clears the box, and reloads on success" time="0.021014792">
        </testcase>
        <testcase classname="src/app/dashboard/component/user/feedback/feedback.component.spec.ts" name="FeedbackComponent &gt; own-feedback (page) mode &gt; failures &gt; shows the server&apos;s own message when the feedback list fails to load" time="0.025748125">
        </testcase>
        <testcase classname="src/app/dashboard/component/user/feedback/feedback.component.spec.ts" name="FeedbackComponent &gt; own-feedback (page) mode &gt; failures &gt; re-enables the submit box and shows the server&apos;s own message when submitting fails" time="0.013349834">
        </testcase>
        <testcase classname="src/app/dashboard/component/user/feedback/feedback.component.spec.ts" name="FeedbackComponent &gt; own-feedback (page) mode &gt; failures &gt; falls back to the transport message when the server sent no body" time="0.014034959">
        </testcase>
        <testcase classname="src/app/dashboard/component/user/feedback/feedback.component.spec.ts" name="FeedbackComponent &gt; own-feedback (page) mode &gt; failures &gt; falls back to a generic message for an error that carries no message at all" time="0.020920209">
        </testcase>
        <testcase classname="src/app/dashboard/component/user/feedback/feedback.component.spec.ts" name="FeedbackComponent &gt; own-feedback (page) mode &gt; rendered page &gt; submits exactly what was typed into the box" time="0.028571583">
        </testcase>
        <testcase classname="src/app/dashboard/component/user/feedback/feedback.component.spec.ts" name="FeedbackComponent &gt; own-feedback (page) mode &gt; rendered page &gt; shows the button as loading while the submit is in flight, and idle before it" time="0.097456416">
        </testcase>
        <testcase classname="src/app/dashboard/component/user/feedback/feedback.component.spec.ts" name="FeedbackComponent &gt; own-feedback (page) mode &gt; rendered page &gt; offers the submit box in own-feedback mode" time="0.051320083">
        </testcase>
        <testcase classname="src/app/dashboard/component/user/feedback/feedback.component.spec.ts" name="FeedbackComponent &gt; own-feedback (page) mode &gt; rendered page &gt; keeps the submit button locked while the box is empty" time="0.021500958">
        </testcase>
        <testcase classname="src/app/dashboard/component/user/feedback/feedback.component.spec.ts" name="FeedbackComponent &gt; own-feedback (page) mode &gt; rendered page &gt; keeps the submit button locked for whitespace-only text" time="0.015116584">
        </testcase>
        <testcase classname="src/app/dashboard/component/user/feedback/feedback.component.spec.ts" name="FeedbackComponent &gt; own-feedback (page) mode &gt; rendered page &gt; renders a row per feedback entry with its submitted time and its message" time="0.022959958">
        </testcase>
        <testcase classname="src/app/dashboard/component/user/feedback/feedback.component.spec.ts" name="FeedbackComponent &gt; admin (modal) mode &gt; is in admin view and loads the target user&apos;s feedback" time="0.019781208">
        </testcase>
        <testcase classname="src/app/dashboard/component/user/feedback/feedback.component.spec.ts" name="FeedbackComponent &gt; admin (modal) mode &gt; renders the target user&apos;s feedback read-only, with no submit box" time="0.0117755">
        </testcase>
    </testsuite>
    <testsuite name="src/app/dashboard/component/user/files-uploader/files-uploader.component.spec.ts" timestamp="2026-09-01T22:49:41.756Z" hostname="dhcp-172-27-096-224.mobile.uci.edu" tests="33" failures="0" errors="0" skipped="0" time="0.063113625">
        <testcase classname="src/app/dashboard/component/user/files-uploader/files-uploader.component.spec.ts" name="FilesUploaderComponent &gt; keeps the default upload size limit when the public setting is missing, and parses it when present" time="0.000617833">
        </testcase>
        <testcase classname="src/app/dashboard/component/user/files-uploader/files-uploader.component.spec.ts" name="FilesUploaderComponent &gt; keeps the default upload size limit when the setting request fails" time="0.000177875">
        </testcase>
        <testcase classname="src/app/dashboard/component/user/files-uploader/files-uploader.component.spec.ts" name="FilesUploaderComponent &gt; takes the ceiling key and fallback from the configured endpoint" time="0.000139209">
        </testcase>
        <testcase classname="src/app/dashboard/component/user/files-uploader/files-uploader.component.spec.ts" name="FilesUploaderComponent &gt; asks to resume failed multipart files and skip completed matching files in one retry batch" time="0.002440625">
        </testcase>
        <testcase classname="src/app/dashboard/component/user/files-uploader/files-uploader.component.spec.ts" name="FilesUploaderComponent &gt; asks both questions when the same file has an active upload session and an existing match" time="0.003363042">
        </testcase>
        <testcase classname="src/app/dashboard/component/user/files-uploader/files-uploader.component.spec.ts" name="FilesUploaderComponent &gt; marks a file for force-restart when Restart is chosen" time="0.001788792">
        </testcase>
        <testcase classname="src/app/dashboard/component/user/files-uploader/files-uploader.component.spec.ts" name="FilesUploaderComponent &gt; leaves the restart flag unset when Resume is chosen" time="0.001965417">
        </testcase>
        <testcase classname="src/app/dashboard/component/user/files-uploader/files-uploader.component.spec.ts" name="FilesUploaderComponent &gt; restarts every remaining conflicting file after one Restart For All choice" time="0.002499125">
        </testcase>
        <testcase classname="src/app/dashboard/component/user/files-uploader/files-uploader.component.spec.ts" name="FilesUploaderComponent &gt; resumes every remaining conflicting file after one Resume For All choice" time="0.002026333">
        </testcase>
        <testcase classname="src/app/dashboard/component/user/files-uploader/files-uploader.component.spec.ts" name="FilesUploaderComponent &gt; passes a non-conflicting file straight through without prompting" time="0.000437084">
        </testcase>
        <testcase classname="src/app/dashboard/component/user/files-uploader/files-uploader.component.spec.ts" name="FilesUploaderComponent &gt; skips all matching files after one Skip For All choice" time="0.0017205">
        </testcase>
        <testcase classname="src/app/dashboard/component/user/files-uploader/files-uploader.component.spec.ts" name="FilesUploaderComponent &gt; uploads all matching files after one Upload For All choice" time="0.001892625">
        </testcase>
        <testcase classname="src/app/dashboard/component/user/files-uploader/files-uploader.component.spec.ts" name="FilesUploaderComponent &gt; showFileUploadBanner marks uploading finished and stores the given type and message" time="0.000203959">
        </testcase>
        <testcase classname="src/app/dashboard/component/user/files-uploader/files-uploader.component.spec.ts" name="FilesUploaderComponent &gt; showFileUploadBanner overwrites the previously shown banner on a second call" time="0.00009425">
        </testcase>
        <testcase classname="src/app/dashboard/component/user/files-uploader/files-uploader.component.spec.ts" name="FilesUploaderComponent &gt; hideBanner clears only the finished flag, leaving the last banner type and message intact" time="0.000090583">
        </testcase>
        <testcase classname="src/app/dashboard/component/user/files-uploader/files-uploader.component.spec.ts" name="FilesUploaderComponent &gt; drops that do not yield an uploadable file &gt; rejects a single oversized file and reports it in the banner" time="0.000426">
        </testcase>
        <testcase classname="src/app/dashboard/component/user/files-uploader/files-uploader.component.spec.ts" name="FilesUploaderComponent &gt; drops that do not yield an uploadable file &gt; pluralises the failure banner for more than one rejected file" time="0.000260542">
        </testcase>
        <testcase classname="src/app/dashboard/component/user/files-uploader/files-uploader.component.spec.ts" name="FilesUploaderComponent &gt; drops that do not yield an uploadable file &gt; ignores a dropped directory" time="0.000214">
        </testcase>
        <testcase classname="src/app/dashboard/component/user/files-uploader/files-uploader.component.spec.ts" name="FilesUploaderComponent &gt; drops that do not yield an uploadable file &gt; drops a file whose entry cannot be read" time="0.000856208">
        </testcase>
        <testcase classname="src/app/dashboard/component/user/files-uploader/files-uploader.component.spec.ts" name="FilesUploaderComponent &gt; lookups the drop depends on &gt; skips both lookups when the uploader has no resource context" time="0.00024475">
        </testcase>
        <testcase classname="src/app/dashboard/component/user/files-uploader/files-uploader.component.spec.ts" name="FilesUploaderComponent &gt; lookups the drop depends on &gt; addresses both lookups through the configured endpoint" time="0.000212667">
        </testcase>
        <testcase classname="src/app/dashboard/component/user/files-uploader/files-uploader.component.spec.ts" name="FilesUploaderComponent &gt; lookups the drop depends on &gt; defaults to the dataset endpoint when the embedder sets none" time="0.000173292">
        </testcase>
        <testcase classname="src/app/dashboard/component/user/files-uploader/files-uploader.component.spec.ts" name="FilesUploaderComponent &gt; lookups the drop depends on &gt; treats a failed lookup as nothing to reconcile" time="0.000335208">
        </testcase>
        <testcase classname="src/app/dashboard/component/user/files-uploader/files-uploader.component.spec.ts" name="FilesUploaderComponent &gt; lookups the drop depends on &gt; treats a null lookup result as nothing to reconcile" time="0.000144083">
        </testcase>
        <testcase classname="src/app/dashboard/component/user/files-uploader/files-uploader.component.spec.ts" name="FilesUploaderComponent &gt; lookups the drop depends on &gt; reports an unexpected failure of the whole drop" time="0.001746666">
        </testcase>
        <testcase classname="src/app/dashboard/component/user/files-uploader/files-uploader.component.spec.ts" name="FilesUploaderComponent &gt; lookups the drop depends on &gt; reports an unexpected failure that carries no message" time="0.001684333">
        </testcase>
        <testcase classname="src/app/dashboard/component/user/files-uploader/files-uploader.component.spec.ts" name="FilesUploaderComponent &gt; stops tracking the size setting once destroyed" time="0.000247084">
        </testcase>
        <testcase classname="src/app/dashboard/component/user/files-uploader/files-uploader.component.spec.ts" name="FilesUploaderComponent &gt; dialog titles for paths without a file name &gt; falls back to the whole path when the conflicting path ends in a separator" time="0.003011209">
        </testcase>
        <testcase classname="src/app/dashboard/component/user/files-uploader/files-uploader.component.spec.ts" name="FilesUploaderComponent rendered &gt; hides the banner until the alert is enabled and the upload has finished" time="0.003924417">
        </testcase>
        <testcase classname="src/app/dashboard/component/user/files-uploader/files-uploader.component.spec.ts" name="FilesUploaderComponent rendered &gt; renders the banner message once both flags are set" time="0.010170167">
        </testcase>
        <testcase classname="src/app/dashboard/component/user/files-uploader/files-uploader.component.spec.ts" name="FilesUploaderComponent rendered &gt; clears the banner when its close control fires" time="0.009074625">
        </testcase>
        <testcase classname="src/app/dashboard/component/user/files-uploader/files-uploader.component.spec.ts" name="FilesUploaderComponent rendered &gt; opens the file selector from the drop-zone button" time="0.003844833">
        </testcase>
        <testcase classname="src/app/dashboard/component/user/files-uploader/files-uploader.component.spec.ts" name="FilesUploaderComponent rendered &gt; routes a drop on the zone into fileDropped" time="0.006663584">
        </testcase>
    </testsuite>
    <testsuite name="src/app/dashboard/component/user/filters/filters.component.spec.ts" timestamp="2026-09-01T22:49:41.757Z" hostname="dhcp-172-27-096-224.mobile.uci.edu" tests="39" failures="0" errors="0" skipped="0" time="4.377851917">
        <testcase classname="src/app/dashboard/component/user/filters/filters.component.spec.ts" name="FiltersComponent &gt; should create" time="0.250793583">
        </testcase>
        <testcase classname="src/app/dashboard/component/user/filters/filters.component.spec.ts" name="FiltersComponent &gt; parses manually entered mtime" time="0.136738209">
        </testcase>
        <testcase classname="src/app/dashboard/component/user/filters/filters.component.spec.ts" name="FiltersComponent &gt; parses manually entered ctime" time="0.089102625">
        </testcase>
        <testcase classname="src/app/dashboard/component/user/filters/filters.component.spec.ts" name="FiltersComponent &gt; preserves ordering when parsing drop down" time="0.124106708">
        </testcase>
        <testcase classname="src/app/dashboard/component/user/filters/filters.component.spec.ts" name="FiltersComponent &gt; backend setup for a logged-in user &gt; populates owners from retrieveOwners on init" time="0.091452791">
        </testcase>
        <testcase classname="src/app/dashboard/component/user/filters/filters.component.spec.ts" name="FiltersComponent &gt; backend setup for a logged-in user &gt; populates workflow ids from retrieveWorkflowIDs on init" time="0.127648708">
        </testcase>
        <testcase classname="src/app/dashboard/component/user/filters/filters.component.spec.ts" name="FiltersComponent &gt; backend setup for a logged-in user &gt; skips owner and id retrieval when the user is not logged in at init" time="0.157961625">
        </testcase>
        <testcase classname="src/app/dashboard/component/user/filters/filters.component.spec.ts" name="FiltersComponent &gt; dropdown checkbox handlers build the master filter list &gt; updateSelectedOwners emits an owner tag on masterFilterListChange" time="0.091049542">
        </testcase>
        <testcase classname="src/app/dashboard/component/user/filters/filters.component.spec.ts" name="FiltersComponent &gt; dropdown checkbox handlers build the master filter list &gt; updateSelectedIDs emits an id tag on masterFilterListChange" time="0.074922458">
        </testcase>
        <testcase classname="src/app/dashboard/component/user/filters/filters.component.spec.ts" name="FiltersComponent &gt; dropdown checkbox handlers build the master filter list &gt; updateSelectedOperators emits an operator tag and records full operator metadata" time="0.071188625">
        </testcase>
        <testcase classname="src/app/dashboard/component/user/filters/filters.component.spec.ts" name="FiltersComponent &gt; updateDropdownMenus parses valid search tags &gt; checks the matching owner and records it as selected" time="0.078186291">
        </testcase>
        <testcase classname="src/app/dashboard/component/user/filters/filters.component.spec.ts" name="FiltersComponent &gt; updateDropdownMenus parses valid search tags &gt; checks the matching workflow id and records it as selected" time="0.067075666">
        </testcase>
        <testcase classname="src/app/dashboard/component/user/filters/filters.component.spec.ts" name="FiltersComponent &gt; updateDropdownMenus parses valid search tags &gt; reconstructs a previously-selected operator and re-checks it in the dropdown map" time="0.074594875">
        </testcase>
        <testcase classname="src/app/dashboard/component/user/filters/filters.component.spec.ts" name="FiltersComponent &gt; updateDropdownMenus parses valid search tags &gt; preserves a selected operator whose group is absent from the metadata map" time="0.066050708">
        </testcase>
        <testcase classname="src/app/dashboard/component/user/filters/filters.component.spec.ts" name="FiltersComponent &gt; updateDropdownMenus rejects invalid search tags &gt; reports an invalid owner name and removes the tag" time="0.087725625">
        </testcase>
        <testcase classname="src/app/dashboard/component/user/filters/filters.component.spec.ts" name="FiltersComponent &gt; updateDropdownMenus rejects invalid search tags &gt; reports an invalid workflow id and removes the tag" time="0.169022084">
        </testcase>
        <testcase classname="src/app/dashboard/component/user/filters/filters.component.spec.ts" name="FiltersComponent &gt; updateDropdownMenus rejects invalid search tags &gt; reports an invalid operator name and removes the tag" time="0.124288334">
        </testcase>
        <testcase classname="src/app/dashboard/component/user/filters/filters.component.spec.ts" name="FiltersComponent &gt; updateDropdownMenus guards date tags &gt; rejects a malformed ctime tag" time="0.096456209">
        </testcase>
        <testcase classname="src/app/dashboard/component/user/filters/filters.component.spec.ts" name="FiltersComponent &gt; updateDropdownMenus guards date tags &gt; rejects a malformed mtime tag" time="0.123336375">
        </testcase>
        <testcase classname="src/app/dashboard/component/user/filters/filters.component.spec.ts" name="FiltersComponent &gt; updateDropdownMenus guards date tags &gt; keeps only the first ctime tag when multiple are supplied" time="0.124623708">
        </testcase>
        <testcase classname="src/app/dashboard/component/user/filters/filters.component.spec.ts" name="FiltersComponent &gt; updateDropdownMenus guards date tags &gt; keeps only the first mtime tag when multiple are supplied" time="0.118412916">
        </testcase>
        <testcase classname="src/app/dashboard/component/user/filters/filters.component.spec.ts" name="FiltersComponent &gt; buildMasterFilterList date handling &gt; appends a ctime tag when none is present in the list" time="0.146723583">
        </testcase>
        <testcase classname="src/app/dashboard/component/user/filters/filters.component.spec.ts" name="FiltersComponent &gt; buildMasterFilterList date handling &gt; formats two-digit months without zero padding" time="0.12498">
        </testcase>
        <testcase classname="src/app/dashboard/component/user/filters/filters.component.spec.ts" name="FiltersComponent &gt; buildMasterFilterList date handling &gt; zero-pads single-digit months and days" time="0.090157333">
        </testcase>
        <testcase classname="src/app/dashboard/component/user/filters/filters.component.spec.ts" name="FiltersComponent &gt; getSearchFilterParameters / getSearchKeywords &gt; assembles all selected filter parameters" time="0.187232458">
        </testcase>
        <testcase classname="src/app/dashboard/component/user/filters/filters.component.spec.ts" name="FiltersComponent &gt; getSearchFilterParameters / getSearchKeywords &gt; returns null dates and empty arrays when nothing is selected" time="0.143099333">
        </testcase>
        <testcase classname="src/app/dashboard/component/user/filters/filters.component.spec.ts" name="FiltersComponent &gt; getSearchFilterParameters / getSearchKeywords &gt; getSearchKeywords returns only the plain workflow-name tags" time="0.120991291">
        </testcase>
        <testcase classname="src/app/dashboard/component/user/filters/filters.component.spec.ts" name="FiltersComponent &gt; master-filter-list building and dropdown reset &gt; checkIfWorkflowName distinguishes plain names from known-prefix filter tags" time="0.095580542">
        </testcase>
        <testcase classname="src/app/dashboard/component/user/filters/filters.component.spec.ts" name="FiltersComponent &gt; master-filter-list building and dropdown reset &gt; updateMasterFilterList appends new tags and replaces the ctime tag in place" time="0.099214417">
        </testcase>
        <testcase classname="src/app/dashboard/component/user/filters/filters.component.spec.ts" name="FiltersComponent &gt; master-filter-list building and dropdown reset &gt; updateMasterFilterList drops tags absent from the new list" time="0.137257625">
        </testcase>
        <testcase classname="src/app/dashboard/component/user/filters/filters.component.spec.ts" name="FiltersComponent &gt; master-filter-list building and dropdown reset &gt; setMasterFilterList emits on masterFilterListChange only when the list changes" time="0.101853458">
        </testcase>
        <testcase classname="src/app/dashboard/component/user/filters/filters.component.spec.ts" name="FiltersComponent &gt; master-filter-list building and dropdown reset &gt; removeInvalidFilterTag drops the given tag from the master list" time="0.108981625">
        </testcase>
        <testcase classname="src/app/dashboard/component/user/filters/filters.component.spec.ts" name="FiltersComponent &gt; master-filter-list building and dropdown reset &gt; setDropdownSelectionsToUnchecked clears every dropdown checkbox" time="0.11392175">
        </testcase>
        <testcase classname="src/app/dashboard/component/user/filters/filters.component.spec.ts" name="FiltersComponent per-resource owners &gt; defaults to workflows, so the call sites that pass nothing are unaffected" time="0.098327708">
        </testcase>
        <testcase classname="src/app/dashboard/component/user/filters/filters.component.spec.ts" name="FiltersComponent per-resource owners &gt; lists dataset owners, not workflow owners, when filtering datasets" time="0.084530959">
        </testcase>
        <testcase classname="src/app/dashboard/component/user/filters/filters.component.spec.ts" name="FiltersComponent per-resource owners &gt; offers workflow ids only when filtering workflows" time="0.082393">
        </testcase>
        <testcase classname="src/app/dashboard/component/user/filters/filters.component.spec.ts" name="FiltersComponent per-resource owners &gt; asks for no ids at all when filtering datasets, rather than showing workflow ids" time="0.093559708">
        </testcase>
        <testcase classname="src/app/dashboard/component/user/filters/filters.component.spec.ts" name="FiltersComponent per-resource owners &gt; hides the id dropdown for a kind that has no ids to offer" time="0.109034834">
        </testcase>
        <testcase classname="src/app/dashboard/component/user/filters/filters.component.spec.ts" name="FiltersComponent per-resource owners &gt; still renders the id dropdown for workflows" time="0.093260333">
        </testcase>
    </testsuite>
    <testsuite name="src/app/dashboard/component/user/filters-instructions/filters-instructions.component.spec.ts" timestamp="2026-09-01T22:49:41.759Z" hostname="dhcp-172-27-096-224.mobile.uci.edu" tests="4" failures="0" errors="0" skipped="0" time="0.035763458">
        <testcase classname="src/app/dashboard/component/user/filters-instructions/filters-instructions.component.spec.ts" name="FiltersInstructionsComponent &gt; should create" time="0.006017166">
        </testcase>
        <testcase classname="src/app/dashboard/component/user/filters-instructions/filters-instructions.component.spec.ts" name="FiltersInstructionsComponent &gt; instructions popover &gt; renders only the trigger icon while the popover is closed" time="0.002873959">
        </testcase>
        <testcase classname="src/app/dashboard/component/user/filters-instructions/filters-instructions.component.spec.ts" name="FiltersInstructionsComponent &gt; instructions popover &gt; lists every supported search criterion once opened" time="0.020900792">
        </testcase>
        <testcase classname="src/app/dashboard/component/user/filters-instructions/filters-instructions.component.spec.ts" name="FiltersInstructionsComponent &gt; instructions popover &gt; explains how to change the search parameters and shows a worked example" time="0.00576475">
        </testcase>
    </testsuite>
    <testsuite name="src/app/dashboard/component/user/flarum/flarum.component.spec.ts" timestamp="2026-09-01T22:49:41.759Z" hostname="dhcp-172-27-096-224.mobile.uci.edu" tests="3" failures="0" errors="0" skipped="0" time="0.045477708">
        <testcase classname="src/app/dashboard/component/user/flarum/flarum.component.spec.ts" name="FlarumComponent &gt; asks DomSanitizer to trust the forum resource url at construction time" time="0.020462584">
        </testcase>
        <testcase classname="src/app/dashboard/component/user/flarum/flarum.component.spec.ts" name="FlarumComponent &gt; exposes the sanitizer&apos;s SafeResourceUrl as flarumUrl" time="0.008569">
        </testcase>
        <testcase classname="src/app/dashboard/component/user/flarum/flarum.component.spec.ts" name="FlarumComponent &gt; renders an iframe whose [src] binding is driven by flarumUrl" time="0.016088209">
        </testcase>
    </testsuite>
    <testsuite name="src/app/dashboard/component/user/list-item/list-item.component.spec.ts" timestamp="2026-09-01T22:49:41.760Z" hostname="dhcp-172-27-096-224.mobile.uci.edu" tests="45" failures="0" errors="0" skipped="0" time="1.185145625">
        <testcase classname="src/app/dashboard/component/user/list-item/list-item.component.spec.ts" name="ListItemComponent &gt; should update workflow name successfully" time="0.020923209">
        </testcase>
        <testcase classname="src/app/dashboard/component/user/list-item/list-item.component.spec.ts" name="ListItemComponent &gt; should handle error when updating workflow name" time="0.022967583">
        </testcase>
        <testcase classname="src/app/dashboard/component/user/list-item/list-item.component.spec.ts" name="ListItemComponent &gt; should update workflow description successfully" time="0.006047834">
        </testcase>
        <testcase classname="src/app/dashboard/component/user/list-item/list-item.component.spec.ts" name="ListItemComponent &gt; should handle error when updating workflow description" time="0.016861041">
        </testcase>
        <testcase classname="src/app/dashboard/component/user/list-item/list-item.component.spec.ts" name="ListItemComponent &gt; initializeEntry routes &gt; routes owned workflows to the user workspace" time="0.012679083">
        </testcase>
        <testcase classname="src/app/dashboard/component/user/list-item/list-item.component.spec.ts" name="ListItemComponent &gt; initializeEntry routes &gt; routes non-owned workflows to the hub workflow detail page" time="0.015535292">
        </testcase>
        <testcase classname="src/app/dashboard/component/user/list-item/list-item.component.spec.ts" name="ListItemComponent &gt; initializeEntry routes &gt; routes owned datasets to the user dataset page" time="0.005930084">
        </testcase>
        <testcase classname="src/app/dashboard/component/user/list-item/list-item.component.spec.ts" name="ListItemComponent &gt; initializeEntry routes &gt; routes non-owned datasets to the hub dataset detail page" time="0.017034667">
        </testcase>
        <testcase classname="src/app/dashboard/component/user/list-item/list-item.component.spec.ts" name="ListItemComponent &gt; should reject an invalid dataset name, revert to original, and exit editing" time="0.014974959">
        </testcase>
        <testcase classname="src/app/dashboard/component/user/list-item/list-item.component.spec.ts" name="ListItemComponent &gt; should call the dataset service for a valid dataset rename" time="0.006922375">
        </testcase>
        <testcase classname="src/app/dashboard/component/user/list-item/list-item.component.spec.ts" name="ListItemComponent &gt; should surface the error message and revert the name when a dataset rename fails" time="0.017244833">
        </testcase>
        <testcase classname="src/app/dashboard/component/user/list-item/list-item.component.spec.ts" name="ListItemComponent &gt; edit + interaction handlers &gt; onEditName captures the original name and enters edit mode" time="0.012244875">
        </testcase>
        <testcase classname="src/app/dashboard/component/user/list-item/list-item.component.spec.ts" name="ListItemComponent &gt; edit + interaction handlers &gt; onEditDescription opens the edit modal and applies the change, then closes it" time="0.009148167">
        </testcase>
        <testcase classname="src/app/dashboard/component/user/list-item/list-item.component.spec.ts" name="ListItemComponent &gt; edit + interaction handlers &gt; onEditDescription is a no-op when the entry is not editable" time="0.012708">
        </testcase>
        <testcase classname="src/app/dashboard/component/user/list-item/list-item.component.spec.ts" name="ListItemComponent &gt; edit + interaction handlers &gt; onCheckboxChange toggles the entry&apos;s checked flag and emits the change" time="0.023082375">
        </testcase>
        <testcase classname="src/app/dashboard/component/user/list-item/list-item.component.spec.ts" name="ListItemComponent &gt; edit + interaction handlers &gt; toggleLike likes the entry and refreshes the like count on success" time="0.019860167">
        </testcase>
        <testcase classname="src/app/dashboard/component/user/list-item/list-item.component.spec.ts" name="ListItemComponent &gt; edit + interaction handlers &gt; toggleLike unlikes the entry and refreshes the like count on success" time="0.006755708">
        </testcase>
        <testcase classname="src/app/dashboard/component/user/list-item/list-item.component.spec.ts" name="ListItemComponent &gt; edit + interaction handlers &gt; toggleLike does nothing when there is no current user" time="0.00654225">
        </testcase>
        <testcase classname="src/app/dashboard/component/user/list-item/list-item.component.spec.ts" name="ListItemComponent &gt; edit + interaction handlers &gt; openDetailModal opens the detail modal and increments the view count" time="0.0399845">
        </testcase>
        <testcase classname="src/app/dashboard/component/user/list-item/list-item.component.spec.ts" name="ListItemComponent &gt; per-entry-type dispatch &gt; refuses to be read before an entry is supplied" time="0.011311708">
        </testcase>
        <testcase classname="src/app/dashboard/component/user/list-item/list-item.component.spec.ts" name="ListItemComponent &gt; per-entry-type dispatch &gt; picks an icon per entry kind" time="0.008958042">
        </testcase>
        <testcase classname="src/app/dashboard/component/user/list-item/list-item.component.spec.ts" name="ListItemComponent &gt; per-entry-type dispatch &gt; refuses an entry kind it does not know" time="0.077291">
        </testcase>
        <testcase classname="src/app/dashboard/component/user/list-item/list-item.component.spec.ts" name="ListItemComponent &gt; per-entry-type dispatch &gt; leaves a dataset without a numeric id unrouted but still badged" time="0.07295275">
        </testcase>
        <testcase classname="src/app/dashboard/component/user/list-item/list-item.component.spec.ts" name="ListItemComponent &gt; per-entry-type dispatch &gt; reduces a description to a plain preview, and blanks an empty one" time="0.055742917">
        </testcase>
        <testcase classname="src/app/dashboard/component/user/list-item/list-item.component.spec.ts" name="ListItemComponent &gt; per-entry-type dispatch &gt; share access &gt; opens the workflow share dialog and re-emits its refresh" time="0.049608208">
        </testcase>
        <testcase classname="src/app/dashboard/component/user/list-item/list-item.component.spec.ts" name="ListItemComponent &gt; per-entry-type dispatch &gt; share access &gt; opens the dataset share dialog with the dataset&apos;s owners" time="0.01502">
        </testcase>
        <testcase classname="src/app/dashboard/component/user/list-item/list-item.component.spec.ts" name="ListItemComponent &gt; per-entry-type dispatch &gt; share access &gt; opens nothing for an entry kind that cannot be shared" time="0.010368125">
        </testcase>
        <testcase classname="src/app/dashboard/component/user/list-item/list-item.component.spec.ts" name="ListItemComponent &gt; per-entry-type dispatch &gt; editing &gt; focuses the name box once it exists, and copes when it does not" time="0.014151125">
        </testcase>
        <testcase classname="src/app/dashboard/component/user/list-item/list-item.component.spec.ts" name="ListItemComponent &gt; per-entry-type dispatch &gt; editing &gt; reports a missing id instead of updating" time="0.015249792">
        </testcase>
        <testcase classname="src/app/dashboard/component/user/list-item/list-item.component.spec.ts" name="ListItemComponent &gt; per-entry-type dispatch &gt; editing &gt; falls back to the default name per entry kind when the new name is empty" time="0.031736958">
        </testcase>
        <testcase classname="src/app/dashboard/component/user/list-item/list-item.component.spec.ts" name="ListItemComponent &gt; per-entry-type dispatch &gt; editing &gt; treats an absent description as an empty one" time="0.013056959">
        </testcase>
        <testcase classname="src/app/dashboard/component/user/list-item/list-item.component.spec.ts" name="ListItemComponent &gt; per-entry-type dispatch &gt; editing &gt; sends a dataset description to the dataset service" time="0.022870417">
        </testcase>
        <testcase classname="src/app/dashboard/component/user/list-item/list-item.component.spec.ts" name="ListItemComponent &gt; per-entry-type dispatch &gt; ignores a change that is not the entry" time="0.024479125">
        </testcase>
        <testcase classname="src/app/dashboard/component/user/list-item/list-item.component.spec.ts" name="ListItemComponent &gt; per-entry-type dispatch &gt; falls back to the dataset default name when a dataset rename is blank" time="0.01064625">
        </testcase>
        <testcase classname="src/app/dashboard/component/user/list-item/list-item.component.spec.ts" name="ListItemComponent &gt; per-entry-type dispatch &gt; download &gt; downloads a workflow by id and name" time="0.017366584">
        </testcase>
        <testcase classname="src/app/dashboard/component/user/list-item/list-item.component.spec.ts" name="ListItemComponent &gt; per-entry-type dispatch &gt; download &gt; downloads a dataset by id and name" time="0.015853667">
        </testcase>
        <testcase classname="src/app/dashboard/component/user/list-item/list-item.component.spec.ts" name="ListItemComponent &gt; per-entry-type dispatch &gt; download &gt; downloads a renamed workflow under its new name" time="0.036314709">
        </testcase>
        <testcase classname="src/app/dashboard/component/user/list-item/list-item.component.spec.ts" name="ListItemComponent &gt; per-entry-type dispatch &gt; download &gt; downloads nothing for an entry that was never persisted" time="0.008153542">
        </testcase>
        <testcase classname="src/app/dashboard/component/user/list-item/list-item.component.spec.ts" name="ListItemComponent &gt; rendered controls &gt; renames through the inline input, confirming on blur and on enter" time="0.02326375">
        </testcase>
        <testcase classname="src/app/dashboard/component/user/list-item/list-item.component.spec.ts" name="ListItemComponent &gt; rendered controls &gt; opens the description editor from its button and from the description line" time="0.094433959">
        </testcase>
        <testcase classname="src/app/dashboard/component/user/list-item/list-item.component.spec.ts" name="ListItemComponent &gt; rendered controls &gt; tracks hover over the row" time="0.080192292">
        </testcase>
        <testcase classname="src/app/dashboard/component/user/list-item/list-item.component.spec.ts" name="ListItemComponent &gt; rendered controls &gt; toggles the row checkbox of a private workflow entry" time="0.031431417">
        </testcase>
        <testcase classname="src/app/dashboard/component/user/list-item/list-item.component.spec.ts" name="ListItemComponent &gt; rendered controls &gt; wires the detail, share, copy and delete controls" time="0.089767958">
        </testcase>
        <testcase classname="src/app/dashboard/component/user/list-item/list-item.component.spec.ts" name="ListItemComponent &gt; rendered controls &gt; offers the download button to workflows and datasets only" time="0.046121917">
        </testcase>
        <testcase classname="src/app/dashboard/component/user/list-item/list-item.component.spec.ts" name="ListItemComponent &gt; rendered controls &gt; likes from the public card and disables the button without a signed-in user" time="0.019985917">
        </testcase>
    </testsuite>
    <testsuite name="src/app/dashboard/component/user/markdown-description/markdown-description.component.spec.ts" timestamp="2026-09-01T22:49:41.762Z" hostname="dhcp-172-27-096-224.mobile.uci.edu" tests="29" failures="0" errors="0" skipped="0" time="1.090482417">
        <testcase classname="src/app/dashboard/component/user/markdown-description/markdown-description.component.spec.ts" name="MarkdownDescriptionComponent &gt; should create and render the preview template when not opened in a modal" time="0.008597334">
        </testcase>
        <testcase classname="src/app/dashboard/component/user/markdown-description/markdown-description.component.spec.ts" name="MarkdownDescriptionComponent &gt; shows the Edit action in preview mode when editable" time="0.011474208">
        </testcase>
        <testcase classname="src/app/dashboard/component/user/markdown-description/markdown-description.component.spec.ts" name="MarkdownDescriptionComponent &gt; hides the Edit action in preview mode when not editable" time="0.006635542">
        </testcase>
        <testcase classname="src/app/dashboard/component/user/markdown-description/markdown-description.component.spec.ts" name="MarkdownDescriptionComponent &gt; binds enableViewMore by toggling the preview collapsed class" time="0.004182">
        </testcase>
        <testcase classname="src/app/dashboard/component/user/markdown-description/markdown-description.component.spec.ts" name="MarkdownDescriptionComponent &gt; ngOnInit starts in preview mode and seeds editingContent from description (inline)" time="0.00464025">
        </testcase>
        <testcase classname="src/app/dashboard/component/user/markdown-description/markdown-description.component.spec.ts" name="MarkdownDescriptionComponent &gt; ngOnInit enters edit mode and pulls the description from modal data" time="0.100909542">
        </testcase>
        <testcase classname="src/app/dashboard/component/user/markdown-description/markdown-description.component.spec.ts" name="MarkdownDescriptionComponent &gt; ngOnInit defaults the description to empty when modal data omits it" time="0.056159167">
        </testcase>
        <testcase classname="src/app/dashboard/component/user/markdown-description/markdown-description.component.spec.ts" name="MarkdownDescriptionComponent &gt; ngOnChanges refreshes editingContent from a new description while in preview mode" time="0.006678125">
        </testcase>
        <testcase classname="src/app/dashboard/component/user/markdown-description/markdown-description.component.spec.ts" name="MarkdownDescriptionComponent &gt; ngOnChanges leaves editingContent untouched while in edit mode (unsaved edits win)" time="0.12031825">
        </testcase>
        <testcase classname="src/app/dashboard/component/user/markdown-description/markdown-description.component.spec.ts" name="MarkdownDescriptionComponent &gt; ngOnChanges ignores the first change" time="0.009146375">
        </testcase>
        <testcase classname="src/app/dashboard/component/user/markdown-description/markdown-description.component.spec.ts" name="MarkdownDescriptionComponent &gt; enterEditMode switches to edit mode only when editable" time="0.012151542">
        </testcase>
        <testcase classname="src/app/dashboard/component/user/markdown-description/markdown-description.component.spec.ts" name="MarkdownDescriptionComponent &gt; save emits descriptionChange and returns to preview mode when inline" time="0.005996792">
        </testcase>
        <testcase classname="src/app/dashboard/component/user/markdown-description/markdown-description.component.spec.ts" name="MarkdownDescriptionComponent &gt; save stays in edit mode when opened in a modal" time="0.098574333">
        </testcase>
        <testcase classname="src/app/dashboard/component/user/markdown-description/markdown-description.component.spec.ts" name="MarkdownDescriptionComponent &gt; cancel restores editingContent from description and returns to preview" time="0.016808458">
        </testcase>
        <testcase classname="src/app/dashboard/component/user/markdown-description/markdown-description.component.spec.ts" name="MarkdownDescriptionComponent &gt; insert &gt; wraps the selected text and leaves the surrounding text intact" time="0.027539">
        </testcase>
        <testcase classname="src/app/dashboard/component/user/markdown-description/markdown-description.component.spec.ts" name="MarkdownDescriptionComponent &gt; insert &gt; inserts the placeholder when nothing is selected" time="0.065727792">
        </testcase>
        <testcase classname="src/app/dashboard/component/user/markdown-description/markdown-description.component.spec.ts" name="MarkdownDescriptionComponent &gt; insert &gt; uses the action&apos;s own prefix and suffix rather than a fixed pair" time="0.048353084">
        </testcase>
        <testcase classname="src/app/dashboard/component/user/markdown-description/markdown-description.component.spec.ts" name="MarkdownDescriptionComponent &gt; insert &gt; re-renders the preview from the spliced content" time="0.039628084">
        </testcase>
        <testcase classname="src/app/dashboard/component/user/markdown-description/markdown-description.component.spec.ts" name="MarkdownDescriptionComponent &gt; renderMarkdown renders non-empty input and clears on blank input without parsing" time="0.006217625">
        </testcase>
        <testcase classname="src/app/dashboard/component/user/markdown-description/markdown-description.component.spec.ts" name="MarkdownDescriptionComponent &gt; template rendering &gt; enters edit mode when the Edit button is clicked" time="0.031982875">
        </testcase>
        <testcase classname="src/app/dashboard/component/user/markdown-description/markdown-description.component.spec.ts" name="MarkdownDescriptionComponent &gt; template rendering &gt; renders the parsed markdown through the innerHTML binding" time="0.014280208">
        </testcase>
        <testcase classname="src/app/dashboard/component/user/markdown-description/markdown-description.component.spec.ts" name="MarkdownDescriptionComponent &gt; template rendering &gt; falls back to the no-description template when nothing is rendered" time="0.002156458">
        </testcase>
        <testcase classname="src/app/dashboard/component/user/markdown-description/markdown-description.component.spec.ts" name="MarkdownDescriptionComponent &gt; template rendering &gt; toggles view-more from the template and flips the chevron binding" time="0.006312292">
        </testcase>
        <testcase classname="src/app/dashboard/component/user/markdown-description/markdown-description.component.spec.ts" name="MarkdownDescriptionComponent &gt; template rendering &gt; omits the view-more control when the description does not overflow" time="0.00445475">
        </testcase>
        <testcase classname="src/app/dashboard/component/user/markdown-description/markdown-description.component.spec.ts" name="MarkdownDescriptionComponent &gt; edit-mode template &gt; renders one toolbar button per action and a textarea bound to the draft" time="0.031952625">
        </testcase>
        <testcase classname="src/app/dashboard/component/user/markdown-description/markdown-description.component.spec.ts" name="MarkdownDescriptionComponent &gt; edit-mode template &gt; wraps the selected text when a toolbar button is clicked" time="0.127901959">
        </testcase>
        <testcase classname="src/app/dashboard/component/user/markdown-description/markdown-description.component.spec.ts" name="MarkdownDescriptionComponent &gt; edit-mode template &gt; inserts the action&apos;s default text when nothing is selected" time="0.11680575">
        </testcase>
        <testcase classname="src/app/dashboard/component/user/markdown-description/markdown-description.component.spec.ts" name="MarkdownDescriptionComponent &gt; edit-mode template &gt; wires the edit-mode Cancel and Save actions" time="0.069227208">
        </testcase>
        <testcase classname="src/app/dashboard/component/user/markdown-description/markdown-description.component.spec.ts" name="MarkdownDescriptionComponent &gt; edit-mode template &gt; re-renders the preview from the textarea&apos;s ngModelChange" time="0.03492175">
        </testcase>
    </testsuite>
    <testsuite name="src/app/dashboard/component/user/search/search.component.spec.ts" timestamp="2026-09-01T22:49:41.763Z" hostname="dhcp-172-27-096-224.mobile.uci.edu" tests="25" failures="0" errors="0" skipped="0" time="1.604708708">
        <testcase classname="src/app/dashboard/component/user/search/search.component.spec.ts" name="SearchComponent &gt; renders the initial view without accessing the uninitialized filters getter (regression: #6328)" time="0.128172791">
        </testcase>
        <testcase classname="src/app/dashboard/component/user/search/search.component.spec.ts" name="SearchComponent &gt; starts with an empty searchKeywords list so the template binding is always safe" time="0.050493458">
        </testcase>
        <testcase classname="src/app/dashboard/component/user/search/search.component.spec.ts" name="SearchComponent &gt; throws from the filters getter before the ViewChild has resolved" time="0.018267542">
        </testcase>
        <testcase classname="src/app/dashboard/component/user/search/search.component.spec.ts" name="SearchComponent &gt; returns the assigned instance from the filters getter once set" time="0.058586625">
        </testcase>
        <testcase classname="src/app/dashboard/component/user/search/search.component.spec.ts" name="SearchComponent &gt; re-runs the search whenever the filters emit a masterFilterListChange" time="0.025749959">
        </testcase>
        <testcase classname="src/app/dashboard/component/user/search/search.component.spec.ts" name="SearchComponent &gt; applies the `q` query param to the filters and populates searchKeywords" time="0.046326458">
        </testcase>
        <testcase classname="src/app/dashboard/component/user/search/search.component.spec.ts" name="SearchComponent &gt; leaves searchParam empty and searchKeywords empty when there is no `q` param" time="0.0265335">
        </testcase>
        <testcase classname="src/app/dashboard/component/user/search/search.component.spec.ts" name="SearchComponent &gt; syncs searchKeywords from the filters when a search runs" time="0.008176958">
        </testcase>
        <testcase classname="src/app/dashboard/component/user/search/search.component.spec.ts" name="SearchComponent &gt; drives the results component (reset + loadMore) on a fresh search" time="0.011192292">
        </testcase>
        <testcase classname="src/app/dashboard/component/user/search/search.component.spec.ts" name="SearchComponent &gt; skips a duplicate search when the filter list, sort, and type are unchanged" time="0.042124875">
        </testcase>
        <testcase classname="src/app/dashboard/component/user/search/search.component.spec.ts" name="SearchComponent &gt; skips a duplicate search when a non-empty filter list is unchanged" time="0.012956084">
        </testcase>
        <testcase classname="src/app/dashboard/component/user/search/search.component.spec.ts" name="SearchComponent &gt; re-runs the search when a same-length filter list holds different terms" time="0.029635167">
        </testcase>
        <testcase classname="src/app/dashboard/component/user/search/search.component.spec.ts" name="SearchComponent &gt; re-runs the search when the new filter list is a prefix of the last one" time="0.018692416">
        </testcase>
        <testcase classname="src/app/dashboard/component/user/search/search.component.spec.ts" name="SearchComponent &gt; throws when the results component is missing" time="0.008446834">
        </testcase>
        <testcase classname="src/app/dashboard/component/user/search/search.component.spec.ts" name="SearchComponent &gt; sets the selected type and triggers a search on filterByType" time="0.013059083">
        </testcase>
        <testcase classname="src/app/dashboard/component/user/search/search.component.spec.ts" name="SearchComponent &gt; navigates back on goBack" time="0.012341041">
        </testcase>
        <testcase classname="src/app/dashboard/component/user/search/search.component.spec.ts" name="SearchComponent &gt; splits searchParam on whitespace into the filters master list" time="0.014586042">
        </testcase>
        <testcase classname="src/app/dashboard/component/user/search/search.component.spec.ts" name="SearchComponent &gt; defaults the sort method to EditTimeDesc" time="0.015482417">
        </testcase>
        <testcase classname="src/app/dashboard/component/user/search/search.component.spec.ts" name="SearchComponent rendered template &gt; renders the three resource-type buttons, each with its own label and icon" time="0.151717792">
        </testcase>
        <testcase classname="src/app/dashboard/component/user/search/search.component.spec.ts" name="SearchComponent rendered template &gt; highlights only the All button before a resource type is chosen" time="0.10940425">
        </testcase>
        <testcase classname="src/app/dashboard/component/user/search/search.component.spec.ts" name="SearchComponent rendered template &gt; moves the highlight onto whichever resource-type button is clicked" time="0.224874125">
        </testcase>
        <testcase classname="src/app/dashboard/component/user/search/search.component.spec.ts" name="SearchComponent rendered template &gt; scopes the search to the clicked resource type" time="0.156072">
        </testcase>
        <testcase classname="src/app/dashboard/component/user/search/search.component.spec.ts" name="SearchComponent rendered template &gt; re-runs the search with the sort method the sort button emits" time="0.103542958">
        </testcase>
        <testcase classname="src/app/dashboard/component/user/search/search.component.spec.ts" name="SearchComponent rendered template &gt; renders a back arrow that returns to the previous page" time="0.149002708">
        </testcase>
        <testcase classname="src/app/dashboard/component/user/search/search.component.spec.ts" name="SearchComponent rendered template &gt; hands the signed-in user&apos;s uid to the results list" time="0.163123333">
        </testcase>
    </testsuite>
    <testsuite name="src/app/dashboard/component/user/search-bar/search-bar.component.spec.ts" timestamp="2026-09-01T22:49:41.764Z" hostname="dhcp-172-27-096-224.mobile.uci.edu" tests="10" failures="0" errors="0" skipped="0" time="0.124216667">
        <testcase classname="src/app/dashboard/component/user/search-bar/search-bar.component.spec.ts" name="SearchBarComponent &gt; initializes isLogin from UserService and updates when userChanged emits" time="0.010696167">
        </testcase>
        <testcase classname="src/app/dashboard/component/user/search-bar/search-bar.component.spec.ts" name="SearchBarComponent &gt; onSearchInputChange clears listOfResult immediately for an empty query" time="0.012136459">
        </testcase>
        <testcase classname="src/app/dashboard/component/user/search-bar/search-bar.component.spec.ts" name="SearchBarComponent &gt; debounces searchSubject by 200ms and only triggers getSearchResults once for rapid input" time="0.016926708">
        </testcase>
        <testcase classname="src/app/dashboard/component/user/search-bar/search-bar.component.spec.ts" name="SearchBarComponent &gt; calls SearchService.search with the documented argument list and caches results by query" time="0.012562666">
        </testcase>
        <testcase classname="src/app/dashboard/component/user/search-bar/search-bar.component.spec.ts" name="SearchBarComponent &gt; addToCache evicts the oldest entry once 20 queries are cached" time="0.008811208">
        </testcase>
        <testcase classname="src/app/dashboard/component/user/search-bar/search-bar.component.spec.ts" name="SearchBarComponent &gt; convertToName &gt; returns the workflow&apos;s DashboardEntry.name" time="0.011712667">
        </testcase>
        <testcase classname="src/app/dashboard/component/user/search-bar/search-bar.component.spec.ts" name="SearchBarComponent &gt; convertToName &gt; returns the file&apos;s name" time="0.013966959">
        </testcase>
        <testcase classname="src/app/dashboard/component/user/search-bar/search-bar.component.spec.ts" name="SearchBarComponent &gt; convertToName &gt; returns the dataset&apos;s name" time="0.013531416">
        </testcase>
        <testcase classname="src/app/dashboard/component/user/search-bar/search-bar.component.spec.ts" name="SearchBarComponent &gt; convertToName &gt; throws for a SearchResultItem with no recognized resource" time="0.012258125">
        </testcase>
        <testcase classname="src/app/dashboard/component/user/search-bar/search-bar.component.spec.ts" name="SearchBarComponent &gt; performSearch navigates to SEARCH with the keyword as the q query param" time="0.011201708">
        </testcase>
    </testsuite>
    <testsuite name="src/app/dashboard/component/user/search-results/search-results.component.spec.ts" timestamp="2026-09-01T22:49:41.765Z" hostname="dhcp-172-27-096-224.mobile.uci.edu" tests="26" failures="0" errors="0" skipped="0" time="0.873270834">
        <testcase classname="src/app/dashboard/component/user/search-results/search-results.component.spec.ts" name="SearchResultsComponent &gt; should create" time="0.030490125">
        </testcase>
        <testcase classname="src/app/dashboard/component/user/search-results/search-results.component.spec.ts" name="SearchResultsComponent &gt; getUid &gt; returns the current user&apos;s uid when a user is logged in" time="0.0090455">
        </testcase>
        <testcase classname="src/app/dashboard/component/user/search-results/search-results.component.spec.ts" name="SearchResultsComponent &gt; getUid &gt; returns a spied uid" time="0.055152333">
        </testcase>
        <testcase classname="src/app/dashboard/component/user/search-results/search-results.component.spec.ts" name="SearchResultsComponent &gt; getUid &gt; returns undefined when no user is logged in" time="0.012019458">
        </testcase>
        <testcase classname="src/app/dashboard/component/user/search-results/search-results.component.spec.ts" name="SearchResultsComponent &gt; reset &gt; clears entries and stores the provided loadMoreFunction" time="0.013478958">
        </testcase>
        <testcase classname="src/app/dashboard/component/user/search-results/search-results.component.spec.ts" name="SearchResultsComponent &gt; loadMore &gt; throws when there is no loadMoreFunction and leaves loading false" time="0.041692333">
        </testcase>
        <testcase classname="src/app/dashboard/component/user/search-results/search-results.component.spec.ts" name="SearchResultsComponent &gt; loadMore &gt; appends returned entries, sets more, and advances the start offset across calls" time="0.064249959">
        </testcase>
        <testcase classname="src/app/dashboard/component/user/search-results/search-results.component.spec.ts" name="SearchResultsComponent &gt; loadMore &gt; sets loading true while in flight and false after completion" time="0.038888">
        </testcase>
        <testcase classname="src/app/dashboard/component/user/search-results/search-results.component.spec.ts" name="SearchResultsComponent &gt; loadMore &gt; discards results when reset() is called mid-flight (reset-during-flight race)" time="0.020503333">
        </testcase>
        <testcase classname="src/app/dashboard/component/user/search-results/search-results.component.spec.ts" name="SearchResultsComponent &gt; onEntryCheckboxChange &gt; emits notifyWorkflow when every entry is checked" time="0.014560958">
        </testcase>
        <testcase classname="src/app/dashboard/component/user/search-results/search-results.component.spec.ts" name="SearchResultsComponent &gt; onEntryCheckboxChange &gt; does not emit notifyWorkflow when at least one entry is unchecked" time="0.028240917">
        </testcase>
        <testcase classname="src/app/dashboard/component/user/search-results/search-results.component.spec.ts" name="SearchResultsComponent &gt; selectAll / clearAllSelections &gt; selectAll sets checked=true on every entry" time="0.010365458">
        </testcase>
        <testcase classname="src/app/dashboard/component/user/search-results/search-results.component.spec.ts" name="SearchResultsComponent &gt; selectAll / clearAllSelections &gt; clearAllSelections sets checked=false on every entry" time="0.01157025">
        </testcase>
        <testcase classname="src/app/dashboard/component/user/search-results/search-results.component.spec.ts" name="SearchResultsComponent &gt; trackByEntryId &gt; returns `${type}-${id}`" time="0.009838875">
        </testcase>
        <testcase classname="src/app/dashboard/component/user/search-results/search-results.component.spec.ts" name="SearchResultsComponent &gt; template rendering &gt; renders the list view with a load-more button when more results exist" time="0.023357917">
        </testcase>
        <testcase classname="src/app/dashboard/component/user/search-results/search-results.component.spec.ts" name="SearchResultsComponent &gt; template rendering &gt; hides the load-more button while loading" time="0.017774291">
        </testcase>
        <testcase classname="src/app/dashboard/component/user/search-results/search-results.component.spec.ts" name="SearchResultsComponent &gt; template rendering &gt; renders the card view via the provided cardTemplate" time="0.011781">
        </testcase>
        <testcase classname="src/app/dashboard/component/user/search-results/search-results.component.spec.ts" name="SearchResultsComponent rendered template &gt; list view &gt; renders one list item per entry and appends the next page when Load more is clicked" time="0.062343167">
        </testcase>
        <testcase classname="src/app/dashboard/component/user/search-results/search-results.component.spec.ts" name="SearchResultsComponent rendered template &gt; list view &gt; hides Load more while a page is still in flight" time="0.042430084">
        </testcase>
        <testcase classname="src/app/dashboard/component/user/search-results/search-results.component.spec.ts" name="SearchResultsComponent rendered template &gt; list view &gt; forwards each list item&apos;s deleted and duplicated outputs with that item&apos;s own entry" time="0.038392292">
        </testcase>
        <testcase classname="src/app/dashboard/component/user/search-results/search-results.component.spec.ts" name="SearchResultsComponent rendered template &gt; list view &gt; forwards a list item&apos;s refresh output" time="0.056808875">
        </testcase>
        <testcase classname="src/app/dashboard/component/user/search-results/search-results.component.spec.ts" name="SearchResultsComponent rendered template &gt; list view &gt; notifies only once ticking a checkbox leaves every entry selected" time="0.117464334">
        </testcase>
        <testcase classname="src/app/dashboard/component/user/search-results/search-results.component.spec.ts" name="SearchResultsComponent rendered template &gt; list view &gt; passes currentUid down, so the owner badge follows the current user" time="0.066100584">
        </testcase>
        <testcase classname="src/app/dashboard/component/user/search-results/search-results.component.spec.ts" name="SearchResultsComponent rendered template &gt; list view &gt; passes isPrivateSearch down to each list item" time="0.016049625">
        </testcase>
        <testcase classname="src/app/dashboard/component/user/search-results/search-results.component.spec.ts" name="SearchResultsComponent rendered template &gt; card view &gt; renders the supplied card template per entry and appends the next page on Load more" time="0.054009959">
        </testcase>
        <testcase classname="src/app/dashboard/component/user/search-results/search-results.component.spec.ts" name="SearchResultsComponent rendered template &gt; card view &gt; renders nothing when no card template is supplied" time="0.005755458">
        </testcase>
    </testsuite>
    <testsuite name="src/app/dashboard/component/user/share-access/share-access.component.spec.ts" timestamp="2026-09-01T22:49:41.766Z" hostname="dhcp-172-27-096-224.mobile.uci.edu" tests="84" failures="0" errors="0" skipped="0" time="2.443503375">
        <testcase classname="src/app/dashboard/component/user/share-access/share-access.component.spec.ts" name="ShareAccessComponent &gt; ngOnInit &gt; loads access list and owner from ShareAccessService" time="0.06064625">
            <system-err>

  It looks like you&apos;re using ngModel on the same form field as formControlName.
  Support for using the ngModel input property and ngModelChange event with
  reactive form directives has been deprecated in Angular v6 and will be removed
  in a future version of Angular.

  For more information on this, see our API docs here:
  https://v21.angular.dev/api/forms/FormControlName
  

            </system-err>
        </testcase>
        <testcase classname="src/app/dashboard/component/user/share-access/share-access.component.spec.ts" name="ShareAccessComponent &gt; ngOnInit &gt; loads publish state for workflow via WorkflowPersistService" time="0.02589475">
        </testcase>
        <testcase classname="src/app/dashboard/component/user/share-access/share-access.component.spec.ts" name="ShareAccessComponent &gt; ngOnInit &gt; sets isPublic to false when workflow publish state is Private" time="0.025112417">
        </testcase>
        <testcase classname="src/app/dashboard/component/user/share-access/share-access.component.spec.ts" name="ShareAccessComponent &gt; ngOnInit &gt; loads publish state for dataset via DatasetService.getDataset" time="0.055762208">
        </testcase>
        <testcase classname="src/app/dashboard/component/user/share-access/share-access.component.spec.ts" name="ShareAccessComponent &gt; ngOnInit &gt; does not query publish state for non-workflow/dataset types" time="0.01766375">
        </testcase>
        <testcase classname="src/app/dashboard/component/user/share-access/share-access.component.spec.ts" name="ShareAccessComponent &gt; handleInputConfirm &gt; splits input on whitespace, commas, and semicolons into emailTags" time="0.039790458">
        </testcase>
        <testcase classname="src/app/dashboard/component/user/share-access/share-access.component.spec.ts" name="ShareAccessComponent &gt; handleInputConfirm &gt; rejects invalid emails via NzMessageService.error" time="0.018272958">
        </testcase>
        <testcase classname="src/app/dashboard/component/user/share-access/share-access.component.spec.ts" name="ShareAccessComponent &gt; handleInputConfirm &gt; rejects duplicate emails via NzMessageService.error" time="0.009707084">
        </testcase>
        <testcase classname="src/app/dashboard/component/user/share-access/share-access.component.spec.ts" name="ShareAccessComponent &gt; handleInputConfirm &gt; resets the email form control after processing" time="0.032995708">
        </testcase>
        <testcase classname="src/app/dashboard/component/user/share-access/share-access.component.spec.ts" name="ShareAccessComponent &gt; handleInputConfirm &gt; calls event.preventDefault when an event is provided" time="0.036713833">
        </testcase>
        <testcase classname="src/app/dashboard/component/user/share-access/share-access.component.spec.ts" name="ShareAccessComponent &gt; onPaste &gt; concatenates clipboard text to the existing email value and runs handleInputConfirm" time="0.015136959">
        </testcase>
        <testcase classname="src/app/dashboard/component/user/share-access/share-access.component.spec.ts" name="ShareAccessComponent &gt; onPaste &gt; is a no-op when clipboard data is empty" time="0.031364542">
        </testcase>
        <testcase classname="src/app/dashboard/component/user/share-access/share-access.component.spec.ts" name="ShareAccessComponent &gt; grantAccess &gt; uses the workflow dashboard path when sharing a workflow" time="0.012926208">
        </testcase>
        <testcase classname="src/app/dashboard/component/user/share-access/share-access.component.spec.ts" name="ShareAccessComponent &gt; grantAccess &gt; uses the dataset dashboard path when sharing a dataset" time="0.0085995">
        </testcase>
        <testcase classname="src/app/dashboard/component/user/share-access/share-access.component.spec.ts" name="ShareAccessComponent &gt; grantAccess &gt; omits the access URL when sharing a computing-unit" time="0.03269775">
        </testcase>
        <testcase classname="src/app/dashboard/component/user/share-access/share-access.component.spec.ts" name="ShareAccessComponent &gt; grantAccess &gt; calls ShareAccessService.grantAccess with the selected access level for each tag" time="0.017326959">
        </testcase>
        <testcase classname="src/app/dashboard/component/user/share-access/share-access.component.spec.ts" name="ShareAccessComponent &gt; grantAccess &gt; shows a success notification and clears emailTags after granting" time="0.021742167">
        </testcase>
        <testcase classname="src/app/dashboard/component/user/share-access/share-access.component.spec.ts" name="ShareAccessComponent &gt; grantAccess &gt; surfaces HttpErrorResponse via NotificationService.error" time="0.021998458">
        </testcase>
        <testcase classname="src/app/dashboard/component/user/share-access/share-access.component.spec.ts" name="ShareAccessComponent &gt; hasWriteAccess &gt; returns false when there is no current user email" time="0.019396167">
        </testcase>
        <testcase classname="src/app/dashboard/component/user/share-access/share-access.component.spec.ts" name="ShareAccessComponent &gt; hasWriteAccess &gt; returns true when the current user is the owner" time="0.013674875">
        </testcase>
        <testcase classname="src/app/dashboard/component/user/share-access/share-access.component.spec.ts" name="ShareAccessComponent &gt; hasWriteAccess &gt; returns true when the current user has WRITE privilege in the access list" time="0.015255625">
        </testcase>
        <testcase classname="src/app/dashboard/component/user/share-access/share-access.component.spec.ts" name="ShareAccessComponent &gt; hasWriteAccess &gt; returns false when the current user has READ privilege" time="0.02301075">
        </testcase>
        <testcase classname="src/app/dashboard/component/user/share-access/share-access.component.spec.ts" name="ShareAccessComponent &gt; verifyRevokeAccess / revokeAccess &gt; opens a self-revoke modal when revoking own access" time="0.016853">
        </testcase>
        <testcase classname="src/app/dashboard/component/user/share-access/share-access.component.spec.ts" name="ShareAccessComponent &gt; verifyRevokeAccess / revokeAccess &gt; opens an other-user revoke modal when revoking someone else" time="0.023103125">
        </testcase>
        <testcase classname="src/app/dashboard/component/user/share-access/share-access.component.spec.ts" name="ShareAccessComponent &gt; verifyRevokeAccess / revokeAccess &gt; calls revokeAccess on confirm and emits refresh on destroy for self-revoke" time="0.034402334">
        </testcase>
        <testcase classname="src/app/dashboard/component/user/share-access/share-access.component.spec.ts" name="ShareAccessComponent &gt; verifyRevokeAccess / revokeAccess &gt; does not close the outer modal when revoking another user" time="0.022892458">
        </testcase>
        <testcase classname="src/app/dashboard/component/user/share-access/share-access.component.spec.ts" name="ShareAccessComponent &gt; verifyRevokeAccess / revokeAccess &gt; surfaces revoke HttpErrorResponse via NotificationService.error" time="0.013904583">
        </testcase>
        <testcase classname="src/app/dashboard/component/user/share-access/share-access.component.spec.ts" name="ShareAccessComponent &gt; changeAccessLevel &gt; calls applyAccessLevelChange directly when not a self-downgrade" time="0.015928">
        </testcase>
        <testcase classname="src/app/dashboard/component/user/share-access/share-access.component.spec.ts" name="ShareAccessComponent &gt; changeAccessLevel &gt; opens a downgrade-confirmation modal when downgrading own WRITE access to READ" time="0.057587167">
        </testcase>
        <testcase classname="src/app/dashboard/component/user/share-access/share-access.component.spec.ts" name="ShareAccessComponent &gt; changeAccessLevel &gt; does not open the downgrade modal when upgrading own access from READ to WRITE" time="0.04763625">
        </testcase>
        <testcase classname="src/app/dashboard/component/user/share-access/share-access.component.spec.ts" name="ShareAccessComponent &gt; verifyPublish / verifyUnpublish &gt; publishes a workflow on confirm and updates the action service when inWorkspace" time="0.00805575">
        </testcase>
        <testcase classname="src/app/dashboard/component/user/share-access/share-access.component.spec.ts" name="ShareAccessComponent &gt; verifyPublish / verifyUnpublish &gt; does not call WorkflowActionService.setWorkflowIsPublished when not inWorkspace" time="0.019242958">
        </testcase>
        <testcase classname="src/app/dashboard/component/user/share-access/share-access.component.spec.ts" name="ShareAccessComponent &gt; verifyPublish / verifyUnpublish &gt; publishes a dataset on confirm" time="0.048103166">
        </testcase>
        <testcase classname="src/app/dashboard/component/user/share-access/share-access.component.spec.ts" name="ShareAccessComponent &gt; verifyPublish / verifyUnpublish &gt; warns about cloning only for a clonable kind" time="0.053631042">
        </testcase>
        <testcase classname="src/app/dashboard/component/user/share-access/share-access.component.spec.ts" name="ShareAccessComponent &gt; verifyPublish / verifyUnpublish &gt; does not open the publish modal when the item is already public" time="0.033069709">
        </testcase>
        <testcase classname="src/app/dashboard/component/user/share-access/share-access.component.spec.ts" name="ShareAccessComponent &gt; verifyPublish / verifyUnpublish &gt; unpublishes a workflow on confirm and updates the action service when inWorkspace" time="0.013454083">
        </testcase>
        <testcase classname="src/app/dashboard/component/user/share-access/share-access.component.spec.ts" name="ShareAccessComponent &gt; verifyPublish / verifyUnpublish &gt; unpublishes a dataset on confirm" time="0.050407791">
        </testcase>
        <testcase classname="src/app/dashboard/component/user/share-access/share-access.component.spec.ts" name="ShareAccessComponent &gt; verifyPublish / verifyUnpublish &gt; does not open the unpublish modal when the item is already private" time="0.007954375">
        </testcase>
        <testcase classname="src/app/dashboard/component/user/share-access/share-access.component.spec.ts" name="ShareAccessComponent &gt; setPublished &gt; publishing a workflow flips isPublic and shows a success notification" time="0.017192042">
        </testcase>
        <testcase classname="src/app/dashboard/component/user/share-access/share-access.component.spec.ts" name="ShareAccessComponent &gt; setPublished &gt; a failed workflow publish surfaces HttpErrorResponse via NotificationService.error" time="0.030601417">
        </testcase>
        <testcase classname="src/app/dashboard/component/user/share-access/share-access.component.spec.ts" name="ShareAccessComponent &gt; setPublished &gt; unpublishing a workflow flips isPublic to false and shows a success notification" time="0.02914975">
        </testcase>
        <testcase classname="src/app/dashboard/component/user/share-access/share-access.component.spec.ts" name="ShareAccessComponent &gt; setPublished &gt; publishing a dataset flips isPublic and shows a success notification" time="0.026864875">
        </testcase>
        <testcase classname="src/app/dashboard/component/user/share-access/share-access.component.spec.ts" name="ShareAccessComponent &gt; setPublished &gt; a failed dataset publish surfaces HttpErrorResponse via NotificationService.error" time="0.03931925">
        </testcase>
        <testcase classname="src/app/dashboard/component/user/share-access/share-access.component.spec.ts" name="ShareAccessComponent &gt; setPublished &gt; unpublishing a dataset flips isPublic to false and shows a success notification" time="0.063714292">
        </testcase>
        <testcase classname="src/app/dashboard/component/user/share-access/share-access.component.spec.ts" name="ShareAccessComponent &gt; setPublished &gt; reports what the server has, not what was asked for, when the toggle disagrees" time="0.017351917">
        </testcase>
        <testcase classname="src/app/dashboard/component/user/share-access/share-access.component.spec.ts" name="ShareAccessComponent &gt; setPublished &gt; keeps a landed publish when the read-back fails" time="0.010756792">
        </testcase>
        <testcase classname="src/app/dashboard/component/user/share-access/share-access.component.spec.ts" name="ShareAccessComponent &gt; setPublished &gt; does nothing for a registered kind that cannot be published" time="0.029757208">
        </testcase>
        <testcase classname="src/app/dashboard/component/user/share-access/share-access.component.spec.ts" name="ShareAccessComponent &gt; setPublished &gt; does nothing for a kind the registry does not carry at all" time="0.012311791">
        </testcase>
        <testcase classname="src/app/dashboard/component/user/share-access/share-access.component.spec.ts" name="ShareAccessComponent &gt; hasWriteAccess without a resolved email &gt; returns false when the current user has no email at all" time="0.03114675">
        </testcase>
        <testcase classname="src/app/dashboard/component/user/share-access/share-access.component.spec.ts" name="ShareAccessComponent &gt; removeEmailTag &gt; removes the matching email and keeps the others" time="0.011132167">
        </testcase>
        <testcase classname="src/app/dashboard/component/user/share-access/share-access.component.spec.ts" name="ShareAccessComponent &gt; removeEmailTag &gt; leaves tags unchanged when the email is not present" time="0.020811542">
        </testcase>
        <testcase classname="src/app/dashboard/component/user/share-access/share-access.component.spec.ts" name="ShareAccessComponent &gt; onChange &gt; filters allOwners case-insensitively by the typed value" time="0.034832542">
        </testcase>
        <testcase classname="src/app/dashboard/component/user/share-access/share-access.component.spec.ts" name="ShareAccessComponent &gt; onChange &gt; clears filteredOwners when the value is null" time="0.009638209">
        </testcase>
        <testcase classname="src/app/dashboard/component/user/share-access/share-access.component.spec.ts" name="ShareAccessComponent &gt; onPaste with an empty existing value &gt; defaults the existing email value to an empty string before appending" time="0.051003083">
        </testcase>
        <testcase classname="src/app/dashboard/component/user/share-access/share-access.component.spec.ts" name="ShareAccessComponent &gt; modal Cancel buttons &gt; closes the revoke confirmation modal without revoking when Cancel is clicked" time="0.023611042">
        </testcase>
        <testcase classname="src/app/dashboard/component/user/share-access/share-access.component.spec.ts" name="ShareAccessComponent &gt; modal Cancel buttons &gt; closes the downgrade modal and reloads without granting when Cancel is clicked" time="0.027044584">
        </testcase>
        <testcase classname="src/app/dashboard/component/user/share-access/share-access.component.spec.ts" name="ShareAccessComponent &gt; modal Cancel buttons &gt; closes the publish modal without publishing when Cancel is clicked" time="0.022206917">
        </testcase>
        <testcase classname="src/app/dashboard/component/user/share-access/share-access.component.spec.ts" name="ShareAccessComponent &gt; modal Cancel buttons &gt; closes the unpublish modal without unpublishing when Cancel is clicked" time="0.051198833">
        </testcase>
        <testcase classname="src/app/dashboard/component/user/share-access/share-access.component.spec.ts" name="ShareAccessComponent &gt; applyAccessLevelChange error branch &gt; surfaces HttpErrorResponse and reloads the access list on failure" time="0.022763667">
        </testcase>
        <testcase classname="src/app/dashboard/component/user/share-access/share-access.component.spec.ts" name="ShareAccessComponent &gt; unpublish error branches &gt; a failed workflow unpublish surfaces HttpErrorResponse and leaves isPublic unchanged" time="0.031385209">
        </testcase>
        <testcase classname="src/app/dashboard/component/user/share-access/share-access.component.spec.ts" name="ShareAccessComponent &gt; unpublish error branches &gt; a failed dataset unpublish surfaces HttpErrorResponse and leaves isPublic unchanged" time="0.044104042">
        </testcase>
        <testcase classname="src/app/dashboard/component/user/share-access/share-access.component.spec.ts" name="ShareAccessComponent &gt; guard branches (no-ops) &gt; handleInputConfirm skips empty tokens produced by trailing separators" time="0.037377417">
        </testcase>
        <testcase classname="src/app/dashboard/component/user/share-access/share-access.component.spec.ts" name="ShareAccessComponent &gt; guard branches (no-ops) &gt; grantAccess does nothing when there are no email tags" time="0.054382542">
        </testcase>
        <testcase classname="src/app/dashboard/component/user/share-access/share-access.component.spec.ts" name="ShareAccessComponent &gt; guard branches (no-ops) &gt; publishing is a no-op when the workflow is already public" time="0.063816708">
        </testcase>
        <testcase classname="src/app/dashboard/component/user/share-access/share-access.component.spec.ts" name="ShareAccessComponent &gt; guard branches (no-ops) &gt; unpublishing is a no-op when the workflow is already private" time="0.020875166">
        </testcase>
        <testcase classname="src/app/dashboard/component/user/share-access/share-access.component.spec.ts" name="ShareAccessComponent &gt; guard branches (no-ops) &gt; publishing is a no-op when the dataset is already public" time="0.064817125">
        </testcase>
        <testcase classname="src/app/dashboard/component/user/share-access/share-access.component.spec.ts" name="ShareAccessComponent &gt; guard branches (no-ops) &gt; unpublishing is a no-op when the dataset is already private" time="0.038349125">
        </testcase>
        <testcase classname="src/app/dashboard/component/user/share-access/share-access.component.spec.ts" name="ShareAccessComponent &gt; template wiring &gt; offers the restrictive option first: Private, then Public" time="0.034165833">
        </testcase>
        <testcase classname="src/app/dashboard/component/user/share-access/share-access.component.spec.ts" name="ShareAccessComponent &gt; template wiring &gt; puts the unpublish confirmation behind Private and the publish confirmation behind Public" time="0.021882917">
        </testcase>
        <testcase classname="src/app/dashboard/component/user/share-access/share-access.component.spec.ts" name="ShareAccessComponent &gt; template wiring &gt; keeps that pairing when the workflow is already public" time="0.023976167">
        </testcase>
        <testcase classname="src/app/dashboard/component/user/share-access/share-access.component.spec.ts" name="ShareAccessComponent &gt; template wiring &gt; renders one closable tag per queued email and drops only the tag that was closed" time="0.033037125">
        </testcase>
        <testcase classname="src/app/dashboard/component/user/share-access/share-access.component.spec.ts" name="ShareAccessComponent &gt; template wiring &gt; applies a level change and a revoke to the row they were issued from" time="0.044337375">
        </testcase>
        <testcase classname="src/app/dashboard/component/user/share-access/share-access.component.spec.ts" name="ShareAccessComponent &gt; template wiring &gt; leaves every write-gated control live for the owner" time="0.011125875">
        </testcase>
        <testcase classname="src/app/dashboard/component/user/share-access/share-access.component.spec.ts" name="ShareAccessComponent &gt; template wiring &gt; locks the write-gated controls for a read-only viewer, except the one that drops their own access" time="0.031496166">
        </testcase>
        <testcase classname="src/app/dashboard/component/user/share-access/share-access.component.spec.ts" name="ShareAccessComponent &gt; non-HTTP failures &gt; sharing: no notification either way" time="0.010714291">
        </testcase>
        <testcase classname="src/app/dashboard/component/user/share-access/share-access.component.spec.ts" name="ShareAccessComponent &gt; non-HTTP failures &gt; revoking: no notification, and the modal still closes" time="0.0107285">
        </testcase>
        <testcase classname="src/app/dashboard/component/user/share-access/share-access.component.spec.ts" name="ShareAccessComponent &gt; non-HTTP failures &gt; changing a level: no notification, but the list is still reloaded" time="0.065152292">
        </testcase>
        <testcase classname="src/app/dashboard/component/user/share-access/share-access.component.spec.ts" name="ShareAccessComponent &gt; non-HTTP failures &gt; publishing a workflow: no notification, and it stays private" time="0.033327959">
        </testcase>
        <testcase classname="src/app/dashboard/component/user/share-access/share-access.component.spec.ts" name="ShareAccessComponent &gt; non-HTTP failures &gt; unpublishing a workflow: no notification, and it stays public" time="0.030754">
        </testcase>
        <testcase classname="src/app/dashboard/component/user/share-access/share-access.component.spec.ts" name="ShareAccessComponent &gt; non-HTTP failures &gt; publishing a dataset: no notification, and it stays private" time="0.025132458">
        </testcase>
        <testcase classname="src/app/dashboard/component/user/share-access/share-access.component.spec.ts" name="ShareAccessComponent &gt; non-HTTP failures &gt; unpublishing a dataset: no notification, and it stays public" time="0.020498542">
        </testcase>
        <testcase classname="src/app/dashboard/component/user/share-access/share-access.component.spec.ts" name="ShareAccessComponent &gt; confirmation for kinds that carry no publicity &gt; unpublishing a workflow outside the workspace leaves the canvas state alone" time="0.030307542">
        </testcase>
        <testcase classname="src/app/dashboard/component/user/share-access/share-access.component.spec.ts" name="ShareAccessComponent &gt; confirmation for kinds that carry no publicity &gt; confirming Publish on a kind with no publish endpoint does nothing" time="0.02890125">
        </testcase>
        <testcase classname="src/app/dashboard/component/user/share-access/share-access.component.spec.ts" name="ShareAccessComponent &gt; confirmation for kinds that carry no publicity &gt; confirming Unpublish on a kind with no publish endpoint does nothing" time="0.025868833">
        </testcase>
    </testsuite>
    <testsuite name="src/app/dashboard/component/user/sort-button/sort-button.component.spec.ts" timestamp="2026-09-01T22:49:41.770Z" hostname="dhcp-172-27-096-224.mobile.uci.edu" tests="12" failures="0" errors="0" skipped="0" time="0.43065625">
        <testcase classname="src/app/dashboard/component/user/sort-button/sort-button.component.spec.ts" name="SortButtonComponent &gt; should create the component with correct default sorting method" time="0.034443375">
        </testcase>
        <testcase classname="src/app/dashboard/component/user/sort-button/sort-button.component.spec.ts" name="SortButtonComponent &gt; should handle lastSort() correctly" time="0.024289417">
        </testcase>
        <testcase classname="src/app/dashboard/component/user/sort-button/sort-button.component.spec.ts" name="SortButtonComponent &gt; should handle dateSort() correctly" time="0.019912459">
        </testcase>
        <testcase classname="src/app/dashboard/component/user/sort-button/sort-button.component.spec.ts" name="SortButtonComponent &gt; should handle ascSort() correctly" time="0.017588458">
        </testcase>
        <testcase classname="src/app/dashboard/component/user/sort-button/sort-button.component.spec.ts" name="SortButtonComponent &gt; should handle dscSort() correctly" time="0.016917916">
        </testcase>
        <testcase classname="src/app/dashboard/component/user/sort-button/sort-button.component.spec.ts" name="SortButtonComponent &gt; should handle execSort() correctly" time="0.048694542">
        </testcase>
        <testcase classname="src/app/dashboard/component/user/sort-button/sort-button.component.spec.ts" name="SortButtonComponent &gt; shows the edit-time and execution-time options by default (e.g. for workflows)" time="0.035810042">
        </testcase>
        <testcase classname="src/app/dashboard/component/user/sort-button/sort-button.component.spec.ts" name="SortButtonComponent &gt; can hide edit-time and execution-time options (e.g. for datasets, which have neither)" time="0.035812916">
        </testcase>
        <testcase classname="src/app/dashboard/component/user/sort-button/sort-button.component.spec.ts" name="SortButtonComponent &gt; rendered sort menu &gt; lists every sort option when the resource has both timestamps" time="0.015827792">
        </testcase>
        <testcase classname="src/app/dashboard/component/user/sort-button/sort-button.component.spec.ts" name="SortButtonComponent &gt; rendered sort menu &gt; drops only the edit-time option when the resource has no edit timestamp" time="0.030822709">
        </testcase>
        <testcase classname="src/app/dashboard/component/user/sort-button/sort-button.component.spec.ts" name="SortButtonComponent &gt; rendered sort menu &gt; drops only the execution-time option when the resource has no execution timestamp" time="0.032665416">
        </testcase>
        <testcase classname="src/app/dashboard/component/user/sort-button/sort-button.component.spec.ts" name="SortButtonComponent &gt; rendered sort menu &gt; emits the sort method that matches the clicked row" time="0.117095292">
        </testcase>
    </testsuite>
    <testsuite name="src/app/dashboard/component/user/staged-objects-list/staged-objects-list.component.spec.ts" timestamp="2026-09-01T22:49:41.771Z" hostname="dhcp-172-27-096-224.mobile.uci.edu" tests="14" failures="0" errors="0" skipped="0" time="0.199652084">
        <testcase classname="src/app/dashboard/component/user/staged-objects-list/staged-objects-list.component.spec.ts" name="StagedObjectsListComponent &gt; fetches staged objects on init and emits them" time="0.003502583">
        </testcase>
        <testcase classname="src/app/dashboard/component/user/staged-objects-list/staged-objects-list.component.spec.ts" name="StagedObjectsListComponent &gt; does not fetch staged objects when resourceId is undefined" time="0.001550166">
        </testcase>
        <testcase classname="src/app/dashboard/component/user/staged-objects-list/staged-objects-list.component.spec.ts" name="StagedObjectsListComponent &gt; coalesces bursts of change events into one refetch per audit window" time="0.004653875">
        </testcase>
        <testcase classname="src/app/dashboard/component/user/staged-objects-list/staged-objects-list.component.spec.ts" name="StagedObjectsListComponent &gt; identifies staged objects by diff type and path in trackByStagedObject" time="0.003438583">
        </testcase>
        <testcase classname="src/app/dashboard/component/user/staged-objects-list/staged-objects-list.component.spec.ts" name="StagedObjectsListComponent &gt; renders staged object rows inside the virtual scroll viewport" time="0.017007709">
        </testcase>
        <testcase classname="src/app/dashboard/component/user/staged-objects-list/staged-objects-list.component.spec.ts" name="StagedObjectsListComponent &gt; reverts a staged object from its row&apos;s delete button" time="0.012122916">
        </testcase>
        <testcase classname="src/app/dashboard/component/user/staged-objects-list/staged-objects-list.component.spec.ts" name="StagedObjectsListComponent &gt; shows the full path and upload time in the row tooltip" time="0.026224125">
        </testcase>
        <testcase classname="src/app/dashboard/component/user/staged-objects-list/staged-objects-list.component.spec.ts" name="StagedObjectsListComponent &gt; re-measures the viewport on request" time="0.013873417">
        </testcase>
        <testcase classname="src/app/dashboard/component/user/staged-objects-list/staged-objects-list.component.spec.ts" name="StagedObjectsListComponent &gt; branch coverage &gt; ignores a userMakeChangesEvent that is not provided" time="0.016584917">
        </testcase>
        <testcase classname="src/app/dashboard/component/user/staged-objects-list/staged-objects-list.component.spec.ts" name="StagedObjectsListComponent &gt; branch coverage &gt; does not revert an object when no dataset id is set" time="0.0078065">
        </testcase>
        <testcase classname="src/app/dashboard/component/user/staged-objects-list/staged-objects-list.component.spec.ts" name="StagedObjectsListComponent &gt; branch coverage &gt; notifies when reverting a staged object fails" time="0.005240125">
        </testcase>
        <testcase classname="src/app/dashboard/component/user/staged-objects-list/staged-objects-list.component.spec.ts" name="StagedObjectsListComponent &gt; branch coverage &gt; returns no upload time when there is no upload-time map" time="0.003485875">
        </testcase>
        <testcase classname="src/app/dashboard/component/user/staged-objects-list/staged-objects-list.component.spec.ts" name="StagedObjectsListComponent &gt; branch coverage &gt; falls back to the whole path when the last segment is empty" time="0.00910925">
        </testcase>
        <testcase classname="src/app/dashboard/component/user/staged-objects-list/staged-objects-list.component.spec.ts" name="StagedObjectsListComponent &gt; branch coverage &gt; returns null for a filename that is absent from the upload-time map" time="0.066972917">
        </testcase>
    </testsuite>
    <testsuite name="src/app/dashboard/component/user/user-avatar/user-avatar.component.spec.ts" timestamp="2026-09-01T22:49:41.772Z" hostname="dhcp-172-27-096-224.mobile.uci.edu" tests="1" failures="0" errors="0" skipped="0" time="0.003158042">
        <testcase classname="src/app/dashboard/component/user/user-avatar/user-avatar.component.spec.ts" name="UserAvatarComponent &gt; should create" time="0.002963958">
        </testcase>
    </testsuite>
    <testsuite name="src/app/dashboard/component/user/user-computing-unit/user-computing-unit.component.spec.ts" timestamp="2026-09-01T22:49:41.772Z" hostname="dhcp-172-27-096-224.mobile.uci.edu" tests="11" failures="0" errors="0" skipped="0" time="0.291656875">
        <testcase classname="src/app/dashboard/component/user/user-computing-unit/user-computing-unit.component.spec.ts" name="UserComputingUnitComponent &gt; should create" time="0.015544167">
        </testcase>
        <testcase classname="src/app/dashboard/component/user/user-computing-unit/user-computing-unit.component.spec.ts" name="UserComputingUnitComponent &gt; refreshes the computing unit list when the modal emits unitCreated" time="0.008012209">
        </testcase>
        <testcase classname="src/app/dashboard/component/user/user-computing-unit/user-computing-unit.component.spec.ts" name="UserComputingUnitComponent &gt; syncs visibility when the embedded modal closes itself" time="0.00645675">
        </testcase>
        <testcase classname="src/app/dashboard/component/user/user-computing-unit/user-computing-unit.component.spec.ts" name="UserComputingUnitComponent &gt; session, polling and termination &gt; follows the signed-in user when the session changes" time="0.017288208">
        </testcase>
        <testcase classname="src/app/dashboard/component/user/user-computing-unit/user-computing-unit.component.spec.ts" name="UserComputingUnitComponent &gt; session, polling and termination &gt; maps the fetched computing units into dashboard entries" time="0.010493833">
        </testcase>
        <testcase classname="src/app/dashboard/component/user/user-computing-unit/user-computing-unit.component.spec.ts" name="UserComputingUnitComponent &gt; session, polling and termination &gt; refreshes the list on every poll tick, and stops once destroyed" time="0.006025875">
        </testcase>
        <testcase classname="src/app/dashboard/component/user/user-computing-unit/user-computing-unit.component.spec.ts" name="UserComputingUnitComponent &gt; session, polling and termination &gt; hands a known computing unit to the actions service" time="0.017329792">
        </testcase>
        <testcase classname="src/app/dashboard/component/user/user-computing-unit/user-computing-unit.component.spec.ts" name="UserComputingUnitComponent &gt; session, polling and termination &gt; reports an error instead of terminating an unknown computing unit" time="0.013430541">
        </testcase>
        <testcase classname="src/app/dashboard/component/user/user-computing-unit/user-computing-unit.component.spec.ts" name="UserComputingUnitComponent &gt; rendered page &gt; opens the create-unit modal from its toolbar button" time="0.084825209">
        </testcase>
        <testcase classname="src/app/dashboard/component/user/user-computing-unit/user-computing-unit.component.spec.ts" name="UserComputingUnitComponent &gt; rendered page &gt; renders one row per computing unit, in the order the service reported them" time="0.05250825">
        </testcase>
        <testcase classname="src/app/dashboard/component/user/user-computing-unit/user-computing-unit.component.spec.ts" name="UserComputingUnitComponent &gt; rendered page &gt; terminates the unit belonging to the row that asked, not the first one" time="0.05935675">
        </testcase>
    </testsuite>
    <testsuite name="src/app/dashboard/component/user/user-dataset/user-dataset.component.spec.ts" timestamp="2026-09-01T22:49:41.772Z" hostname="dhcp-172-27-096-224.mobile.uci.edu" tests="41" failures="0" errors="0" skipped="0" time="2.860128875">
        <testcase classname="src/app/dashboard/component/user/user-dataset/user-dataset.component.spec.ts" name="UserDatasetComponent &gt; user state tracking &gt; updates isLogin and currentUid when userChanged emits" time="0.001912875">
        </testcase>
        <testcase classname="src/app/dashboard/component/user/user-dataset/user-dataset.component.spec.ts" name="UserDatasetComponent &gt; default sort &gt; defaults to CreateTimeDesc so newest datasets appear first" time="0.000490083">
        </testcase>
        <testcase classname="src/app/dashboard/component/user/user-dataset/user-dataset.component.spec.ts" name="UserDatasetComponent &gt; ngAfterViewInit &gt; subscribes to userChanged and calls search on each emission" time="0.000651917">
        </testcase>
        <testcase classname="src/app/dashboard/component/user/user-dataset/user-dataset.component.spec.ts" name="UserDatasetComponent &gt; search filterScope variants &gt; defaults to &quot;private&quot;: passes isLogin through, includePublic = false" time="0.001746417">
        </testcase>
        <testcase classname="src/app/dashboard/component/user/user-dataset/user-dataset.component.spec.ts" name="UserDatasetComponent &gt; search filterScope variants &gt; &quot;public&quot;: forces isLogin = false, includePublic = true" time="0.000757459">
        </testcase>
        <testcase classname="src/app/dashboard/component/user/user-dataset/user-dataset.component.spec.ts" name="UserDatasetComponent &gt; search filterScope variants &gt; &quot;all&quot;: passes isLogin through, includePublic = true" time="0.000820334">
        </testcase>
        <testcase classname="src/app/dashboard/component/user/user-dataset/user-dataset.component.spec.ts" name="UserDatasetComponent &gt; search filterScope variants &gt; &quot;private&quot; with isLogin = false: passes false through, includePublic = false" time="0.000216542">
        </testcase>
        <testcase classname="src/app/dashboard/component/user/user-dataset/user-dataset.component.spec.ts" name="UserDatasetComponent &gt; search call shape &gt; invokes executeSearch with the documented argument order via reset(...) then loadMore()" time="0.000343167">
        </testcase>
        <testcase classname="src/app/dashboard/component/user/user-dataset/user-dataset.component.spec.ts" name="UserDatasetComponent &gt; mismatch warning &gt; when hasMismatch = true: sets component.hasMismatch and warns for 4000ms" time="0.000250708">
        </testcase>
        <testcase classname="src/app/dashboard/component/user/user-dataset/user-dataset.component.spec.ts" name="UserDatasetComponent &gt; mismatch warning &gt; when hasMismatch is missing/false: does not warn and clears hasMismatch" time="0.000207417">
        </testcase>
        <testcase classname="src/app/dashboard/component/user/user-dataset/user-dataset.component.spec.ts" name="UserDatasetComponent &gt; onClickOpenDatasetAddComponent &gt; opens UserDatasetVersionCreatorComponent with isCreatingVersion: false" time="0.0002825">
        </testcase>
        <testcase classname="src/app/dashboard/component/user/user-dataset/user-dataset.component.spec.ts" name="UserDatasetComponent &gt; onClickOpenDatasetAddComponent &gt; on close with a dataset result: navigates to the new dataset URL" time="0.000175542">
        </testcase>
        <testcase classname="src/app/dashboard/component/user/user-dataset/user-dataset.component.spec.ts" name="UserDatasetComponent &gt; onClickOpenDatasetAddComponent &gt; on close with null result: does not navigate" time="0.000105125">
        </testcase>
        <testcase classname="src/app/dashboard/component/user/user-dataset/user-dataset.component.spec.ts" name="UserDatasetComponent &gt; deleteDataset &gt; is a no-op when entry.dataset.dataset.did is undefined" time="0.000133125">
        </testcase>
        <testcase classname="src/app/dashboard/component/user/user-dataset/user-dataset.component.spec.ts" name="UserDatasetComponent &gt; deleteDataset &gt; calls deleteDatasets(did) and filters the entry out of searchResultsComponent.entries" time="0.000142959">
        </testcase>
        <testcase classname="src/app/dashboard/component/user/user-dataset/user-dataset.component.spec.ts" name="UserDatasetComponent &gt; view mode toggle &gt; setViewType updates viewType, persists it, and is a no-op when unchanged" time="0.000252583">
        </testcase>
        <testcase classname="src/app/dashboard/component/user/user-dataset/user-dataset.component.spec.ts" name="UserDatasetComponent &gt; view mode toggle &gt; defaults viewType to card when nothing is stored" time="0.000128917">
        </testcase>
        <testcase classname="src/app/dashboard/component/user/user-dataset/user-dataset.component.spec.ts" name="UserDatasetComponent &gt; view mode toggle &gt; initializes viewType to list only when explicitly stored" time="0.000168041">
        </testcase>
        <testcase classname="src/app/dashboard/component/user/user-dataset/user-dataset.component.spec.ts" name="UserDatasetComponent &gt; view child accessors &gt; rejects reading searchResultsComponent before the view is initialized" time="0.00027875">
        </testcase>
        <testcase classname="src/app/dashboard/component/user/user-dataset/user-dataset.component.spec.ts" name="UserDatasetComponent &gt; view child accessors &gt; rejects reading filters before the view is initialized" time="0.000131208">
        </testcase>
        <testcase classname="src/app/dashboard/component/user/user-dataset/user-dataset.component.spec.ts" name="UserDatasetComponent &gt; view child accessors &gt; returns the view children once they are assigned" time="0.000102041">
        </testcase>
        <testcase classname="src/app/dashboard/component/user/user-dataset/user-dataset.component.spec.ts" name="UserDatasetComponent &gt; view child accessors &gt; re-runs the search when the filter component reports a change" time="0.00012475">
        </testcase>
        <testcase classname="src/app/dashboard/component/user/user-dataset/user-dataset.component.spec.ts" name="UserDatasetComponent &gt; search de-duplication &gt; skips a repeat search when the filters and sort are unchanged" time="0.00014525">
        </testcase>
        <testcase classname="src/app/dashboard/component/user/user-dataset/user-dataset.component.spec.ts" name="UserDatasetComponent &gt; search de-duplication &gt; runs the search again when it is forced" time="0.000110709">
        </testcase>
        <testcase classname="src/app/dashboard/component/user/user-dataset/user-dataset.component.spec.ts" name="UserDatasetComponent &gt; search de-duplication &gt; runs the search again when the sort method changed" time="0.000134375">
        </testcase>
        <testcase classname="src/app/dashboard/component/user/user-dataset/user-dataset.component.spec.ts" name="UserDatasetComponent &gt; search de-duplication &gt; runs the search again when a filter was added" time="0.000439333">
        </testcase>
        <testcase classname="src/app/dashboard/component/user/user-dataset/user-dataset.component.spec.ts" name="UserDatasetComponent &gt; search de-duplication &gt; runs the search again when a filter was replaced by another" time="0.000148333">
        </testcase>
        <testcase classname="src/app/dashboard/component/user/user-dataset/user-dataset.component.spec.ts" name="UserDatasetComponent rendering &gt; starts in card view with only that button highlighted" time="0.242397708">
        </testcase>
        <testcase classname="src/app/dashboard/component/user/user-dataset/user-dataset.component.spec.ts" name="UserDatasetComponent rendering &gt; moves the highlight when the list view is chosen" time="0.214558959">
        </testcase>
        <testcase classname="src/app/dashboard/component/user/user-dataset/user-dataset.component.spec.ts" name="UserDatasetComponent rendering &gt; remembers the chosen view for the next visit" time="0.201033041">
        </testcase>
        <testcase classname="src/app/dashboard/component/user/user-dataset/user-dataset.component.spec.ts" name="UserDatasetComponent rendering &gt; passes the chosen view down to the results list" time="0.194270875">
        </testcase>
        <testcase classname="src/app/dashboard/component/user/user-dataset/user-dataset.component.spec.ts" name="UserDatasetComponent rendering &gt; marks the results list as editable and private and hands it the viewer&apos;s own id" time="0.215179542">
        </testcase>
        <testcase classname="src/app/dashboard/component/user/user-dataset/user-dataset.component.spec.ts" name="UserDatasetComponent rendering &gt; re-runs the search when the sort method changes" time="0.095576167">
        </testcase>
        <testcase classname="src/app/dashboard/component/user/user-dataset/user-dataset.component.spec.ts" name="UserDatasetComponent rendering &gt; opens the create-dataset flow from the toolbar button" time="0.138643584">
        </testcase>
        <testcase classname="src/app/dashboard/component/user/user-dataset/user-dataset.component.spec.ts" name="UserDatasetComponent rendering &gt; hides the sort button&apos;s execution-time options on the dataset page" time="0.15041575">
        </testcase>
        <testcase classname="src/app/dashboard/component/user/user-dataset/user-dataset.component.spec.ts" name="UserDatasetComponent rendering &gt; writes the tags typed into the search box back to the filter list" time="0.178556541">
        </testcase>
        <testcase classname="src/app/dashboard/component/user/user-dataset/user-dataset.component.spec.ts" name="UserDatasetComponent card view &gt; renders one card per dataset, each holding its own entry" time="0.124457667">
        </testcase>
        <testcase classname="src/app/dashboard/component/user/user-dataset/user-dataset.component.spec.ts" name="UserDatasetComponent card view &gt; hands every card the page&apos;s own view settings" time="0.181934792">
        </testcase>
        <testcase classname="src/app/dashboard/component/user/user-dataset/user-dataset.component.spec.ts" name="UserDatasetComponent card view &gt; deletes the card&apos;s own dataset when the card reports a delete" time="0.284629542">
        </testcase>
        <testcase classname="src/app/dashboard/component/user/user-dataset/user-dataset.component.spec.ts" name="UserDatasetComponent card view &gt; deletes the dataset the results list itself reports as deleted" time="0.42444625">
        </testcase>
        <testcase classname="src/app/dashboard/component/user/user-dataset/user-dataset.component.spec.ts" name="UserDatasetComponent card view &gt; forces a fresh search when a card asks for a refresh" time="0.20201925">
        </testcase>
    </testsuite>
    <testsuite name="src/app/dashboard/component/user/user-icon/user-icon.component.spec.ts" timestamp="2026-09-01T22:49:41.774Z" hostname="dhcp-172-27-096-224.mobile.uci.edu" tests="3" failures="0" errors="0" skipped="0" time="0.012740791">
        <testcase classname="src/app/dashboard/component/user/user-icon/user-icon.component.spec.ts" name="UserIconComponent &gt; should create" time="0.005069833">
        </testcase>
        <testcase classname="src/app/dashboard/component/user/user-icon/user-icon.component.spec.ts" name="UserIconComponent &gt; onClickLogout &gt; navigates to /about (no /dashboard prefix) after logout" time="0.00409625">
        </testcase>
        <testcase classname="src/app/dashboard/component/user/user-icon/user-icon.component.spec.ts" name="UserIconComponent &gt; onClickLogout &gt; clears the flarum_remember cookie on logout" time="0.003178958">
        </testcase>
    </testsuite>
    <testsuite name="src/app/dashboard/component/user/user-model/user-model.component.spec.ts" timestamp="2026-09-01T22:49:41.774Z" hostname="dhcp-172-27-096-224.mobile.uci.edu" tests="25" failures="0" errors="0" skipped="0" time="0.271199709">
        <testcase classname="src/app/dashboard/component/user/user-model/user-model.component.spec.ts" name="UserModelComponent &gt; defaults to newest-first, since models carry no last-modified time" time="0.000779667">
        </testcase>
        <testcase classname="src/app/dashboard/component/user/user-model/user-model.component.spec.ts" name="UserModelComponent &gt; tracks login state as the user changes" time="0.000301667">
        </testcase>
        <testcase classname="src/app/dashboard/component/user/user-model/user-model.component.spec.ts" name="UserModelComponent &gt; re-searches whenever the signed-in user changes" time="0.000205833">
        </testcase>
        <testcase classname="src/app/dashboard/component/user/user-model/user-model.component.spec.ts" name="UserModelComponent &gt; lists the accessible models rather than going through unified search" time="0.000694458">
        </testcase>
        <testcase classname="src/app/dashboard/component/user/user-model/user-model.component.spec.ts" name="UserModelComponent &gt; fetches the list once and re-slices it, refetching only when forced" time="0.000202667">
        </testcase>
        <testcase classname="src/app/dashboard/component/user/user-model/user-model.component.spec.ts" name="UserModelComponent &gt; reports more pages while the filtered list runs past the window" time="0.00016775">
        </testcase>
        <testcase classname="src/app/dashboard/component/user/user-model/user-model.component.spec.ts" name="UserModelComponent &gt; sorts by name in both directions, and by newest first otherwise" time="0.000398667">
        </testcase>
        <testcase classname="src/app/dashboard/component/user/user-model/user-model.component.spec.ts" name="UserModelComponent &gt; matches keywords against name, description, framework, format and owner" time="0.000569875">
        </testcase>
        <testcase classname="src/app/dashboard/component/user/user-model/user-model.component.spec.ts" name="UserModelComponent &gt; requires every keyword to match, not just one" time="0.000281958">
        </testcase>
        <testcase classname="src/app/dashboard/component/user/user-model/user-model.component.spec.ts" name="UserModelComponent &gt; labels each card with its owner&apos;s display name and avatar" time="0.000235833">
        </testcase>
        <testcase classname="src/app/dashboard/component/user/user-model/user-model.component.spec.ts" name="UserModelComponent &gt; leaves the avatar empty for an owner who has not set one" time="0.00015775">
        </testcase>
        <testcase classname="src/app/dashboard/component/user/user-model/user-model.component.spec.ts" name="UserModelComponent &gt; still lists the models when the owner lookup fails" time="0.001543917">
        </testcase>
        <testcase classname="src/app/dashboard/component/user/user-model/user-model.component.spec.ts" name="UserModelComponent &gt; skips the owner lookup when there is nobody to look up" time="0.000300375">
        </testcase>
        <testcase classname="src/app/dashboard/component/user/user-model/user-model.component.spec.ts" name="UserModelComponent &gt; remembers the chosen view for the next visit, and ignores a no-op change" time="0.000287875">
        </testcase>
        <testcase classname="src/app/dashboard/component/user/user-model/user-model.component.spec.ts" name="UserModelComponent &gt; opens the creator and refreshes the list with whatever it created" time="0.000317875">
        </testcase>
        <testcase classname="src/app/dashboard/component/user/user-model/user-model.component.spec.ts" name="UserModelComponent &gt; does not refresh when the creator was cancelled" time="0.000118166">
        </testcase>
        <testcase classname="src/app/dashboard/component/user/user-model/user-model.component.spec.ts" name="UserModelComponent &gt; deletes the model and drops just that row from the list" time="0.00021">
        </testcase>
        <testcase classname="src/app/dashboard/component/user/user-model/user-model.component.spec.ts" name="UserModelComponent &gt; does not call the backend for a model that was never persisted" time="0.00008375">
        </testcase>
        <testcase classname="src/app/dashboard/component/user/user-model/user-model.component.spec.ts" name="UserModelComponent rendering &gt; titles the page and offers the create button" time="0.05668825">
        </testcase>
        <testcase classname="src/app/dashboard/component/user/user-model/user-model.component.spec.ts" name="UserModelComponent rendering &gt; renders no shared filter bar" time="0.010294666">
        </testcase>
        <testcase classname="src/app/dashboard/component/user/user-model/user-model.component.spec.ts" name="UserModelComponent rendering &gt; writes the tags typed into the search box back to the keyword list, and re-filters" time="0.060517917">
        </testcase>
        <testcase classname="src/app/dashboard/component/user/user-model/user-model.component.spec.ts" name="UserModelComponent rendering &gt; starts in card view and moves the highlight when the list view is chosen" time="0.022019667">
        </testcase>
        <testcase classname="src/app/dashboard/component/user/user-model/user-model.component.spec.ts" name="UserModelComponent rendering &gt; hands the results list the page&apos;s view settings" time="0.030735625">
        </testcase>
        <testcase classname="src/app/dashboard/component/user/user-model/user-model.component.spec.ts" name="UserModelComponent rendering &gt; renders one card per model through the card template, with its outputs kept apart" time="0.055710791">
        </testcase>
        <testcase classname="src/app/dashboard/component/user/user-model/user-model.component.spec.ts" name="UserModelComponent rendering &gt; refuses to search before the results list has been queried" time="0.027921333">
        </testcase>
    </testsuite>
    <testsuite name="src/app/dashboard/component/user/user-quota/user-quota.component.spec.ts" timestamp="2026-09-01T22:49:41.776Z" hostname="dhcp-172-27-096-224.mobile.uci.edu" tests="25" failures="0" errors="0" skipped="0" time="1.265495916">
        <testcase classname="src/app/dashboard/component/user/user-quota/user-quota.component.spec.ts" name="UserQuotaComponent &gt; should create" time="0.0380375">
        </testcase>
        <testcase classname="src/app/dashboard/component/user/user-quota/user-quota.component.spec.ts" name="UserQuotaComponent &gt; paints the standalone page header and reads the signed-in user&apos;s own quota" time="0.023446542">
        </testcase>
        <testcase classname="src/app/dashboard/component/user/user-quota/user-quota.component.spec.ts" name="UserQuotaComponent &gt; aggregateByMonth &gt; sums the values that share a &apos;YYYY-MM&apos; prefix" time="0.02375875">
        </testcase>
        <testcase classname="src/app/dashboard/component/user/user-quota/user-quota.component.spec.ts" name="UserQuotaComponent &gt; filterOutdatedData &gt; keeps entries within the last year and drops older ones" time="0.026921667">
        </testcase>
        <testcase classname="src/app/dashboard/component/user/user-quota/user-quota.component.spec.ts" name="UserQuotaComponent &gt; aggregateData &gt; returns the (filtered) data unchanged when there are fewer than 8 points" time="0.008338333">
        </testcase>
        <testcase classname="src/app/dashboard/component/user/user-quota/user-quota.component.spec.ts" name="UserQuotaComponent &gt; aggregateData &gt; aggregates by month when the data spans at least three months" time="0.00873575">
        </testcase>
        <testcase classname="src/app/dashboard/component/user/user-quota/user-quota.component.spec.ts" name="UserQuotaComponent &gt; aggregateData &gt; aggregates by day-group when there are 8+ points within fewer than three months" time="0.005385458">
        </testcase>
        <testcase classname="src/app/dashboard/component/user/user-quota/user-quota.component.spec.ts" name="UserQuotaComponent &gt; refreshData &gt; loads datasets, shared workflows and executions, and groups executions by workflow" time="0.013700833">
        </testcase>
        <testcase classname="src/app/dashboard/component/user/user-quota/user-quota.component.spec.ts" name="UserQuotaComponent &gt; refreshData &gt; counts the created datasets and workflows per calendar day, and charts each into its own div" time="0.005101833">
        </testcase>
        <testcase classname="src/app/dashboard/component/user/user-quota/user-quota.component.spec.ts" name="UserQuotaComponent &gt; refreshData &gt; clears the running totals so a reload does not double-count them" time="0.021482791">
        </testcase>
        <testcase classname="src/app/dashboard/component/user/user-quota/user-quota.component.spec.ts" name="UserQuotaComponent &gt; deleteCollection &gt; removes the execution and subtracts its bytes from the total" time="0.005794167">
        </testcase>
        <testcase classname="src/app/dashboard/component/user/user-quota/user-quota.component.spec.ts" name="UserQuotaComponent &gt; deleteCollection &gt; drops the workflow when its last execution is removed" time="0.017292791">
        </testcase>
        <testcase classname="src/app/dashboard/component/user/user-quota/user-quota.component.spec.ts" name="UserQuotaComponent &gt; deleteCollection &gt; skips the workflows that do not own the deleted execution and still prunes the emptied one" time="0.008119625">
        </testcase>
        <testcase classname="src/app/dashboard/component/user/user-quota/user-quota.component.spec.ts" name="UserQuotaComponent &gt; sortBySize &gt; orders executions by total cache size, smallest first" time="0.004385916">
        </testcase>
        <testcase classname="src/app/dashboard/component/user/user-quota/user-quota.component.spec.ts" name="UserQuotaComponent &gt; chart generation &gt; generatePieChart renders the labels/values and sizing layout onto the target div" time="0.087808333">
        </testcase>
        <testcase classname="src/app/dashboard/component/user/user-quota/user-quota.component.spec.ts" name="UserQuotaComponent &gt; chart generation &gt; generateLineChart renders the x/y series and axis labels onto the target div" time="0.09397275">
        </testcase>
        <testcase classname="src/app/dashboard/component/user/user-quota/user-quota.component.spec.ts" name="UserQuotaComponent &gt; chart generation &gt; generateLineChart leaves the y-axis tick density to Plotly when the series spans more than five" time="0.052342583">
        </testcase>
        <testcase classname="src/app/dashboard/component/user/user-quota/user-quota.component.spec.ts" name="UserQuotaComponent &gt; result cache tab &gt; groups the executions under one panel per workflow" time="0.069599792">
        </testcase>
        <testcase classname="src/app/dashboard/component/user/user-quota/user-quota.component.spec.ts" name="UserQuotaComponent &gt; result cache tab &gt; lists every execution of the opened workflow" time="0.046689208">
        </testcase>
        <testcase classname="src/app/dashboard/component/user/user-quota/user-quota.component.spec.ts" name="UserQuotaComponent &gt; result cache tab &gt; reports the cache size as result plus log plus runtime statistics" time="0.062032459">
        </testcase>
        <testcase classname="src/app/dashboard/component/user/user-quota/user-quota.component.spec.ts" name="UserQuotaComponent &gt; result cache tab &gt; deletes the collection of the row it was pressed on" time="0.276590125">
        </testcase>
        <testcase classname="src/app/dashboard/component/user/user-quota/user-quota.component.spec.ts" name="UserQuotaComponent &gt; result cache tab &gt; pages the executions rather than listing all of them" time="0.135498166">
        </testcase>
        <testcase classname="src/app/dashboard/component/user/user-quota/user-quota.component.spec.ts" name="UserQuotaComponent &gt; result cache tab &gt; reorders the rows by total cache size when the Cache Size header is used" time="0.143992166">
        </testcase>
        <testcase classname="src/app/dashboard/component/user/user-quota/user-quota.component.spec.ts" name="UserQuotaComponent (opened from the admin user modal) &gt; reads the quota of the user named by the modal, through the admin service" time="0.044558417">
        </testcase>
        <testcase classname="src/app/dashboard/component/user/user-quota/user-quota.component.spec.ts" name="UserQuotaComponent (opened from the admin user modal) &gt; paints the modal header instead of the standalone page header" time="0.041051125">
        </testcase>
    </testsuite>
    <testsuite name="src/app/dashboard/component/user/user-venv/user-venv.component.spec.ts" timestamp="2026-09-01T22:49:41.777Z" hostname="dhcp-172-27-096-224.mobile.uci.edu" tests="47" failures="0" errors="0" skipped="0" time="1.423700625">
        <testcase classname="src/app/dashboard/component/user/user-venv/user-venv.component.spec.ts" name="UserVenvComponent &gt; creates the component" time="0.008788834">
        </testcase>
        <testcase classname="src/app/dashboard/component/user/user-venv/user-venv.component.spec.ts" name="UserVenvComponent &gt; ngOnInit / refreshPves &gt; maps records to drafts, parsing every version-op form, and renders the list" time="0.0055735">
        </testcase>
        <testcase classname="src/app/dashboard/component/user/user-venv/user-venv.component.spec.ts" name="UserVenvComponent &gt; ngOnInit / refreshPves &gt; logs and notifies on the error path, leaving the list empty" time="0.003891167">
        </testcase>
        <testcase classname="src/app/dashboard/component/user/user-venv/user-venv.component.spec.ts" name="UserVenvComponent &gt; ngOnInit / refreshPves &gt; treats a record with no packages as an empty package list" time="0.004043875">
        </testcase>
        <testcase classname="src/app/dashboard/component/user/user-venv/user-venv.component.spec.ts" name="UserVenvComponent &gt; ngOnInit / refreshPves &gt; falls back to an empty version when the stored value is nullish" time="0.022584541">
        </testcase>
        <testcase classname="src/app/dashboard/component/user/user-venv/user-venv.component.spec.ts" name="UserVenvComponent &gt; modal open/close and package editing &gt; showPveModal opens an empty draft" time="0.006777125">
        </testcase>
        <testcase classname="src/app/dashboard/component/user/user-venv/user-venv.component.spec.ts" name="UserVenvComponent &gt; modal open/close and package editing &gt; openExistingPve deep-copies the packages of the selected row" time="0.005616166">
        </testcase>
        <testcase classname="src/app/dashboard/component/user/user-venv/user-venv.component.spec.ts" name="UserVenvComponent &gt; modal open/close and package editing &gt; openExistingPve with an out-of-range index is a no-op" time="0.0029015">
        </testcase>
        <testcase classname="src/app/dashboard/component/user/user-venv/user-venv.component.spec.ts" name="UserVenvComponent &gt; modal open/close and package editing &gt; closePveModal clears the draft and hides the modal" time="0.002659625">
        </testcase>
        <testcase classname="src/app/dashboard/component/user/user-venv/user-venv.component.spec.ts" name="UserVenvComponent &gt; modal open/close and package editing &gt; addPackage is a no-op when there is no draft" time="0.002835042">
        </testcase>
        <testcase classname="src/app/dashboard/component/user/user-venv/user-venv.component.spec.ts" name="UserVenvComponent &gt; modal open/close and package editing &gt; addPackage appends a blank row when a draft exists" time="0.031027542">
        </testcase>
        <testcase classname="src/app/dashboard/component/user/user-venv/user-venv.component.spec.ts" name="UserVenvComponent &gt; modal open/close and package editing &gt; removePackage is a no-op when there is no draft" time="0.007342">
        </testcase>
        <testcase classname="src/app/dashboard/component/user/user-venv/user-venv.component.spec.ts" name="UserVenvComponent &gt; modal open/close and package editing &gt; removePackage removes the row at the given index" time="0.0400455">
        </testcase>
        <testcase classname="src/app/dashboard/component/user/user-venv/user-venv.component.spec.ts" name="UserVenvComponent &gt; saveEnvironment &gt; rejects an empty / whitespace name without calling the service" time="0.006129958">
        </testcase>
        <testcase classname="src/app/dashboard/component/user/user-venv/user-venv.component.spec.ts" name="UserVenvComponent &gt; saveEnvironment &gt; rejects a non-alphanumeric name" time="0.005617875">
        </testcase>
        <testcase classname="src/app/dashboard/component/user/user-venv/user-venv.component.spec.ts" name="UserVenvComponent &gt; saveEnvironment &gt; rejects a name that duplicates a different environment" time="0.0028205">
        </testcase>
        <testcase classname="src/app/dashboard/component/user/user-venv/user-venv.component.spec.ts" name="UserVenvComponent &gt; saveEnvironment &gt; rejects a draft with duplicate package names" time="0.002644333">
        </testcase>
        <testcase classname="src/app/dashboard/component/user/user-venv/user-venv.component.spec.ts" name="UserVenvComponent &gt; saveEnvironment &gt; creates a new environment: formats versions, skips blank rows, then succeeds" time="0.029018208">
        </testcase>
        <testcase classname="src/app/dashboard/component/user/user-venv/user-venv.component.spec.ts" name="UserVenvComponent &gt; saveEnvironment &gt; treats a row whose version is nullish as an empty version" time="0.002824833">
        </testcase>
        <testcase classname="src/app/dashboard/component/user/user-venv/user-venv.component.spec.ts" name="UserVenvComponent &gt; saveEnvironment &gt; updates an existing environment when the draft carries a veid" time="0.00243075">
        </testcase>
        <testcase classname="src/app/dashboard/component/user/user-venv/user-venv.component.spec.ts" name="UserVenvComponent &gt; saveEnvironment &gt; handles the save error path: stops the spinner, notifies, keeps the modal open" time="0.007982875">
        </testcase>
        <testcase classname="src/app/dashboard/component/user/user-venv/user-venv.component.spec.ts" name="UserVenvComponent &gt; saveEnvironment &gt; is a no-op when there is no draft" time="0.016007958">
        </testcase>
        <testcase classname="src/app/dashboard/component/user/user-venv/user-venv.component.spec.ts" name="UserVenvComponent &gt; confirmDeletePve &gt; builds a danger confirm config whose nzOnOk deletes the environment" time="0.005029083">
        </testcase>
        <testcase classname="src/app/dashboard/component/user/user-venv/user-venv.component.spec.ts" name="UserVenvComponent &gt; confirmDeletePve &gt; is a no-op for an out-of-range index" time="0.006221417">
        </testcase>
        <testcase classname="src/app/dashboard/component/user/user-venv/user-venv.component.spec.ts" name="UserVenvComponent &gt; confirmDeletePve &gt; names an environment with a blank name as (unnamed) in the confirm title" time="0.004044125">
        </testcase>
        <testcase classname="src/app/dashboard/component/user/user-venv/user-venv.component.spec.ts" name="UserVenvComponent &gt; deletePve &gt; does nothing when the target row is missing" time="0.0033715">
        </testcase>
        <testcase classname="src/app/dashboard/component/user/user-venv/user-venv.component.spec.ts" name="UserVenvComponent &gt; deletePve &gt; does nothing when the target has no veid" time="0.0025775">
        </testcase>
        <testcase classname="src/app/dashboard/component/user/user-venv/user-venv.component.spec.ts" name="UserVenvComponent &gt; deletePve &gt; notifies success and refreshes on a successful delete" time="0.002587666">
        </testcase>
        <testcase classname="src/app/dashboard/component/user/user-venv/user-venv.component.spec.ts" name="UserVenvComponent &gt; deletePve &gt; logs and notifies on a failed delete" time="0.002584667">
        </testcase>
        <testcase classname="src/app/dashboard/component/user/user-venv/user-venv.component.spec.ts" name="UserVenvComponent &gt; deletePve &gt; reports a blank-named environment as (unnamed) on success" time="0.002916">
        </testcase>
        <testcase classname="src/app/dashboard/component/user/user-venv/user-venv.component.spec.ts" name="UserVenvComponent &gt; trackByVeid &gt; returns the veid, or undefined when absent" time="0.0028585">
        </testcase>
        <testcase classname="src/app/dashboard/component/user/user-venv/user-venv.component.spec.ts" name="UserVenvComponent &gt; template rendering &gt; shows the empty-state message and no list when there are no environments" time="0.003968417">
        </testcase>
        <testcase classname="src/app/dashboard/component/user/user-venv/user-venv.component.spec.ts" name="UserVenvComponent &gt; template rendering &gt; opens an empty draft modal from the Create button" time="0.026880166">
        </testcase>
        <testcase classname="src/app/dashboard/component/user/user-venv/user-venv.component.spec.ts" name="UserVenvComponent &gt; template rendering &gt; renders a row per environment (with the unnamed fallback) and opens the row on click" time="0.066085292">
        </testcase>
        <testcase classname="src/app/dashboard/component/user/user-venv/user-venv.component.spec.ts" name="UserVenvComponent &gt; template rendering &gt; fires confirmDeletePve from the row delete icon and stops row-open propagation" time="0.011954125">
        </testcase>
        <testcase classname="src/app/dashboard/component/user/user-venv/user-venv.component.spec.ts" name="UserVenvComponent &gt; template rendering &gt; renders the modal form, package header, one row per package, and the footer when open" time="0.029496916">
        </testcase>
        <testcase classname="src/app/dashboard/component/user/user-venv/user-venv.component.spec.ts" name="UserVenvComponent &gt; template rendering &gt; drives the modal package controls and the Save footer button through the DOM" time="0.111265708">
        </testcase>
        <testcase classname="src/app/dashboard/component/user/user-venv/user-venv.component.spec.ts" name="UserVenvComponent &gt; template rendering &gt; closes the modal from the footer Close button without persisting anything" time="0.066545542">
        </testcase>
        <testcase classname="src/app/dashboard/component/user/user-venv/user-venv.component.spec.ts" name="UserVenvComponent &gt; template rendering &gt; closes the modal on the nz-modal cancel (X / mask) output without persisting anything" time="0.049094">
        </testcase>
        <testcase classname="src/app/dashboard/component/user/user-venv/user-venv.component.spec.ts" name="UserVenvComponent &gt; template rendering &gt; writes the typed environment name into the draft, enabling Save" time="0.064362">
        </testcase>
        <testcase classname="src/app/dashboard/component/user/user-venv/user-venv.component.spec.ts" name="UserVenvComponent &gt; template rendering &gt; writes the typed package name and version into the row" time="0.04596575">
        </testcase>
        <testcase classname="src/app/dashboard/component/user/user-venv/user-venv.component.spec.ts" name="UserVenvComponent &gt; template rendering &gt; picks a version operator from the select with the keyboard, showing the label it stored" time="0.223471166">
        </testcase>
        <testcase classname="src/app/dashboard/component/user/user-venv/user-venv.component.spec.ts" name="UserVenvComponent &gt; template rendering &gt; opens and deletes the row that was clicked, not the first one" time="0.0151015">
        </testcase>
        <testcase classname="src/app/dashboard/component/user/user-venv/user-venv.component.spec.ts" name="UserVenvComponent &gt; template rendering &gt; reuses the row element for an unchanged veid across a refresh (trackBy)" time="0.10962875">
        </testcase>
        <testcase classname="src/app/dashboard/component/user/user-venv/user-venv.component.spec.ts" name="UserVenvComponent &gt; template rendering &gt; writes each package row through its own index, and removes the row that was confirmed" time="0.140908958">
        </testcase>
        <testcase classname="src/app/dashboard/component/user/user-venv/user-venv.component.spec.ts" name="UserVenvComponent &gt; template rendering &gt; shows the Save button&apos;s loading state while a save is in flight" time="0.033740125">
        </testcase>
        <testcase classname="src/app/dashboard/component/user/user-venv/user-venv.component.spec.ts" name="UserVenvComponent &gt; template rendering &gt; keeps Save disabled when the stored environment name is null" time="0.172571292">
        </testcase>
    </testsuite>
    <testsuite name="src/app/dashboard/component/user/user-workflow/user-workflow.component.spec.ts" timestamp="2026-09-01T22:49:41.779Z" hostname="dhcp-172-27-096-224.mobile.uci.edu" tests="74" failures="0" errors="0" skipped="0" time="14.619753708">
        <testcase classname="src/app/dashboard/component/user/user-workflow/user-workflow.component.spec.ts" name="SavedWorkflowSectionComponent &gt; searchNoInput" time="0.422544791">
            <system-out>
Master Filter List: []

            </system-out>
        </testcase>
        <testcase classname="src/app/dashboard/component/user/user-workflow/user-workflow.component.spec.ts" name="SavedWorkflowSectionComponent &gt; searchByWorkflowName" time="0.287221458">
        </testcase>
        <testcase classname="src/app/dashboard/component/user/user-workflow/user-workflow.component.spec.ts" name="SavedWorkflowSectionComponent &gt; searchByOwners" time="0.218444958">
        </testcase>
        <testcase classname="src/app/dashboard/component/user/user-workflow/user-workflow.component.spec.ts" name="SavedWorkflowSectionComponent &gt; searchByIDs" time="0.19626625">
        </testcase>
        <testcase classname="src/app/dashboard/component/user/user-workflow/user-workflow.component.spec.ts" name="SavedWorkflowSectionComponent &gt; searchByCreationTime" time="0.201560084">
        </testcase>
        <testcase classname="src/app/dashboard/component/user/user-workflow/user-workflow.component.spec.ts" name="SavedWorkflowSectionComponent &gt; searchByModifyTime" time="0.153993834">
        </testcase>
        <testcase classname="src/app/dashboard/component/user/user-workflow/user-workflow.component.spec.ts" name="SavedWorkflowSectionComponent &gt; searchByOperators" time="0.16872375">
        </testcase>
        <testcase classname="src/app/dashboard/component/user/user-workflow/user-workflow.component.spec.ts" name="SavedWorkflowSectionComponent &gt; searchByManyOperators" time="0.158021167">
        </testcase>
        <testcase classname="src/app/dashboard/component/user/user-workflow/user-workflow.component.spec.ts" name="SavedWorkflowSectionComponent &gt; searchByManyParameters" time="0.1252275">
        </testcase>
        <testcase classname="src/app/dashboard/component/user/user-workflow/user-workflow.component.spec.ts" name="SavedWorkflowSectionComponent &gt; onClickCreateNewWorkflowFromDashboard &gt; navigates to /user/workflow/&lt;wid&gt; (no /dashboard prefix) on successful creation" time="0.178462041">
        </testcase>
        <testcase classname="src/app/dashboard/component/user/user-workflow/user-workflow.component.spec.ts" name="SavedWorkflowSectionComponent &gt; AI generate workflow (dashboard entry point) &gt; openAiGenerateModal opens the NotebookImportModalComponent with a requestImport callback and no footer" time="0.270408958">
        </testcase>
        <testcase classname="src/app/dashboard/component/user/user-workflow/user-workflow.component.spec.ts" name="SavedWorkflowSectionComponent &gt; AI generate workflow (dashboard entry point) &gt; generates a workflow, stores the notebook and mapping, navigates with autolayout, and resolves true" time="0.150807458">
        </testcase>
        <testcase classname="src/app/dashboard/component/user/user-workflow/user-workflow.component.spec.ts" name="SavedWorkflowSectionComponent &gt; AI generate workflow (dashboard entry point) &gt; truncates a long notebook basename so the generated name fits the 128-char column" time="0.167603959">
        </testcase>
        <testcase classname="src/app/dashboard/component/user/user-workflow/user-workflow.component.spec.ts" name="SavedWorkflowSectionComponent &gt; AI generate workflow (dashboard entry point) &gt; saves but does not navigate when the component was destroyed mid-generation" time="0.130038167">
        </testcase>
        <testcase classname="src/app/dashboard/component/user/user-workflow/user-workflow.component.spec.ts" name="SavedWorkflowSectionComponent &gt; AI generate workflow (dashboard entry point) &gt; rejects a non-ipynb file: errors, resolves false, and generates nothing" time="0.172177208">
        </testcase>
        <testcase classname="src/app/dashboard/component/user/user-workflow/user-workflow.component.spec.ts" name="SavedWorkflowSectionComponent &gt; AI generate workflow (dashboard entry point) &gt; reports a parse failure and resolves false without calling the LLM" time="0.104125084">
            <system-err>
Notebook parse failed: Error: bad json
    at /Users/karyzheng/dev/texera_workflow_to_py_3/frontend/src/app/dashboard/component/user/user-workflow/user-workflow.component.spec.ts:415:68
    at Generator.next (&lt;anonymous&gt;)
    at /Users/karyzheng/dev/texera_workflow_to_py_3/frontend/chunk-4FID45YU.js:144:61
    at new ZoneAwarePromise (/Users/karyzheng/dev/texera_workflow_to_py_3/frontend/node_modules/zone.js/fesm2015/zone.js:2701:25)
    at __async (/Users/karyzheng/dev/texera_workflow_to_py_3/frontend/chunk-4FID45YU.js:128:10)
    at /Users/karyzheng/dev/texera_workflow_to_py_3/frontend/src/app/dashboard/component/user/user-workflow/user-workflow.component.spec.ts:413:89
    at /Users/karyzheng/dev/texera_workflow_to_py_3/frontend/src/test-zone-setup.ts:90:33
    at _ZoneDelegate.invoke (/Users/karyzheng/dev/texera_workflow_to_py_3/frontend/node_modules/zone.js/fesm2015/zone.js:398:28)
    at ProxyZoneSpec.onInvoke (/Users/karyzheng/dev/texera_workflow_to_py_3/frontend/node_modules/zone.js/fesm2015/zone-testing.js:2132:39)
    at _ZoneDelegate.invoke (/Users/karyzheng/dev/texera_workflow_to_py_3/frontend/node_modules/zone.js/fesm2015/zone.js:397:34)

            </system-err>
        </testcase>
        <testcase classname="src/app/dashboard/component/user/user-workflow/user-workflow.component.spec.ts" name="SavedWorkflowSectionComponent &gt; AI generate workflow (dashboard entry point) &gt; reports an LLM failure and resolves false without creating a workflow" time="0.131289">
            <system-err>
LLM generation failed: Error: LLM down
    at /Users/karyzheng/dev/texera_workflow_to_py_3/frontend/src/app/dashboard/component/user/user-workflow/user-workflow.component.spec.ts:429:73
    at Generator.next (&lt;anonymous&gt;)
    at /Users/karyzheng/dev/texera_workflow_to_py_3/frontend/chunk-4FID45YU.js:144:61
    at new ZoneAwarePromise (/Users/karyzheng/dev/texera_workflow_to_py_3/frontend/node_modules/zone.js/fesm2015/zone.js:2701:25)
    at __async (/Users/karyzheng/dev/texera_workflow_to_py_3/frontend/chunk-4FID45YU.js:128:10)
    at /Users/karyzheng/dev/texera_workflow_to_py_3/frontend/src/app/dashboard/component/user/user-workflow/user-workflow.component.spec.ts:426:92
    at /Users/karyzheng/dev/texera_workflow_to_py_3/frontend/src/test-zone-setup.ts:90:33
    at _ZoneDelegate.invoke (/Users/karyzheng/dev/texera_workflow_to_py_3/frontend/node_modules/zone.js/fesm2015/zone.js:398:28)
    at ProxyZoneSpec.onInvoke (/Users/karyzheng/dev/texera_workflow_to_py_3/frontend/node_modules/zone.js/fesm2015/zone-testing.js:2132:39)
    at _ZoneDelegate.invoke (/Users/karyzheng/dev/texera_workflow_to_py_3/frontend/node_modules/zone.js/fesm2015/zone.js:397:34)

            </system-err>
        </testcase>
        <testcase classname="src/app/dashboard/component/user/user-workflow/user-workflow.component.spec.ts" name="SavedWorkflowSectionComponent &gt; AI generate workflow (dashboard entry point) &gt; reports a distinct timeout message when generation times out" time="0.204659417">
            <system-err>
LLM generation failed: _LlmRequestTimeoutError: LLM request timed out after 10 minutes
    at /Users/karyzheng/dev/texera_workflow_to_py_3/frontend/src/app/dashboard/component/user/user-workflow/user-workflow.component.spec.ts:444:73
    at Generator.next (&lt;anonymous&gt;)
    at /Users/karyzheng/dev/texera_workflow_to_py_3/frontend/chunk-4FID45YU.js:144:61
    at new ZoneAwarePromise (/Users/karyzheng/dev/texera_workflow_to_py_3/frontend/node_modules/zone.js/fesm2015/zone.js:2701:25)
    at __async (/Users/karyzheng/dev/texera_workflow_to_py_3/frontend/chunk-4FID45YU.js:128:10)
    at /Users/karyzheng/dev/texera_workflow_to_py_3/frontend/src/app/dashboard/component/user/user-workflow/user-workflow.component.spec.ts:441:83
    at /Users/karyzheng/dev/texera_workflow_to_py_3/frontend/src/test-zone-setup.ts:90:33
    at _ZoneDelegate.invoke (/Users/karyzheng/dev/texera_workflow_to_py_3/frontend/node_modules/zone.js/fesm2015/zone.js:398:28)
    at ProxyZoneSpec.onInvoke (/Users/karyzheng/dev/texera_workflow_to_py_3/frontend/node_modules/zone.js/fesm2015/zone-testing.js:2132:39)
    at _ZoneDelegate.invoke (/Users/karyzheng/dev/texera_workflow_to_py_3/frontend/node_modules/zone.js/fesm2015/zone.js:397:34) {
  minutes: 10
}

            </system-err>
        </testcase>
        <testcase classname="src/app/dashboard/component/user/user-workflow/user-workflow.component.spec.ts" name="SavedWorkflowSectionComponent &gt; AI generate workflow (dashboard entry point) &gt; reports a save failure and resolves false when the created workflow has no wid" time="0.147993709">
            <system-err>
Saving the generated workflow failed: Error: Created workflow has no wid.
    at UserWorkflowComponent2.&lt;anonymous&gt; (/Users/karyzheng/dev/texera_workflow_to_py_3/frontend/src/app/dashboard/component/user/user-workflow/user-workflow.component.ts:342:15)
    at Generator.next (&lt;anonymous&gt;)
    at fulfilled (/Users/karyzheng/dev/texera_workflow_to_py_3/frontend/chunk-4FID45YU.js:131:24)
    at _ZoneDelegate.invoke (/Users/karyzheng/dev/texera_workflow_to_py_3/frontend/node_modules/zone.js/fesm2015/zone.js:398:28)
    at ProxyZoneSpec.onInvoke (/Users/karyzheng/dev/texera_workflow_to_py_3/frontend/node_modules/zone.js/fesm2015/zone-testing.js:2132:39)
    at _ZoneDelegate.invoke (/Users/karyzheng/dev/texera_workflow_to_py_3/frontend/node_modules/zone.js/fesm2015/zone.js:397:34)
    at ZoneImpl.run (/Users/karyzheng/dev/texera_workflow_to_py_3/frontend/node_modules/zone.js/fesm2015/zone.js:113:43)
    at /Users/karyzheng/dev/texera_workflow_to_py_3/frontend/node_modules/zone.js/fesm2015/zone.js:2537:40
    at _ZoneDelegate.invokeTask (/Users/karyzheng/dev/texera_workflow_to_py_3/frontend/node_modules/zone.js/fesm2015/zone.js:431:33)
    at ProxyZoneSpec.onInvokeTask (/Users/karyzheng/dev/texera_workflow_to_py_3/frontend/node_modules/zone.js/fesm2015/zone-testing.js:2163:39)

            </system-err>
        </testcase>
        <testcase classname="src/app/dashboard/component/user/user-workflow/user-workflow.component.spec.ts" name="SavedWorkflowSectionComponent &gt; AI generate workflow (dashboard entry point) &gt; warns but still opens the workflow when storing the notebook fails (no re-generation)" time="0.119368125">
            <system-err>
Storing the notebook and mapping failed: Error: store down
    at /Users/karyzheng/dev/texera_workflow_to_py_3/frontend/src/app/dashboard/component/user/user-workflow/user-workflow.component.spec.ts:479:49
    at Observable.init [as _subscribe] (/Users/karyzheng/dev/texera_workflow_to_py_3/frontend/node_modules/rxjs/dist/cjs/internal/observable/throwError.js:8:64)
    at Observable._trySubscribe (/Users/karyzheng/dev/texera_workflow_to_py_3/frontend/node_modules/rxjs/dist/cjs/internal/Observable.js:41:25)
    at /Users/karyzheng/dev/texera_workflow_to_py_3/frontend/node_modules/rxjs/dist/cjs/internal/Observable.js:35:31
    at Object.errorContext (/Users/karyzheng/dev/texera_workflow_to_py_3/frontend/node_modules/rxjs/dist/cjs/internal/util/errorContext.js:22:9)
    at Observable.subscribe (/Users/karyzheng/dev/texera_workflow_to_py_3/frontend/node_modules/rxjs/dist/cjs/internal/Observable.js:26:24)
    at /Users/karyzheng/dev/texera_workflow_to_py_3/frontend/node_modules/rxjs/dist/cjs/internal/firstValueFrom.js:24:16
    at new ZoneAwarePromise (/Users/karyzheng/dev/texera_workflow_to_py_3/frontend/node_modules/zone.js/fesm2015/zone.js:2701:25)
    at firstValueFrom (/Users/karyzheng/dev/texera_workflow_to_py_3/frontend/node_modules/rxjs/dist/cjs/internal/firstValueFrom.js:8:12)
    at UserWorkflowComponent2.&lt;anonymous&gt; (/Users/karyzheng/dev/texera_workflow_to_py_3/frontend/src/app/dashboard/component/user/user-workflow/user-workflow.component.ts:353:13)

            </system-err>
        </testcase>
        <testcase classname="src/app/dashboard/component/user/user-workflow/user-workflow.component.spec.ts" name="SavedWorkflowSectionComponent &gt; AI generate workflow (dashboard entry point) &gt; warns but resolves true when navigation is blocked after the workflow is created" time="0.16060375">
        </testcase>
        <testcase classname="src/app/dashboard/component/user/user-workflow/user-workflow.component.spec.ts" name="SavedWorkflowSectionComponent &gt; AI generate workflow (dashboard entry point) &gt; shows the button only when the migration flag is enabled" time="0.243803375">
        </testcase>
        <testcase classname="src/app/dashboard/component/user/user-workflow/user-workflow.component.spec.ts" name="SavedWorkflowSectionComponent &gt; AI generate workflow (dashboard entry point) &gt; clicking the toolbar button opens the AI generate modal" time="0.291915875">
        </testcase>
        <testcase classname="src/app/dashboard/component/user/user-workflow/user-workflow.component.spec.ts" name="SavedWorkflowSectionComponent &gt; downloads checked files" time="0.167415375">
        </testcase>
        <testcase classname="src/app/dashboard/component/user/user-workflow/user-workflow.component.spec.ts" name="SavedWorkflowSectionComponent &gt; additional UserWorkflowComponent behaviors &gt; deleteWorkflow &gt; deletes an entry with a wid, removes it from the results, and cleans up its pod notebook" time="0.138677959">
        </testcase>
        <testcase classname="src/app/dashboard/component/user/user-workflow/user-workflow.component.spec.ts" name="SavedWorkflowSectionComponent &gt; additional UserWorkflowComponent behaviors &gt; deleteWorkflow &gt; does nothing when the entry has no wid" time="0.105727542">
        </testcase>
        <testcase classname="src/app/dashboard/component/user/user-workflow/user-workflow.component.spec.ts" name="SavedWorkflowSectionComponent &gt; additional UserWorkflowComponent behaviors &gt; onClickDuplicateSelectedWorkflows &gt; duplicates checked wids and prepends the new entries" time="0.13376425">
        </testcase>
        <testcase classname="src/app/dashboard/component/user/user-workflow/user-workflow.component.spec.ts" name="SavedWorkflowSectionComponent &gt; additional UserWorkflowComponent behaviors &gt; onClickDuplicateSelectedWorkflows &gt; early-returns without calling the service when a checked entry has no wid" time="0.144317">
        </testcase>
        <testcase classname="src/app/dashboard/component/user/user-workflow/user-workflow.component.spec.ts" name="SavedWorkflowSectionComponent &gt; additional UserWorkflowComponent behaviors &gt; onClickDuplicateSelectedWorkflows &gt; alerts on a duplication error" time="0.121438167">
        </testcase>
        <testcase classname="src/app/dashboard/component/user/user-workflow/user-workflow.component.spec.ts" name="SavedWorkflowSectionComponent &gt; additional UserWorkflowComponent behaviors &gt; handleConfirmDeleteSelectedWorkflows &gt; deletes checked wids, keeps undefined-wid entries, and cleans up each pod notebook" time="0.165047084">
        </testcase>
        <testcase classname="src/app/dashboard/component/user/user-workflow/user-workflow.component.spec.ts" name="SavedWorkflowSectionComponent &gt; additional UserWorkflowComponent behaviors &gt; handleConfirmDeleteSelectedWorkflows &gt; early-returns when a checked entry has no wid" time="0.16214625">
        </testcase>
        <testcase classname="src/app/dashboard/component/user/user-workflow/user-workflow.component.spec.ts" name="SavedWorkflowSectionComponent &gt; additional UserWorkflowComponent behaviors &gt; handleConfirmDeleteSelectedWorkflows &gt; alerts on a deletion error and does not touch the pod" time="0.149385">
        </testcase>
        <testcase classname="src/app/dashboard/component/user/user-workflow/user-workflow.component.spec.ts" name="SavedWorkflowSectionComponent &gt; additional UserWorkflowComponent behaviors &gt; onClickOpenDownloadZip &gt; does not call the download service when nothing is checked" time="0.165180917">
        </testcase>
        <testcase classname="src/app/dashboard/component/user/user-workflow/user-workflow.component.spec.ts" name="SavedWorkflowSectionComponent &gt; additional UserWorkflowComponent behaviors &gt; onClickOpenDownloadZip &gt; logs an error when the download fails" time="0.164006125">
        </testcase>
        <testcase classname="src/app/dashboard/component/user/user-workflow/user-workflow.component.spec.ts" name="SavedWorkflowSectionComponent &gt; additional UserWorkflowComponent behaviors &gt; workflow uploads &gt; imports a valid .json workflow, appending an entry and toasting success" time="0.21801">
        </testcase>
        <testcase classname="src/app/dashboard/component/user/user-workflow/user-workflow.component.spec.ts" name="SavedWorkflowSectionComponent &gt; additional UserWorkflowComponent behaviors &gt; workflow uploads &gt; toasts an error and errors the stream when the file is not JSON" time="0.158149292">
        </testcase>
        <testcase classname="src/app/dashboard/component/user/user-workflow/user-workflow.component.spec.ts" name="SavedWorkflowSectionComponent &gt; additional UserWorkflowComponent behaviors &gt; workflow uploads &gt; falls back to DEFAULT_WORKFLOW_NAME when the stripped name is empty" time="0.154953125">
        </testcase>
        <testcase classname="src/app/dashboard/component/user/user-workflow/user-workflow.component.spec.ts" name="SavedWorkflowSectionComponent &gt; additional UserWorkflowComponent behaviors &gt; workflow uploads &gt; imports every workflow file inside an uploaded .zip" time="0.191455">
        </testcase>
        <testcase classname="src/app/dashboard/component/user/user-workflow/user-workflow.component.spec.ts" name="SavedWorkflowSectionComponent &gt; additional UserWorkflowComponent behaviors &gt; workflow uploads &gt; nameWorkflow resolves name conflicts by suffixing an increasing counter" time="0.133514625">
        </testcase>
        <testcase classname="src/app/dashboard/component/user/user-workflow/user-workflow.component.spec.ts" name="SavedWorkflowSectionComponent &gt; additional UserWorkflowComponent behaviors &gt; selection and view type &gt; selects all and updates the tooltip when nothing is selected" time="0.168867583">
        </testcase>
        <testcase classname="src/app/dashboard/component/user/user-workflow/user-workflow.component.spec.ts" name="SavedWorkflowSectionComponent &gt; additional UserWorkflowComponent behaviors &gt; selection and view type &gt; clears the selection and updates the tooltip when everything is selected" time="0.18408675">
        </testcase>
        <testcase classname="src/app/dashboard/component/user/user-workflow/user-workflow.component.spec.ts" name="SavedWorkflowSectionComponent &gt; additional UserWorkflowComponent behaviors &gt; selection and view type &gt; multiWorkflowsOperationButtonEnabled reflects whether any entry is checked" time="0.158475375">
        </testcase>
        <testcase classname="src/app/dashboard/component/user/user-workflow/user-workflow.component.spec.ts" name="SavedWorkflowSectionComponent &gt; additional UserWorkflowComponent behaviors &gt; selection and view type &gt; multiWorkflowsOperationButtonEnabled is false before the results view is initialized" time="0.249178417">
        </testcase>
        <testcase classname="src/app/dashboard/component/user/user-workflow/user-workflow.component.spec.ts" name="SavedWorkflowSectionComponent &gt; additional UserWorkflowComponent behaviors &gt; selection and view type &gt; updateTooltip toggles between select-all and unselect-all labels" time="0.250098208">
        </testcase>
        <testcase classname="src/app/dashboard/component/user/user-workflow/user-workflow.component.spec.ts" name="SavedWorkflowSectionComponent &gt; additional UserWorkflowComponent behaviors &gt; selection and view type &gt; setViewType persists the new mode and updates viewType" time="0.163954792">
        </testcase>
        <testcase classname="src/app/dashboard/component/user/user-workflow/user-workflow.component.spec.ts" name="SavedWorkflowSectionComponent &gt; additional UserWorkflowComponent behaviors &gt; selection and view type &gt; setViewType is a no-op when the mode is unchanged" time="0.158993584">
        </testcase>
        <testcase classname="src/app/dashboard/component/user/user-workflow/user-workflow.component.spec.ts" name="SavedWorkflowSectionComponent &gt; additional UserWorkflowComponent behaviors &gt; uncovered branch coverage &gt; view-child getters &gt; searchResultsComponent getter throws before the view is initialized" time="0.332890208">
        </testcase>
        <testcase classname="src/app/dashboard/component/user/user-workflow/user-workflow.component.spec.ts" name="SavedWorkflowSectionComponent &gt; additional UserWorkflowComponent behaviors &gt; uncovered branch coverage &gt; view-child getters &gt; filters getter throws before the view is initialized" time="0.1319215">
        </testcase>
        <testcase classname="src/app/dashboard/component/user/user-workflow/user-workflow.component.spec.ts" name="SavedWorkflowSectionComponent &gt; additional UserWorkflowComponent behaviors &gt; uncovered branch coverage &gt; view-child getters &gt; re-searches whenever the filters component emits masterFilterListChange" time="0.19867675">
        </testcase>
        <testcase classname="src/app/dashboard/component/user/user-workflow/user-workflow.component.spec.ts" name="SavedWorkflowSectionComponent &gt; additional UserWorkflowComponent behaviors &gt; uncovered branch coverage &gt; view type initialization &gt; restores the persisted &apos;card&apos; view mode when the component is constructed" time="0.310289042">
        </testcase>
        <testcase classname="src/app/dashboard/component/user/user-workflow/user-workflow.component.spec.ts" name="SavedWorkflowSectionComponent &gt; additional UserWorkflowComponent behaviors &gt; uncovered branch coverage &gt; reacting to the current user changing &gt; updates login state and uid and re-searches when the user changes" time="0.371844084">
        </testcase>
        <testcase classname="src/app/dashboard/component/user/user-workflow/user-workflow.component.spec.ts" name="SavedWorkflowSectionComponent &gt; additional UserWorkflowComponent behaviors &gt; uncovered branch coverage &gt; onClickCreateNewWorkflowFromDashboard &gt; navigates to the created workflow" time="0.206423833">
        </testcase>
        <testcase classname="src/app/dashboard/component/user/user-workflow/user-workflow.component.spec.ts" name="SavedWorkflowSectionComponent &gt; additional UserWorkflowComponent behaviors &gt; uncovered branch coverage &gt; onClickCreateNewWorkflowFromDashboard &gt; notifies an error and does not navigate when creation returns no wid" time="0.190783375">
        </testcase>
        <testcase classname="src/app/dashboard/component/user/user-workflow/user-workflow.component.spec.ts" name="SavedWorkflowSectionComponent &gt; additional UserWorkflowComponent behaviors &gt; uncovered branch coverage &gt; onClickDuplicateWorkflow &gt; prepends the duplicate, hydrates owner info, and grants the current user access" time="0.282695125">
        </testcase>
        <testcase classname="src/app/dashboard/component/user/user-workflow/user-workflow.component.spec.ts" name="SavedWorkflowSectionComponent &gt; additional UserWorkflowComponent behaviors &gt; uncovered branch coverage &gt; onClickDuplicateWorkflow &gt; skips the user-info lookup and access grant when there is no owner or current user" time="0.181487625">
        </testcase>
        <testcase classname="src/app/dashboard/component/user/user-workflow/user-workflow.component.spec.ts" name="SavedWorkflowSectionComponent &gt; additional UserWorkflowComponent behaviors &gt; uncovered branch coverage &gt; onClickDuplicateWorkflow &gt; falls back to an empty avatar when the owner info omits a google avatar" time="0.142351417">
        </testcase>
        <testcase classname="src/app/dashboard/component/user/user-workflow/user-workflow.component.spec.ts" name="SavedWorkflowSectionComponent &gt; additional UserWorkflowComponent behaviors &gt; uncovered branch coverage &gt; onClickDuplicateWorkflow &gt; does nothing when the entry has no wid" time="0.132552333">
        </testcase>
        <testcase classname="src/app/dashboard/component/user/user-workflow/user-workflow.component.spec.ts" name="SavedWorkflowSectionComponent &gt; additional UserWorkflowComponent behaviors &gt; uncovered branch coverage &gt; onClickDuplicateWorkflow &gt; alerts the error payload when duplication fails" time="0.183928916">
        </testcase>
        <testcase classname="src/app/dashboard/component/user/user-workflow/user-workflow.component.spec.ts" name="SavedWorkflowSectionComponent &gt; additional UserWorkflowComponent behaviors &gt; uncovered branch coverage &gt; onClickDuplicateSelectedWorkflows &gt; is a no-op when nothing is selected" time="0.150025042">
        </testcase>
        <testcase classname="src/app/dashboard/component/user/user-workflow/user-workflow.component.spec.ts" name="SavedWorkflowSectionComponent &gt; additional UserWorkflowComponent behaviors &gt; uncovered branch coverage &gt; handleConfirmDeleteSelectedWorkflows &gt; is a no-op when nothing is selected" time="0.145496542">
        </testcase>
        <testcase classname="src/app/dashboard/component/user/user-workflow/user-workflow.component.spec.ts" name="SavedWorkflowSectionComponent &gt; additional UserWorkflowComponent behaviors &gt; uncovered branch coverage &gt; uploads &gt; errors and notifies when the FileReader result is not a string" time="0.169208084">
        </testcase>
        <testcase classname="src/app/dashboard/component/user/user-workflow/user-workflow.component.spec.ts" name="SavedWorkflowSectionComponent &gt; additional UserWorkflowComponent behaviors &gt; uncovered branch coverage &gt; uploads &gt; uses the full name as the workflow name when the file has no extension" time="0.134571125">
        </testcase>
        <testcase classname="src/app/dashboard/component/user/user-workflow/user-workflow.component.spec.ts" name="SavedWorkflowSectionComponent &gt; additional UserWorkflowComponent behaviors &gt; uncovered branch coverage &gt; uploads &gt; errors the upload stream and does not toast success when createWorkflow fails" time="0.244725125">
        </testcase>
        <testcase classname="src/app/dashboard/component/user/user-workflow/user-workflow.component.spec.ts" name="SavedWorkflowSectionComponent &gt; additional UserWorkflowComponent behaviors &gt; uncovered branch coverage &gt; refreshSearchResult &gt; triggers a forced search" time="0.29622925">
        </testcase>
        <testcase classname="src/app/dashboard/component/user/user-workflow/user-workflow.component.spec.ts" name="SavedWorkflowSectionComponent &gt; additional UserWorkflowComponent behaviors &gt; template rendering &gt; hides the multi-select actions until an entry is checked" time="0.352489458">
        </testcase>
        <testcase classname="src/app/dashboard/component/user/user-workflow/user-workflow.component.spec.ts" name="SavedWorkflowSectionComponent &gt; additional UserWorkflowComponent behaviors &gt; template rendering &gt; wires the Create Workflow button" time="0.15034525">
        </testcase>
        <testcase classname="src/app/dashboard/component/user/user-workflow/user-workflow.component.spec.ts" name="SavedWorkflowSectionComponent &gt; additional UserWorkflowComponent behaviors &gt; template rendering &gt; re-searches when the sort button changes the sort method" time="0.173476417">
        </testcase>
        <testcase classname="src/app/dashboard/component/user/user-workflow/user-workflow.component.spec.ts" name="SavedWorkflowSectionComponent &gt; additional UserWorkflowComponent behaviors &gt; template rendering &gt; wires the Batch Select button" time="0.342952917">
        </testcase>
        <testcase classname="src/app/dashboard/component/user/user-workflow/user-workflow.component.spec.ts" name="SavedWorkflowSectionComponent &gt; additional UserWorkflowComponent behaviors &gt; template rendering &gt; wires the Download-as-ZIP button" time="0.300816875">
        </testcase>
        <testcase classname="src/app/dashboard/component/user/user-workflow/user-workflow.component.spec.ts" name="SavedWorkflowSectionComponent &gt; additional UserWorkflowComponent behaviors &gt; template rendering &gt; wires the Duplicate-selected button" time="0.284988458">
        </testcase>
        <testcase classname="src/app/dashboard/component/user/user-workflow/user-workflow.component.spec.ts" name="SavedWorkflowSectionComponent &gt; additional UserWorkflowComponent behaviors &gt; template rendering &gt; wires the Delete-selected popconfirm" time="0.198249083">
        </testcase>
        <testcase classname="src/app/dashboard/component/user/user-workflow/user-workflow.component.spec.ts" name="SavedWorkflowSectionComponent &gt; additional UserWorkflowComponent behaviors &gt; template rendering &gt; switches the view type through the List/Card buttons" time="0.271764417">
        </testcase>
        <testcase classname="src/app/dashboard/component/user/user-workflow/user-workflow.component.spec.ts" name="SavedWorkflowSectionComponent &gt; additional UserWorkflowComponent behaviors &gt; template rendering &gt; wires the rendered search-results outputs to the component" time="0.227972042">
        </testcase>
        <testcase classname="src/app/dashboard/component/user/user-workflow/user-workflow.component.spec.ts" name="SavedWorkflowSectionComponent &gt; additional UserWorkflowComponent behaviors &gt; template rendering &gt; renders the workflow card template in card view and wires its outputs" time="0.2857895">
        </testcase>
    </testsuite>
    <testsuite name="src/app/dashboard/component/user/version-uploader/version-uploader.component.spec.ts" timestamp="2026-09-01T22:49:41.782Z" hostname="dhcp-172-27-096-224.mobile.uci.edu" tests="72" failures="0" errors="0" skipped="0" time="1.507896208">
        <testcase classname="src/app/dashboard/component/user/version-uploader/version-uploader.component.spec.ts" name="VersionUploaderComponent &gt; a failed upload &gt; names the 409 conflict so the user knows to retry" time="0.014038333">
        </testcase>
        <testcase classname="src/app/dashboard/component/user/version-uploader/version-uploader.component.spec.ts" name="VersionUploaderComponent &gt; a failed upload &gt; falls back to a generic message for any other failure" time="0.012093917">
        </testcase>
        <testcase classname="src/app/dashboard/component/user/version-uploader/version-uploader.component.spec.ts" name="VersionUploaderComponent &gt; a failed upload &gt; marks the task failed and keeps its progress rather than showing it complete" time="0.006184291">
        </testcase>
        <testcase classname="src/app/dashboard/component/user/version-uploader/version-uploader.component.spec.ts" name="VersionUploaderComponent &gt; a failed upload &gt; frees the concurrency slot so a queued upload can start" time="0.056224208">
        </testcase>
        <testcase classname="src/app/dashboard/component/user/version-uploader/version-uploader.component.spec.ts" name="VersionUploaderComponent &gt; a failed upload &gt; still reports the failure when the task is no longer in the list" time="0.009902875">
        </testcase>
        <testcase classname="src/app/dashboard/component/user/version-uploader/version-uploader.component.spec.ts" name="VersionUploaderComponent &gt; progress bookkeeping &gt; ignores progress for a row that is no longer listed" time="0.009342833">
        </testcase>
        <testcase classname="src/app/dashboard/component/user/version-uploader/version-uploader.component.spec.ts" name="VersionUploaderComponent &gt; progress bookkeeping &gt; keys the upload time by the last path segment, falling back to the whole name" time="0.008894541">
        </testcase>
        <testcase classname="src/app/dashboard/component/user/version-uploader/version-uploader.component.spec.ts" name="VersionUploaderComponent &gt; progress bookkeeping &gt; ignores a hide request for a row that is gone" time="0.025145125">
        </testcase>
        <testcase classname="src/app/dashboard/component/user/version-uploader/version-uploader.component.spec.ts" name="VersionUploaderComponent &gt; aborting an upload &gt; marks the task aborted and tells the caller once" time="0.022856791">
        </testcase>
        <testcase classname="src/app/dashboard/component/user/version-uploader/version-uploader.component.spec.ts" name="VersionUploaderComponent &gt; aborting an upload &gt; stops listening to the upload it aborted" time="0.026501417">
        </testcase>
        <testcase classname="src/app/dashboard/component/user/version-uploader/version-uploader.component.spec.ts" name="VersionUploaderComponent &gt; aborting an upload &gt; treats a 404 as already aborted rather than an error" time="0.006797375">
        </testcase>
        <testcase classname="src/app/dashboard/component/user/version-uploader/version-uploader.component.spec.ts" name="VersionUploaderComponent &gt; aborting an upload &gt; retries a 409 after a backoff and finishes once the server catches up" time="0.017282333">
        </testcase>
        <testcase classname="src/app/dashboard/component/user/version-uploader/version-uploader.component.spec.ts" name="VersionUploaderComponent &gt; aborting an upload &gt; backs off further on each successive conflict" time="0.008913208">
        </testcase>
        <testcase classname="src/app/dashboard/component/user/version-uploader/version-uploader.component.spec.ts" name="VersionUploaderComponent &gt; aborting an upload &gt; gives up after the attempt limit but still reports the abort" time="0.019189083">
        </testcase>
        <testcase classname="src/app/dashboard/component/user/version-uploader/version-uploader.component.spec.ts" name="VersionUploaderComponent &gt; aborting an upload &gt; reports the abort once even on an error the retry does not cover" time="0.006371417">
        </testcase>
        <testcase classname="src/app/dashboard/component/user/version-uploader/version-uploader.component.spec.ts" name="VersionUploaderComponent &gt; aborting an upload &gt; frees the concurrency slot so a queued upload can start" time="0.037406667">
        </testcase>
        <testcase classname="src/app/dashboard/component/user/version-uploader/version-uploader.component.spec.ts" name="VersionUploaderComponent &gt; aborting an upload &gt; cancelExistingUpload aborts an upload that is still running" time="0.009155084">
        </testcase>
        <testcase classname="src/app/dashboard/component/user/version-uploader/version-uploader.component.spec.ts" name="VersionUploaderComponent &gt; aborting an upload &gt; frees the slot of an upload aborted before its first part went out" time="0.011709959">
        </testcase>
        <testcase classname="src/app/dashboard/component/user/version-uploader/version-uploader.component.spec.ts" name="VersionUploaderComponent &gt; aborting an upload &gt; does not free a second slot when a finished upload&apos;s row is dismissed" time="0.011375167">
        </testcase>
        <testcase classname="src/app/dashboard/component/user/version-uploader/version-uploader.component.spec.ts" name="VersionUploaderComponent &gt; aborting an upload &gt; does not free a second slot when a failed upload&apos;s row is dismissed" time="0.027797458">
        </testcase>
        <testcase classname="src/app/dashboard/component/user/version-uploader/version-uploader.component.spec.ts" name="VersionUploaderComponent &gt; aborting an upload &gt; cancelExistingUpload aborts an upload whose first part has not gone out" time="0.015946">
        </testcase>
        <testcase classname="src/app/dashboard/component/user/version-uploader/version-uploader.component.spec.ts" name="VersionUploaderComponent &gt; aborting an upload &gt; tells the caller once even when the abort call reports more than once" time="0.007711125">
        </testcase>
        <testcase classname="src/app/dashboard/component/user/version-uploader/version-uploader.component.spec.ts" name="VersionUploaderComponent &gt; aborting an upload &gt; aborts a task whose row was already dropped without resurrecting it" time="0.008998708">
        </testcase>
        <testcase classname="src/app/dashboard/component/user/version-uploader/version-uploader.component.spec.ts" name="VersionUploaderComponent &gt; resource addressing &gt; passes its endpoint to the upload engine, whichever family it serves" time="0.021624459">
        </testcase>
        <testcase classname="src/app/dashboard/component/user/version-uploader/version-uploader.component.spec.ts" name="VersionUploaderComponent &gt; resource addressing &gt; reads its upload tuning from its own family&apos;s settings keys" time="0.0117285">
        </testcase>
        <testcase classname="src/app/dashboard/component/user/version-uploader/version-uploader.component.spec.ts" name="VersionUploaderComponent &gt; resource addressing &gt; keeps the default upload settings when the public settings are missing" time="0.050748083">
        </testcase>
        <testcase classname="src/app/dashboard/component/user/version-uploader/version-uploader.component.spec.ts" name="VersionUploaderComponent &gt; resource addressing &gt; leaves the chunk size untouched when only that setting fails to load" time="0.021871792">
        </testcase>
        <testcase classname="src/app/dashboard/component/user/version-uploader/version-uploader.component.spec.ts" name="VersionUploaderComponent &gt; resource addressing &gt; leaves both concurrency limits untouched when their settings fail to load" time="0.015542709">
        </testcase>
        <testcase classname="src/app/dashboard/component/user/version-uploader/version-uploader.component.spec.ts" name="VersionUploaderComponent &gt; in-flight signalling &gt; tells the host while an upload is running, so a rename cannot strand it" time="0.018151125">
        </testcase>
        <testcase classname="src/app/dashboard/component/user/version-uploader/version-uploader.component.spec.ts" name="VersionUploaderComponent &gt; in-flight signalling &gt; stays flagged until the last of several uploads finishes" time="0.028791292">
        </testcase>
        <testcase classname="src/app/dashboard/component/user/version-uploader/version-uploader.component.spec.ts" name="VersionUploaderComponent &gt; staged changes &gt; tracks the pending-change count from the diff response" time="0.021352833">
        </testcase>
        <testcase classname="src/app/dashboard/component/user/version-uploader/version-uploader.component.spec.ts" name="VersionUploaderComponent &gt; staged changes &gt; counts a change the host staged elsewhere, such as a file-tree deletion" time="0.019550667">
        </testcase>
        <testcase classname="src/app/dashboard/component/user/version-uploader/version-uploader.component.spec.ts" name="VersionUploaderComponent &gt; creating a version &gt; commits through the host&apos;s callback, trimming the name" time="0.009834">
        </testcase>
        <testcase classname="src/app/dashboard/component/user/version-uploader/version-uploader.component.spec.ts" name="VersionUploaderComponent &gt; creating a version &gt; lets the backend name the version when the box is empty" time="0.01641175">
        </testcase>
        <testcase classname="src/app/dashboard/component/user/version-uploader/version-uploader.component.spec.ts" name="VersionUploaderComponent &gt; creating a version &gt; clears the staged state, tells the host to reload, and re-enables the button" time="0.016731">
        </testcase>
        <testcase classname="src/app/dashboard/component/user/version-uploader/version-uploader.component.spec.ts" name="VersionUploaderComponent &gt; creating a version &gt; keeps the staged changes and re-enables the button when creation is rejected" time="0.0068">
        </testcase>
        <testcase classname="src/app/dashboard/component/user/version-uploader/version-uploader.component.spec.ts" name="VersionUploaderComponent &gt; creating a version &gt; ignores a second submit while one is in flight" time="0.004839375">
        </testcase>
        <testcase classname="src/app/dashboard/component/user/version-uploader/version-uploader.component.spec.ts" name="VersionUploaderComponent &gt; creating a version &gt; commits nothing before the host supplies a resource id" time="0.028247666">
        </testcase>
        <testcase classname="src/app/dashboard/component/user/version-uploader/version-uploader.component.spec.ts" name="VersionUploaderComponent &gt; progress state for the template &gt; maps the upload status to a progress state" time="0.023217042">
        </testcase>
        <testcase classname="src/app/dashboard/component/user/version-uploader/version-uploader.component.spec.ts" name="VersionUploaderComponent &gt; progress state for the template &gt; tracks a task by its file path" time="0.0268305">
        </testcase>
        <testcase classname="src/app/dashboard/component/user/version-uploader/version-uploader.component.spec.ts" name="VersionUploaderComponent &gt; starts at most maxConcurrentFiles uploads immediately and queues the rest" time="0.03365475">
        </testcase>
        <testcase classname="src/app/dashboard/component/user/version-uploader/version-uploader.component.spec.ts" name="VersionUploaderComponent &gt; does nothing when an empty file list is dropped" time="0.023538792">
        </testcase>
        <testcase classname="src/app/dashboard/component/user/version-uploader/version-uploader.component.spec.ts" name="VersionUploaderComponent &gt; starts no upload at all before the host supplies a resource id" time="0.005078583">
        </testcase>
        <testcase classname="src/app/dashboard/component/user/version-uploader/version-uploader.component.spec.ts" name="VersionUploaderComponent &gt; starts the next queued upload when an active upload finishes" time="0.022441083">
        </testcase>
        <testcase classname="src/app/dashboard/component/user/version-uploader/version-uploader.component.spec.ts" name="VersionUploaderComponent &gt; removes a cancelled file from the pending queue without starting it" time="0.012221959">
        </testcase>
        <testcase classname="src/app/dashboard/component/user/version-uploader/version-uploader.component.spec.ts" name="VersionUploaderComponent &gt; ignores cancellation of a file that is neither active nor queued" time="0.006815875">
        </testcase>
        <testcase classname="src/app/dashboard/component/user/version-uploader/version-uploader.component.spec.ts" name="VersionUploaderComponent &gt; keeps the same queuedFileNames array reference while the queue is unchanged" time="0.026958417">
        </testcase>
        <testcase classname="src/app/dashboard/component/user/version-uploader/version-uploader.component.spec.ts" name="VersionUploaderComponent &gt; exposes a new queuedFileNames array after the queue changes" time="0.020520958">
        </testcase>
        <testcase classname="src/app/dashboard/component/user/version-uploader/version-uploader.component.spec.ts" name="VersionUploaderComponent &gt; identifies pending queue entries by file name in trackByPendingFile" time="0.011946208">
        </testcase>
        <testcase classname="src/app/dashboard/component/user/version-uploader/version-uploader.component.spec.ts" name="VersionUploaderComponent &gt; releases the concurrency slot when a finished upload reports totalTime 0" time="0.020301">
        </testcase>
        <testcase classname="src/app/dashboard/component/user/version-uploader/version-uploader.component.spec.ts" name="VersionUploaderComponent &gt; updates the Finished count immediately when uploads finish" time="0.005370084">
        </testcase>
        <testcase classname="src/app/dashboard/component/user/version-uploader/version-uploader.component.spec.ts" name="VersionUploaderComponent &gt; reconciles the optimistic Finished count with a diff response" time="0.007251792">
        </testcase>
        <testcase classname="src/app/dashboard/component/user/version-uploader/version-uploader.component.spec.ts" name="VersionUploaderComponent &gt; keeps an in-progress upload&apos;s slot while progress events stream in" time="0.017480541">
        </testcase>
        <testcase classname="src/app/dashboard/component/user/version-uploader/version-uploader.component.spec.ts" name="VersionUploaderComponent &gt; does not double-count a finished upload already confirmed by a diff response" time="0.005233875">
        </testcase>
        <testcase classname="src/app/dashboard/component/user/version-uploader/version-uploader.component.spec.ts" name="VersionUploaderComponent &gt; does not start queued uploads beyond a lowered concurrency limit" time="0.016268166">
        </testcase>
        <testcase classname="src/app/dashboard/component/user/version-uploader/version-uploader.component.spec.ts" name="VersionUploaderComponent &gt; clears the Finished count when a version is created" time="0.029314">
        </testcase>
        <testcase classname="src/app/dashboard/component/user/version-uploader/version-uploader.component.spec.ts" name="VersionUploaderComponent &gt; does not remove a re-uploaded file&apos;s active task when hiding its finished predecessor" time="0.022576">
        </testcase>
        <testcase classname="src/app/dashboard/component/user/version-uploader/version-uploader.component.spec.ts" name="VersionUploaderComponent &gt; renders the virtualized pending list and re-measures viewports on panel expand" time="0.046030875">
        </testcase>
        <testcase classname="src/app/dashboard/component/user/version-uploader/version-uploader.component.spec.ts" name="VersionUploaderComponent &gt; rendered progress &gt; shows no statistics while an upload is still initializing" time="0.036240959">
        </testcase>
        <testcase classname="src/app/dashboard/component/user/version-uploader/version-uploader.component.spec.ts" name="VersionUploaderComponent &gt; rendered progress &gt; reports speed and both timings while an upload runs" time="0.068363125">
        </testcase>
        <testcase classname="src/app/dashboard/component/user/version-uploader/version-uploader.component.spec.ts" name="VersionUploaderComponent &gt; rendered progress &gt; replaces the live figures with a total once the upload finishes" time="0.054792834">
        </testcase>
        <testcase classname="src/app/dashboard/component/user/version-uploader/version-uploader.component.spec.ts" name="VersionUploaderComponent &gt; rendered progress &gt; reports a total for an aborted upload too" time="0.023399">
        </testcase>
        <testcase classname="src/app/dashboard/component/user/version-uploader/version-uploader.component.spec.ts" name="VersionUploaderComponent &gt; rendered panel &gt; upload panel &gt; starts an upload for a file the uploader hands over" time="0.025904334">
        </testcase>
        <testcase classname="src/app/dashboard/component/user/version-uploader/version-uploader.component.spec.ts" name="VersionUploaderComponent &gt; rendered panel &gt; upload panel &gt; aborts the upload whose own row button was clicked" time="0.023237333">
        </testcase>
        <testcase classname="src/app/dashboard/component/user/version-uploader/version-uploader.component.spec.ts" name="VersionUploaderComponent &gt; rendered panel &gt; upload panel &gt; reports the elapsed time, the time remaining and the speed in their own slots" time="0.013229083">
        </testcase>
        <testcase classname="src/app/dashboard/component/user/version-uploader/version-uploader.component.spec.ts" name="VersionUploaderComponent &gt; rendered panel &gt; upload panel &gt; floors both live timings at one second while an upload reports none" time="0.02494375">
        </testcase>
        <testcase classname="src/app/dashboard/component/user/version-uploader/version-uploader.component.spec.ts" name="VersionUploaderComponent &gt; rendered panel &gt; upload panel &gt; reports the total time of a finished upload" time="0.023431083">
        </testcase>
        <testcase classname="src/app/dashboard/component/user/version-uploader/version-uploader.component.spec.ts" name="VersionUploaderComponent &gt; rendered panel &gt; upload panel &gt; floors the total of a finished upload that timed nothing" time="0.04075075">
        </testcase>
        <testcase classname="src/app/dashboard/component/user/version-uploader/version-uploader.component.spec.ts" name="VersionUploaderComponent &gt; rendered panel &gt; version creator &gt; offers the creator only once there is something to commit" time="0.026761125">
        </testcase>
        <testcase classname="src/app/dashboard/component/user/version-uploader/version-uploader.component.spec.ts" name="VersionUploaderComponent &gt; rendered panel &gt; version creator &gt; creates a version named by the creator&apos;s own input" time="0.033472458">
        </testcase>
        <testcase classname="src/app/dashboard/component/user/version-uploader/version-uploader.component.spec.ts" name="VersionUploaderComponent &gt; rendered panel &gt; version creator &gt; submits the version straight from the name field with Enter" time="0.02562725">
        </testcase>
        <testcase classname="src/app/dashboard/component/user/version-uploader/version-uploader.component.spec.ts" name="VersionUploaderComponent &gt; rendered panel &gt; version creator &gt; spins the submit button and locks the name field while a version is being created" time="0.031065542">
        </testcase>
    </testsuite>
    <testsuite name="src/app/workspace/component/agent/agent-interaction/agent-interaction.component.spec.ts" timestamp="2026-09-01T22:49:41.786Z" hostname="dhcp-172-27-096-224.mobile.uci.edu" tests="25" failures="0" errors="0" skipped="0" time="0.535044959">
        <testcase classname="src/app/workspace/component/agent/agent-interaction/agent-interaction.component.spec.ts" name="AgentInteractionComponent &gt; should create" time="0.007680917">
        </testcase>
        <testcase classname="src/app/workspace/component/agent/agent-interaction/agent-interaction.component.spec.ts" name="AgentInteractionComponent &gt; binds the @Input properties" time="0.012659208">
        </testcase>
        <testcase classname="src/app/workspace/component/agent/agent-interaction/agent-interaction.component.spec.ts" name="AgentInteractionComponent &gt; loadAvailableAgents (ngOnInit) &gt; maps agents and flags the actively connected ones" time="0.007364917">
        </testcase>
        <testcase classname="src/app/workspace/component/agent/agent-interaction/agent-interaction.component.spec.ts" name="AgentInteractionComponent &gt; loadAvailableAgents (ngOnInit) &gt; auto-selects the connected agent" time="0.02097725">
        </testcase>
        <testcase classname="src/app/workspace/component/agent/agent-interaction/agent-interaction.component.spec.ts" name="AgentInteractionComponent &gt; loadAvailableAgents (ngOnInit) &gt; auto-selects the only agent when none is connected" time="0.01123625">
        </testcase>
        <testcase classname="src/app/workspace/component/agent/agent-interaction/agent-interaction.component.spec.ts" name="AgentInteractionComponent &gt; loadAvailableAgents (ngOnInit) &gt; leaves the selection empty with multiple disconnected agents" time="0.018679291">
        </testcase>
        <testcase classname="src/app/workspace/component/agent/agent-interaction/agent-interaction.component.spec.ts" name="AgentInteractionComponent &gt; loadAvailableAgents (ngOnInit) &gt; reloads the agent list when agentChange$ emits" time="0.02318825">
        </testcase>
        <testcase classname="src/app/workspace/component/agent/agent-interaction/agent-interaction.component.spec.ts" name="AgentInteractionComponent &gt; isSelectedAgentConnected &gt; returns false when no agent is selected" time="0.0150375">
        </testcase>
        <testcase classname="src/app/workspace/component/agent/agent-interaction/agent-interaction.component.spec.ts" name="AgentInteractionComponent &gt; isSelectedAgentConnected &gt; delegates to the service for the selected agent" time="0.02883375">
        </testcase>
        <testcase classname="src/app/workspace/component/agent/agent-interaction/agent-interaction.component.spec.ts" name="AgentInteractionComponent &gt; canSend &gt; requires both a selected agent and a non-blank message" time="0.04516375">
        </testcase>
        <testcase classname="src/app/workspace/component/agent/agent-interaction/agent-interaction.component.spec.ts" name="AgentInteractionComponent &gt; sendFeedbackToAgent &gt; is a no-op when no agent is selected" time="0.006604917">
        </testcase>
        <testcase classname="src/app/workspace/component/agent/agent-interaction/agent-interaction.component.spec.ts" name="AgentInteractionComponent &gt; sendFeedbackToAgent &gt; is a no-op when the message is blank" time="0.02904275">
        </testcase>
        <testcase classname="src/app/workspace/component/agent/agent-interaction/agent-interaction.component.spec.ts" name="AgentInteractionComponent &gt; sendFeedbackToAgent &gt; is a no-op when there is no operatorId" time="0.028314375">
        </testcase>
        <testcase classname="src/app/workspace/component/agent/agent-interaction/agent-interaction.component.spec.ts" name="AgentInteractionComponent &gt; sendFeedbackToAgent &gt; errors and does not send when the selected agent is not connected" time="0.010430333">
        </testcase>
        <testcase classname="src/app/workspace/component/agent/agent-interaction/agent-interaction.component.spec.ts" name="AgentInteractionComponent &gt; sendFeedbackToAgent &gt; sends the feedback with operator context, notifies, and clears the input" time="0.038727125">
        </testcase>
        <testcase classname="src/app/workspace/component/agent/agent-interaction/agent-interaction.component.spec.ts" name="AgentInteractionComponent &gt; sendFeedbackToAgent &gt; falls back to the graph&apos;s custom display name when no display name is provided" time="0.024874292">
        </testcase>
        <testcase classname="src/app/workspace/component/agent/agent-interaction/agent-interaction.component.spec.ts" name="AgentInteractionComponent &gt; sendFeedbackToAgent &gt; falls back to &apos;this operator&apos; when no name can be resolved" time="0.03108">
        </testcase>
        <testcase classname="src/app/workspace/component/agent/agent-interaction/agent-interaction.component.spec.ts" name="AgentInteractionComponent &gt; sample-record helpers &gt; detects a visualization record" time="0.040770541">
        </testcase>
        <testcase classname="src/app/workspace/component/agent/agent-interaction/agent-interaction.component.spec.ts" name="AgentInteractionComponent &gt; sample-record helpers &gt; reports non-visualization and empty records as not a visualization" time="0.023066084">
        </testcase>
        <testcase classname="src/app/workspace/component/agent/agent-interaction/agent-interaction.component.spec.ts" name="AgentInteractionComponent &gt; sample-record helpers &gt; lists columns with the row-index column first and maps its display name to &apos;Row&apos;" time="0.020582791">
        </testcase>
        <testcase classname="src/app/workspace/component/agent/agent-interaction/agent-interaction.component.spec.ts" name="AgentInteractionComponent &gt; sample-record helpers &gt; inserts an ellipsis row where the row index skips ahead" time="0.020561541">
        </testcase>
        <testcase classname="src/app/workspace/component/agent/agent-interaction/agent-interaction.component.spec.ts" name="AgentInteractionComponent &gt; column statistics &gt; parses resultStatistics and excludes noisy keys" time="0.015806334">
        </testcase>
        <testcase classname="src/app/workspace/component/agent/agent-interaction/agent-interaction.component.spec.ts" name="AgentInteractionComponent &gt; column statistics &gt; reports whether any column stats are present" time="0.017245083">
        </testcase>
        <testcase classname="src/app/workspace/component/agent/agent-interaction/agent-interaction.component.spec.ts" name="AgentInteractionComponent &gt; ngOnChanges visualization caching &gt; sanitizes and caches the html-content when sampleRecords change" time="0.019200292">
        </testcase>
        <testcase classname="src/app/workspace/component/agent/agent-interaction/agent-interaction.component.spec.ts" name="AgentInteractionComponent &gt; ngOnChanges visualization caching &gt; clears the cached html when the new records carry no html-content" time="0.017051292">
        </testcase>
    </testsuite>
    <testsuite name="src/app/workspace/component/agent/agent-panel/agent-panel.component.spec.ts" timestamp="2026-09-01T22:49:41.787Z" hostname="dhcp-172-27-096-224.mobile.uci.edu" tests="51" failures="0" errors="0" skipped="0" time="3.0828115">
        <testcase classname="src/app/workspace/component/agent/agent-panel/agent-panel.component.spec.ts" name="AgentPanelComponent &gt; initialization and agent list wiring &gt; loads the agents once on init and renders one tab per agent plus the registration tab" time="0.133285667">
        </testcase>
        <testcase classname="src/app/workspace/component/agent/agent-panel/agent-panel.component.spec.ts" name="AgentPanelComponent &gt; initialization and agent list wiring &gt; shows only the registration tab and a zero count when there are no agents" time="0.014231625">
        </testcase>
        <testcase classname="src/app/workspace/component/agent/agent-panel/agent-panel.component.spec.ts" name="AgentPanelComponent &gt; initialization and agent list wiring &gt; reloads the agent list when the service signals an agent change" time="0.045568459">
        </testcase>
        <testcase classname="src/app/workspace/component/agent/agent-panel/agent-panel.component.spec.ts" name="AgentPanelComponent &gt; initialization and agent list wiring &gt; feeds each agent-chat tab its agent and whether it is the active one" time="0.072656625">
        </testcase>
        <testcase classname="src/app/workspace/component/agent/agent-panel/agent-panel.component.spec.ts" name="AgentPanelComponent &gt; agentIdToActivate input &gt; opens the panel, activates the agent and selects its tab once agents load" time="0.086808375">
        </testcase>
        <testcase classname="src/app/workspace/component/agent/agent-panel/agent-panel.component.spec.ts" name="AgentPanelComponent &gt; agentIdToActivate input &gt; ignores an id that matches no agent and keeps the input for a later retry" time="0.022923875">
        </testcase>
        <testcase classname="src/app/workspace/component/agent/agent-panel/agent-panel.component.spec.ts" name="AgentPanelComponent &gt; agentIdToActivate input &gt; defers activation until the agent list arrives through agentChange$" time="0.0498015">
        </testcase>
        <testcase classname="src/app/workspace/component/agent/agent-panel/agent-panel.component.spec.ts" name="AgentPanelComponent &gt; agentIdToActivate input &gt; deactivates the previously active agent and keeps an already-open panel width" time="0.042874584">
        </testcase>
        <testcase classname="src/app/workspace/component/agent/agent-panel/agent-panel.component.spec.ts" name="AgentPanelComponent &gt; agentIdToActivate input &gt; does nothing when the input change clears the id" time="0.014318333">
        </testcase>
        <testcase classname="src/app/workspace/component/agent/agent-panel/agent-panel.component.spec.ts" name="AgentPanelComponent &gt; openPanel and docked state &gt; the docked button opens the panel and the minimize button docks it again" time="0.154562459">
        </testcase>
        <testcase classname="src/app/workspace/component/agent/agent-panel/agent-panel.component.spec.ts" name="AgentPanelComponent &gt; onAgentCreated &gt; activates the new agent and switches to its tab after refreshing the list" time="0.098112375">
        </testcase>
        <testcase classname="src/app/workspace/component/agent/agent-panel/agent-panel.component.spec.ts" name="AgentPanelComponent &gt; onAgentCreated &gt; deactivates the previously active agent before activating the created one" time="0.106247583">
        </testcase>
        <testcase classname="src/app/workspace/component/agent/agent-panel/agent-panel.component.spec.ts" name="AgentPanelComponent &gt; onAgentCreated &gt; leaves the tab selection alone when the created agent is missing from the refreshed list" time="0.070595833">
        </testcase>
        <testcase classname="src/app/workspace/component/agent/agent-panel/agent-panel.component.spec.ts" name="AgentPanelComponent &gt; onAgentCreated &gt; is wired to the registration tab&apos;s agentCreated output" time="0.035002042">
        </testcase>
        <testcase classname="src/app/workspace/component/agent/agent-panel/agent-panel.component.spec.ts" name="AgentPanelComponent &gt; onTabSelectChange &gt; selecting the registration tab deactivates the current agent" time="0.028722959">
        </testcase>
        <testcase classname="src/app/workspace/component/agent/agent-panel/agent-panel.component.spec.ts" name="AgentPanelComponent &gt; onTabSelectChange &gt; ignores a tab index beyond the agent list" time="0.039266333">
        </testcase>
        <testcase classname="src/app/workspace/component/agent/agent-panel/agent-panel.component.spec.ts" name="AgentPanelComponent &gt; onTabSelectChange &gt; activates the agent behind the selected tab" time="0.034973792">
        </testcase>
        <testcase classname="src/app/workspace/component/agent/agent-panel/agent-panel.component.spec.ts" name="AgentPanelComponent &gt; onTabSelectChange &gt; blocks switching to an agent bound to a different workflow and warns" time="0.025060166">
        </testcase>
        <testcase classname="src/app/workspace/component/agent/agent-panel/agent-panel.component.spec.ts" name="AgentPanelComponent &gt; onTabSelectChange &gt; allows switching when the agent&apos;s workflow matches the current one" time="0.034575">
        </testcase>
        <testcase classname="src/app/workspace/component/agent/agent-panel/agent-panel.component.spec.ts" name="AgentPanelComponent &gt; onTabSelectChange &gt; treats workflowId 0 as unbound and allows the switch" time="0.057808167">
        </testcase>
        <testcase classname="src/app/workspace/component/agent/agent-panel/agent-panel.component.spec.ts" name="AgentPanelComponent &gt; onTabSelectChange &gt; re-selecting the already-active agent tab is a no-op" time="0.04239925">
        </testcase>
        <testcase classname="src/app/workspace/component/agent/agent-panel/agent-panel.component.spec.ts" name="AgentPanelComponent &gt; onTabSelectChange &gt; re-activates without deactivating when the same agent moved to a different tab" time="0.065813334">
        </testcase>
        <testcase classname="src/app/workspace/component/agent/agent-panel/agent-panel.component.spec.ts" name="AgentPanelComponent &gt; canSwitchToAgent &gt; permits agents with no delegate, no workflow id, or a matching workflow id" time="0.035087209">
        </testcase>
        <testcase classname="src/app/workspace/component/agent/agent-panel/agent-panel.component.spec.ts" name="AgentPanelComponent &gt; canSwitchToAgent &gt; renders a lock icon and mismatch style only on agents from another workflow" time="0.069316291">
        </testcase>
        <testcase classname="src/app/workspace/component/agent/agent-panel/agent-panel.component.spec.ts" name="AgentPanelComponent &gt; deleteAgent &gt; stops the event and does nothing when the deletion is not confirmed" time="0.044200583">
        </testcase>
        <testcase classname="src/app/workspace/component/agent/agent-panel/agent-panel.component.spec.ts" name="AgentPanelComponent &gt; deleteAgent &gt; deactivates and deletes the active agent, returning to the registration tab" time="0.059844833">
        </testcase>
        <testcase classname="src/app/workspace/component/agent/agent-panel/agent-panel.component.spec.ts" name="AgentPanelComponent &gt; deleteAgent &gt; shifts the selected index down when deleting a tab before the current one" time="0.060346292">
        </testcase>
        <testcase classname="src/app/workspace/component/agent/agent-panel/agent-panel.component.spec.ts" name="AgentPanelComponent &gt; deleteAgent &gt; keeps the selected index when deleting a tab after the current one" time="0.034176959">
        </testcase>
        <testcase classname="src/app/workspace/component/agent/agent-panel/agent-panel.component.spec.ts" name="AgentPanelComponent &gt; deleteAgent &gt; logs and leaves the tabs untouched when the backend delete fails" time="0.022533875">
        </testcase>
        <testcase classname="src/app/workspace/component/agent/agent-panel/agent-panel.component.spec.ts" name="AgentPanelComponent &gt; deleteAgent &gt; the close button in a tab title asks for confirmation and deletes through the service" time="0.017319875">
        </testcase>
        <testcase classname="src/app/workspace/component/agent/agent-panel/agent-panel.component.spec.ts" name="AgentPanelComponent &gt; panel geometry &gt; onResize coalesces updates through requestAnimationFrame" time="0.016766334">
        </testcase>
        <testcase classname="src/app/workspace/component/agent/agent-panel/agent-panel.component.spec.ts" name="AgentPanelComponent &gt; panel geometry &gt; handleDragStart undocks the panel" time="0.014658875">
        </testcase>
        <testcase classname="src/app/workspace/component/agent/agent-panel/agent-panel.component.spec.ts" name="AgentPanelComponent &gt; panel settings persistence &gt; restores a saved width only when the panel was left undocked" time="0.063911917">
        </testcase>
        <testcase classname="src/app/workspace/component/agent/agent-panel/agent-panel.component.spec.ts" name="AgentPanelComponent &gt; panel settings persistence &gt; stays docked when the panel was saved docked, regardless of the saved width" time="0.033896084">
        </testcase>
        <testcase classname="src/app/workspace/component/agent/agent-panel/agent-panel.component.spec.ts" name="AgentPanelComponent &gt; panel settings persistence &gt; rejects a saved width below the minimum" time="0.039501125">
        </testcase>
        <testcase classname="src/app/workspace/component/agent/agent-panel/agent-panel.component.spec.ts" name="AgentPanelComponent &gt; panel settings persistence &gt; rejects a non-numeric saved width" time="0.054711125">
        </testcase>
        <testcase classname="src/app/workspace/component/agent/agent-panel/agent-panel.component.spec.ts" name="AgentPanelComponent &gt; panel settings persistence &gt; restores a saved height at or above the minimum" time="0.061421041">
        </testcase>
        <testcase classname="src/app/workspace/component/agent/agent-panel/agent-panel.component.spec.ts" name="AgentPanelComponent &gt; panel settings persistence &gt; keeps the default height when the saved height is below the minimum" time="0.093316458">
        </testcase>
        <testcase classname="src/app/workspace/component/agent/agent-panel/agent-panel.component.spec.ts" name="AgentPanelComponent &gt; panel settings persistence &gt; re-applies the saved container style and derives the return position from its transform" time="0.054077208">
        </testcase>
        <testcase classname="src/app/workspace/component/agent/agent-panel/agent-panel.component.spec.ts" name="AgentPanelComponent &gt; panel settings persistence &gt; counts as docked when the saved transform nets out to the origin" time="0.084053833">
        </testcase>
        <testcase classname="src/app/workspace/component/agent/agent-panel/agent-panel.component.spec.ts" name="AgentPanelComponent &gt; panel settings persistence &gt; persists dimensions, docked flag and container style, and deactivates the agent on destroy" time="0.080854333">
        </testcase>
        <testcase classname="src/app/workspace/component/agent/agent-panel/agent-panel.component.spec.ts" name="AgentPanelComponent &gt; panel settings persistence &gt; saves docked=true for a closed panel and skips the style when no container exists" time="0.0939555">
        </testcase>
        <testcase classname="src/app/workspace/component/agent/agent-panel/agent-panel.component.spec.ts" name="AgentPanelComponent &gt; rendered template &gt; reveals the body and sizes it from the bound width and height when opened" time="0.065043417">
        </testcase>
        <testcase classname="src/app/workspace/component/agent/agent-panel/agent-panel.component.spec.ts" name="AgentPanelComponent &gt; rendered template &gt; bounds the resizable box by the configured minimum and a fraction of the window" time="0.08152225">
        </testcase>
        <testcase classname="src/app/workspace/component/agent/agent-panel/agent-panel.component.spec.ts" name="AgentPanelComponent &gt; rendered template &gt; applies a resize reported by the resizable directive to the rendered box" time="0.069208">
        </testcase>
        <testcase classname="src/app/workspace/component/agent/agent-panel/agent-panel.component.spec.ts" name="AgentPanelComponent &gt; rendered template &gt; drags from the title bar within the workspace and undocks on drag start" time="0.045940125">
        </testcase>
        <testcase classname="src/app/workspace/component/agent/agent-panel/agent-panel.component.spec.ts" name="AgentPanelComponent &gt; rendered template &gt; force-renders every tab body: the registration form and one chat per agent" time="0.1176945">
        </testcase>
        <testcase classname="src/app/workspace/component/agent/agent-panel/agent-panel.component.spec.ts" name="AgentPanelComponent &gt; rendered template &gt; clicking an agent&apos;s tab header activates that agent and marks only its chat active" time="0.118486042">
        </testcase>
        <testcase classname="src/app/workspace/component/agent/agent-panel/agent-panel.component.spec.ts" name="AgentPanelComponent &gt; rendered template &gt; disables the tab of an agent bound to another workflow so a click cannot select it" time="0.096854041">
        </testcase>
        <testcase classname="src/app/workspace/component/agent/agent-panel/agent-panel.component.spec.ts" name="AgentPanelComponent &gt; rendered template &gt; the close button on a tab header deletes that agent without selecting its tab" time="0.112781708">
        </testcase>
        <testcase classname="src/app/workspace/component/agent/agent-panel/agent-panel.component.spec.ts" name="AgentPanelComponent &gt; rendered template &gt; offers resize handles on the left and bottom edges only" time="0.064322459">
        </testcase>
    </testsuite>
    <testsuite name="src/app/workspace/component/code-editor-dialog/breakpoint-condition-input/breakpoint-condition-input.component.spec.ts" timestamp="2026-09-01T22:49:41.789Z" hostname="dhcp-172-27-096-224.mobile.uci.edu" tests="20" failures="0" errors="0" skipped="0" time="0.177934167">
        <testcase classname="src/app/workspace/component/code-editor-dialog/breakpoint-condition-input/breakpoint-condition-input.component.spec.ts" name="BreakpointConditionInputComponent &gt; popup placement &gt; offsets left by the glyph margin and the fixed popup width" time="0.010220042">
        </testcase>
        <testcase classname="src/app/workspace/component/code-editor-dialog/breakpoint-condition-input/breakpoint-condition-input.component.spec.ts" name="BreakpointConditionInputComponent &gt; popup placement &gt; places the top at the bottom of the target line, less the scroll offset" time="0.006332125">
        </testcase>
        <testcase classname="src/app/workspace/component/code-editor-dialog/breakpoint-condition-input/breakpoint-condition-input.component.spec.ts" name="BreakpointConditionInputComponent &gt; popup placement &gt; subtracts the horizontal scroll offset" time="0.050261625">
        </testcase>
        <testcase classname="src/app/workspace/component/code-editor-dialog/breakpoint-condition-input/breakpoint-condition-input.component.spec.ts" name="BreakpointConditionInputComponent &gt; popup placement &gt; falls back to 0 rather than throwing when there is no editor yet" time="0.012372166">
        </testcase>
        <testcase classname="src/app/workspace/component/code-editor-dialog/breakpoint-condition-input/breakpoint-condition-input.component.spec.ts" name="BreakpointConditionInputComponent &gt; popup placement &gt; falls back to 0 for top() when no line is targeted" time="0.009052042">
        </testcase>
        <testcase classname="src/app/workspace/component/code-editor-dialog/breakpoint-condition-input/breakpoint-condition-input.component.spec.ts" name="BreakpointConditionInputComponent &gt; popup placement &gt; writes both css offsets when the target line changes" time="0.027285959">
        </testcase>
        <testcase classname="src/app/workspace/component/code-editor-dialog/breakpoint-condition-input/breakpoint-condition-input.component.spec.ts" name="BreakpointConditionInputComponent &gt; popup placement &gt; substitutes zero offsets when the editor has no dom node and no glyph margin" time="0.002705791">
        </testcase>
        <testcase classname="src/app/workspace/component/code-editor-dialog/breakpoint-condition-input/breakpoint-condition-input.component.spec.ts" name="BreakpointConditionInputComponent &gt; popup placement &gt; defaults the condition to empty when the debugger holds none for that line" time="0.003439709">
        </testcase>
        <testcase classname="src/app/workspace/component/code-editor-dialog/breakpoint-condition-input/breakpoint-condition-input.component.spec.ts" name="BreakpointConditionInputComponent &gt; the condition textarea &gt; carries the current condition into the textarea" time="0.007138">
        </testcase>
        <testcase classname="src/app/workspace/component/code-editor-dialog/breakpoint-condition-input/breakpoint-condition-input.component.spec.ts" name="BreakpointConditionInputComponent &gt; the condition textarea &gt; saves what the user types, not what the class was holding" time="0.007024833">
        </testcase>
        <testcase classname="src/app/workspace/component/code-editor-dialog/breakpoint-condition-input/breakpoint-condition-input.component.spec.ts" name="BreakpointConditionInputComponent &gt; visibility &gt; is visible only while a line is targeted" time="0.003410875">
        </testcase>
        <testcase classname="src/app/workspace/component/code-editor-dialog/breakpoint-condition-input/breakpoint-condition-input.component.spec.ts" name="BreakpointConditionInputComponent &gt; ignores a keypress when no line is targeted" time="0.003534667">
        </testcase>
        <testcase classname="src/app/workspace/component/code-editor-dialog/breakpoint-condition-input/breakpoint-condition-input.component.spec.ts" name="BreakpointConditionInputComponent &gt; should create the component" time="0.005957709">
        </testcase>
        <testcase classname="src/app/workspace/component/code-editor-dialog/breakpoint-condition-input/breakpoint-condition-input.component.spec.ts" name="BreakpointConditionInputComponent &gt; should update the condition when lineNum changes" time="0.002836083">
        </testcase>
        <testcase classname="src/app/workspace/component/code-editor-dialog/breakpoint-condition-input/breakpoint-condition-input.component.spec.ts" name="BreakpointConditionInputComponent &gt; should handle Enter key event and save the condition" time="0.002933916">
        </testcase>
        <testcase classname="src/app/workspace/component/code-editor-dialog/breakpoint-condition-input/breakpoint-condition-input.component.spec.ts" name="BreakpointConditionInputComponent &gt; should not handle Enter key event if shift key is pressed" time="0.005825291">
        </testcase>
        <testcase classname="src/app/workspace/component/code-editor-dialog/breakpoint-condition-input/breakpoint-condition-input.component.spec.ts" name="BreakpointConditionInputComponent &gt; should emit close event on focusout" time="0.004907708">
        </testcase>
        <testcase classname="src/app/workspace/component/code-editor-dialog/breakpoint-condition-input/breakpoint-condition-input.component.spec.ts" name="BreakpointConditionInputComponent &gt; saves the condition when Enter is pressed anywhere in the window" time="0.003741417">
        </testcase>
        <testcase classname="src/app/workspace/component/code-editor-dialog/breakpoint-condition-input/breakpoint-condition-input.component.spec.ts" name="BreakpointConditionInputComponent &gt; ignores an ordinary keystroke arriving at the window" time="0.004423417">
        </testcase>
        <testcase classname="src/app/workspace/component/code-editor-dialog/breakpoint-condition-input/breakpoint-condition-input.component.spec.ts" name="BreakpointConditionInputComponent &gt; saves and closes when the host element emits focusout" time="0.003866459">
        </testcase>
    </testsuite>
    <testsuite name="src/app/workspace/component/left-panel/operator-menu/operator-menu.component.spec.ts" timestamp="2026-09-01T22:49:41.790Z" hostname="dhcp-172-27-096-224.mobile.uci.edu" tests="12" failures="0" errors="0" skipped="0" time="0.503019625">
        <testcase classname="src/app/workspace/component/left-panel/operator-menu/operator-menu.component.spec.ts" name="OperatorPanelComponent &gt; should create" time="0.0563115">
        </testcase>
        <testcase classname="src/app/workspace/component/left-panel/operator-menu/operator-menu.component.spec.ts" name="OperatorPanelComponent &gt; should search an operator by its user friendly name" time="0.037519583">
        </testcase>
        <testcase classname="src/app/workspace/component/left-panel/operator-menu/operator-menu.component.spec.ts" name="OperatorPanelComponent &gt; should support fuzzy search on operator user friendly name" time="0.025816208">
        </testcase>
        <testcase classname="src/app/workspace/component/left-panel/operator-menu/operator-menu.component.spec.ts" name="OperatorPanelComponent &gt; operator list construction &gt; buckets operators by their group name" time="0.025433083">
        </testcase>
        <testcase classname="src/app/workspace/component/left-panel/operator-menu/operator-menu.component.spec.ts" name="OperatorPanelComponent &gt; operator list construction &gt; sorts each group by operatorType" time="0.0346285">
        </testcase>
        <testcase classname="src/app/workspace/component/left-panel/operator-menu/operator-menu.component.spec.ts" name="OperatorPanelComponent &gt; operator list construction &gt; excludes PythonUDF from both the palette and the search index" time="0.019477416">
        </testcase>
        <testcase classname="src/app/workspace/component/left-panel/operator-menu/operator-menu.component.spec.ts" name="OperatorPanelComponent &gt; operator list construction &gt; takes its group headings from the metadata, not from the operators present" time="0.01671775">
        </testcase>
        <testcase classname="src/app/workspace/component/left-panel/operator-menu/operator-menu.component.spec.ts" name="OperatorPanelComponent &gt; workflow modification state &gt; tracks whether the workflow may be modified" time="0.049796458">
        </testcase>
        <testcase classname="src/app/workspace/component/left-panel/operator-menu/operator-menu.component.spec.ts" name="OperatorPanelComponent &gt; selecting a search result &gt; places the operator relative to the current pan offset" time="0.037328792">
        </testcase>
        <testcase classname="src/app/workspace/component/left-panel/operator-menu/operator-menu.component.spec.ts" name="OperatorPanelComponent &gt; selecting a search result &gt; falls back to the untranslated point when no paper is attached" time="0.031888333">
        </testcase>
        <testcase classname="src/app/workspace/component/left-panel/operator-menu/operator-menu.component.spec.ts" name="OperatorPanelComponent &gt; selecting a search result &gt; clears the search box asynchronously after the selection" time="0.080695208">
        </testcase>
        <testcase classname="src/app/workspace/component/left-panel/operator-menu/operator-menu.component.spec.ts" name="OperatorPanelComponent &gt; should clear the search box when an operator from search box is dropped" time="0.086951084">
        </testcase>
    </testsuite>
    <testsuite name="src/app/workspace/component/left-panel/settings/settings.component.spec.ts" timestamp="2026-09-01T22:49:41.791Z" hostname="dhcp-172-27-096-224.mobile.uci.edu" tests="15" failures="0" errors="0" skipped="0" time="0.147029125">
        <testcase classname="src/app/workspace/component/left-panel/settings/settings.component.spec.ts" name="SettingsComponent &gt; should create" time="0.01195875">
        </testcase>
        <testcase classname="src/app/workspace/component/left-panel/settings/settings.component.spec.ts" name="SettingsComponent &gt; should initialize the form from current workflow settings" time="0.009359042">
        </testcase>
        <testcase classname="src/app/workspace/component/left-panel/settings/settings.component.spec.ts" name="SettingsComponent &gt; should mark dataTransferBatchSize invalid when below the minimum" time="0.012262375">
        </testcase>
        <testcase classname="src/app/workspace/component/left-panel/settings/settings.component.spec.ts" name="SettingsComponent &gt; should push dataTransferBatchSize updates to the workflow service and persist when logged in" time="0.015375375">
        </testcase>
        <testcase classname="src/app/workspace/component/left-panel/settings/settings.component.spec.ts" name="SettingsComponent &gt; should not update or persist a non-positive batch size" time="0.011203583">
        </testcase>
        <testcase classname="src/app/workspace/component/left-panel/settings/settings.component.spec.ts" name="SettingsComponent &gt; should skip persistWorkflow when the user is not logged in" time="0.013459292">
        </testcase>
        <testcase classname="src/app/workspace/component/left-panel/settings/settings.component.spec.ts" name="SettingsComponent &gt; should update the execution mode on the workflow service and persist" time="0.011402">
        </testcase>
        <testcase classname="src/app/workspace/component/left-panel/settings/settings.component.spec.ts" name="SettingsComponent &gt; should surface a notification error when persistWorkflow fails" time="0.007354542">
        </testcase>
        <testcase classname="src/app/workspace/component/left-panel/settings/settings.component.spec.ts" name="SettingsComponent &gt; should propagate form value changes through to the workflow service" time="0.007943334">
        </testcase>
        <testcase classname="src/app/workspace/component/left-panel/settings/settings.component.spec.ts" name="SettingsComponent &gt; should re-sync the form when the workflow changes underneath it" time="0.009403458">
        </testcase>
        <testcase classname="src/app/workspace/component/left-panel/settings/settings.component.spec.ts" name="SettingsComponent &gt; should ignore form value changes that fail validation" time="0.006759834">
        </testcase>
        <testcase classname="src/app/workspace/component/left-panel/settings/settings.component.spec.ts" name="SettingsComponent &gt; rendered validation feedback &gt; stays quiet while the batch size is valid" time="0.007848125">
        </testcase>
        <testcase classname="src/app/workspace/component/left-panel/settings/settings.component.spec.ts" name="SettingsComponent &gt; rendered validation feedback &gt; stays quiet about an invalid batch size the user has not touched yet" time="0.005348917">
        </testcase>
        <testcase classname="src/app/workspace/component/left-panel/settings/settings.component.spec.ts" name="SettingsComponent &gt; rendered validation feedback &gt; explains the minimum once the user has touched an invalid batch size" time="0.007423584">
        </testcase>
        <testcase classname="src/app/workspace/component/left-panel/settings/settings.component.spec.ts" name="SettingsComponent &gt; rendered validation feedback &gt; withdraws the message once a valid batch size is typed back in" time="0.009375542">
        </testcase>
    </testsuite>
    <testsuite name="src/app/workspace/component/left-panel/time-travel/time-travel.component.spec.ts" timestamp="2026-09-01T22:49:41.791Z" hostname="dhcp-172-27-096-224.mobile.uci.edu" tests="21" failures="0" errors="0" skipped="0" time="0.187308625">
        <testcase classname="src/app/workspace/component/left-panel/time-travel/time-travel.component.spec.ts" name="TimeTravelComponent &gt; should create" time="0.018195291">
        </testcase>
        <testcase classname="src/app/workspace/component/left-panel/time-travel/time-travel.component.spec.ts" name="TimeTravelComponent &gt; extended method coverage &gt; getWid &gt; returns the current workflow id from the metadata" time="0.005734709">
        </testcase>
        <testcase classname="src/app/workspace/component/left-panel/time-travel/time-travel.component.spec.ts" name="TimeTravelComponent &gt; extended method coverage &gt; getWid &gt; returns undefined when there is no workflow metadata" time="0.005104583">
        </testcase>
        <testcase classname="src/app/workspace/component/left-panel/time-travel/time-travel.component.spec.ts" name="TimeTravelComponent &gt; extended method coverage &gt; retrieveLoggedExecutions &gt; keeps only executions that have a non-empty log location" time="0.005309958">
        </testcase>
        <testcase classname="src/app/workspace/component/left-panel/time-travel/time-travel.component.spec.ts" name="TimeTravelComponent &gt; extended method coverage &gt; retrieveInteractionHistory &gt; GETs the interactions endpoint for the given wid/eid" time="0.007202625">
        </testcase>
        <testcase classname="src/app/workspace/component/left-panel/time-travel/time-travel.component.spec.ts" name="TimeTravelComponent &gt; extended method coverage &gt; getInteractionHistory &gt; does nothing when there is no wid" time="0.005514334">
        </testcase>
        <testcase classname="src/app/workspace/component/left-panel/time-travel/time-travel.component.spec.ts" name="TimeTravelComponent &gt; extended method coverage &gt; getInteractionHistory &gt; stores the fetched interaction history under the eid" time="0.005384625">
        </testcase>
        <testcase classname="src/app/workspace/component/left-panel/time-travel/time-travel.component.spec.ts" name="TimeTravelComponent &gt; extended method coverage &gt; displayExecutionWithLogs &gt; stores the executions and refreshes the interaction history of expanded rows" time="0.005291875">
        </testcase>
        <testcase classname="src/app/workspace/component/left-panel/time-travel/time-travel.component.spec.ts" name="TimeTravelComponent &gt; extended method coverage &gt; onInteractionClick &gt; does nothing when there is no wid" time="0.005841959">
        </testcase>
        <testcase classname="src/app/workspace/component/left-panel/time-travel/time-travel.component.spec.ts" name="TimeTravelComponent &gt; extended method coverage &gt; onInteractionClick &gt; loads the versioned workflow, records the reverted interaction, and starts the replay" time="0.009736334">
        </testcase>
        <testcase classname="src/app/workspace/component/left-panel/time-travel/time-travel.component.spec.ts" name="TimeTravelComponent &gt; extended method coverage &gt; toggleRow &gt; expands a collapsed row and loads its interaction history" time="0.00739525">
        </testcase>
        <testcase classname="src/app/workspace/component/left-panel/time-travel/time-travel.component.spec.ts" name="TimeTravelComponent &gt; extended method coverage &gt; toggleRow &gt; collapses an expanded row without reloading" time="0.006164375">
        </testcase>
        <testcase classname="src/app/workspace/component/left-panel/time-travel/time-travel.component.spec.ts" name="TimeTravelComponent &gt; ngOnInit polling &gt; skips the refresh while the workflow has no id" time="0.006644625">
        </testcase>
        <testcase classname="src/app/workspace/component/left-panel/time-travel/time-travel.component.spec.ts" name="TimeTravelComponent &gt; ngOnInit polling &gt; refreshes the execution list immediately and then every five seconds" time="0.008036459">
        </testcase>
        <testcase classname="src/app/workspace/component/left-panel/time-travel/time-travel.component.spec.ts" name="TimeTravelComponent &gt; ngOnInit polling &gt; stops polling once the panel is destroyed" time="0.011528458">
        </testcase>
        <testcase classname="src/app/workspace/component/left-panel/time-travel/time-travel.component.spec.ts" name="TimeTravelComponent &gt; template rendering &gt; renders one row per execution with its eid and a starting-time cell" time="0.020541334">
        </testcase>
        <testcase classname="src/app/workspace/component/left-panel/time-travel/time-travel.component.spec.ts" name="TimeTravelComponent &gt; template rendering &gt; renders no body rows when the execution list is empty" time="0.016659458">
        </testcase>
        <testcase classname="src/app/workspace/component/left-panel/time-travel/time-travel.component.spec.ts" name="TimeTravelComponent &gt; template rendering &gt; expands the detail row on a row click and collapses it on a second click" time="0.010548875">
        </testcase>
        <testcase classname="src/app/workspace/component/left-panel/time-travel/time-travel.component.spec.ts" name="TimeTravelComponent &gt; template rendering &gt; renders one button per interaction in the expanded row" time="0.009519458">
        </testcase>
        <testcase classname="src/app/workspace/component/left-panel/time-travel/time-travel.component.spec.ts" name="TimeTravelComponent &gt; template rendering &gt; passes the row&apos;s vid/eid and the interaction to the click handler" time="0.008462667">
        </testcase>
        <testcase classname="src/app/workspace/component/left-panel/time-travel/time-travel.component.spec.ts" name="TimeTravelComponent &gt; template rendering &gt; disables only the interaction the panel has already reverted to" time="0.007672417">
        </testcase>
    </testsuite>
    <testsuite name="src/app/workspace/component/left-panel/versions-list/versions-list.component.spec.ts" timestamp="2026-09-01T22:49:41.792Z" hostname="dhcp-172-27-096-224.mobile.uci.edu" tests="21" failures="0" errors="0" skipped="0" time="0.1847995">
        <testcase classname="src/app/workspace/component/left-panel/versions-list/versions-list.component.spec.ts" name="VersionsListComponent &gt; should create" time="0.010899958">
        </testcase>
        <testcase classname="src/app/workspace/component/left-panel/versions-list/versions-list.component.spec.ts" name="VersionsListComponent &gt; getDisplayedVersionId &gt; should compute the descending displayed id as count - index" time="0.006900917">
        </testcase>
        <testcase classname="src/app/workspace/component/left-panel/versions-list/versions-list.component.spec.ts" name="VersionsListComponent &gt; collapse &gt; should do nothing when versionsList is undefined" time="0.007066209">
        </testcase>
        <testcase classname="src/app/workspace/component/left-panel/versions-list/versions-list.component.spec.ts" name="VersionsListComponent &gt; collapse &gt; should expand the trailing non-important entries when $event is true" time="0.008590292">
        </testcase>
        <testcase classname="src/app/workspace/component/left-panel/versions-list/versions-list.component.spec.ts" name="VersionsListComponent &gt; collapse &gt; should collapse the trailing non-important entries when $event is false" time="0.005841209">
        </testcase>
        <testcase classname="src/app/workspace/component/left-panel/versions-list/versions-list.component.spec.ts" name="VersionsListComponent &gt; collapse &gt; should stop immediately when the next entry is important" time="0.005021291">
        </testcase>
        <testcase classname="src/app/workspace/component/left-panel/versions-list/versions-list.component.spec.ts" name="VersionsListComponent &gt; ngOnInit &gt; should unhighlight the currently highlighted elements" time="0.006128917">
        </testcase>
        <testcase classname="src/app/workspace/component/left-panel/versions-list/versions-list.component.spec.ts" name="VersionsListComponent &gt; ngOnInit &gt; should not retrieve versions when the route has no workflow id" time="0.004720166">
        </testcase>
        <testcase classname="src/app/workspace/component/left-panel/versions-list/versions-list.component.spec.ts" name="VersionsListComponent &gt; ngOnInit &gt; should load and map the retrieved versions with expand defaulting to false" time="0.004870375">
        </testcase>
        <testcase classname="src/app/workspace/component/left-panel/versions-list/versions-list.component.spec.ts" name="VersionsListComponent &gt; getVersion &gt; should select the row, fetch the version and display it" time="0.005318334">
        </testcase>
        <testcase classname="src/app/workspace/component/left-panel/versions-list/versions-list.component.spec.ts" name="VersionsListComponent &gt; getVersion &gt; should use the current workflow metadata wid when fetching the version" time="0.004779917">
        </testcase>
        <testcase classname="src/app/workspace/component/left-panel/versions-list/versions-list.component.spec.ts" name="VersionsListComponent &gt; rendered table &gt; renders no table at all until the versions have loaded" time="0.00473725">
        </testcase>
        <testcase classname="src/app/workspace/component/left-panel/versions-list/versions-list.component.spec.ts" name="VersionsListComponent &gt; rendered table &gt; labels the columns from versionTableHeaders" time="0.024038292">
        </testcase>
        <testcase classname="src/app/workspace/component/left-panel/versions-list/versions-list.component.spec.ts" name="VersionsListComponent &gt; rendered table &gt; hides an unimportant version while it is collapsed" time="0.009398542">
        </testcase>
        <testcase classname="src/app/workspace/component/left-panel/versions-list/versions-list.component.spec.ts" name="VersionsListComponent &gt; rendered table &gt; reveals an unimportant version once it is expanded" time="0.00901225">
        </testcase>
        <testcase classname="src/app/workspace/component/left-panel/versions-list/versions-list.component.spec.ts" name="VersionsListComponent &gt; rendered table &gt; numbers the versions downwards, newest first" time="0.010433458">
        </testcase>
        <testcase classname="src/app/workspace/component/left-panel/versions-list/versions-list.component.spec.ts" name="VersionsListComponent &gt; rendered table &gt; marks only the selected row" time="0.00984375">
        </testcase>
        <testcase classname="src/app/workspace/component/left-panel/versions-list/versions-list.component.spec.ts" name="VersionsListComponent &gt; rendered table &gt; offers the expand control only on an important version" time="0.009663958">
        </testcase>
        <testcase classname="src/app/workspace/component/left-panel/versions-list/versions-list.component.spec.ts" name="VersionsListComponent &gt; rendered table &gt; asks for the version behind the row that was clicked" time="0.011247166">
        </testcase>
        <testcase classname="src/app/workspace/component/left-panel/versions-list/versions-list.component.spec.ts" name="VersionsListComponent &gt; rendered table &gt; shows the timestamp in the compact date format" time="0.009006167">
        </testcase>
        <testcase classname="src/app/workspace/component/left-panel/versions-list/versions-list.component.spec.ts" name="VersionsListComponent &gt; rendered table &gt; reveals and re-hides the minor versions behind the expand control" time="0.016565166">
        </testcase>
    </testsuite>
    <testsuite name="src/app/workspace/component/menu/coeditor-user-icon/coeditor-user-icon.component.spec.ts" timestamp="2026-09-01T22:49:41.793Z" hostname="dhcp-172-27-096-224.mobile.uci.edu" tests="6" failures="0" errors="0" skipped="0" time="0.063375834">
        <testcase classname="src/app/workspace/component/menu/coeditor-user-icon/coeditor-user-icon.component.spec.ts" name="CoeditorUserIconComponent &gt; should create" time="0.013175791">
        </testcase>
        <testcase classname="src/app/workspace/component/menu/coeditor-user-icon/coeditor-user-icon.component.spec.ts" name="CoeditorUserIconComponent &gt; offers to start shadowing while shadowing mode is off" time="0.009068042">
        </testcase>
        <testcase classname="src/app/workspace/component/menu/coeditor-user-icon/coeditor-user-icon.component.spec.ts" name="CoeditorUserIconComponent &gt; still offers to start shadowing while another co-editor is being shadowed" time="0.004474084">
        </testcase>
        <testcase classname="src/app/workspace/component/menu/coeditor-user-icon/coeditor-user-icon.component.spec.ts" name="CoeditorUserIconComponent &gt; offers to stop shadowing while this co-editor is the one being shadowed" time="0.004218708">
        </testcase>
        <testcase classname="src/app/workspace/component/menu/coeditor-user-icon/coeditor-user-icon.component.spec.ts" name="CoeditorUserIconComponent &gt; shadows the co-editor when the start item is clicked" time="0.009161917">
        </testcase>
        <testcase classname="src/app/workspace/component/menu/coeditor-user-icon/coeditor-user-icon.component.spec.ts" name="CoeditorUserIconComponent &gt; stops shadowing when the stop item is clicked" time="0.023035417">
        </testcase>
    </testsuite>
    <testsuite name="src/app/workspace/component/property-editor/operator-property-edit-frame/operator-property-edit-frame.component.spec.ts" timestamp="2026-09-01T22:49:41.794Z" hostname="dhcp-172-27-096-224.mobile.uci.edu" tests="248" failures="0" errors="0" skipped="1" time="11.081707292">
        <testcase classname="src/app/workspace/component/property-editor/operator-property-edit-frame/operator-property-edit-frame.component.spec.ts" name="conditionalRequiredRules &gt; reads a `then` rule, as Sklearn states it for the text column" time="0.007543875">
        </testcase>
        <testcase classname="src/app/workspace/component/property-editor/operator-property-edit-frame/operator-property-edit-frame.component.spec.ts" name="conditionalRequiredRules &gt; reads an `else` rule nested in a definition, as Aggregate states it" time="0.001100125">
        </testcase>
        <testcase classname="src/app/workspace/component/property-editor/operator-property-edit-frame/operator-property-edit-frame.component.spec.ts" name="conditionalRequiredRules &gt; ignores an attributeTypeRules block, which names its sibling without `properties`" time="0.000689625">
        </testcase>
        <testcase classname="src/app/workspace/component/property-editor/operator-property-edit-frame/operator-property-edit-frame.component.spec.ts" name="conditionalRequiredRules &gt; returns nothing for a schema that states no condition" time="0.001996375">
        </testcase>
        <testcase classname="src/app/workspace/component/property-editor/operator-property-edit-frame/operator-property-edit-frame.component.spec.ts" name="OperatorPropertyEditFrameComponent &gt; should create" time="0.060244792">
        </testcase>
        <testcase classname="src/app/workspace/component/property-editor/operator-property-edit-frame/operator-property-edit-frame.component.spec.ts" name="OperatorPropertyEditFrameComponent &gt; should change the content of property editor from an empty panel correctly" time="0.1109625">
        </testcase>
        <testcase classname="src/app/workspace/component/property-editor/operator-property-edit-frame/operator-property-edit-frame.component.spec.ts" name="OperatorPropertyEditFrameComponent &gt; should change Texera graph property when the form is edited by the user" time="0.060208166">
        </testcase>
        <testcase classname="src/app/workspace/component/property-editor/operator-property-edit-frame/operator-property-edit-frame.component.spec.ts" name="OperatorPropertyEditFrameComponent &gt; keeps code-inferred UI parameters in the form model and subsequent form edits" time="0.09429475">
        </testcase>
        <testcase classname="src/app/workspace/component/property-editor/operator-property-edit-frame/operator-property-edit-frame.component.spec.ts" name="OperatorPropertyEditFrameComponent &gt; should debounce the user form input to avoid emitting event too frequently" time="0">
            <skipped/>
        </testcase>
        <testcase classname="src/app/workspace/component/property-editor/operator-property-edit-frame/operator-property-edit-frame.component.spec.ts" name="OperatorPropertyEditFrameComponent &gt; should not emit operator property change event if the new property is the same as the old property" time="0.058365833">
        </testcase>
        <testcase classname="src/app/workspace/component/property-editor/operator-property-edit-frame/operator-property-edit-frame.component.spec.ts" name="OperatorPropertyEditFrameComponent &gt; should change operator to default values" time="0.07234175">
        </testcase>
        <testcase classname="src/app/workspace/component/property-editor/operator-property-edit-frame/operator-property-edit-frame.component.spec.ts" name="OperatorPropertyEditFrameComponent &gt; should set result operator version" time="0.024128792">
        </testcase>
        <testcase classname="src/app/workspace/component/property-editor/operator-property-edit-frame/operator-property-edit-frame.component.spec.ts" name="OperatorPropertyEditFrameComponent &gt; should set scan operator version" time="0.024763125">
        </testcase>
        <testcase classname="src/app/workspace/component/property-editor/operator-property-edit-frame/operator-property-edit-frame.component.spec.ts" name="OperatorPropertyEditFrameComponent &gt; operator description truncation &gt; should render .operator-description with tooltip when description is set" time="0.122628542">
        </testcase>
        <testcase classname="src/app/workspace/component/property-editor/operator-property-edit-frame/operator-property-edit-frame.component.spec.ts" name="OperatorPropertyEditFrameComponent &gt; operator description truncation &gt; should not render .operator-description when description is not set" time="0.023382167">
        </testcase>
        <testcase classname="src/app/workspace/component/property-editor/operator-property-edit-frame/operator-property-edit-frame.component.spec.ts" name="OperatorPropertyEditFrameComponent &gt; should return null huggingFaceTaskPreview for non-HF operators" time="0.017383875">
        </testcase>
        <testcase classname="src/app/workspace/component/property-editor/operator-property-edit-frame/operator-property-edit-frame.component.spec.ts" name="OperatorPropertyEditFrameComponent &gt; should return a task preview for HuggingFace operator with a known task" time="0.131500375">
        </testcase>
        <testcase classname="src/app/workspace/component/property-editor/operator-property-edit-frame/operator-property-edit-frame.component.spec.ts" name="OperatorPropertyEditFrameComponent &gt; should return a fallback preview for HuggingFace operator with an unknown task" time="0.127411291">
        </testcase>
        <testcase classname="src/app/workspace/component/property-editor/operator-property-edit-frame/operator-property-edit-frame.component.spec.ts" name="OperatorPropertyEditFrameComponent &gt; should return image kind preview for image-classification task" time="0.078665875">
        </testcase>
        <testcase classname="src/app/workspace/component/property-editor/operator-property-edit-frame/operator-property-edit-frame.component.spec.ts" name="OperatorPropertyEditFrameComponent &gt; should return audio kind preview for text-to-speech task" time="0.069266458">
        </testcase>
        <testcase classname="src/app/workspace/component/property-editor/operator-property-edit-frame/operator-property-edit-frame.component.spec.ts" name="OperatorPropertyEditFrameComponent &gt; should return video kind preview for text-to-video task" time="0.042260416">
        </testcase>
        <testcase classname="src/app/workspace/component/property-editor/operator-property-edit-frame/operator-property-edit-frame.component.spec.ts" name="OperatorPropertyEditFrameComponent &gt; should return null preview when HuggingFace task is empty" time="0.031498167">
        </testcase>
        <testcase classname="src/app/workspace/component/property-editor/operator-property-edit-frame/operator-property-edit-frame.component.spec.ts" name="OperatorPropertyEditFrameComponent &gt; should hide imageInput for text-generation task" time="0.060894375">
        </testcase>
        <testcase classname="src/app/workspace/component/property-editor/operator-property-edit-frame/operator-property-edit-frame.component.spec.ts" name="OperatorPropertyEditFrameComponent &gt; should show imageInput for image-classification task" time="0.048659916">
        </testcase>
        <testcase classname="src/app/workspace/component/property-editor/operator-property-edit-frame/operator-property-edit-frame.component.spec.ts" name="OperatorPropertyEditFrameComponent &gt; should hide audioInput for text-generation task" time="0.030353666">
        </testcase>
        <testcase classname="src/app/workspace/component/property-editor/operator-property-edit-frame/operator-property-edit-frame.component.spec.ts" name="OperatorPropertyEditFrameComponent &gt; should show audioInput for automatic-speech-recognition task" time="0.030411375">
        </testcase>
        <testcase classname="src/app/workspace/component/property-editor/operator-property-edit-frame/operator-property-edit-frame.component.spec.ts" name="OperatorPropertyEditFrameComponent &gt; should hide promptColumn for image-only tasks" time="0.062315917">
        </testcase>
        <testcase classname="src/app/workspace/component/property-editor/operator-property-edit-frame/operator-property-edit-frame.component.spec.ts" name="OperatorPropertyEditFrameComponent &gt; should hide promptColumn for audio-only tasks" time="0.038132208">
        </testcase>
        <testcase classname="src/app/workspace/component/property-editor/operator-property-edit-frame/operator-property-edit-frame.component.spec.ts" name="OperatorPropertyEditFrameComponent &gt; should show promptColumn for text-generation task" time="0.064966583">
        </testcase>
        <testcase classname="src/app/workspace/component/property-editor/operator-property-edit-frame/operator-property-edit-frame.component.spec.ts" name="OperatorPropertyEditFrameComponent &gt; should show systemPrompt only for text-generation" time="0.045132333">
        </testcase>
        <testcase classname="src/app/workspace/component/property-editor/operator-property-edit-frame/operator-property-edit-frame.component.spec.ts" name="OperatorPropertyEditFrameComponent &gt; should show contextColumn only for question-answering" time="0.069987667">
        </testcase>
        <testcase classname="src/app/workspace/component/property-editor/operator-property-edit-frame/operator-property-edit-frame.component.spec.ts" name="OperatorPropertyEditFrameComponent &gt; should show candidateLabels only for classification tasks" time="0.056227416">
        </testcase>
        <testcase classname="src/app/workspace/component/property-editor/operator-property-edit-frame/operator-property-edit-frame.component.spec.ts" name="OperatorPropertyEditFrameComponent &gt; requiredPromptColumn validator should pass when not a prompt-required task" time="0.060766667">
        </testcase>
        <testcase classname="src/app/workspace/component/property-editor/operator-property-edit-frame/operator-property-edit-frame.component.spec.ts" name="OperatorPropertyEditFrameComponent &gt; requiredPromptColumn validator should fail when prompt-required task has no column" time="0.050180084">
        </testcase>
        <testcase classname="src/app/workspace/component/property-editor/operator-property-edit-frame/operator-property-edit-frame.component.spec.ts" name="OperatorPropertyEditFrameComponent &gt; requiredImageInput validator should pass when not an image task" time="0.020710417">
        </testcase>
        <testcase classname="src/app/workspace/component/property-editor/operator-property-edit-frame/operator-property-edit-frame.component.spec.ts" name="OperatorPropertyEditFrameComponent &gt; requiredAudioInput validator should pass when not an audio task" time="0.024326458">
        </testcase>
        <testcase classname="src/app/workspace/component/property-editor/operator-property-edit-frame/operator-property-edit-frame.component.spec.ts" name="OperatorPropertyEditFrameComponent &gt; should show sentencesColumn only for sentence-similarity and text-ranking" time="0.038917666">
        </testcase>
        <testcase classname="src/app/workspace/component/property-editor/operator-property-edit-frame/operator-property-edit-frame.component.spec.ts" name="OperatorPropertyEditFrameComponent &gt; should show inputImageColumn for image tasks" time="0.072502166">
        </testcase>
        <testcase classname="src/app/workspace/component/property-editor/operator-property-edit-frame/operator-property-edit-frame.component.spec.ts" name="OperatorPropertyEditFrameComponent &gt; should show inputAudioColumn for audio tasks" time="0.083345291">
        </testcase>
        <testcase classname="src/app/workspace/component/property-editor/operator-property-edit-frame/operator-property-edit-frame.component.spec.ts" name="OperatorPropertyEditFrameComponent &gt; should hide maxNewTokens and temperature for non-text-generation tasks" time="0.066938458">
        </testcase>
        <testcase classname="src/app/workspace/component/property-editor/operator-property-edit-frame/operator-property-edit-frame.component.spec.ts" name="OperatorPropertyEditFrameComponent &gt; should show candidateLabels for zero-shot-image-classification" time="0.101203417">
        </testcase>
        <testcase classname="src/app/workspace/component/property-editor/operator-property-edit-frame/operator-property-edit-frame.component.spec.ts" name="OperatorPropertyEditFrameComponent &gt; requiredPromptColumn validator should pass when prompt-required task has a column" time="0.071741459">
        </testcase>
        <testcase classname="src/app/workspace/component/property-editor/operator-property-edit-frame/operator-property-edit-frame.component.spec.ts" name="OperatorPropertyEditFrameComponent &gt; requiredImageInput validator should fail when image task has no image and no column" time="0.092224292">
        </testcase>
        <testcase classname="src/app/workspace/component/property-editor/operator-property-edit-frame/operator-property-edit-frame.component.spec.ts" name="OperatorPropertyEditFrameComponent &gt; requiredImageInput validator should pass when image task has inputImageColumn set" time="0.082554792">
        </testcase>
        <testcase classname="src/app/workspace/component/property-editor/operator-property-edit-frame/operator-property-edit-frame.component.spec.ts" name="OperatorPropertyEditFrameComponent &gt; requiredImageInput validator should pass when image task has image uploaded" time="0.062662209">
        </testcase>
        <testcase classname="src/app/workspace/component/property-editor/operator-property-edit-frame/operator-property-edit-frame.component.spec.ts" name="OperatorPropertyEditFrameComponent &gt; requiredAudioInput validator should fail when audio task has no audio and no column" time="0.133888834">
        </testcase>
        <testcase classname="src/app/workspace/component/property-editor/operator-property-edit-frame/operator-property-edit-frame.component.spec.ts" name="OperatorPropertyEditFrameComponent &gt; requiredAudioInput validator should pass when audio task has inputAudioColumn set" time="0.056085083">
        </testcase>
        <testcase classname="src/app/workspace/component/property-editor/operator-property-edit-frame/operator-property-edit-frame.component.spec.ts" name="OperatorPropertyEditFrameComponent &gt; requiredAudioInput validator should pass when audio task has audio uploaded" time="0.060384417">
        </testcase>
        <testcase classname="src/app/workspace/component/property-editor/operator-property-edit-frame/operator-property-edit-frame.component.spec.ts" name="OperatorPropertyEditFrameComponent &gt; should return image kind preview for visual-question-answering task" time="0.048637375">
        </testcase>
        <testcase classname="src/app/workspace/component/property-editor/operator-property-edit-frame/operator-property-edit-frame.component.spec.ts" name="OperatorPropertyEditFrameComponent &gt; should return text kind preview for question-answering task" time="0.060091125">
        </testcase>
        <testcase classname="src/app/workspace/component/property-editor/operator-property-edit-frame/operator-property-edit-frame.component.spec.ts" name="OperatorPropertyEditFrameComponent &gt; should hide the task field for HuggingFace operators" time="0.044402916">
        </testcase>
        <testcase classname="src/app/workspace/component/property-editor/operator-property-edit-frame/operator-property-edit-frame.component.spec.ts" name="OperatorPropertyEditFrameComponent &gt; should set modelId field type to &apos;huggingface&apos; for HF operators" time="0.05690425">
        </testcase>
        <testcase classname="src/app/workspace/component/property-editor/operator-property-edit-frame/operator-property-edit-frame.component.spec.ts" name="OperatorPropertyEditFrameComponent &gt; should set imageInput field type to &apos;huggingface-image-upload&apos;" time="0.052568917">
        </testcase>
        <testcase classname="src/app/workspace/component/property-editor/operator-property-edit-frame/operator-property-edit-frame.component.spec.ts" name="OperatorPropertyEditFrameComponent &gt; should set audioInput field type to &apos;huggingface-audio-upload&apos;" time="0.026406541">
        </testcase>
        <testcase classname="src/app/workspace/component/property-editor/operator-property-edit-frame/operator-property-edit-frame.component.spec.ts" name="OperatorPropertyEditFrameComponent &gt; should hide imageInput when task is undefined" time="0.038084834">
        </testcase>
        <testcase classname="src/app/workspace/component/property-editor/operator-property-edit-frame/operator-property-edit-frame.component.spec.ts" name="OperatorPropertyEditFrameComponent &gt; should hide audioInput when task is undefined" time="0.06018575">
        </testcase>
        <testcase classname="src/app/workspace/component/property-editor/operator-property-edit-frame/operator-property-edit-frame.component.spec.ts" name="OperatorPropertyEditFrameComponent &gt; should hide inputImageColumn when task is undefined" time="0.039966292">
        </testcase>
        <testcase classname="src/app/workspace/component/property-editor/operator-property-edit-frame/operator-property-edit-frame.component.spec.ts" name="OperatorPropertyEditFrameComponent &gt; should hide inputAudioColumn when task is undefined" time="0.046035042">
        </testcase>
        <testcase classname="src/app/workspace/component/property-editor/operator-property-edit-frame/operator-property-edit-frame.component.spec.ts" name="OperatorPropertyEditFrameComponent &gt; should show imageInput for image-to-video task" time="0.101857333">
        </testcase>
        <testcase classname="src/app/workspace/component/property-editor/operator-property-edit-frame/operator-property-edit-frame.component.spec.ts" name="OperatorPropertyEditFrameComponent &gt; should show imageInput for image-to-image task" time="0.057962792">
        </testcase>
        <testcase classname="src/app/workspace/component/property-editor/operator-property-edit-frame/operator-property-edit-frame.component.spec.ts" name="OperatorPropertyEditFrameComponent &gt; should show imageInput for document-question-answering task" time="0.044839208">
        </testcase>
        <testcase classname="src/app/workspace/component/property-editor/operator-property-edit-frame/operator-property-edit-frame.component.spec.ts" name="OperatorPropertyEditFrameComponent &gt; should show imageInput for image-text-to-text task" time="0.066004792">
        </testcase>
        <testcase classname="src/app/workspace/component/property-editor/operator-property-edit-frame/operator-property-edit-frame.component.spec.ts" name="OperatorPropertyEditFrameComponent &gt; should show audioInput for audio-classification task" time="0.046467875">
        </testcase>
        <testcase classname="src/app/workspace/component/property-editor/operator-property-edit-frame/operator-property-edit-frame.component.spec.ts" name="OperatorPropertyEditFrameComponent &gt; should show inputAudioColumn for audio-classification task" time="0.041254416">
        </testcase>
        <testcase classname="src/app/workspace/component/property-editor/operator-property-edit-frame/operator-property-edit-frame.component.spec.ts" name="OperatorPropertyEditFrameComponent &gt; should show promptColumn for visual-question-answering (image + prompt)" time="0.047963666">
        </testcase>
        <testcase classname="src/app/workspace/component/property-editor/operator-property-edit-frame/operator-property-edit-frame.component.spec.ts" name="OperatorPropertyEditFrameComponent &gt; should show promptColumn for document-question-answering (image + prompt)" time="0.135576042">
        </testcase>
        <testcase classname="src/app/workspace/component/property-editor/operator-property-edit-frame/operator-property-edit-frame.component.spec.ts" name="OperatorPropertyEditFrameComponent &gt; should show promptColumn for zero-shot-classification" time="0.016046459">
        </testcase>
        <testcase classname="src/app/workspace/component/property-editor/operator-property-edit-frame/operator-property-edit-frame.component.spec.ts" name="OperatorPropertyEditFrameComponent &gt; should show promptColumn for summarization" time="0.024212708">
        </testcase>
        <testcase classname="src/app/workspace/component/property-editor/operator-property-edit-frame/operator-property-edit-frame.component.spec.ts" name="OperatorPropertyEditFrameComponent &gt; should show promptColumn for translation" time="0.019484084">
        </testcase>
        <testcase classname="src/app/workspace/component/property-editor/operator-property-edit-frame/operator-property-edit-frame.component.spec.ts" name="OperatorPropertyEditFrameComponent &gt; requiredImageInput validator should pass when image task has formControl value" time="0.015390916">
        </testcase>
        <testcase classname="src/app/workspace/component/property-editor/operator-property-edit-frame/operator-property-edit-frame.component.spec.ts" name="OperatorPropertyEditFrameComponent &gt; requiredAudioInput validator should pass when audio task has formControl value" time="0.036056792">
        </testcase>
        <testcase classname="src/app/workspace/component/property-editor/operator-property-edit-frame/operator-property-edit-frame.component.spec.ts" name="OperatorPropertyEditFrameComponent &gt; requiredPromptColumn validator should pass when formControl has value" time="0.044584583">
        </testcase>
        <testcase classname="src/app/workspace/component/property-editor/operator-property-edit-frame/operator-property-edit-frame.component.spec.ts" name="OperatorPropertyEditFrameComponent &gt; should return audio kind preview for automatic-speech-recognition task" time="0.04878325">
        </testcase>
        <testcase classname="src/app/workspace/component/property-editor/operator-property-edit-frame/operator-property-edit-frame.component.spec.ts" name="OperatorPropertyEditFrameComponent &gt; should return image kind preview for image-to-image task" time="0.040178083">
        </testcase>
        <testcase classname="src/app/workspace/component/property-editor/operator-property-edit-frame/operator-property-edit-frame.component.spec.ts" name="OperatorPropertyEditFrameComponent &gt; should return null huggingFaceTaskPreview when operator is deleted" time="0.0448905">
        </testcase>
        <testcase classname="src/app/workspace/component/property-editor/operator-property-edit-frame/operator-property-edit-frame.component.spec.ts" name="OperatorPropertyEditFrameComponent &gt; should title-case multi-segment unknown task in fallback preview" time="0.051118125">
        </testcase>
        <testcase classname="src/app/workspace/component/property-editor/operator-property-edit-frame/operator-property-edit-frame.component.spec.ts" name="OperatorPropertyEditFrameComponent &gt; should title-case single-word unknown task in fallback preview" time="0.04046775">
        </testcase>
        <testcase classname="src/app/workspace/component/property-editor/operator-property-edit-frame/operator-property-edit-frame.component.spec.ts" name="OperatorPropertyEditFrameComponent &gt; should include assetSrc and pills in image-classification preview" time="0.037499291">
        </testcase>
        <testcase classname="src/app/workspace/component/property-editor/operator-property-edit-frame/operator-property-edit-frame.component.spec.ts" name="OperatorPropertyEditFrameComponent &gt; should include outputBody in text-generation preview" time="0.0545875">
        </testcase>
        <testcase classname="src/app/workspace/component/property-editor/operator-property-edit-frame/operator-property-edit-frame.component.spec.ts" name="OperatorPropertyEditFrameComponent &gt; should return video kind preview for image-to-video task" time="0.032220125">
        </testcase>
        <testcase classname="src/app/workspace/component/property-editor/operator-property-edit-frame/operator-property-edit-frame.component.spec.ts" name="OperatorPropertyEditFrameComponent &gt; should return text kind preview for zero-shot-classification task" time="0.038047042">
        </testcase>
        <testcase classname="src/app/workspace/component/property-editor/operator-property-edit-frame/operator-property-edit-frame.component.spec.ts" name="OperatorPropertyEditFrameComponent &gt; should return text kind preview for fill-mask task" time="0.0575075">
        </testcase>
        <testcase classname="src/app/workspace/component/property-editor/operator-property-edit-frame/operator-property-edit-frame.component.spec.ts" name="OperatorPropertyEditFrameComponent &gt; should return image kind preview for object-detection task" time="0.028420791">
        </testcase>
        <testcase classname="src/app/workspace/component/property-editor/operator-property-edit-frame/operator-property-edit-frame.component.spec.ts" name="OperatorPropertyEditFrameComponent &gt; should return image kind preview for text-to-image task" time="0.045415333">
        </testcase>
        <testcase classname="src/app/workspace/component/property-editor/operator-property-edit-frame/operator-property-edit-frame.component.spec.ts" name="OperatorPropertyEditFrameComponent &gt; should return text kind preview for text-classification task" time="0.042777166">
        </testcase>
        <testcase classname="src/app/workspace/component/property-editor/operator-property-edit-frame/operator-property-edit-frame.component.spec.ts" name="OperatorPropertyEditFrameComponent &gt; should return text kind preview for token-classification task" time="0.025800833">
        </testcase>
        <testcase classname="src/app/workspace/component/property-editor/operator-property-edit-frame/operator-property-edit-frame.component.spec.ts" name="OperatorPropertyEditFrameComponent &gt; should return text kind preview for table-question-answering task" time="0.052473667">
        </testcase>
        <testcase classname="src/app/workspace/component/property-editor/operator-property-edit-frame/operator-property-edit-frame.component.spec.ts" name="OperatorPropertyEditFrameComponent &gt; should return text kind preview for feature-extraction task" time="0.041144541">
        </testcase>
        <testcase classname="src/app/workspace/component/property-editor/operator-property-edit-frame/operator-property-edit-frame.component.spec.ts" name="OperatorPropertyEditFrameComponent &gt; should return image kind preview for image-segmentation task" time="0.047243666">
        </testcase>
        <testcase classname="src/app/workspace/component/property-editor/operator-property-edit-frame/operator-property-edit-frame.component.spec.ts" name="OperatorPropertyEditFrameComponent &gt; should return image kind preview for image-to-text task" time="0.077179834">
        </testcase>
        <testcase classname="src/app/workspace/component/property-editor/operator-property-edit-frame/operator-property-edit-frame.component.spec.ts" name="OperatorPropertyEditFrameComponent &gt; should return image kind preview for document-question-answering task" time="0.042139208">
        </testcase>
        <testcase classname="src/app/workspace/component/property-editor/operator-property-edit-frame/operator-property-edit-frame.component.spec.ts" name="OperatorPropertyEditFrameComponent &gt; should return image kind preview for zero-shot-image-classification task" time="0.087887541">
        </testcase>
        <testcase classname="src/app/workspace/component/property-editor/operator-property-edit-frame/operator-property-edit-frame.component.spec.ts" name="OperatorPropertyEditFrameComponent &gt; should return image kind preview for image-text-to-text task" time="0.059063792">
        </testcase>
        <testcase classname="src/app/workspace/component/property-editor/operator-property-edit-frame/operator-property-edit-frame.component.spec.ts" name="OperatorPropertyEditFrameComponent &gt; should return text kind preview for sentence-similarity task" time="0.052818291">
        </testcase>
        <testcase classname="src/app/workspace/component/property-editor/operator-property-edit-frame/operator-property-edit-frame.component.spec.ts" name="OperatorPropertyEditFrameComponent &gt; should return text kind preview for text-ranking task" time="0.064084125">
        </testcase>
        <testcase classname="src/app/workspace/component/property-editor/operator-property-edit-frame/operator-property-edit-frame.component.spec.ts" name="OperatorPropertyEditFrameComponent &gt; should return text kind preview for translation task" time="0.179293834">
        </testcase>
        <testcase classname="src/app/workspace/component/property-editor/operator-property-edit-frame/operator-property-edit-frame.component.spec.ts" name="OperatorPropertyEditFrameComponent &gt; should return text kind preview for summarization task" time="0.094264959">
        </testcase>
        <testcase classname="src/app/workspace/component/property-editor/operator-property-edit-frame/operator-property-edit-frame.component.spec.ts" name="OperatorPropertyEditFrameComponent &gt; should return audio kind preview for audio-classification task" time="0.054310375">
        </testcase>
        <testcase classname="src/app/workspace/component/property-editor/operator-property-edit-frame/operator-property-edit-frame.component.spec.ts" name="OperatorPropertyEditFrameComponent &gt; requiredImageInput validator should return correct message" time="0.039875">
        </testcase>
        <testcase classname="src/app/workspace/component/property-editor/operator-property-edit-frame/operator-property-edit-frame.component.spec.ts" name="OperatorPropertyEditFrameComponent &gt; requiredAudioInput validator should return correct message" time="0.053062792">
        </testcase>
        <testcase classname="src/app/workspace/component/property-editor/operator-property-edit-frame/operator-property-edit-frame.component.spec.ts" name="OperatorPropertyEditFrameComponent &gt; requiredPromptColumn validator should return correct message" time="0.029114667">
        </testcase>
        <testcase classname="src/app/workspace/component/property-editor/operator-property-edit-frame/operator-property-edit-frame.component.spec.ts" name="OperatorPropertyEditFrameComponent &gt; should show promptColumn for token-classification" time="0.069728417">
        </testcase>
        <testcase classname="src/app/workspace/component/property-editor/operator-property-edit-frame/operator-property-edit-frame.component.spec.ts" name="OperatorPropertyEditFrameComponent &gt; should show promptColumn for table-question-answering" time="0.029767542">
        </testcase>
        <testcase classname="src/app/workspace/component/property-editor/operator-property-edit-frame/operator-property-edit-frame.component.spec.ts" name="OperatorPropertyEditFrameComponent &gt; should show promptColumn for feature-extraction" time="0.036471">
        </testcase>
        <testcase classname="src/app/workspace/component/property-editor/operator-property-edit-frame/operator-property-edit-frame.component.spec.ts" name="OperatorPropertyEditFrameComponent &gt; should show promptColumn for fill-mask" time="0.03002025">
        </testcase>
        <testcase classname="src/app/workspace/component/property-editor/operator-property-edit-frame/operator-property-edit-frame.component.spec.ts" name="OperatorPropertyEditFrameComponent &gt; should show promptColumn for sentence-similarity" time="0.036698375">
        </testcase>
        <testcase classname="src/app/workspace/component/property-editor/operator-property-edit-frame/operator-property-edit-frame.component.spec.ts" name="OperatorPropertyEditFrameComponent &gt; should show promptColumn for text-ranking" time="0.041518291">
        </testcase>
        <testcase classname="src/app/workspace/component/property-editor/operator-property-edit-frame/operator-property-edit-frame.component.spec.ts" name="OperatorPropertyEditFrameComponent &gt; should show promptColumn for image-text-to-text" time="0.025549">
        </testcase>
        <testcase classname="src/app/workspace/component/property-editor/operator-property-edit-frame/operator-property-edit-frame.component.spec.ts" name="OperatorPropertyEditFrameComponent &gt; should hide promptColumn for object-detection (image-only)" time="0.030039416">
        </testcase>
        <testcase classname="src/app/workspace/component/property-editor/operator-property-edit-frame/operator-property-edit-frame.component.spec.ts" name="OperatorPropertyEditFrameComponent &gt; should hide promptColumn for image-segmentation (image-only)" time="0.046776875">
        </testcase>
        <testcase classname="src/app/workspace/component/property-editor/operator-property-edit-frame/operator-property-edit-frame.component.spec.ts" name="OperatorPropertyEditFrameComponent &gt; should hide promptColumn for image-to-text (image-only)" time="0.0449945">
        </testcase>
        <testcase classname="src/app/workspace/component/property-editor/operator-property-edit-frame/operator-property-edit-frame.component.spec.ts" name="OperatorPropertyEditFrameComponent &gt; should hide imageInput for text-to-image task" time="0.071488792">
        </testcase>
        <testcase classname="src/app/workspace/component/property-editor/operator-property-edit-frame/operator-property-edit-frame.component.spec.ts" name="OperatorPropertyEditFrameComponent &gt; should hide imageInput for text-to-speech task" time="0.035891625">
        </testcase>
        <testcase classname="src/app/workspace/component/property-editor/operator-property-edit-frame/operator-property-edit-frame.component.spec.ts" name="OperatorPropertyEditFrameComponent &gt; should hide audioInput for text-to-image task" time="0.184720458">
        </testcase>
        <testcase classname="src/app/workspace/component/property-editor/operator-property-edit-frame/operator-property-edit-frame.component.spec.ts" name="OperatorPropertyEditFrameComponent &gt; should hide audioInput for text-to-speech task" time="0.056343166">
        </testcase>
        <testcase classname="src/app/workspace/component/property-editor/operator-property-edit-frame/operator-property-edit-frame.component.spec.ts" name="OperatorPropertyEditFrameComponent &gt; should show imageInput for zero-shot-image-classification task" time="0.052262667">
        </testcase>
        <testcase classname="src/app/workspace/component/property-editor/operator-property-edit-frame/operator-property-edit-frame.component.spec.ts" name="OperatorPropertyEditFrameComponent &gt; should show inputImageColumn for zero-shot-image-classification" time="0.049010458">
        </testcase>
        <testcase classname="src/app/workspace/component/property-editor/operator-property-edit-frame/operator-property-edit-frame.component.spec.ts" name="OperatorPropertyEditFrameComponent &gt; should show inputImageColumn for image-to-image" time="0.041656083">
        </testcase>
        <testcase classname="src/app/workspace/component/property-editor/operator-property-edit-frame/operator-property-edit-frame.component.spec.ts" name="OperatorPropertyEditFrameComponent &gt; should show inputImageColumn for image-to-video" time="0.081432834">
        </testcase>
        <testcase classname="src/app/workspace/component/property-editor/operator-property-edit-frame/operator-property-edit-frame.component.spec.ts" name="OperatorPropertyEditFrameComponent &gt; requiredImageInput validator should fail for zero-shot-image-classification with no input" time="0.037092584">
        </testcase>
        <testcase classname="src/app/workspace/component/property-editor/operator-property-edit-frame/operator-property-edit-frame.component.spec.ts" name="OperatorPropertyEditFrameComponent &gt; requiredImageInput validator should pass for zero-shot-image-classification with column" time="0.036769">
        </testcase>
        <testcase classname="src/app/workspace/component/property-editor/operator-property-edit-frame/operator-property-edit-frame.component.spec.ts" name="OperatorPropertyEditFrameComponent &gt; requiredPromptColumn validator should fail when value is whitespace-only" time="0.0787315">
        </testcase>
        <testcase classname="src/app/workspace/component/property-editor/operator-property-edit-frame/operator-property-edit-frame.component.spec.ts" name="OperatorPropertyEditFrameComponent &gt; requiredImageInput validator should fail when imageInput is whitespace-only" time="0.028617708">
        </testcase>
        <testcase classname="src/app/workspace/component/property-editor/operator-property-edit-frame/operator-property-edit-frame.component.spec.ts" name="OperatorPropertyEditFrameComponent &gt; requiredAudioInput validator should fail when audioInput is whitespace-only" time="0.064872042">
        </testcase>
        <testcase classname="src/app/workspace/component/property-editor/operator-property-edit-frame/operator-property-edit-frame.component.spec.ts" name="OperatorPropertyEditFrameComponent &gt; should use form.get task value for hide expression when model.task is undefined" time="0.068960292">
        </testcase>
        <testcase classname="src/app/workspace/component/property-editor/operator-property-edit-frame/operator-property-edit-frame.component.spec.ts" name="OperatorPropertyEditFrameComponent &gt; should use formControl.parent.get task value when model and form are empty" time="0.074622583">
        </testcase>
        <testcase classname="src/app/workspace/component/property-editor/operator-property-edit-frame/operator-property-edit-frame.component.spec.ts" name="OperatorPropertyEditFrameComponent &gt; should return null preview when task is whitespace-only" time="0.1733235">
        </testcase>
        <testcase classname="src/app/workspace/component/property-editor/operator-property-edit-frame/operator-property-edit-frame.component.spec.ts" name="OperatorPropertyEditFrameComponent &gt; should hide systemPrompt for automatic-speech-recognition" time="0.06080025">
        </testcase>
        <testcase classname="src/app/workspace/component/property-editor/operator-property-edit-frame/operator-property-edit-frame.component.spec.ts" name="OperatorPropertyEditFrameComponent &gt; should hide contextColumn for image-classification" time="0.0876525">
        </testcase>
        <testcase classname="src/app/workspace/component/property-editor/operator-property-edit-frame/operator-property-edit-frame.component.spec.ts" name="OperatorPropertyEditFrameComponent &gt; should hide candidateLabels for text-generation" time="0.099524958">
        </testcase>
        <testcase classname="src/app/workspace/component/property-editor/operator-property-edit-frame/operator-property-edit-frame.component.spec.ts" name="OperatorPropertyEditFrameComponent &gt; should hide sentencesColumn for question-answering" time="0.026431417">
        </testcase>
        <testcase classname="src/app/workspace/component/property-editor/operator-property-edit-frame/operator-property-edit-frame.component.spec.ts" name="OperatorPropertyEditFrameComponent &gt; should hide promptColumn when task is undefined" time="0.043044375">
        </testcase>
        <testcase classname="src/app/workspace/component/property-editor/operator-property-edit-frame/operator-property-edit-frame.component.spec.ts" name="OperatorPropertyEditFrameComponent &gt; should hide systemPrompt when task is undefined" time="0.022049959">
        </testcase>
        <testcase classname="src/app/workspace/component/property-editor/operator-property-edit-frame/operator-property-edit-frame.component.spec.ts" name="OperatorPropertyEditFrameComponent &gt; should hide contextColumn when task is undefined" time="0.034996667">
        </testcase>
        <testcase classname="src/app/workspace/component/property-editor/operator-property-edit-frame/operator-property-edit-frame.component.spec.ts" name="OperatorPropertyEditFrameComponent &gt; should hide candidateLabels when task is undefined" time="0.043079833">
        </testcase>
        <testcase classname="src/app/workspace/component/property-editor/operator-property-edit-frame/operator-property-edit-frame.component.spec.ts" name="OperatorPropertyEditFrameComponent &gt; should hide sentencesColumn when task is undefined" time="0.056517917">
        </testcase>
        <testcase classname="src/app/workspace/component/property-editor/operator-property-edit-frame/operator-property-edit-frame.component.spec.ts" name="OperatorPropertyEditFrameComponent &gt; should hide maxNewTokens when task is undefined" time="0.044668958">
        </testcase>
        <testcase classname="src/app/workspace/component/property-editor/operator-property-edit-frame/operator-property-edit-frame.component.spec.ts" name="OperatorPropertyEditFrameComponent &gt; should hide temperature when task is undefined" time="0.100363708">
        </testcase>
        <testcase classname="src/app/workspace/component/property-editor/operator-property-edit-frame/operator-property-edit-frame.component.spec.ts" name="OperatorPropertyEditFrameComponent &gt; attributeTypeRules validator (checkAttributeType) &gt; enum rule fails when the input attribute type is not in the enum" time="0.02609875">
        </testcase>
        <testcase classname="src/app/workspace/component/property-editor/operator-property-edit-frame/operator-property-edit-frame.component.spec.ts" name="OperatorPropertyEditFrameComponent &gt; attributeTypeRules validator (checkAttributeType) &gt; enum rule passes when the input attribute type matches the enum" time="0.010789917">
        </testcase>
        <testcase classname="src/app/workspace/component/property-editor/operator-property-edit-frame/operator-property-edit-frame.component.spec.ts" name="OperatorPropertyEditFrameComponent &gt; attributeTypeRules validator (checkAttributeType) &gt; passes without checking anything when no operator is selected" time="0.015689125">
        </testcase>
        <testcase classname="src/app/workspace/component/property-editor/operator-property-edit-frame/operator-property-edit-frame.component.spec.ts" name="OperatorPropertyEditFrameComponent &gt; attributeTypeRules validator (checkAttributeType) &gt; skips a rule that names a property the schema does not declare" time="0.024182542">
        </testcase>
        <testcase classname="src/app/workspace/component/property-editor/operator-property-edit-frame/operator-property-edit-frame.component.spec.ts" name="OperatorPropertyEditFrameComponent &gt; attributeTypeRules validator (checkAttributeType) &gt; skips a property whose schema declares no autofill port" time="0.016539625">
        </testcase>
        <testcase classname="src/app/workspace/component/property-editor/operator-property-edit-frame/operator-property-edit-frame.component.spec.ts" name="OperatorPropertyEditFrameComponent &gt; attributeTypeRules validator (checkAttributeType) &gt; skips a const rule that carries no $data reference" time="0.019045958">
        </testcase>
        <testcase classname="src/app/workspace/component/property-editor/operator-property-edit-frame/operator-property-edit-frame.component.spec.ts" name="OperatorPropertyEditFrameComponent &gt; attributeTypeRules validator (checkAttributeType) &gt; const $data rule passes when both attributes resolve to the same type" time="0.01245225">
        </testcase>
        <testcase classname="src/app/workspace/component/property-editor/operator-property-edit-frame/operator-property-edit-frame.component.spec.ts" name="OperatorPropertyEditFrameComponent &gt; attributeTypeRules validator (checkAttributeType) &gt; enum rule is skipped when the attribute type is undefined (attribute not selected)" time="0.011384708">
        </testcase>
        <testcase classname="src/app/workspace/component/property-editor/operator-property-edit-frame/operator-property-edit-frame.component.spec.ts" name="OperatorPropertyEditFrameComponent &gt; attributeTypeRules validator (checkAttributeType) &gt; const $data rule fails when the sibling attribute resolves to a different type" time="0.012018792">
        </testcase>
        <testcase classname="src/app/workspace/component/property-editor/operator-property-edit-frame/operator-property-edit-frame.component.spec.ts" name="OperatorPropertyEditFrameComponent &gt; attributeTypeRules validator (checkAttributeType) &gt; const $data rule is skipped when the sibling attribute type is not yet resolved" time="0.008432042">
        </testcase>
        <testcase classname="src/app/workspace/component/property-editor/operator-property-edit-frame/operator-property-edit-frame.component.spec.ts" name="OperatorPropertyEditFrameComponent &gt; attributeTypeRules validator (checkAttributeType) &gt; allOf if/then rule fails when the if-condition holds but the then-enum is violated" time="0.014720708">
        </testcase>
        <testcase classname="src/app/workspace/component/property-editor/operator-property-edit-frame/operator-property-edit-frame.component.spec.ts" name="OperatorPropertyEditFrameComponent &gt; attributeTypeRules validator (checkAttributeType) &gt; allOf if/then rule passes when the if-condition is not satisfied" time="0.017330125">
        </testcase>
        <testcase classname="src/app/workspace/component/property-editor/operator-property-edit-frame/operator-property-edit-frame.component.spec.ts" name="OperatorPropertyEditFrameComponent &gt; attributeTypeRules validator (checkAttributeType) &gt; enum rule passes when every column a multi-column property names matches" time="0.018215709">
        </testcase>
        <testcase classname="src/app/workspace/component/property-editor/operator-property-edit-frame/operator-property-edit-frame.component.spec.ts" name="OperatorPropertyEditFrameComponent &gt; attributeTypeRules validator (checkAttributeType) &gt; enum rule names the one column of a multi-column property that violates it" time="0.005321791">
        </testcase>
        <testcase classname="src/app/workspace/component/property-editor/operator-property-edit-frame/operator-property-edit-frame.component.spec.ts" name="OperatorPropertyEditFrameComponent &gt; attributeTypeRules validator (checkAttributeType) &gt; enum rule names the timestamp among columns a trainer cannot fit together" time="0.007950416">
        </testcase>
        <testcase classname="src/app/workspace/component/property-editor/operator-property-edit-frame/operator-property-edit-frame.component.spec.ts" name="OperatorPropertyEditFrameComponent &gt; attributeTypeRules validator (checkAttributeType) &gt; enum rule is skipped when a multi-column property names nothing" time="0.006452625">
        </testcase>
        <testcase classname="src/app/workspace/component/property-editor/operator-property-edit-frame/operator-property-edit-frame.component.spec.ts" name="OperatorPropertyEditFrameComponent &gt; field-level validators and type mapping &gt; adds an inEnum validator that rejects values no longer present in the schema enum" time="0.014169291">
        </testcase>
        <testcase classname="src/app/workspace/component/property-editor/operator-property-edit-frame/operator-property-edit-frame.component.spec.ts" name="OperatorPropertyEditFrameComponent &gt; field-level validators and type mapping &gt; adds a uniqueAmongRows validator that rejects a value another row already holds" time="0.022879958">
        </testcase>
        <testcase classname="src/app/workspace/component/property-editor/operator-property-edit-frame/operator-property-edit-frame.component.spec.ts" name="OperatorPropertyEditFrameComponent &gt; field-level validators and type mapping &gt; maps datasetVersionPath to the datasetversionselector field type" time="0.014151458">
        </testcase>
        <testcase classname="src/app/workspace/component/property-editor/operator-property-edit-frame/operator-property-edit-frame.component.spec.ts" name="OperatorPropertyEditFrameComponent &gt; field-level validators and type mapping &gt; maps uiParameters to the ui-udf-parameters field type" time="0.015746458">
        </testcase>
        <testcase classname="src/app/workspace/component/property-editor/operator-property-edit-frame/operator-property-edit-frame.component.spec.ts" name="OperatorPropertyEditFrameComponent &gt; field-level validators and type mapping &gt; maps a field described as &apos;Input your code here&apos; to the codearea field type" time="0.011547542">
        </testcase>
        <testcase classname="src/app/workspace/component/property-editor/operator-property-edit-frame/operator-property-edit-frame.component.spec.ts" name="OperatorPropertyEditFrameComponent &gt; operator-type-specific field behavior &gt; hides FileScanOp outputFileName unless extract is on or the type is a string/binary type" time="0.013678292">
        </testcase>
        <testcase classname="src/app/workspace/component/property-editor/operator-property-edit-frame/operator-property-edit-frame.component.spec.ts" name="OperatorPropertyEditFrameComponent &gt; operator-type-specific field behavior &gt; maps Projection attributes to repeat-section-dnd and proxies reorder() to onFormChanges" time="0.015170584">
        </testcase>
        <testcase classname="src/app/workspace/component/property-editor/operator-property-edit-frame/operator-property-edit-frame.component.spec.ts" name="OperatorPropertyEditFrameComponent &gt; checkOperatorProperty &gt; returns false when no operator is being displayed" time="0.011940166">
        </testcase>
        <testcase classname="src/app/workspace/component/property-editor/operator-property-edit-frame/operator-property-edit-frame.component.spec.ts" name="OperatorPropertyEditFrameComponent &gt; checkOperatorProperty &gt; returns true only when the form data differs from the stored operator properties" time="0.040526541">
        </testcase>
        <testcase classname="src/app/workspace/component/property-editor/operator-property-edit-frame/operator-property-edit-frame.component.spec.ts" name="OperatorPropertyEditFrameComponent &gt; typeInferenceOnLambdaFunction &gt; does nothing for non-lambda operators" time="0.048119333">
        </testcase>
        <testcase classname="src/app/workspace/component/property-editor/operator-property-edit-frame/operator-property-edit-frame.component.spec.ts" name="OperatorPropertyEditFrameComponent &gt; typeInferenceOnLambdaFunction &gt; infers attribute types from the input schema and clears empty &apos;Add New Column&apos; units" time="0.014438917">
        </testcase>
        <testcase classname="src/app/workspace/component/property-editor/operator-property-edit-frame/operator-property-edit-frame.component.spec.ts" name="OperatorPropertyEditFrameComponent &gt; setInteractivity &gt; disables and re-enables every control in the form group" time="0.0150375">
        </testcase>
        <testcase classname="src/app/workspace/component/property-editor/operator-property-edit-frame/operator-property-edit-frame.component.spec.ts" name="OperatorPropertyEditFrameComponent &gt; setInteractivity &gt; only updates the interactive flag when there is no form group" time="0.041186958">
        </testcase>
        <testcase classname="src/app/workspace/component/property-editor/operator-property-edit-frame/operator-property-edit-frame.component.spec.ts" name="OperatorPropertyEditFrameComponent &gt; Python UDF environment schema patching &gt; injects the environment list into the envName enum without mutating the original schema" time="0.01708825">
        </testcase>
        <testcase classname="src/app/workspace/component/property-editor/operator-property-edit-frame/operator-property-edit-frame.component.spec.ts" name="OperatorPropertyEditFrameComponent &gt; Python UDF environment schema patching &gt; hides envName and makes it optional when the default environment is checked" time="0.010585917">
        </testcase>
        <testcase classname="src/app/workspace/component/property-editor/operator-property-edit-frame/operator-property-edit-frame.component.spec.ts" name="OperatorPropertyEditFrameComponent &gt; registerOperatorPropertyChangeHandler loop guard &gt; refreshes formData on graph property changes only while listeningToChange is true" time="0.022279334">
        </testcase>
        <testcase classname="src/app/workspace/component/property-editor/operator-property-edit-frame/operator-property-edit-frame.component.spec.ts" name="OperatorPropertyEditFrameComponent &gt; real template rendering &gt; should render the title section when editingTitle is false and formTitle is set" time="0.02977825">
        </testcase>
        <testcase classname="src/app/workspace/component/property-editor/operator-property-edit-frame/operator-property-edit-frame.component.spec.ts" name="OperatorPropertyEditFrameComponent &gt; real template rendering &gt; should not render the h3 title when formTitle is undefined" time="0.022821208">
        </testcase>
        <testcase classname="src/app/workspace/component/property-editor/operator-property-edit-frame/operator-property-edit-frame.component.spec.ts" name="OperatorPropertyEditFrameComponent &gt; real template rendering &gt; should disable the edit button when interactive is false" time="0.048405834">
        </testcase>
        <testcase classname="src/app/workspace/component/property-editor/operator-property-edit-frame/operator-property-edit-frame.component.spec.ts" name="OperatorPropertyEditFrameComponent &gt; real template rendering &gt; should enable the edit button when interactive is true" time="0.033616667">
        </testcase>
        <testcase classname="src/app/workspace/component/property-editor/operator-property-edit-frame/operator-property-edit-frame.component.spec.ts" name="OperatorPropertyEditFrameComponent &gt; real template rendering &gt; should hide the title section when editingTitle is true" time="0.022262709">
        </testcase>
        <testcase classname="src/app/workspace/component/property-editor/operator-property-edit-frame/operator-property-edit-frame.component.spec.ts" name="OperatorPropertyEditFrameComponent &gt; real template rendering &gt; should hide the customName div when editingTitle is false" time="0.02598525">
        </testcase>
        <testcase classname="src/app/workspace/component/property-editor/operator-property-edit-frame/operator-property-edit-frame.component.spec.ts" name="OperatorPropertyEditFrameComponent &gt; real template rendering &gt; should show the customName div when editingTitle is true" time="0.029075708">
        </testcase>
        <testcase classname="src/app/workspace/component/property-editor/operator-property-edit-frame/operator-property-edit-frame.component.spec.ts" name="OperatorPropertyEditFrameComponent &gt; real template rendering &gt; should show the PythonLambdaFunction icon when currentOperatorId includes PythonLambdaFunction" time="0.069233083">
        </testcase>
        <testcase classname="src/app/workspace/component/property-editor/operator-property-edit-frame/operator-property-edit-frame.component.spec.ts" name="OperatorPropertyEditFrameComponent &gt; real template rendering &gt; should not show the PythonLambdaFunction icon for other operator types" time="0.038844792">
        </testcase>
        <testcase classname="src/app/workspace/component/property-editor/operator-property-edit-frame/operator-property-edit-frame.component.spec.ts" name="OperatorPropertyEditFrameComponent &gt; real template rendering &gt; should not render the form section when formlyFields is undefined" time="0.065356208">
        </testcase>
        <testcase classname="src/app/workspace/component/property-editor/operator-property-edit-frame/operator-property-edit-frame.component.spec.ts" name="OperatorPropertyEditFrameComponent &gt; real template rendering &gt; should render the operator version span" time="0.060077625">
        </testcase>
        <testcase classname="src/app/workspace/component/property-editor/operator-property-edit-frame/operator-property-edit-frame.component.spec.ts" name="OperatorPropertyEditFrameComponent &gt; real template rendering &gt; should not render the HF preview card when huggingFaceTaskPreview is null" time="0.043577208">
        </testcase>
        <testcase classname="src/app/workspace/component/property-editor/operator-property-edit-frame/operator-property-edit-frame.component.spec.ts" name="OperatorPropertyEditFrameComponent &gt; real template rendering &gt; should render a video element for kind=&apos;video&apos;" time="0.056329542">
        </testcase>
        <testcase classname="src/app/workspace/component/property-editor/operator-property-edit-frame/operator-property-edit-frame.component.spec.ts" name="OperatorPropertyEditFrameComponent &gt; real template rendering &gt; should bind [src] and [muted] on the video element" time="0.056054833">
        </testcase>
        <testcase classname="src/app/workspace/component/property-editor/operator-property-edit-frame/operator-property-edit-frame.component.spec.ts" name="OperatorPropertyEditFrameComponent &gt; real template rendering &gt; should render an img element for kind=&apos;image&apos;" time="0.052120375">
        </testcase>
        <testcase classname="src/app/workspace/component/property-editor/operator-property-edit-frame/operator-property-edit-frame.component.spec.ts" name="OperatorPropertyEditFrameComponent &gt; real template rendering &gt; should render an audio element for kind=&apos;audio&apos;" time="0.027574792">
        </testcase>
        <testcase classname="src/app/workspace/component/property-editor/operator-property-edit-frame/operator-property-edit-frame.component.spec.ts" name="OperatorPropertyEditFrameComponent &gt; real template rendering &gt; should render the text surface for kind=&apos;text&apos;" time="0.027261917">
        </testcase>
        <testcase classname="src/app/workspace/component/property-editor/operator-property-edit-frame/operator-property-edit-frame.component.spec.ts" name="OperatorPropertyEditFrameComponent &gt; real template rendering &gt; should render outputBody in the text surface when present" time="0.030168958">
        </testcase>
        <testcase classname="src/app/workspace/component/property-editor/operator-property-edit-frame/operator-property-edit-frame.component.spec.ts" name="OperatorPropertyEditFrameComponent &gt; real template rendering &gt; should not render outputBody in the text surface when absent" time="0.019440542">
        </testcase>
        <testcase classname="src/app/workspace/component/property-editor/operator-property-edit-frame/operator-property-edit-frame.component.spec.ts" name="OperatorPropertyEditFrameComponent &gt; real template rendering &gt; should render the flow section when inputLabel and outputLabel are set" time="0.023496208">
        </testcase>
        <testcase classname="src/app/workspace/component/property-editor/operator-property-edit-frame/operator-property-edit-frame.component.spec.ts" name="OperatorPropertyEditFrameComponent &gt; real template rendering &gt; should not render the flow section when inputLabel and outputLabel are absent" time="0.025299917">
        </testcase>
        <testcase classname="src/app/workspace/component/property-editor/operator-property-edit-frame/operator-property-edit-frame.component.spec.ts" name="OperatorPropertyEditFrameComponent &gt; real template rendering &gt; should render the description for non-text kinds with body" time="0.035113167">
        </testcase>
        <testcase classname="src/app/workspace/component/property-editor/operator-property-edit-frame/operator-property-edit-frame.component.spec.ts" name="OperatorPropertyEditFrameComponent &gt; real template rendering &gt; should not render the description for kind=&apos;text&apos;" time="0.040028125">
        </testcase>
        <testcase classname="src/app/workspace/component/property-editor/operator-property-edit-frame/operator-property-edit-frame.component.spec.ts" name="OperatorPropertyEditFrameComponent &gt; real template rendering &gt; should render outputBody in meta for non-text kinds" time="0.08786825">
        </testcase>
        <testcase classname="src/app/workspace/component/property-editor/operator-property-edit-frame/operator-property-edit-frame.component.spec.ts" name="OperatorPropertyEditFrameComponent &gt; real template rendering &gt; should not render outputBody in meta for kind=&apos;text&apos;" time="0.040141833">
        </testcase>
        <testcase classname="src/app/workspace/component/property-editor/operator-property-edit-frame/operator-property-edit-frame.component.spec.ts" name="OperatorPropertyEditFrameComponent &gt; real template rendering &gt; should render pills when pills array is non-empty" time="0.042661792">
        </testcase>
        <testcase classname="src/app/workspace/component/property-editor/operator-property-edit-frame/operator-property-edit-frame.component.spec.ts" name="OperatorPropertyEditFrameComponent &gt; real template rendering &gt; should not render pills when pills array is empty" time="0.067756167">
        </testcase>
        <testcase classname="src/app/workspace/component/property-editor/operator-property-edit-frame/operator-property-edit-frame.component.spec.ts" name="OperatorPropertyEditFrameComponent &gt; real template rendering &gt; uniqueAmongRows across rendered rows &gt; marks both rows that name one parameter" time="0.262197916">
        </testcase>
        <testcase classname="src/app/workspace/component/property-editor/operator-property-edit-frame/operator-property-edit-frame.component.spec.ts" name="OperatorPropertyEditFrameComponent &gt; real template rendering &gt; uniqueAmongRows across rendered rows &gt; clears the row left behind when the other row picks a free parameter" time="0.210495042">
        </testcase>
        <testcase classname="src/app/workspace/component/property-editor/operator-property-edit-frame/operator-property-edit-frame.component.spec.ts" name="OperatorPropertyEditFrameComponent &gt; real template rendering &gt; uniqueAmongRows across rendered rows &gt; marks the row already holding the parameter a row is changed onto" time="0.083566">
        </testcase>
        <testcase classname="src/app/workspace/component/property-editor/operator-property-edit-frame/operator-property-edit-frame.component.spec.ts" name="OperatorPropertyEditFrameComponent &gt; onFormChanges null handling &gt; should strip null values for optional fields" time="0.008815042">
        </testcase>
        <testcase classname="src/app/workspace/component/property-editor/operator-property-edit-frame/operator-property-edit-frame.component.spec.ts" name="OperatorPropertyEditFrameComponent &gt; onFormChanges null handling &gt; should keep null values for required fields" time="0.00711125">
        </testcase>
        <testcase classname="src/app/workspace/component/property-editor/operator-property-edit-frame/operator-property-edit-frame.component.spec.ts" name="OperatorPropertyEditFrameComponent &gt; onFormChanges null handling &gt; should keep non-null values regardless of required status" time="0.013928875">
        </testcase>
        <testcase classname="src/app/workspace/component/property-editor/operator-property-edit-frame/operator-property-edit-frame.component.spec.ts" name="OperatorPropertyEditFrameComponent &gt; onFormChanges null handling &gt; should strip undefined values for optional fields" time="0.019382">
        </testcase>
        <testcase classname="src/app/workspace/component/property-editor/operator-property-edit-frame/operator-property-edit-frame.component.spec.ts" name="OperatorPropertyEditFrameComponent &gt; modify-operator-logic gating &gt; allowModifyOperatorLogic re-enables editing" time="0.02521175">
        </testcase>
        <testcase classname="src/app/workspace/component/property-editor/operator-property-edit-frame/operator-property-edit-frame.component.spec.ts" name="OperatorPropertyEditFrameComponent &gt; modify-operator-logic gating &gt; confirmModifyOperatorLogic pushes the change and locks the form again" time="0.038724542">
        </testcase>
        <testcase classname="src/app/workspace/component/property-editor/operator-property-edit-frame/operator-property-edit-frame.component.spec.ts" name="OperatorPropertyEditFrameComponent &gt; modify-operator-logic gating &gt; confirmModifyOperatorLogic reports a failure and leaves the form editable" time="0.028843625">
        </testcase>
        <testcase classname="src/app/workspace/component/property-editor/operator-property-edit-frame/operator-property-edit-frame.component.spec.ts" name="OperatorPropertyEditFrameComponent &gt; modify-operator-logic gating &gt; confirmModifyOperatorLogic does nothing when no operator is selected" time="0.009985">
        </testcase>
        <testcase classname="src/app/workspace/component/property-editor/operator-property-edit-frame/operator-property-edit-frame.component.spec.ts" name="OperatorPropertyEditFrameComponent &gt; subscription handlers &gt; retitles the form only when the renamed operator is the current one" time="0.011215791">
        </testcase>
        <testcase classname="src/app/workspace/component/property-editor/operator-property-edit-frame/operator-property-edit-frame.component.spec.ts" name="OperatorPropertyEditFrameComponent &gt; subscription handlers &gt; mirrors the workflow-modification flag onto the form&apos;s interactivity" time="0.009935708">
        </testcase>
        <testcase classname="src/app/workspace/component/property-editor/operator-property-edit-frame/operator-property-edit-frame.component.spec.ts" name="OperatorPropertyEditFrameComponent &gt; subscription handlers &gt; ignores the workflow-modification flag while no operator is selected" time="0.012656333">
        </testcase>
        <testcase classname="src/app/workspace/component/property-editor/operator-property-edit-frame/operator-property-edit-frame.component.spec.ts" name="OperatorPropertyEditFrameComponent &gt; subscription handlers &gt; re-renders only when the current operator&apos;s dynamic schema changes" time="0.017445625">
        </testcase>
        <testcase classname="src/app/workspace/component/property-editor/operator-property-edit-frame/operator-property-edit-frame.component.spec.ts" name="OperatorPropertyEditFrameComponent &gt; rerenderEditorForm &gt; is a no-op when no operator is selected" time="0.007802666">
        </testcase>
        <testcase classname="src/app/workspace/component/property-editor/operator-property-edit-frame/operator-property-edit-frame.component.spec.ts" name="OperatorPropertyEditFrameComponent &gt; Python UDF environment loading &gt; seeds defaultEnv when the operator&apos;s properties do not carry it" time="0.017819541">
        </testcase>
        <testcase classname="src/app/workspace/component/property-editor/operator-property-edit-frame/operator-property-edit-frame.component.spec.ts" name="OperatorPropertyEditFrameComponent &gt; Python UDF environment loading &gt; leaves an explicit defaultEnv alone" time="0.030692084">
        </testcase>
        <testcase classname="src/app/workspace/component/property-editor/operator-property-edit-frame/operator-property-edit-frame.component.spec.ts" name="OperatorPropertyEditFrameComponent &gt; Python UDF environment loading &gt; fetches the selected unit&apos;s environments and binds them as envName options" time="0.02492175">
        </testcase>
        <testcase classname="src/app/workspace/component/property-editor/operator-property-edit-frame/operator-property-edit-frame.component.spec.ts" name="OperatorPropertyEditFrameComponent &gt; Python UDF environment loading &gt; skips the fetch when the emitted unit carries no cuid" time="0.026609291">
        </testcase>
        <testcase classname="src/app/workspace/component/property-editor/operator-property-edit-frame/operator-property-edit-frame.component.spec.ts" name="OperatorPropertyEditFrameComponent &gt; Python UDF environment loading &gt; skips the fetch when no computing unit is selected" time="0.047074458">
        </testcase>
        <testcase classname="src/app/workspace/component/property-editor/operator-property-edit-frame/operator-property-edit-frame.component.spec.ts" name="OperatorPropertyEditFrameComponent &gt; Python UDF environment loading &gt; reports an Error failure and still binds the form with no environments" time="0.042439542">
            <system-err>
Failed to load Python virtual environments: Error: pve down
    at /Users/karyzheng/dev/texera_workflow_to_py_3/frontend/src/app/workspace/component/property-editor/operator-property-edit-frame/operator-property-edit-frame.component.spec.ts:2657:80
    at Observable.init [as _subscribe] (/Users/karyzheng/dev/texera_workflow_to_py_3/frontend/node_modules/rxjs/dist/cjs/internal/observable/throwError.js:8:64)
    at Observable._trySubscribe (/Users/karyzheng/dev/texera_workflow_to_py_3/frontend/node_modules/rxjs/dist/cjs/internal/Observable.js:41:25)
    at /Users/karyzheng/dev/texera_workflow_to_py_3/frontend/node_modules/rxjs/dist/cjs/internal/Observable.js:35:31
    at Object.errorContext (/Users/karyzheng/dev/texera_workflow_to_py_3/frontend/node_modules/rxjs/dist/cjs/internal/util/errorContext.js:22:9)
    at Observable.subscribe (/Users/karyzheng/dev/texera_workflow_to_py_3/frontend/node_modules/rxjs/dist/cjs/internal/Observable.js:26:24)
    at /Users/karyzheng/dev/texera_workflow_to_py_3/frontend/node_modules/rxjs/dist/cjs/internal/operators/map.js:9:16
    at OperatorSubscriber.&lt;anonymous&gt; (/Users/karyzheng/dev/texera_workflow_to_py_3/frontend/node_modules/rxjs/dist/cjs/internal/util/lift.js:14:28)
    at /Users/karyzheng/dev/texera_workflow_to_py_3/frontend/node_modules/rxjs/dist/cjs/internal/Observable.js:30:30
    at Object.errorContext (/Users/karyzheng/dev/texera_workflow_to_py_3/frontend/node_modules/rxjs/dist/cjs/internal/util/errorContext.js:22:9)

            </system-err>
        </testcase>
        <testcase classname="src/app/workspace/component/property-editor/operator-property-edit-frame/operator-property-edit-frame.component.spec.ts" name="OperatorPropertyEditFrameComponent &gt; Python UDF environment loading &gt; stringifies a non-Error failure" time="0.075294375">
            <system-err>
Failed to load Python virtual environments: plain string failure

            </system-err>
        </testcase>
        <testcase classname="src/app/workspace/component/property-editor/operator-property-edit-frame/operator-property-edit-frame.component.spec.ts" name="OperatorPropertyEditFrameComponent &gt; Python UDF environment loading &gt; patches nothing when the schema&apos;s properties are absent or not an object" time="0.022102875">
        </testcase>
        <testcase classname="src/app/workspace/component/property-editor/operator-property-edit-frame/operator-property-edit-frame.component.spec.ts" name="OperatorPropertyEditFrameComponent &gt; Python UDF environment loading &gt; hideEnvNameWhenDefaultEnvChecked is a no-op when the form has no envName field" time="0.013129792">
        </testcase>
        <testcase classname="src/app/workspace/component/property-editor/operator-property-edit-frame/operator-property-edit-frame.component.spec.ts" name="OperatorPropertyEditFrameComponent &gt; early-return guards &gt; ngOnChanges stops before re-rendering when the new operator id is unset" time="0.026990417">
        </testcase>
        <testcase classname="src/app/workspace/component/property-editor/operator-property-edit-frame/operator-property-edit-frame.component.spec.ts" name="OperatorPropertyEditFrameComponent &gt; early-return guards &gt; the status-update subscription records the update for the selected operator" time="0.074859917">
        </testcase>
        <testcase classname="src/app/workspace/component/property-editor/operator-property-edit-frame/operator-property-edit-frame.component.spec.ts" name="OperatorPropertyEditFrameComponent &gt; early-return guards &gt; the status-update subscription ignores updates while no operator is selected" time="0.0133645">
        </testcase>
        <testcase classname="src/app/workspace/component/property-editor/operator-property-edit-frame/operator-property-edit-frame.component.spec.ts" name="OperatorPropertyEditFrameComponent &gt; early-return guards &gt; the ui-parameter subscription ignores events addressed to a different operator" time="0.04765">
        </testcase>
        <testcase classname="src/app/workspace/component/property-editor/operator-property-edit-frame/operator-property-edit-frame.component.spec.ts" name="OperatorPropertyEditFrameComponent &gt; early-return guards &gt; isHuggingFaceOperator is false when nothing is selected" time="0.013645625">
        </testcase>
        <testcase classname="src/app/workspace/component/property-editor/operator-property-edit-frame/operator-property-edit-frame.component.spec.ts" name="OperatorPropertyEditFrameComponent &gt; early-return guards &gt; checkOperatorProperty is false when the operator is no longer in the graph" time="0.03681775">
        </testcase>
        <testcase classname="src/app/workspace/component/property-editor/operator-property-edit-frame/operator-property-edit-frame.component.spec.ts" name="OperatorPropertyEditFrameComponent &gt; early-return guards &gt; typeInferenceOnLambdaFunction returns early without an input schema map" time="0.0067995">
        </testcase>
        <testcase classname="src/app/workspace/component/property-editor/operator-property-edit-frame/operator-property-edit-frame.component.spec.ts" name="OperatorPropertyEditFrameComponent &gt; early-return guards &gt; typeInferenceOnLambdaFunction returns early when the first port has no schema" time="0.006605166">
        </testcase>
        <testcase classname="src/app/workspace/component/property-editor/operator-property-edit-frame/operator-property-edit-frame.component.spec.ts" name="OperatorPropertyEditFrameComponent &gt; early-return guards &gt; no property is written when the operator is deselected mid-debounce" time="0.052449042">
        </testcase>
        <testcase classname="src/app/workspace/component/property-editor/operator-property-edit-frame/operator-property-edit-frame.component.spec.ts" name="OperatorPropertyEditFrameComponent &gt; Formly field-mapping rules &gt; locks the dummyOperator field down" time="0.060381292">
        </testcase>
        <testcase classname="src/app/workspace/component/property-editor/operator-property-edit-frame/operator-property-edit-frame.component.spec.ts" name="OperatorPropertyEditFrameComponent &gt; Formly field-mapping rules &gt; locks the dummyProperty and dummyValue fields down" time="0.0145295">
        </testcase>
        <testcase classname="src/app/workspace/component/property-editor/operator-property-edit-frame/operator-property-edit-frame.component.spec.ts" name="OperatorPropertyEditFrameComponent &gt; Formly field-mapping rules &gt; hides dummyPropertyList for a non-Dummy operator and pins add/remove off" time="0.015007542">
        </testcase>
        <testcase classname="src/app/workspace/component/property-editor/operator-property-edit-frame/operator-property-edit-frame.component.spec.ts" name="OperatorPropertyEditFrameComponent &gt; Formly field-mapping rules &gt; keeps dummyPropertyList visible for the Dummy operator itself" time="0.030917959">
        </testcase>
        <testcase classname="src/app/workspace/component/property-editor/operator-property-edit-frame/operator-property-edit-frame.component.spec.ts" name="OperatorPropertyEditFrameComponent &gt; Formly field-mapping rules &gt; hides a field through the schema&apos;s hideTarget/hideType pair" time="0.041162167">
        </testcase>
        <testcase classname="src/app/workspace/component/property-editor/operator-property-edit-frame/operator-property-edit-frame.component.spec.ts" name="OperatorPropertyEditFrameComponent &gt; Formly field-mapping rules &gt; substitutes the field type for fileName and huggingFaceModel" time="0.034634166">
        </testcase>
        <testcase classname="src/app/workspace/component/property-editor/operator-property-edit-frame/operator-property-edit-frame.component.spec.ts" name="OperatorPropertyEditFrameComponent &gt; Formly field-mapping rules &gt; attaches the diff style to an overridden field and nothing to the others" time="0.011461375">
        </testcase>
        <testcase classname="src/app/workspace/component/property-editor/operator-property-edit-frame/operator-property-edit-frame.component.spec.ts" name="OperatorPropertyEditFrameComponent &gt; Formly field-mapping rules &gt; writes the operatorVersion boundary style onto the rendered marker" time="0.04668075">
        </testcase>
        <testcase classname="src/app/workspace/component/property-editor/operator-property-edit-frame/operator-property-edit-frame.component.spec.ts" name="OperatorPropertyEditFrameComponent &gt; Formly field-mapping rules &gt; marks a field the schema requires conditionally, as Aggregate does its attribute" time="0.032177291">
        </testcase>
        <testcase classname="src/app/workspace/component/property-editor/operator-property-edit-frame/operator-property-edit-frame.component.spec.ts" name="OperatorPropertyEditFrameComponent &gt; Formly field-mapping rules &gt; leaves the rule off for a schema that states no condition" time="0.024165333">
        </testcase>
        <testcase classname="src/app/workspace/component/property-editor/operator-property-edit-frame/operator-property-edit-frame.component.spec.ts" name="OperatorPropertyEditFrameComponent &gt; Formly field-mapping rules &gt; wires the preset wrapper only while user presets are enabled" time="0.044355959">
        </testcase>
        <testcase classname="src/app/workspace/component/property-editor/operator-property-edit-frame/operator-property-edit-frame.component.spec.ts" name="OperatorPropertyEditFrameComponent &gt; Formly field-mapping rules &gt; keeps the validator the schema contributes" time="0.008280125">
        </testcase>
        <testcase classname="src/app/workspace/component/property-editor/operator-property-edit-frame/operator-property-edit-frame.component.spec.ts" name="OperatorPropertyEditFrameComponent &gt; Formly field-mapping rules &gt; disables the form on init when the frame is not interactive" time="0.010051292">
        </testcase>
        <testcase classname="src/app/workspace/component/property-editor/operator-property-edit-frame/operator-property-edit-frame.component.spec.ts" name="OperatorPropertyEditFrameComponent &gt; Formly field-mapping rules &gt; leaves the form enabled when the frame is interactive" time="0.006110083">
        </testcase>
        <testcase classname="src/app/workspace/component/property-editor/operator-property-edit-frame/operator-property-edit-frame.component.spec.ts" name="OperatorPropertyEditFrameComponent &gt; Formly field-mapping rules &gt; skips a boolean schema property when wiring dependencies" time="0.013491958">
        </testcase>
        <testcase classname="src/app/workspace/component/property-editor/operator-property-edit-frame/operator-property-edit-frame.component.spec.ts" name="OperatorPropertyEditFrameComponent &gt; Formly field-mapping rules &gt; installs the hide expression a toggleHidden property declares" time="0.011063916">
        </testcase>
        <testcase classname="src/app/workspace/component/property-editor/operator-property-edit-frame/operator-property-edit-frame.component.spec.ts" name="OperatorPropertyEditFrameComponent &gt; Formly field-mapping rules &gt; resolves a dependOn property against the operator&apos;s input schema" time="0.0182065">
        </testcase>
    </testsuite>
    <testsuite name="src/app/workspace/component/property-editor/port-property-edit-frame/port-property-edit-frame.component.spec.ts" timestamp="2026-09-01T22:49:41.809Z" hostname="dhcp-172-27-096-224.mobile.uci.edu" tests="31" failures="0" errors="0" skipped="0" time="0.293431">
        <testcase classname="src/app/workspace/component/property-editor/port-property-edit-frame/port-property-edit-frame.component.spec.ts" name="PortPropertyEditFrameComponent &gt; should create" time="0.013885042">
        </testcase>
        <testcase classname="src/app/workspace/component/property-editor/port-property-edit-frame/port-property-edit-frame.component.spec.ts" name="PortPropertyEditFrameComponent &gt; ngOnInit / handler registration &gt; should register all three change handlers" time="0.009863167">
        </testcase>
        <testcase classname="src/app/workspace/component/property-editor/port-property-edit-frame/port-property-edit-frame.component.spec.ts" name="PortPropertyEditFrameComponent &gt; onFormChanges &gt; should forward the raw form event onto the source form-change stream" time="0.006602125">
        </testcase>
        <testcase classname="src/app/workspace/component/property-editor/port-property-edit-frame/port-property-edit-frame.component.spec.ts" name="PortPropertyEditFrameComponent &gt; ngOnChanges &gt; should adopt the new port id and open the editor when a port is provided" time="0.006216709">
        </testcase>
        <testcase classname="src/app/workspace/component/property-editor/port-property-edit-frame/port-property-edit-frame.component.spec.ts" name="PortPropertyEditFrameComponent &gt; ngOnChanges &gt; should not open the editor when the new port id is undefined" time="0.005147083">
        </testcase>
        <testcase classname="src/app/workspace/component/property-editor/port-property-edit-frame/port-property-edit-frame.component.spec.ts" name="PortPropertyEditFrameComponent &gt; showPortPropertyEditor &gt; should throw when the target port does not exist in the graph" time="0.006156167">
        </testcase>
        <testcase classname="src/app/workspace/component/property-editor/port-property-edit-frame/port-property-edit-frame.component.spec.ts" name="PortPropertyEditFrameComponent &gt; showPortPropertyEditor &gt; should set the title but skip building the form when customization is not allowed" time="0.005253792">
        </testcase>
        <testcase classname="src/app/workspace/component/property-editor/port-property-edit-frame/port-property-edit-frame.component.spec.ts" name="PortPropertyEditFrameComponent &gt; showPortPropertyEditor &gt; should skip building the form for an output port even when customization is allowed" time="0.00639375">
        </testcase>
        <testcase classname="src/app/workspace/component/property-editor/port-property-edit-frame/port-property-edit-frame.component.spec.ts" name="PortPropertyEditFrameComponent &gt; showPortPropertyEditor &gt; should render the title heading and the formly form once the form is built" time="0.050458541">
        </testcase>
        <testcase classname="src/app/workspace/component/property-editor/port-property-edit-frame/port-property-edit-frame.component.spec.ts" name="PortPropertyEditFrameComponent &gt; showPortPropertyEditor &gt; should build the formly form from the port descriptor when customization is allowed on an input port" time="0.0069295">
        </testcase>
        <testcase classname="src/app/workspace/component/property-editor/port-property-edit-frame/port-property-edit-frame.component.spec.ts" name="PortPropertyEditFrameComponent &gt; setFormlyFormBinding (interactive vs. display mode) &gt; should keep the form enabled when interactive, and disable it via the onInit hook when not" time="0.0051625">
        </testcase>
        <testcase classname="src/app/workspace/component/property-editor/port-property-edit-frame/port-property-edit-frame.component.spec.ts" name="PortPropertyEditFrameComponent &gt; checkPort &gt; should return false when there is no current port" time="0.004308584">
        </testcase>
        <testcase classname="src/app/workspace/component/property-editor/port-property-edit-frame/port-property-edit-frame.component.spec.ts" name="PortPropertyEditFrameComponent &gt; checkPort &gt; should return false when the current port is no longer in the graph" time="0.004968166">
        </testcase>
        <testcase classname="src/app/workspace/component/property-editor/port-property-edit-frame/port-property-edit-frame.component.spec.ts" name="PortPropertyEditFrameComponent &gt; checkPort &gt; should compare form data against the port&apos;s partition requirement" time="0.005663708">
        </testcase>
        <testcase classname="src/app/workspace/component/property-editor/port-property-edit-frame/port-property-edit-frame.component.spec.ts" name="PortPropertyEditFrameComponent &gt; registerOnFormChangeHandler (edit propagation) &gt; should push a debounced, changed form value to WorkflowActionService.setPortProperty" time="0.005364708">
        </testcase>
        <testcase classname="src/app/workspace/component/property-editor/port-property-edit-frame/port-property-edit-frame.component.spec.ts" name="PortPropertyEditFrameComponent &gt; registerOnFormChangeHandler (edit propagation) &gt; should not propagate when the form value matches the current partition requirement" time="0.004960708">
        </testcase>
        <testcase classname="src/app/workspace/component/property-editor/port-property-edit-frame/port-property-edit-frame.component.spec.ts" name="PortPropertyEditFrameComponent &gt; registerPortPropertyChangeHandler (programmatic updates) &gt; should adopt the new property when the change targets the current port" time="0.005232084">
        </testcase>
        <testcase classname="src/app/workspace/component/property-editor/port-property-edit-frame/port-property-edit-frame.component.spec.ts" name="PortPropertyEditFrameComponent &gt; registerPortPropertyChangeHandler (programmatic updates) &gt; should ignore programmatic changes while not listening" time="0.006536708">
        </testcase>
        <testcase classname="src/app/workspace/component/property-editor/port-property-edit-frame/port-property-edit-frame.component.spec.ts" name="PortPropertyEditFrameComponent &gt; registerPortPropertyChangeHandler (programmatic updates) &gt; should ignore changes targeting a different port" time="0.005820667">
        </testcase>
        <testcase classname="src/app/workspace/component/property-editor/port-property-edit-frame/port-property-edit-frame.component.spec.ts" name="PortPropertyEditFrameComponent &gt; registerPortPropertyChangeHandler (programmatic updates) &gt; should ignore a change equal to the currently held form data" time="0.005275541">
        </testcase>
        <testcase classname="src/app/workspace/component/property-editor/port-property-edit-frame/port-property-edit-frame.component.spec.ts" name="PortPropertyEditFrameComponent &gt; registerPortDisplayNameChangeHandler &gt; should update the form title when the display-name change matches the current port" time="0.005059833">
        </testcase>
        <testcase classname="src/app/workspace/component/property-editor/port-property-edit-frame/port-property-edit-frame.component.spec.ts" name="PortPropertyEditFrameComponent &gt; registerPortDisplayNameChangeHandler &gt; should leave the form title unchanged for a different port" time="0.006796458">
        </testcase>
        <testcase classname="src/app/workspace/component/property-editor/port-property-edit-frame/port-property-edit-frame.component.spec.ts" name="PortPropertyEditFrameComponent &gt; registerPortDisplayNameChangeHandler &gt; should leave the form title unchanged for a sibling port of the same operator" time="0.0085825">
        </testcase>
        <testcase classname="src/app/workspace/component/property-editor/port-property-edit-frame/port-property-edit-frame.component.spec.ts" name="PortPropertyEditFrameComponent &gt; quill title editing &gt; should not create a binding when there is no current port" time="0.011282917">
        </testcase>
        <testcase classname="src/app/workspace/component/property-editor/port-property-edit-frame/port-property-edit-frame.component.spec.ts" name="PortPropertyEditFrameComponent &gt; quill title editing &gt; should not create a binding when the shared port descriptor is unavailable" time="0.009462958">
        </testcase>
        <testcase classname="src/app/workspace/component/property-editor/port-property-edit-frame/port-property-edit-frame.component.spec.ts" name="PortPropertyEditFrameComponent &gt; quill title editing &gt; should blur, drop the binding and exit editing on disconnect" time="0.013666334">
        </testcase>
        <testcase classname="src/app/workspace/component/property-editor/port-property-edit-frame/port-property-edit-frame.component.spec.ts" name="PortPropertyEditFrameComponent &gt; quill collaborative binding &gt; should create the shared display-name text and bind the editor to it" time="0.02220475">
        </testcase>
        <testcase classname="src/app/workspace/component/property-editor/port-property-edit-frame/port-property-edit-frame.component.spec.ts" name="PortPropertyEditFrameComponent &gt; quill collaborative binding &gt; should hand the binding the shared awareness and the cursors module" time="0.014925625">
        </testcase>
        <testcase classname="src/app/workspace/component/property-editor/port-property-edit-frame/port-property-edit-frame.component.spec.ts" name="PortPropertyEditFrameComponent &gt; quill collaborative binding &gt; should open on the existing shared text rather than replacing it" time="0.010522125">
        </testcase>
        <testcase classname="src/app/workspace/component/property-editor/port-property-edit-frame/port-property-edit-frame.component.spec.ts" name="PortPropertyEditFrameComponent &gt; quill collaborative binding &gt; should open the collaborative editor from the edit button and close it on Enter" time="0.00968475">
        </testcase>
        <testcase classname="src/app/workspace/component/property-editor/port-property-edit-frame/port-property-edit-frame.component.spec.ts" name="PortPropertyEditFrameComponent &gt; quill collaborative binding &gt; should close the collaborative editor when the name field loses focus" time="0.010125541">
        </testcase>
    </testsuite>
    <testsuite name="src/app/workspace/component/property-editor/typecasting-display/type-casting-display.component.spec.ts" timestamp="2026-09-01T22:49:41.810Z" hostname="dhcp-172-27-096-224.mobile.uci.edu" tests="16" failures="0" errors="0" skipped="0" time="0.093798334">
        <testcase classname="src/app/workspace/component/property-editor/typecasting-display/type-casting-display.component.spec.ts" name="TypecastingDisplayComponent &gt; should create" time="0.004043916">
        </testcase>
        <testcase classname="src/app/workspace/component/property-editor/typecasting-display/type-casting-display.component.spec.ts" name="TypecastingDisplayComponent &gt; ngOnChanges &gt; hides the display and skips rerender when there is no currentOperatorId" time="0.005516084">
        </testcase>
        <testcase classname="src/app/workspace/component/property-editor/typecasting-display/type-casting-display.component.spec.ts" name="TypecastingDisplayComponent &gt; ngOnChanges &gt; hides the display and skips rerender when the operator is not a TypeCasting operator" time="0.005744083">
        </testcase>
        <testcase classname="src/app/workspace/component/property-editor/typecasting-display/type-casting-display.component.spec.ts" name="TypecastingDisplayComponent &gt; ngOnChanges &gt; shows the display and rerenders when the operator is a TypeCasting operator" time="0.003535667">
        </testcase>
        <testcase classname="src/app/workspace/component/property-editor/typecasting-display/type-casting-display.component.spec.ts" name="TypecastingDisplayComponent &gt; rerender &gt; returns early and leaves schemaToDisplay untouched when currentOperatorId is undefined" time="0.003825083">
        </testcase>
        <testcase classname="src/app/workspace/component/property-editor/typecasting-display/type-casting-display.component.spec.ts" name="TypecastingDisplayComponent &gt; rerender &gt; casts attributes listed in typeCastingUnits and passes the remaining attributes through" time="0.003916125">
        </testcase>
        <testcase classname="src/app/workspace/component/property-editor/typecasting-display/type-casting-display.component.spec.ts" name="TypecastingDisplayComponent &gt; rerender &gt; passes every attribute through unchanged when typeCastingUnits is absent" time="0.002900084">
        </testcase>
        <testcase classname="src/app/workspace/component/property-editor/typecasting-display/type-casting-display.component.spec.ts" name="TypecastingDisplayComponent &gt; rerender &gt; produces an empty schemaToDisplay when there is no input schema" time="0.003403958">
        </testcase>
        <testcase classname="src/app/workspace/component/property-editor/typecasting-display/type-casting-display.component.spec.ts" name="TypecastingDisplayComponent &gt; stream handlers registered in ngOnInit &gt; rerenders when the matching TypeCasting operator&apos;s properties change" time="0.005973291">
        </testcase>
        <testcase classname="src/app/workspace/component/property-editor/typecasting-display/type-casting-display.component.spec.ts" name="TypecastingDisplayComponent &gt; stream handlers registered in ngOnInit &gt; ignores property changes emitted for a different operator id" time="0.006496458">
        </testcase>
        <testcase classname="src/app/workspace/component/property-editor/typecasting-display/type-casting-display.component.spec.ts" name="TypecastingDisplayComponent &gt; stream handlers registered in ngOnInit &gt; ignores property changes for the matching id but a non-TypeCasting operator type" time="0.003032333">
        </testcase>
        <testcase classname="src/app/workspace/component/property-editor/typecasting-display/type-casting-display.component.spec.ts" name="TypecastingDisplayComponent &gt; stream handlers registered in ngOnInit &gt; rerenders when the workflow compilation state changes" time="0.005971292">
        </testcase>
        <testcase classname="src/app/workspace/component/property-editor/typecasting-display/type-casting-display.component.spec.ts" name="TypecastingDisplayComponent &gt; template rendering &gt; renders no table while the type-casting information is hidden" time="0.004360291">
        </testcase>
        <testcase classname="src/app/workspace/component/property-editor/typecasting-display/type-casting-display.component.spec.ts" name="TypecastingDisplayComponent &gt; template rendering &gt; renders the header cells once the table is displayed" time="0.014114042">
        </testcase>
        <testcase classname="src/app/workspace/component/property-editor/typecasting-display/type-casting-display.component.spec.ts" name="TypecastingDisplayComponent &gt; template rendering &gt; renders the table&apos;s no-data arm for an empty schema" time="0.009247417">
        </testcase>
        <testcase classname="src/app/workspace/component/property-editor/typecasting-display/type-casting-display.component.spec.ts" name="TypecastingDisplayComponent &gt; template rendering &gt; renders one row per attribute with its name and type" time="0.011166583">
        </testcase>
    </testsuite>
    <testsuite name="src/app/workspace/component/result-panel/console-frame/console-frame.component.spec.ts" timestamp="2026-09-01T22:49:41.811Z" hostname="dhcp-172-27-096-224.mobile.uci.edu" tests="28" failures="0" errors="0" skipped="0" time="1.025521167">
        <testcase classname="src/app/workspace/component/result-panel/console-frame/console-frame.component.spec.ts" name="ConsoleFrameComponent &gt; should create" time="0.025569666">
        </testcase>
        <testcase classname="src/app/workspace/component/result-panel/console-frame/console-frame.component.spec.ts" name="ConsoleFrameComponent &gt; pure helpers &gt; getWorkerIndex parses the trailing numeric token" time="0.0081645">
        </testcase>
        <testcase classname="src/app/workspace/component/result-panel/console-frame/console-frame.component.spec.ts" name="ConsoleFrameComponent &gt; pure helpers &gt; workerIdToAbbr prefixes the worker index with &apos;W&apos;" time="0.042617">
        </testcase>
        <testcase classname="src/app/workspace/component/result-panel/console-frame/console-frame.component.spec.ts" name="ConsoleFrameComponent &gt; pure helpers &gt; getWorkerColor returns a deterministic hex color" time="0.012187333">
        </testcase>
        <testcase classname="src/app/workspace/component/result-panel/console-frame/console-frame.component.spec.ts" name="ConsoleFrameComponent &gt; pure helpers &gt; getMessageLabel maps the message type to its tag color" time="0.025422167">
        </testcase>
        <testcase classname="src/app/workspace/component/result-panel/console-frame/console-frame.component.spec.ts" name="ConsoleFrameComponent &gt; console rendering &gt; clearConsole empties the message list" time="0.010459666">
        </testcase>
        <testcase classname="src/app/workspace/component/result-panel/console-frame/console-frame.component.spec.ts" name="ConsoleFrameComponent &gt; console rendering &gt; displayConsoleMessages loads the operator&apos;s messages from the service" time="0.019149167">
        </testcase>
        <testcase classname="src/app/workspace/component/result-panel/console-frame/console-frame.component.spec.ts" name="ConsoleFrameComponent &gt; console rendering &gt; renderConsole loads the worker ids and messages when an operator is set" time="0.014949375">
        </testcase>
        <testcase classname="src/app/workspace/component/result-panel/console-frame/console-frame.component.spec.ts" name="ConsoleFrameComponent &gt; console rendering &gt; renderConsole is a no-op without an operator id" time="0.023268041">
        </testcase>
        <testcase classname="src/app/workspace/component/result-panel/console-frame/console-frame.component.spec.ts" name="ConsoleFrameComponent &gt; console rendering &gt; displayConsoleMessages falls back to an empty list for an operator the service has never seen" time="0.019663958">
        </testcase>
        <testcase classname="src/app/workspace/component/result-panel/console-frame/console-frame.component.spec.ts" name="ConsoleFrameComponent &gt; console rendering &gt; ngOnChanges adopts the newly bound operator id and re-renders for it" time="0.043302208">
        </testcase>
        <testcase classname="src/app/workspace/component/result-panel/console-frame/console-frame.component.spec.ts" name="ConsoleFrameComponent &gt; debug controls &gt; onClickContinue continues every worker via the debug service" time="0.00985775">
        </testcase>
        <testcase classname="src/app/workspace/component/result-panel/console-frame/console-frame.component.spec.ts" name="ConsoleFrameComponent &gt; debug controls &gt; onClickStep steps every worker via the debug service" time="0.032666875">
        </testcase>
        <testcase classname="src/app/workspace/component/result-panel/console-frame/console-frame.component.spec.ts" name="ConsoleFrameComponent &gt; debug controls &gt; onClickSkipTuples forwards the worker ids and surfaces failures" time="0.069273709">
        </testcase>
        <testcase classname="src/app/workspace/component/result-panel/console-frame/console-frame.component.spec.ts" name="ConsoleFrameComponent &gt; debug controls &gt; onClickRetryTuples forwards the worker ids and surfaces failures" time="0.072161209">
        </testcase>
        <testcase classname="src/app/workspace/component/result-panel/console-frame/console-frame.component.spec.ts" name="ConsoleFrameComponent &gt; debug controls &gt; submitDebugCommand sends the command to every worker when All Workers is targeted" time="0.033682542">
        </testcase>
        <testcase classname="src/app/workspace/component/result-panel/console-frame/console-frame.component.spec.ts" name="ConsoleFrameComponent &gt; debug controls &gt; submitDebugCommand sends only to the selected worker" time="0.036678333">
        </testcase>
        <testcase classname="src/app/workspace/component/result-panel/console-frame/console-frame.component.spec.ts" name="ConsoleFrameComponent &gt; debug controls &gt; submitDebugCommand does nothing without an operator id" time="0.018491792">
        </testcase>
        <testcase classname="src/app/workspace/component/result-panel/console-frame/console-frame.component.spec.ts" name="ConsoleFrameComponent &gt; registerAutoConsoleRerender &gt; clears the console when execution transitions from Initializing to Running" time="0.02195125">
        </testcase>
        <testcase classname="src/app/workspace/component/result-panel/console-frame/console-frame.component.spec.ts" name="ConsoleFrameComponent &gt; registerAutoConsoleRerender &gt; re-renders the console on any other execution state change" time="0.023726166">
        </testcase>
        <testcase classname="src/app/workspace/component/result-panel/console-frame/console-frame.component.spec.ts" name="ConsoleFrameComponent &gt; registerAutoConsoleRerender &gt; re-renders the console when a console message update arrives" time="0.019615291">
        </testcase>
        <testcase classname="src/app/workspace/component/result-panel/console-frame/console-frame.component.spec.ts" name="ConsoleFrameComponent &gt; template rendering &gt; renders one row per message with its body, source, timestamp and worker tags" time="0.038234167">
        </testcase>
        <testcase classname="src/app/workspace/component/result-panel/console-frame/console-frame.component.spec.ts" name="ConsoleFrameComponent &gt; template rendering &gt; hides the source and timestamp tags when the toggles are off" time="0.058258333">
        </testcase>
        <testcase classname="src/app/workspace/component/result-panel/console-frame/console-frame.component.spec.ts" name="ConsoleFrameComponent &gt; template rendering &gt; does not render the debug input group when console input is disabled" time="0.058481417">
        </testcase>
        <testcase classname="src/app/workspace/component/result-panel/console-frame/console-frame.component.spec.ts" name="ConsoleFrameComponent &gt; template rendering &gt; renders the debug input group and wires its buttons and command input when enabled" time="0.06990125">
        </testcase>
        <testcase classname="src/app/workspace/component/result-panel/console-frame/console-frame.component.spec.ts" name="ConsoleFrameComponent &gt; template rendering &gt; sends the text typed into the command box, then clears it" time="0.044291084">
        </testcase>
        <testcase classname="src/app/workspace/component/result-panel/console-frame/console-frame.component.spec.ts" name="ConsoleFrameComponent &gt; template rendering &gt; narrows the command to the worker picked in the target-worker dropdown" time="0.09176625">
        </testcase>
        <testcase classname="src/app/workspace/component/result-panel/console-frame/console-frame.component.spec.ts" name="ConsoleFrameComponent settings dropdown &gt; toggles the timestamp and source tags independently from the settings menu" time="0.08095325">
        </testcase>
    </testsuite>
    <testsuite name="src/app/workspace/component/result-panel/error-frame/error-frame.component.spec.ts" timestamp="2026-09-01T22:49:41.812Z" hostname="dhcp-172-27-096-224.mobile.uci.edu" tests="17" failures="0" errors="0" skipped="0" time="0.374206791">
        <testcase classname="src/app/workspace/component/result-panel/error-frame/error-frame.component.spec.ts" name="ErrorFrameComponent &gt; should create" time="0.009253875">
        </testcase>
        <testcase classname="src/app/workspace/component/result-panel/error-frame/error-frame.component.spec.ts" name="ErrorFrameComponent &gt; renderError &gt; groups the errors by their type name" time="0.010193625">
        </testcase>
        <testcase classname="src/app/workspace/component/result-panel/error-frame/error-frame.component.spec.ts" name="ErrorFrameComponent &gt; renderError &gt; appends the compilation errors from the compiling service" time="0.007092584">
        </testcase>
        <testcase classname="src/app/workspace/component/result-panel/error-frame/error-frame.component.spec.ts" name="ErrorFrameComponent &gt; renderError &gt; keeps only the errors of the bound operator when operatorId is set" time="0.007635083">
        </testcase>
        <testcase classname="src/app/workspace/component/result-panel/error-frame/error-frame.component.spec.ts" name="ErrorFrameComponent &gt; renderError &gt; strips the exception prefix and &apos;requirement failed:&apos; for COMPILATION_ERROR" time="0.018656959">
        </testcase>
        <testcase classname="src/app/workspace/component/result-panel/error-frame/error-frame.component.spec.ts" name="ErrorFrameComponent &gt; renderError &gt; leaves the message untouched for non-formatted error types" time="0.025533166">
        </testcase>
        <testcase classname="src/app/workspace/component/result-panel/error-frame/error-frame.component.spec.ts" name="ErrorFrameComponent &gt; onClickGotoButton &gt; highlights the offending operator via the workflow action service" time="0.018624583">
        </testcase>
        <testcase classname="src/app/workspace/component/result-panel/error-frame/error-frame.component.spec.ts" name="ErrorFrameComponent &gt; rendered errors &gt; announces that it is showing every operator&apos;s errors" time="0.010056166">
        </testcase>
        <testcase classname="src/app/workspace/component/result-panel/error-frame/error-frame.component.spec.ts" name="ErrorFrameComponent &gt; rendered errors &gt; drops that banner once the frame is scoped to one operator" time="0.025153959">
        </testcase>
        <testcase classname="src/app/workspace/component/result-panel/error-frame/error-frame.component.spec.ts" name="ErrorFrameComponent &gt; rendered errors &gt; says so when there is nothing to report, and only then" time="0.055501125">
        </testcase>
        <testcase classname="src/app/workspace/component/result-panel/error-frame/error-frame.component.spec.ts" name="ErrorFrameComponent &gt; rendered errors &gt; groups the errors under their category headings" time="0.103168709">
        </testcase>
        <testcase classname="src/app/workspace/component/result-panel/error-frame/error-frame.component.spec.ts" name="ErrorFrameComponent &gt; rendered errors &gt; shows each error&apos;s message as the heading and its details in the body" time="0.010308">
        </testcase>
        <testcase classname="src/app/workspace/component/result-panel/error-frame/error-frame.component.spec.ts" name="ErrorFrameComponent &gt; rendered errors &gt; offers a jump to the operator that failed" time="0.013997583">
        </testcase>
        <testcase classname="src/app/workspace/component/result-panel/error-frame/error-frame.component.spec.ts" name="ErrorFrameComponent &gt; rendered errors &gt; offers no jump for an error with no operator behind it" time="0.016800042">
        </testcase>
        <testcase classname="src/app/workspace/component/result-panel/error-frame/error-frame.component.spec.ts" name="ErrorFrameComponent &gt; rendered errors &gt; offers no jump to the operator already being shown" time="0.015295417">
        </testcase>
        <testcase classname="src/app/workspace/component/result-panel/error-frame/error-frame.component.spec.ts" name="ErrorFrameComponent &gt; rendered errors &gt; jumps to the operator the error names" time="0.010398458">
        </testcase>
        <testcase classname="src/app/workspace/component/result-panel/error-frame/error-frame.component.spec.ts" name="ErrorFrameComponent &gt; rendered errors &gt; does not toggle the panel when the jump is clicked" time="0.015144833">
        </testcase>
    </testsuite>
    <testsuite name="src/app/workspace/component/result-panel/result-table-frame/result-table-frame.component.spec.ts" timestamp="2026-09-01T22:49:41.813Z" hostname="dhcp-172-27-096-224.mobile.uci.edu" tests="46" failures="0" errors="0" skipped="0" time="2.034548083">
        <testcase classname="src/app/workspace/component/result-panel/result-table-frame/result-table-frame.component.spec.ts" name="ResultTableFrameComponent &gt; should create" time="0.01887075">
        </testcase>
        <testcase classname="src/app/workspace/component/result-panel/result-table-frame/result-table-frame.component.spec.ts" name="ResultTableFrameComponent &gt; currentResult should not be modified if setupResultTable is called without a selected operator" time="0.011383917">
        </testcase>
        <testcase classname="src/app/workspace/component/result-panel/result-table-frame/result-table-frame.component.spec.ts" name="ResultTableFrameComponent &gt; should set columnLimit from gui-config" time="0.009721209">
        </testcase>
        <testcase classname="src/app/workspace/component/result-panel/result-table-frame/result-table-frame.component.spec.ts" name="ResultTableFrameComponent &gt; ngOnChanges &gt; ignores a change that carries no operator id" time="0.025874042">
        </testcase>
        <testcase classname="src/app/workspace/component/result-panel/result-table-frame/result-table-frame.component.spec.ts" name="ResultTableFrameComponent &gt; ngOnChanges &gt; keeps front-end pagination when the operator has no paginated result service" time="0.031112541">
        </testcase>
        <testcase classname="src/app/workspace/component/result-panel/result-table-frame/result-table-frame.component.spec.ts" name="ResultTableFrameComponent &gt; ngOnChanges &gt; switches to server-side pagination and loads the operator&apos;s current page" time="0.051545125">
        </testcase>
        <testcase classname="src/app/workspace/component/result-panel/result-table-frame/result-table-frame.component.spec.ts" name="ResultTableFrameComponent &gt; changePaginatedResultData &gt; is a no-op without an operator id or a paginated result service" time="0.058987125">
        </testcase>
        <testcase classname="src/app/workspace/component/result-panel/result-table-frame/result-table-frame.component.spec.ts" name="ResultTableFrameComponent &gt; changePaginatedResultData &gt; ignores a page response when the user has already switched to another page" time="0.025686459">
        </testcase>
        <testcase classname="src/app/workspace/component/result-panel/result-table-frame/result-table-frame.component.spec.ts" name="ResultTableFrameComponent &gt; setupResultTable &gt; returns early when no operator is selected" time="0.043423833">
        </testcase>
        <testcase classname="src/app/workspace/component/result-panel/result-table-frame/result-table-frame.component.spec.ts" name="ResultTableFrameComponent &gt; setupResultTable &gt; keeps the existing table when the fetched page comes back empty" time="0.019526209">
        </testcase>
        <testcase classname="src/app/workspace/component/result-panel/result-table-frame/result-table-frame.component.spec.ts" name="ResultTableFrameComponent &gt; setupResultTable &gt; builds columns from the first row and drops the internal _id column" time="0.020062792">
        </testcase>
        <testcase classname="src/app/workspace/component/result-panel/result-table-frame/result-table-frame.component.spec.ts" name="ResultTableFrameComponent &gt; workflow status stream &gt; marks the operator finished only while its reported state is Completed" time="0.055762958">
        </testcase>
        <testcase classname="src/app/workspace/component/result-panel/result-table-frame/result-table-frame.component.spec.ts" name="ResultTableFrameComponent &gt; result update stream &gt; refreshes the table when the currently shown page becomes dirty" time="0.10200575">
        </testcase>
        <testcase classname="src/app/workspace/component/result-panel/result-table-frame/result-table-frame.component.spec.ts" name="ResultTableFrameComponent &gt; result update stream &gt; updates the tuple count without refetching when the current page is clean" time="0.058378125">
        </testcase>
        <testcase classname="src/app/workspace/component/result-panel/result-table-frame/result-table-frame.component.spec.ts" name="ResultTableFrameComponent &gt; result update stream &gt; ignores snapshot updates, cleared entries, and updates for other operators" time="0.10026975">
        </testcase>
        <testcase classname="src/app/workspace/component/result-panel/result-table-frame/result-table-frame.component.spec.ts" name="ResultTableFrameComponent &gt; result update stream &gt; ignores updates when the frame has no operator" time="0.085094625">
        </testcase>
        <testcase classname="src/app/workspace/component/result-panel/result-table-frame/result-table-frame.component.spec.ts" name="ResultTableFrameComponent &gt; result table stats stream &gt; keeps the previous stats when both snapshots describe the same columns" time="0.076667209">
        </testcase>
        <testcase classname="src/app/workspace/component/result-panel/result-table-frame/result-table-frame.component.spec.ts" name="ResultTableFrameComponent &gt; result table stats stream &gt; falls back to the current stats when columns changed or no previous stats exist" time="0.034269667">
        </testcase>
        <testcase classname="src/app/workspace/component/result-panel/result-table-frame/result-table-frame.component.spec.ts" name="ResultTableFrameComponent &gt; result table stats stream &gt; ignores stats without an operator id or without an entry for this operator" time="0.030873917">
        </testcase>
        <testcase classname="src/app/workspace/component/result-panel/result-table-frame/result-table-frame.component.spec.ts" name="ResultTableFrameComponent &gt; checkKeys &gt; compares the column sets of two stats snapshots" time="0.025624041">
        </testcase>
        <testcase classname="src/app/workspace/component/result-panel/result-table-frame/result-table-frame.component.spec.ts" name="ResultTableFrameComponent &gt; compare &gt; highlights digits that changed since the previous stats in blue" time="0.024905167">
        </testcase>
        <testcase classname="src/app/workspace/component/result-panel/result-table-frame/result-table-frame.component.spec.ts" name="ResultTableFrameComponent &gt; compare &gt; renders every digit in black once the operator has finished" time="0.02176525">
        </testcase>
        <testcase classname="src/app/workspace/component/result-panel/result-table-frame/result-table-frame.component.spec.ts" name="ResultTableFrameComponent &gt; compare &gt; highlights only the character that changed when both stats are non-numeric strings" time="0.016178791">
        </testcase>
        <testcase classname="src/app/workspace/component/result-panel/result-table-frame/result-table-frame.component.spec.ts" name="ResultTableFrameComponent &gt; compare &gt; highlights the trailing characters that the shorter previous snapshot never reaches" time="0.021308875">
        </testcase>
        <testcase classname="src/app/workspace/component/result-panel/result-table-frame/result-table-frame.component.spec.ts" name="ResultTableFrameComponent &gt; compare &gt; formats large numeric stats with locale group separators" time="0.024910084">
        </testcase>
        <testcase classname="src/app/workspace/component/result-panel/result-table-frame/result-table-frame.component.spec.ts" name="ResultTableFrameComponent &gt; compare &gt; falls back to plain formatting when the previous stat is missing" time="0.019295708">
        </testcase>
        <testcase classname="src/app/workspace/component/result-panel/result-table-frame/result-table-frame.component.spec.ts" name="ResultTableFrameComponent &gt; panel resizing &gt; recomputes the page size from the available height" time="0.045189625">
        </testcase>
        <testcase classname="src/app/workspace/component/result-panel/result-table-frame/result-table-frame.component.spec.ts" name="ResultTableFrameComponent &gt; panel resizing &gt; clamps the page index to the last available page when the panel shrinks" time="0.026468292">
        </testcase>
        <testcase classname="src/app/workspace/component/result-panel/result-table-frame/result-table-frame.component.spec.ts" name="ResultTableFrameComponent &gt; onTableQueryParamsChange &gt; ignores page changes under front-end pagination or without an operator" time="0.031382333">
        </testcase>
        <testcase classname="src/app/workspace/component/result-panel/result-table-frame/result-table-frame.component.spec.ts" name="ResultTableFrameComponent &gt; onTableQueryParamsChange &gt; fetches the newly selected page from the paginated result service" time="0.055376458">
        </testcase>
        <testcase classname="src/app/workspace/component/result-panel/result-table-frame/result-table-frame.component.spec.ts" name="ResultTableFrameComponent &gt; row detail modal &gt; opens the modal for the absolute row index with working footer navigation" time="0.052931083">
        </testcase>
        <testcase classname="src/app/workspace/component/result-panel/result-table-frame/result-table-frame.component.spec.ts" name="ResultTableFrameComponent &gt; downloadData &gt; opens the export modal for the clicked cell&apos;s absolute row index" time="0.043286292">
        </testcase>
        <testcase classname="src/app/workspace/component/result-panel/result-table-frame/result-table-frame.component.spec.ts" name="ResultTableFrameComponent &gt; column navigation and search &gt; shifts columns left only when a positive offset exists" time="0.009537542">
        </testcase>
        <testcase classname="src/app/workspace/component/result-panel/result-table-frame/result-table-frame.component.spec.ts" name="ResultTableFrameComponent &gt; column navigation and search &gt; shifts columns right only when a full page of columns is shown" time="0.066270333">
        </testcase>
        <testcase classname="src/app/workspace/component/result-panel/result-table-frame/result-table-frame.component.spec.ts" name="ResultTableFrameComponent &gt; column navigation and search &gt; typing in the column search resets the offset and refetches" time="0.029879583">
        </testcase>
        <testcase classname="src/app/workspace/component/result-panel/result-table-frame/result-table-frame.component.spec.ts" name="ResultTableFrameComponent &gt; template rendering &gt; shows the empty-result hint and hides the table until results arrive" time="0.026789833">
        </testcase>
        <testcase classname="src/app/workspace/component/result-panel/result-table-frame/result-table-frame.component.spec.ts" name="ResultTableFrameComponent &gt; template rendering &gt; renders headers, per-column stats, and clickable row cells once results arrive" time="0.068356167">
        </testcase>
        <testcase classname="src/app/workspace/component/result-panel/result-table-frame/result-table-frame.component.spec.ts" name="ResultTableFrameComponent &gt; should detect media URLs for result cells" time="0.025975625">
        </testcase>
        <testcase classname="src/app/workspace/component/result-panel/result-table-frame/result-table-frame.component.spec.ts" name="ResultTableFrameComponent &gt; should reject non-media values for result cells" time="0.023661">
        </testcase>
        <testcase classname="src/app/workspace/component/result-panel/result-table-frame/result-table-frame.component.spec.ts" name="ResultTableFrameComponent &gt; media-type util helpers should classify URLs consistently" time="0.013278833">
        </testcase>
        <testcase classname="src/app/workspace/component/result-panel/result-table-frame/result-table-frame.component.spec.ts" name="ResultTableFrameComponent &gt; getCellMediaType &gt; returns the media type precomputed for that exact row and column" time="0.110474041">
        </testcase>
        <testcase classname="src/app/workspace/component/result-panel/result-table-frame/result-table-frame.component.spec.ts" name="ResultTableFrameComponent &gt; media cell rendering in table &gt; should render Play Video indicator for video URL cells" time="0.052569125">
        </testcase>
        <testcase classname="src/app/workspace/component/result-panel/result-table-frame/result-table-frame.component.spec.ts" name="ResultTableFrameComponent &gt; media cell rendering in table &gt; should render Play Audio indicator for audio URL cells" time="0.098212708">
        </testcase>
        <testcase classname="src/app/workspace/component/result-panel/result-table-frame/result-table-frame.component.spec.ts" name="ResultTableFrameComponent &gt; media cell rendering in table &gt; should render View Image indicator for image URL cells" time="0.089774208">
        </testcase>
        <testcase classname="src/app/workspace/component/result-panel/result-table-frame/result-table-frame.component.spec.ts" name="ResultTableFrameComponent &gt; media cell rendering in table &gt; should render plain text for non-media cell values" time="0.067185">
        </testcase>
        <testcase classname="src/app/workspace/component/result-panel/result-table-frame/result-table-frame.component.spec.ts" name="ResultTableFrameComponent &gt; media cell rendering in table &gt; should render column headers matching the row keys" time="0.083111458">
        </testcase>
    </testsuite>
    <testsuite name="src/app/workspace/component/workflow-editor/comment-box-modal/nz-modal-comment-box.component.spec.ts" timestamp="2026-09-01T22:49:41.815Z" hostname="dhcp-172-27-096-224.mobile.uci.edu" tests="26" failures="0" errors="0" skipped="0" time="0.830086542">
        <testcase classname="src/app/workspace/component/workflow-editor/comment-box-modal/nz-modal-comment-box.component.spec.ts" name="NzModalCommentBoxComponent &gt; should create and render a comment from the box" time="0.053141125">
        </testcase>
        <testcase classname="src/app/workspace/component/workflow-editor/comment-box-modal/nz-modal-comment-box.component.spec.ts" name="NzModalCommentBoxComponent &gt; onClickAddComment adds the comment for the current user and clears the input" time="0.015518208">
        </testcase>
        <testcase classname="src/app/workspace/component/workflow-editor/comment-box-modal/nz-modal-comment-box.component.spec.ts" name="NzModalCommentBoxComponent &gt; onClickAddComment does not add when there is no current user" time="0.026152709">
        </testcase>
        <testcase classname="src/app/workspace/component/workflow-editor/comment-box-modal/nz-modal-comment-box.component.spec.ts" name="NzModalCommentBoxComponent &gt; deleteComment forwards to the service with the box id when a user is present" time="0.012075042">
        </testcase>
        <testcase classname="src/app/workspace/component/workflow-editor/comment-box-modal/nz-modal-comment-box.component.spec.ts" name="NzModalCommentBoxComponent &gt; deleteComment is a no-op without a current user" time="0.025325666">
        </testcase>
        <testcase classname="src/app/workspace/component/workflow-editor/comment-box-modal/nz-modal-comment-box.component.spec.ts" name="NzModalCommentBoxComponent &gt; editComment forwards the new content to the service and resets editValue" time="0.010510875">
        </testcase>
        <testcase classname="src/app/workspace/component/workflow-editor/comment-box-modal/nz-modal-comment-box.component.spec.ts" name="NzModalCommentBoxComponent &gt; replyToComment appends a quoted mention to the input" time="0.05035375">
        </testcase>
        <testcase classname="src/app/workspace/component/workflow-editor/comment-box-modal/nz-modal-comment-box.component.spec.ts" name="NzModalCommentBoxComponent &gt; onKeyDown submits the comment on Ctrl/Cmd+Enter and ignores other keys" time="0.017095875">
        </testcase>
        <testcase classname="src/app/workspace/component/workflow-editor/comment-box-modal/nz-modal-comment-box.component.spec.ts" name="NzModalCommentBoxComponent &gt; edit flows &gt; toggleEditInput is a no-op when its DOM targets are missing" time="0.026611375">
        </testcase>
        <testcase classname="src/app/workspace/component/workflow-editor/comment-box-modal/nz-modal-comment-box.component.spec.ts" name="NzModalCommentBoxComponent &gt; edit flows &gt; toggleEditInput opens the editor, hides the comment, and loads its text" time="0.007727542">
        </testcase>
        <testcase classname="src/app/workspace/component/workflow-editor/comment-box-modal/nz-modal-comment-box.component.spec.ts" name="NzModalCommentBoxComponent &gt; edit flows &gt; toggleEditInput closes the editor and clears editValue on the second toggle" time="0.008621584">
        </testcase>
        <testcase classname="src/app/workspace/component/workflow-editor/comment-box-modal/nz-modal-comment-box.component.spec.ts" name="NzModalCommentBoxComponent &gt; edit flows &gt; editComment is a no-op without a current user and preserves editValue" time="0.012666667">
        </testcase>
        <testcase classname="src/app/workspace/component/workflow-editor/comment-box-modal/nz-modal-comment-box.component.spec.ts" name="NzModalCommentBoxComponent &gt; edit flows &gt; editComment saves the new content and then hides the edit textarea and button" time="0.014364333">
        </testcase>
        <testcase classname="src/app/workspace/component/workflow-editor/comment-box-modal/nz-modal-comment-box.component.spec.ts" name="NzModalCommentBoxComponent &gt; edit flows &gt; editComment still saves when the edit DOM targets are absent (guarded tail)" time="0.013286125">
        </testcase>
        <testcase classname="src/app/workspace/component/workflow-editor/comment-box-modal/nz-modal-comment-box.component.spec.ts" name="NzModalCommentBoxComponent &gt; the window:keydown host binding submits the comment on Ctrl+Enter" time="0.048651375">
        </testcase>
        <testcase classname="src/app/workspace/component/workflow-editor/comment-box-modal/nz-modal-comment-box.component.spec.ts" name="NzModalCommentBoxComponent &gt; template wiring &gt; posts the typed comment when the footer send button is pressed" time="0.062251416">
        </testcase>
        <testcase classname="src/app/workspace/component/workflow-editor/comment-box-modal/nz-modal-comment-box.component.spec.ts" name="NzModalCommentBoxComponent &gt; template wiring &gt; keeps the footer send button disabled while the box is empty" time="0.037648208">
        </testcase>
        <testcase classname="src/app/workspace/component/workflow-editor/comment-box-modal/nz-modal-comment-box.component.spec.ts" name="NzModalCommentBoxComponent &gt; template wiring &gt; keeps both send buttons disabled while nobody is signed in" time="0.025234167">
        </testcase>
        <testcase classname="src/app/workspace/component/workflow-editor/comment-box-modal/nz-modal-comment-box.component.spec.ts" name="NzModalCommentBoxComponent &gt; template wiring &gt; writes the footer textarea back into inputValue through ngModel" time="0.024539333">
        </testcase>
        <testcase classname="src/app/workspace/component/workflow-editor/comment-box-modal/nz-modal-comment-box.component.spec.ts" name="NzModalCommentBoxComponent &gt; template wiring &gt; submits the footer comment on Enter" time="0.04274275">
        </testcase>
        <testcase classname="src/app/workspace/component/workflow-editor/comment-box-modal/nz-modal-comment-box.component.spec.ts" name="NzModalCommentBoxComponent &gt; template wiring &gt; does not submit the footer comment on an ordinary keystroke" time="0.046111458">
        </testcase>
        <testcase classname="src/app/workspace/component/workflow-editor/comment-box-modal/nz-modal-comment-box.component.spec.ts" name="NzModalCommentBoxComponent &gt; template wiring &gt; saves the edited body when the per-comment send button is pressed" time="0.048596792">
        </testcase>
        <testcase classname="src/app/workspace/component/workflow-editor/comment-box-modal/nz-modal-comment-box.component.spec.ts" name="NzModalCommentBoxComponent &gt; template wiring &gt; writes the per-comment textarea back into editValue through ngModel" time="0.035056584">
        </testcase>
        <testcase classname="src/app/workspace/component/workflow-editor/comment-box-modal/nz-modal-comment-box.component.spec.ts" name="NzModalCommentBoxComponent &gt; template wiring &gt; saves the edited body on Enter in the per-comment textarea" time="0.076557167">
        </testcase>
        <testcase classname="src/app/workspace/component/workflow-editor/comment-box-modal/nz-modal-comment-box.component.spec.ts" name="NzModalCommentBoxComponent &gt; template wiring &gt; does not save the edit on an ordinary keystroke in the per-comment textarea" time="0.0289795">
        </testcase>
        <testcase classname="src/app/workspace/component/workflow-editor/comment-box-modal/nz-modal-comment-box.component.spec.ts" name="NzModalCommentBoxComponent &gt; template wiring &gt; wires the delete, edit and reply action links to their own handlers" time="0.059409583">
        </testcase>
    </testsuite>
    <testsuite name="src/app/workspace/component/workflow-editor/mini-map/mini-map.component.spec.ts" timestamp="2026-09-01T22:49:41.816Z" hostname="dhcp-172-27-096-224.mobile.uci.edu" tests="21" failures="0" errors="0" skipped="0" time="0.5228945">
        <testcase classname="src/app/workspace/component/workflow-editor/mini-map/mini-map.component.spec.ts" name="MiniMapComponent &gt; should create" time="0.088978792">
        </testcase>
        <testcase classname="src/app/workspace/component/workflow-editor/mini-map/mini-map.component.spec.ts" name="MiniMapComponent &gt; mini-map paper &gt; fits the whole main canvas into the mini-map container" time="0.013919458">
        </testcase>
        <testcase classname="src/app/workspace/component/workflow-editor/mini-map/mini-map.component.spec.ts" name="MiniMapComponent &gt; persisted hidden state &gt; starts visible when nothing has been persisted" time="0.022152666">
        </testcase>
        <testcase classname="src/app/workspace/component/workflow-editor/mini-map/mini-map.component.spec.ts" name="MiniMapComponent &gt; persisted hidden state &gt; restores the collapsed state persisted by the previous session" time="0.020427209">
        </testcase>
        <testcase classname="src/app/workspace/component/workflow-editor/mini-map/mini-map.component.spec.ts" name="MiniMapComponent &gt; persisted hidden state &gt; persists the collapsed state on destroy and restores it into a fresh instance" time="0.031193042">
        </testcase>
        <testcase classname="src/app/workspace/component/workflow-editor/mini-map/mini-map.component.spec.ts" name="MiniMapComponent &gt; persisted hidden state &gt; persists the collapsed state when the window unloads" time="0.023903209">
        </testcase>
        <testcase classname="src/app/workspace/component/workflow-editor/mini-map/mini-map.component.spec.ts" name="MiniMapComponent &gt; panel service integration &gt; hides on closePanels and shows again on resetPanels" time="0.012211667">
        </testcase>
        <testcase classname="src/app/workspace/component/workflow-editor/mini-map/mini-map.component.spec.ts" name="MiniMapComponent &gt; navigator overlay &gt; positions and sizes the navigator from the main paper&apos;s viewport" time="0.019587417">
        </testcase>
        <testcase classname="src/app/workspace/component/workflow-editor/mini-map/mini-map.component.spec.ts" name="MiniMapComponent &gt; navigator overlay &gt; repositions the navigator when the main paper translates, scales or resizes" time="0.022783208">
        </testcase>
        <testcase classname="src/app/workspace/component/workflow-editor/mini-map/mini-map.component.spec.ts" name="MiniMapComponent &gt; navigator overlay &gt; leaves the navigator alone while the user is dragging it" time="0.024308334">
        </testcase>
        <testcase classname="src/app/workspace/component/workflow-editor/mini-map/mini-map.component.spec.ts" name="MiniMapComponent &gt; drag to pan &gt; pans the main paper opposite the pointer, in main-canvas units" time="0.014217208">
        </testcase>
        <testcase classname="src/app/workspace/component/workflow-editor/mini-map/mini-map.component.spec.ts" name="MiniMapComponent &gt; zoom buttons &gt; zooms out by one click step" time="0.010836208">
        </testcase>
        <testcase classname="src/app/workspace/component/workflow-editor/mini-map/mini-map.component.spec.ts" name="MiniMapComponent &gt; zoom buttons &gt; does not zoom out past the minimum ratio" time="0.020407291">
        </testcase>
        <testcase classname="src/app/workspace/component/workflow-editor/mini-map/mini-map.component.spec.ts" name="MiniMapComponent &gt; zoom buttons &gt; zooms in by one click step" time="0.015019125">
        </testcase>
        <testcase classname="src/app/workspace/component/workflow-editor/mini-map/mini-map.component.spec.ts" name="MiniMapComponent &gt; zoom buttons &gt; does not zoom in past the maximum ratio" time="0.012759958">
        </testcase>
        <testcase classname="src/app/workspace/component/workflow-editor/mini-map/mini-map.component.spec.ts" name="MiniMapComponent &gt; center button &gt; broadcasts a center event and resets the navigator&apos;s drag offset" time="0.006827584">
        </testcase>
        <testcase classname="src/app/workspace/component/workflow-editor/mini-map/mini-map.component.spec.ts" name="MiniMapComponent &gt; toolbar and drag wiring &gt; collapses and re-opens the mini-map from the toolbar toggle" time="0.01438225">
        </testcase>
        <testcase classname="src/app/workspace/component/workflow-editor/mini-map/mini-map.component.spec.ts" name="MiniMapComponent &gt; toolbar and drag wiring &gt; broadcasts a center event from the center button only" time="0.035435083">
        </testcase>
        <testcase classname="src/app/workspace/component/workflow-editor/mini-map/mini-map.component.spec.ts" name="MiniMapComponent &gt; toolbar and drag wiring &gt; zooms out and in from their own toolbar buttons" time="0.037003833">
        </testcase>
        <testcase classname="src/app/workspace/component/workflow-editor/mini-map/mini-map.component.spec.ts" name="MiniMapComponent &gt; toolbar and drag wiring &gt; pans the main paper from the navigator&apos;s cdkDragMoved output" time="0.017943708">
        </testcase>
        <testcase classname="src/app/workspace/component/workflow-editor/mini-map/mini-map.component.spec.ts" name="MiniMapComponent &gt; toolbar and drag wiring &gt; freezes the navigator between cdkDragStarted and cdkDragEnded" time="0.057423208">
        </testcase>
    </testsuite>
    <testsuite name="src/app/workspace/service/workflow-graph/model/coeditor-presence.service.spec.ts" timestamp="2026-09-01T22:49:41.817Z" hostname="dhcp-172-27-096-224.mobile.uci.edu" tests="24" failures="0" errors="0" skipped="0" time="0.128857833">
        <testcase classname="src/app/workspace/service/workflow-graph/model/coeditor-presence.service.spec.ts" name="CoeditorPresenceService &gt; should be created" time="0.005597208">
        </testcase>
        <testcase classname="src/app/workspace/service/workflow-graph/model/coeditor-presence.service.spec.ts" name="CoeditorPresenceService &gt; co-editor join and leave &gt; registers a remote co-editor and draws its cursor pointer" time="0.006855666">
        </testcase>
        <testcase classname="src/app/workspace/service/workflow-graph/model/coeditor-presence.service.spec.ts" name="CoeditorPresenceService &gt; co-editor join and leave &gt; does not register the same co-editor twice" time="0.003455708">
        </testcase>
        <testcase classname="src/app/workspace/service/workflow-graph/model/coeditor-presence.service.spec.ts" name="CoeditorPresenceService &gt; co-editor join and leave &gt; ignores added events for the local client" time="0.001913875">
        </testcase>
        <testcase classname="src/app/workspace/service/workflow-graph/model/coeditor-presence.service.spec.ts" name="CoeditorPresenceService &gt; co-editor join and leave &gt; unregisters a co-editor and removes its cursor when its state is dropped" time="0.002717">
        </testcase>
        <testcase classname="src/app/workspace/service/workflow-graph/model/coeditor-presence.service.spec.ts" name="CoeditorPresenceService &gt; co-editor join and leave &gt; keeps a co-editor whose state is still present when a removal event arrives" time="0.002665458">
        </testcase>
        <testcase classname="src/app/workspace/service/workflow-graph/model/coeditor-presence.service.spec.ts" name="CoeditorPresenceService &gt; co-editor join and leave &gt; registers an unseen co-editor arriving through an update event" time="0.004440708">
        </testcase>
        <testcase classname="src/app/workspace/service/workflow-graph/model/coeditor-presence.service.spec.ts" name="CoeditorPresenceService &gt; co-editor join and leave &gt; ignores update events from the local client" time="0.002107084">
        </testcase>
        <testcase classname="src/app/workspace/service/workflow-graph/model/coeditor-presence.service.spec.ts" name="CoeditorPresenceService &gt; re-observing after a new yDoc is loaded &gt; tears down and re-registers remote co-editors" time="0.002265458">
        </testcase>
        <testcase classname="src/app/workspace/service/workflow-graph/model/coeditor-presence.service.spec.ts" name="CoeditorPresenceService &gt; re-observing after a new yDoc is loaded &gt; does not register the local user during first-time registration" time="0.001921792">
        </testcase>
        <testcase classname="src/app/workspace/service/workflow-graph/model/coeditor-presence.service.spec.ts" name="CoeditorPresenceService &gt; shadowing mode &gt; highlights the shadowed co-editor&apos;s operator and re-emits its open code editor" time="0.005605959">
        </testcase>
        <testcase classname="src/app/workspace/service/workflow-graph/model/coeditor-presence.service.spec.ts" name="CoeditorPresenceService &gt; shadowing mode &gt; does not re-emit code-editor state when the shadowed co-editor has none" time="0.005362375">
        </testcase>
        <testcase classname="src/app/workspace/service/workflow-graph/model/coeditor-presence.service.spec.ts" name="CoeditorPresenceService &gt; shadowing mode &gt; stops shadowing when the shadowed co-editor leaves" time="0.003659625">
        </testcase>
        <testcase classname="src/app/workspace/service/workflow-graph/model/coeditor-presence.service.spec.ts" name="CoeditorPresenceService &gt; currently-editing propagation &gt; shows and clears the currently-editing indicator" time="0.006753333">
        </testcase>
        <testcase classname="src/app/workspace/service/workflow-graph/model/coeditor-presence.service.spec.ts" name="CoeditorPresenceService &gt; currently-editing propagation &gt; highlights and unhighlights the edited operator while shadowing" time="0.004819333">
        </testcase>
        <testcase classname="src/app/workspace/service/workflow-graph/model/coeditor-presence.service.spec.ts" name="CoeditorPresenceService &gt; currently-editing propagation &gt; ignores currently-editing targets that are not in the graph" time="0.003833167">
        </testcase>
        <testcase classname="src/app/workspace/service/workflow-graph/model/coeditor-presence.service.spec.ts" name="CoeditorPresenceService &gt; operator highlight propagation &gt; mirrors incremental highlight and unhighlight changes" time="0.027102792">
        </testcase>
        <testcase classname="src/app/workspace/service/workflow-graph/model/coeditor-presence.service.spec.ts" name="CoeditorPresenceService &gt; property-changed propagation &gt; flashes the property-changed indicator and clears it after the timeout" time="0.002581791">
        </testcase>
        <testcase classname="src/app/workspace/service/workflow-graph/model/coeditor-presence.service.spec.ts" name="CoeditorPresenceService &gt; code editor open/close propagation &gt; emits open and close events for the shadowed co-editor" time="0.00672425">
        </testcase>
        <testcase classname="src/app/workspace/service/workflow-graph/model/coeditor-presence.service.spec.ts" name="CoeditorPresenceService &gt; code editor open/close propagation &gt; tracks code-editor state silently when not shadowing" time="0.007300125">
        </testcase>
        <testcase classname="src/app/workspace/service/workflow-graph/model/coeditor-presence.service.spec.ts" name="CoeditorPresenceService &gt; cursor propagation &gt; moves the pointer when an active co-editor&apos;s cursor position changes" time="0.003367584">
        </testcase>
        <testcase classname="src/app/workspace/service/workflow-graph/model/coeditor-presence.service.spec.ts" name="CoeditorPresenceService &gt; cursor propagation &gt; removes the pointer when the co-editor becomes inactive" time="0.004189084">
        </testcase>
        <testcase classname="src/app/workspace/service/workflow-graph/model/coeditor-presence.service.spec.ts" name="CoeditorPresenceService &gt; cursor propagation &gt; does not draw a pointer for an inactive or colorless co-editor" time="0.003704958">
        </testcase>
        <testcase classname="src/app/workspace/service/workflow-graph/model/coeditor-presence.service.spec.ts" name="CoeditorPresenceService &gt; cursor propagation &gt; removes the pointer without redrawing when the co-editor loses its color" time="0.009200458">
        </testcase>
    </testsuite>
    <testsuite name="src/app/workspace/service/workflow-graph/model/joint-graph-wrapper.spec.ts" timestamp="2026-09-01T22:49:41.818Z" hostname="dhcp-172-27-096-224.mobile.uci.edu" tests="67" failures="0" errors="0" skipped="0" time="0.68951825">
        <testcase classname="src/app/workspace/service/workflow-graph/model/joint-graph-wrapper.spec.ts" name="JointGraphWrapperService &gt; should emit operator delete event correctly when operator is deleted by JointJS" time="0.016284958">
        </testcase>
        <testcase classname="src/app/workspace/service/workflow-graph/model/joint-graph-wrapper.spec.ts" name="JointGraphWrapperService &gt; should emit link add event correctly when a link is connected by JointJS" time="0.008174084">
        </testcase>
        <testcase classname="src/app/workspace/service/workflow-graph/model/joint-graph-wrapper.spec.ts" name="JointGraphWrapperService &gt; should emit link delete event correctly when a link is deleted by JointJS" time="0.01083475">
        </testcase>
        <testcase classname="src/app/workspace/service/workflow-graph/model/joint-graph-wrapper.spec.ts" name="JointGraphWrapperService &gt; should emit operator delete event and link delete event correctly
          when an operator along with one connected link are deleted by JointJS" time="0.016642791">
        </testcase>
        <testcase classname="src/app/workspace/service/workflow-graph/model/joint-graph-wrapper.spec.ts" name="JointGraphWrapperService &gt; should emit operator delete event and link delete event correctly when
        an operator along with multiple links are deleted by JointJS" time="0.01900925">
        </testcase>
        <testcase classname="src/app/workspace/service/workflow-graph/model/joint-graph-wrapper.spec.ts" name="JointGraphWrapperService &gt; should emit a highlight event correctly when an operator is highlighted" time="0.013531417">
        </testcase>
        <testcase classname="src/app/workspace/service/workflow-graph/model/joint-graph-wrapper.spec.ts" name="JointGraphWrapperService &gt; should emit a highlight event correctly when multiple operators are highlighted" time="0.011041667">
        </testcase>
        <testcase classname="src/app/workspace/service/workflow-graph/model/joint-graph-wrapper.spec.ts" name="JointGraphWrapperService &gt; should emit an unhighlight event correctly when an operator is unhighlighted" time="0.006456833">
        </testcase>
        <testcase classname="src/app/workspace/service/workflow-graph/model/joint-graph-wrapper.spec.ts" name="JointGraphWrapperService &gt; should emit an unhighlight event correctly when multiple operators are unhighlighted" time="0.010477875">
        </testcase>
        <testcase classname="src/app/workspace/service/workflow-graph/model/joint-graph-wrapper.spec.ts" name="JointGraphWrapperService &gt; should unhighlight previous highlighted operator if a new operator is highlighted" time="0.007396">
        </testcase>
        <testcase classname="src/app/workspace/service/workflow-graph/model/joint-graph-wrapper.spec.ts" name="JointGraphWrapperService &gt; should ignore the action if trying to highlight the same currently highlighted operator" time="0.006425542">
        </testcase>
        <testcase classname="src/app/workspace/service/workflow-graph/model/joint-graph-wrapper.spec.ts" name="JointGraphWrapperService &gt; should unhighlight the currently highlighted operator if it is deleted" time="0.00920875">
        </testcase>
        <testcase classname="src/app/workspace/service/workflow-graph/model/joint-graph-wrapper.spec.ts" name="JointGraphWrapperService &gt; should get operator position successfully if the operator exists in the paper" time="0.004982834">
        </testcase>
        <testcase classname="src/app/workspace/service/workflow-graph/model/joint-graph-wrapper.spec.ts" name="JointGraphWrapperService &gt; should throw an error if operator does not exist in the paper when calling &apos;getElementPosition()&apos;" time="0.003619958">
        </testcase>
        <testcase classname="src/app/workspace/service/workflow-graph/model/joint-graph-wrapper.spec.ts" name="JointGraphWrapperService &gt; should throw an error if the id we are using is linkID when calling &apos;getElementPosition()&apos;" time="0.016590458">
        </testcase>
        <testcase classname="src/app/workspace/service/workflow-graph/model/joint-graph-wrapper.spec.ts" name="JointGraphWrapperService &gt; should repositions the operator successfully if the operator exists in the paper" time="0.004187416">
        </testcase>
        <testcase classname="src/app/workspace/service/workflow-graph/model/joint-graph-wrapper.spec.ts" name="JointGraphWrapperService &gt; should successfully set a new zoom property" time="0.001944291">
        </testcase>
        <testcase classname="src/app/workspace/service/workflow-graph/model/joint-graph-wrapper.spec.ts" name="JointGraphWrapperService &gt; should triggle getWorkflowEditorZoomStream when new zoom ratio is set" time="0.001144125">
        </testcase>
        <testcase classname="src/app/workspace/service/workflow-graph/model/joint-graph-wrapper.spec.ts" name="JointGraphWrapperService &gt; should trigger getRestorePaperOffsetStream when resumeDefaultZoomAndOffset is called" time="0.010957">
        </testcase>
        <testcase classname="src/app/workspace/service/workflow-graph/model/joint-graph-wrapper.spec.ts" name="JointGraphWrapperService &gt; should move all highlighted operators together when any one of them is moved" time="0.00776925">
        </testcase>
        <testcase classname="src/app/workspace/service/workflow-graph/model/joint-graph-wrapper.spec.ts" name="JointGraphWrapperService &gt; when linkBreakpoint is enabled &gt; should emit link highlight event correctly when a link is selected" time="0.007052625">
        </testcase>
        <testcase classname="src/app/workspace/service/workflow-graph/model/joint-graph-wrapper.spec.ts" name="JointGraphWrapperService &gt; when linkBreakpoint is enabled &gt; should emit an unhighlight event correctly when an link is unhighlighted" time="0.006063583">
        </testcase>
        <testcase classname="src/app/workspace/service/workflow-graph/model/joint-graph-wrapper.spec.ts" name="JointGraphWrapperService &gt; when linkBreakpoint is enabled &gt; should emit an unhighlight event correctly when an highlighted link is deleted" time="0.00613975">
        </testcase>
        <testcase classname="src/app/workspace/service/workflow-graph/model/joint-graph-wrapper.spec.ts" name="JointGraphWrapperService &gt; when linkBreakpoint is enabled &gt; should unhighlight previous highlighted link if another link is selected/highlighted" time="0.006245875">
        </testcase>
        <testcase classname="src/app/workspace/service/workflow-graph/model/joint-graph-wrapper.spec.ts" name="JointGraphWrapperService &gt; when linkBreakpoint is enabled &gt; should unhighlight previous highlighted links if an operator is highlighted" time="0.010032708">
        </testcase>
        <testcase classname="src/app/workspace/service/workflow-graph/model/joint-graph-wrapper.spec.ts" name="JointGraphWrapperService &gt; regions displayed flag &gt; defaults to not displayed" time="0.000861209">
        </testcase>
        <testcase classname="src/app/workspace/service/workflow-graph/model/joint-graph-wrapper.spec.ts" name="JointGraphWrapperService &gt; regions displayed flag &gt; updates the value when set" time="0.000536">
        </testcase>
        <testcase classname="src/app/workspace/service/workflow-graph/model/joint-graph-wrapper.spec.ts" name="JointGraphWrapperService &gt; regions displayed flag &gt; emits the current value to new subscribers and on every change" time="0.000524375">
        </testcase>
        <testcase classname="src/app/workspace/service/workflow-graph/model/joint-graph-wrapper.spec.ts" name="JointGraphWrapperService &gt; highlighting links, comment boxes and ports &gt; highlightLinks and unhighlightLinks track the current link ids and emit" time="0.008973417">
        </testcase>
        <testcase classname="src/app/workspace/service/workflow-graph/model/joint-graph-wrapper.spec.ts" name="JointGraphWrapperService &gt; highlighting links, comment boxes and ports &gt; highlightCommentBoxes and unhighlightCommentBoxes track the ids and emit" time="0.013036042">
        </testcase>
        <testcase classname="src/app/workspace/service/workflow-graph/model/joint-graph-wrapper.spec.ts" name="JointGraphWrapperService &gt; highlighting links, comment boxes and ports &gt; highlightPorts and unhighlightPorts track the current ports and emit" time="0.003242833">
        </testcase>
        <testcase classname="src/app/workspace/service/workflow-graph/model/joint-graph-wrapper.spec.ts" name="JointGraphWrapperService &gt; highlighting links, comment boxes and ports &gt; single-select mode (the default) unhighlights the previous element" time="0.003056125">
        </testcase>
        <testcase classname="src/app/workspace/service/workflow-graph/model/joint-graph-wrapper.spec.ts" name="JointGraphWrapperService &gt; highlighting links, comment boxes and ports &gt; multi-select mode keeps previously highlighted elements" time="0.003377459">
        </testcase>
        <testcase classname="src/app/workspace/service/workflow-graph/model/joint-graph-wrapper.spec.ts" name="JointGraphWrapperService &gt; highlighting links, comment boxes and ports &gt; getCurrentHighlights and getCurrentHighlightedIDs aggregate every family" time="0.00249225">
        </testcase>
        <testcase classname="src/app/workspace/service/workflow-graph/model/joint-graph-wrapper.spec.ts" name="JointGraphWrapperService &gt; highlighting links, comment boxes and ports &gt; unhighlightElements clears operators, links, comment boxes and ports together" time="0.004968875">
        </testcase>
        <testcase classname="src/app/workspace/service/workflow-graph/model/joint-graph-wrapper.spec.ts" name="JointGraphWrapperService &gt; highlighting links, comment boxes and ports &gt; exposes the group highlight streams, which operator highlighting does not touch" time="0.004726917">
        </testcase>
        <testcase classname="src/app/workspace/service/workflow-graph/model/joint-graph-wrapper.spec.ts" name="JointGraphWrapperService &gt; workflow flags &gt; setReloadingWorkflow round-trips through getReloadingWorkflow" time="0.000770333">
        </testcase>
        <testcase classname="src/app/workspace/service/workflow-graph/model/joint-graph-wrapper.spec.ts" name="JointGraphWrapperService &gt; workflow flags &gt; setListenPositionChange round-trips through getListenPositionChange" time="0.000537083">
        </testcase>
        <testcase classname="src/app/workspace/service/workflow-graph/model/joint-graph-wrapper.spec.ts" name="JointGraphWrapperService &gt; zoom ratio bounds &gt; setZoomProperty updates the ratio and emits it on the zoom stream" time="0.000461625">
        </testcase>
        <testcase classname="src/app/workspace/service/workflow-graph/model/joint-graph-wrapper.spec.ts" name="JointGraphWrapperService &gt; zoom ratio bounds &gt; isZoomRatioMin and isZoomRatioMax report the configured bounds" time="0.003960708">
        </testcase>
        <testcase classname="src/app/workspace/service/workflow-graph/model/joint-graph-wrapper.spec.ts" name="JointGraphWrapperService &gt; zoom ratio bounds &gt; restoreDefaultZoomAndOffset resets the ratio and signals a paper-offset restore" time="0.001994916">
        </testcase>
        <testcase classname="src/app/workspace/service/workflow-graph/model/joint-graph-wrapper.spec.ts" name="JointGraphWrapperService &gt; cell layer, breakpoints and position changes &gt; getCellLayer returns the cell&apos;s z index and throws for an unknown cell" time="0.008189792">
        </testcase>
        <testcase classname="src/app/workspace/service/workflow-graph/model/joint-graph-wrapper.spec.ts" name="JointGraphWrapperService &gt; cell layer, breakpoints and position changes &gt; getLinkIDsWithBreakpoint starts empty" time="0.000943542">
        </testcase>
        <testcase classname="src/app/workspace/service/workflow-graph/model/joint-graph-wrapper.spec.ts" name="JointGraphWrapperService &gt; cell layer, breakpoints and position changes &gt; getElementPositionChangeEvent reports the old and new position of a moved element" time="0.001378542">
        </testcase>
        <testcase classname="src/app/workspace/service/workflow-graph/model/joint-graph-wrapper.spec.ts" name="JointGraphWrapperService &gt; coeditor presence without an attached paper &gt; add/deleteCoeditorOperatorHighlight are no-ops when no paper is attached" time="0.001293084">
        </testcase>
        <testcase classname="src/app/workspace/service/workflow-graph/model/joint-graph-wrapper.spec.ts" name="JointGraphWrapperService &gt; coeditor presence without an attached paper &gt; setCurrentEditing returns an interval that removeCurrentEditing clears" time="0.001163666">
        </testcase>
        <testcase classname="src/app/workspace/service/workflow-graph/model/joint-graph-wrapper.spec.ts" name="JointGraphWrapperService &gt; coeditor presence without an attached paper &gt; set/removePropertyChanged are no-ops when no paper is attached" time="0.003871833">
        </testcase>
        <testcase classname="src/app/workspace/service/workflow-graph/model/joint-graph-wrapper.spec.ts" name="JointGraphWrapperService &gt; guard clauses for missing, wrong-typed and unhighlighted cells &gt; setElementPosition rejects an unknown id and a link id" time="0.008864584">
        </testcase>
        <testcase classname="src/app/workspace/service/workflow-graph/model/joint-graph-wrapper.spec.ts" name="JointGraphWrapperService &gt; guard clauses for missing, wrong-typed and unhighlighted cells &gt; setAbsolutePosition moves an element and rejects an unknown id and a link id" time="0.005539584">
        </testcase>
        <testcase classname="src/app/workspace/service/workflow-graph/model/joint-graph-wrapper.spec.ts" name="JointGraphWrapperService &gt; guard clauses for missing, wrong-typed and unhighlighted cells &gt; highlightOperators rejects an id that is not in the graph" time="0.000838833">
        </testcase>
        <testcase classname="src/app/workspace/service/workflow-graph/model/joint-graph-wrapper.spec.ts" name="JointGraphWrapperService &gt; guard clauses for missing, wrong-typed and unhighlighted cells &gt; highlightLink rejects an unknown id and ignores an already highlighted link" time="0.002185959">
        </testcase>
        <testcase classname="src/app/workspace/service/workflow-graph/model/joint-graph-wrapper.spec.ts" name="JointGraphWrapperService &gt; guard clauses for missing, wrong-typed and unhighlighted cells &gt; unhighlightLink and unhighlightOperators stay silent for cells that are not highlighted" time="0.013084125">
        </testcase>
        <testcase classname="src/app/workspace/service/workflow-graph/model/joint-graph-wrapper.spec.ts" name="JointGraphWrapperService &gt; guard clauses for missing, wrong-typed and unhighlighted cells &gt; highlightCommentBoxes stays silent when every requested box is already highlighted" time="0.003055292">
        </testcase>
        <testcase classname="src/app/workspace/service/workflow-graph/model/joint-graph-wrapper.spec.ts" name="JointGraphWrapperService &gt; guard clauses for missing, wrong-typed and unhighlighted cells &gt; getCellLayer reports the layer JointUIService assigned" time="0.007516458">
        </testcase>
        <testcase classname="src/app/workspace/service/workflow-graph/model/joint-graph-wrapper.spec.ts" name="JointGraphWrapperService &gt; guard clauses for missing, wrong-typed and unhighlighted cells &gt; removing a highlighted cell straight from the graph unhighlights it" time="0.003627625">
        </testcase>
        <testcase classname="src/app/workspace/service/workflow-graph/model/joint-graph-wrapper.spec.ts" name="JointGraphWrapperService &gt; guard clauses for missing, wrong-typed and unhighlighted cells &gt; getElementPositionChangeEvent carries the previous position across consecutive moves" time="0.002966167">
        </testcase>
        <testcase classname="src/app/workspace/service/workflow-graph/model/joint-graph-wrapper.spec.ts" name="JointGraphWrapperService &gt; guard clauses for missing, wrong-typed and unhighlighted cells &gt; getElementPositionChangeEvent errors for an element the wrapper never saw being added" time="0.001992541">
        </testcase>
        <testcase classname="src/app/workspace/service/workflow-graph/model/joint-graph-wrapper.spec.ts" name="JointGraphWrapperService &gt; link endpoint changes &gt; getJointLinkCellChangeStream emits the link whose endpoint was re-attached" time="0.012475708">
        </testcase>
        <testcase classname="src/app/workspace/service/workflow-graph/model/joint-graph-wrapper.spec.ts" name="JointGraphWrapperService &gt; auto layout &gt; lays operators out left to right and leaves region elements where they are" time="0.01656875">
        </testcase>
        <testcase classname="src/app/workspace/service/workflow-graph/model/joint-graph-wrapper.spec.ts" name="JointGraphWrapperService &gt; with a joint paper attached &gt; attachMainJointPaper binds the wrapper&apos;s own graph and publishes the paper" time="0.004482042">
        </testcase>
        <testcase classname="src/app/workspace/service/workflow-graph/model/joint-graph-wrapper.spec.ts" name="JointGraphWrapperService &gt; with a joint paper attached &gt; an async context defers highlight events and switches the paper to async rendering" time="0.040116917">
        </testcase>
        <testcase classname="src/app/workspace/service/workflow-graph/model/joint-graph-wrapper.spec.ts" name="JointGraphWrapperService &gt; with a joint paper attached &gt; an async context still buffers when no paper was ever attached" time="0.003726583">
        </testcase>
        <testcase classname="src/app/workspace/service/workflow-graph/model/joint-graph-wrapper.spec.ts" name="JointGraphWrapperService &gt; with a joint paper attached &gt; addCoeditorOperatorHighlight stacks one ring per coeditor and ignores duplicates" time="0.072120708">
        </testcase>
        <testcase classname="src/app/workspace/service/workflow-graph/model/joint-graph-wrapper.spec.ts" name="JointGraphWrapperService &gt; with a joint paper attached &gt; deleteCoeditorOperatorHighlight removes one ring and re-pads the ones behind it" time="0.049506458">
        </testcase>
        <testcase classname="src/app/workspace/service/workflow-graph/model/joint-graph-wrapper.spec.ts" name="JointGraphWrapperService &gt; with a joint paper attached &gt; setCurrentEditing writes the coeditor banner and animates its trailing dots" time="0.074823416">
        </testcase>
        <testcase classname="src/app/workspace/service/workflow-graph/model/joint-graph-wrapper.spec.ts" name="JointGraphWrapperService &gt; with a joint paper attached &gt; removeCurrentEditing hides the banner" time="0.041787">
        </testcase>
        <testcase classname="src/app/workspace/service/workflow-graph/model/joint-graph-wrapper.spec.ts" name="JointGraphWrapperService &gt; with a joint paper attached &gt; set/removePropertyChanged show and hide the property-changed banner" time="0.030440833">
        </testcase>
    </testsuite>
    <testsuite name="src/app/workspace/service/workflow-graph/model/shared-model-change-handler.spec.ts" timestamp="2026-09-01T22:49:41.822Z" hostname="dhcp-172-27-096-224.mobile.uci.edu" tests="38" failures="0" errors="0" skipped="0" time="0.349683625">
        <testcase classname="src/app/workspace/service/workflow-graph/model/shared-model-change-handler.spec.ts" name="SharedModelChangeHandler &gt; operator add and delete &gt; should emit operatorAddSubject and add a joint element when an operator is added" time="0.010092792">
        </testcase>
        <testcase classname="src/app/workspace/service/workflow-graph/model/shared-model-change-handler.spec.ts" name="SharedModelChangeHandler &gt; operator add and delete &gt; should throw when adding an operator that has no entry in the position map" time="0.004180334">
        </testcase>
        <testcase classname="src/app/workspace/service/workflow-graph/model/shared-model-change-handler.spec.ts" name="SharedModelChangeHandler &gt; operator add and delete &gt; should highlight all newly added operators in multi-select mode when several are added together" time="0.016247166">
        </testcase>
        <testcase classname="src/app/workspace/service/workflow-graph/model/shared-model-change-handler.spec.ts" name="SharedModelChangeHandler &gt; operator add and delete &gt; should emit operatorDeleteSubject and remove the joint element (unhighlighting first) when an operator is deleted" time="0.00502575">
        </testcase>
        <testcase classname="src/app/workspace/service/workflow-graph/model/shared-model-change-handler.spec.ts" name="SharedModelChangeHandler &gt; link add and delete &gt; should emit linkAddSubject and add a joint link cell when a valid link is added" time="0.008777625">
        </testcase>
        <testcase classname="src/app/workspace/service/workflow-graph/model/shared-model-change-handler.spec.ts" name="SharedModelChangeHandler &gt; link add and delete &gt; should emit linkDeleteSubject and remove the joint link cell when a link is deleted" time="0.00833225">
        </testcase>
        <testcase classname="src/app/workspace/service/workflow-graph/model/shared-model-change-handler.spec.ts" name="SharedModelChangeHandler &gt; link add and delete &gt; should repair the shared model (and not emit linkAddSubject) when an invalid link is added directly" time="0.028375209">
        </testcase>
        <testcase classname="src/app/workspace/service/workflow-graph/model/shared-model-change-handler.spec.ts" name="SharedModelChangeHandler &gt; element position change &gt; should reposition the joint element when the element position map is updated" time="0.008334167">
        </testcase>
        <testcase classname="src/app/workspace/service/workflow-graph/model/shared-model-change-handler.spec.ts" name="SharedModelChangeHandler &gt; element position change with no value &gt; leaves the joint element alone when the update carries no position" time="0.003537834">
        </testcase>
        <testcase classname="src/app/workspace/service/workflow-graph/model/shared-model-change-handler.spec.ts" name="SharedModelChangeHandler &gt; comment box add and delete &gt; should emit commentBoxAddSubject and add a joint comment element when a comment box is added" time="0.003750625">
        </testcase>
        <testcase classname="src/app/workspace/service/workflow-graph/model/shared-model-change-handler.spec.ts" name="SharedModelChangeHandler &gt; comment box add and delete &gt; should remove the joint comment element when a comment box is deleted" time="0.003513625">
        </testcase>
        <testcase classname="src/app/workspace/service/workflow-graph/model/shared-model-change-handler.spec.ts" name="SharedModelChangeHandler &gt; deep operator changes &gt; should emit viewResultOperatorChangedSubject when the view-result flag is toggled on and off" time="0.003507666">
        </testcase>
        <testcase classname="src/app/workspace/service/workflow-graph/model/shared-model-change-handler.spec.ts" name="SharedModelChangeHandler &gt; deep operator changes &gt; should emit reuseOperatorChangedSubject when the reuse-cache flag is toggled on and off" time="0.003270959">
        </testcase>
        <testcase classname="src/app/workspace/service/workflow-graph/model/shared-model-change-handler.spec.ts" name="SharedModelChangeHandler &gt; deep operator changes &gt; should emit disabledOperatorChangedSubject when the operator is disabled and enabled" time="0.004962916">
        </testcase>
        <testcase classname="src/app/workspace/service/workflow-graph/model/shared-model-change-handler.spec.ts" name="SharedModelChangeHandler &gt; deep operator changes &gt; should emit operatorPropertyChangeSubject when the operator properties change" time="0.003502292">
        </testcase>
        <testcase classname="src/app/workspace/service/workflow-graph/model/shared-model-change-handler.spec.ts" name="SharedModelChangeHandler &gt; deep operator changes &gt; should update local awareness when the currently-edited operator&apos;s property changes locally" time="0.006182667">
        </testcase>
        <testcase classname="src/app/workspace/service/workflow-graph/model/shared-model-change-handler.spec.ts" name="SharedModelChangeHandler &gt; deep operator changes &gt; should emit operatorPropertyChangeSubject when the whole operatorProperties type is replaced" time="0.00809675">
        </testcase>
        <testcase classname="src/app/workspace/service/workflow-graph/model/shared-model-change-handler.spec.ts" name="SharedModelChangeHandler &gt; deep operator changes &gt; should throw on an unrecognized nested operator change" time="0.004848333">
        </testcase>
        <testcase classname="src/app/workspace/service/workflow-graph/model/shared-model-change-handler.spec.ts" name="SharedModelChangeHandler &gt; deep operator changes &gt; should emit operatorDisplayNameChangedSubject when the custom display name text changes" time="0.004397">
        </testcase>
        <testcase classname="src/app/workspace/service/workflow-graph/model/shared-model-change-handler.spec.ts" name="SharedModelChangeHandler &gt; port events &gt; should emit portAddedOrDeletedSubject and add a joint port when an output port is added" time="0.00951475">
        </testcase>
        <testcase classname="src/app/workspace/service/workflow-graph/model/shared-model-change-handler.spec.ts" name="SharedModelChangeHandler &gt; port events &gt; should emit portAddedOrDeletedSubject and add a joint port when an input port is added" time="0.021688917">
        </testcase>
        <testcase classname="src/app/workspace/service/workflow-graph/model/shared-model-change-handler.spec.ts" name="SharedModelChangeHandler &gt; port events &gt; should emit portAddedOrDeletedSubject and remove a joint port when input and output ports are removed" time="0.016604417">
        </testcase>
        <testcase classname="src/app/workspace/service/workflow-graph/model/shared-model-change-handler.spec.ts" name="SharedModelChangeHandler &gt; port events &gt; should emit portDisplayNameChangedSubject when a port&apos;s display name text changes" time="0.026851792">
        </testcase>
        <testcase classname="src/app/workspace/service/workflow-graph/model/shared-model-change-handler.spec.ts" name="SharedModelChangeHandler &gt; port events &gt; should emit portPropertyChangedSubject when a port&apos;s partition/dependency properties change" time="0.005745542">
        </testcase>
        <testcase classname="src/app/workspace/service/workflow-graph/model/shared-model-change-handler.spec.ts" name="SharedModelChangeHandler &gt; port events &gt; reports a display-name change on an output port too" time="0.006701541">
        </testcase>
        <testcase classname="src/app/workspace/service/workflow-graph/model/shared-model-change-handler.spec.ts" name="SharedModelChangeHandler &gt; port events &gt; reports a property change on an output port too" time="0.006045292">
        </testcase>
        <testcase classname="src/app/workspace/service/workflow-graph/model/shared-model-change-handler.spec.ts" name="SharedModelChangeHandler &gt; port events &gt; stays quiet for a port property change that carries no partition or dependencies" time="0.007213791">
        </testcase>
        <testcase classname="src/app/workspace/service/workflow-graph/model/shared-model-change-handler.spec.ts" name="SharedModelChangeHandler &gt; port events &gt; removes nothing from the joint element when that side has no ports" time="0.00764275">
        </testcase>
        <testcase classname="src/app/workspace/service/workflow-graph/model/shared-model-change-handler.spec.ts" name="SharedModelChangeHandler &gt; port events &gt; refuses a port event that is neither a display name nor a property change" time="0.006586417">
        </testcase>
        <testcase classname="src/app/workspace/service/workflow-graph/model/shared-model-change-handler.spec.ts" name="SharedModelChangeHandler &gt; deep comment box changes &gt; should emit commentBoxAddCommentSubject when a comment is added" time="0.003163542">
        </testcase>
        <testcase classname="src/app/workspace/service/workflow-graph/model/shared-model-change-handler.spec.ts" name="SharedModelChangeHandler &gt; deep comment box changes &gt; should emit commentBoxDeleteCommentSubject when a comment is deleted" time="0.00437725">
        </testcase>
        <testcase classname="src/app/workspace/service/workflow-graph/model/shared-model-change-handler.spec.ts" name="SharedModelChangeHandler &gt; deep comment box changes &gt; should emit commentBoxEditCommentSubject when a comment is edited in place" time="0.006284667">
        </testcase>
        <testcase classname="src/app/workspace/service/workflow-graph/model/shared-model-change-handler.spec.ts" name="SharedModelChangeHandler &gt; new Y doc reload &gt; should re-register the observers on the freshly loaded shared model" time="0.007277458">
        </testcase>
        <testcase classname="src/app/workspace/service/workflow-graph/model/shared-model-change-handler.spec.ts" name="SharedModelChangeHandler &gt; async rendering path &gt; should batch-add operators onto the joint graph when async rendering is enabled" time="0.007121458">
        </testcase>
        <testcase classname="src/app/workspace/service/workflow-graph/model/shared-model-change-handler.spec.ts" name="SharedModelChangeHandler &gt; async rendering path &gt; should batch-add links onto the joint graph when async rendering is enabled" time="0.007789416">
        </testcase>
        <testcase classname="src/app/workspace/service/workflow-graph/model/shared-model-change-handler.spec.ts" name="SharedModelChangeHandler &gt; remote changes &gt; adds an operator that arrives from another client" time="0.005515667">
        </testcase>
        <testcase classname="src/app/workspace/service/workflow-graph/model/shared-model-change-handler.spec.ts" name="SharedModelChangeHandler &gt; remote changes &gt; deletes an operator that another client removed" time="0.031834167">
        </testcase>
        <testcase classname="src/app/workspace/service/workflow-graph/model/shared-model-change-handler.spec.ts" name="SharedModelChangeHandler &gt; remote changes &gt; applies a remote property change without updating local awareness" time="0.02091175">
        </testcase>
    </testsuite>
    <testsuite name="src/app/workspace/service/workflow-graph/model/shared-model.spec.ts" timestamp="2026-09-01T22:49:41.823Z" hostname="dhcp-172-27-096-224.mobile.uci.edu" tests="11" failures="0" errors="0" skipped="0" time="0.007492666">
        <testcase classname="src/app/workspace/service/workflow-graph/model/shared-model.spec.ts" name="SharedModel &gt; room suffix &gt; uses the workflow id as the room name when one is given" time="0.000829708">
        </testcase>
        <testcase classname="src/app/workspace/service/workflow-graph/model/shared-model.spec.ts" name="SharedModel &gt; room suffix &gt; falls back to a random room name when there is no workflow id" time="0.000369417">
        </testcase>
        <testcase classname="src/app/workspace/service/workflow-graph/model/shared-model.spec.ts" name="SharedModel &gt; local awareness &gt; publishes the local coeditor state when a user is provided" time="0.000322916">
        </testcase>
        <testcase classname="src/app/workspace/service/workflow-graph/model/shared-model.spec.ts" name="SharedModel &gt; local awareness &gt; becomes active once the mouse enters a canvas" time="0.000948708">
        </testcase>
        <testcase classname="src/app/workspace/service/workflow-graph/model/shared-model.spec.ts" name="SharedModel &gt; local awareness &gt; publishes no coeditor state when constructed anonymously" time="0.00035275">
        </testcase>
        <testcase classname="src/app/workspace/service/workflow-graph/model/shared-model.spec.ts" name="SharedModel &gt; local awareness &gt; updateAwareness writes the field when a user is provided" time="0.000449959">
        </testcase>
        <testcase classname="src/app/workspace/service/workflow-graph/model/shared-model.spec.ts" name="SharedModel &gt; local awareness &gt; updateAwareness is a no-op when constructed anonymously" time="0.000357375">
        </testcase>
        <testcase classname="src/app/workspace/service/workflow-graph/model/shared-model.spec.ts" name="SharedModel &gt; transact runs the callback inside a yDoc transaction" time="0.00087475">
        </testcase>
        <testcase classname="src/app/workspace/service/workflow-graph/model/shared-model.spec.ts" name="SharedModel &gt; destroy &gt; disconnects when shouldConnect=true and wsconnected=true" time="0.000875">
        </testcase>
        <testcase classname="src/app/workspace/service/workflow-graph/model/shared-model.spec.ts" name="SharedModel &gt; destroy &gt; does not disconnect when shouldConnect=false and wsconnected=true" time="0.000911958">
        </testcase>
        <testcase classname="src/app/workspace/service/workflow-graph/model/shared-model.spec.ts" name="SharedModel &gt; destroy &gt; does not disconnect when shouldConnect=true and wsconnected=false" time="0.000962416">
        </testcase>
    </testsuite>
    <testsuite name="src/app/workspace/service/workflow-graph/model/sync-texera-model.spec.ts" timestamp="2026-09-01T22:49:41.824Z" hostname="dhcp-172-27-096-224.mobile.uci.edu" tests="9" failures="0" errors="0" skipped="0" time="0.006520458">
        <testcase classname="src/app/workspace/service/workflow-graph/model/sync-texera-model.spec.ts" name="SyncTexeraModel &gt; should add a link when link add event happen from JointJS" time="0.002336625">
        </testcase>
        <testcase classname="src/app/workspace/service/workflow-graph/model/sync-texera-model.spec.ts" name="SyncTexeraModel &gt; should not create a link when an incomplete link is added in JointJS" time="0.000722666">
        </testcase>
        <testcase classname="src/app/workspace/service/workflow-graph/model/sync-texera-model.spec.ts" name="SyncTexeraModel &gt; should delete a link when link delete event happens from JointJS" time="0.000575959">
        </testcase>
        <testcase classname="src/app/workspace/service/workflow-graph/model/sync-texera-model.spec.ts" name="SyncTexeraModel &gt; should ignore JointJS link delete event of an incomplete link" time="0.000517708">
        </testcase>
        <testcase classname="src/app/workspace/service/workflow-graph/model/sync-texera-model.spec.ts" name="SyncTexeraModel &gt; should delete the link when a link is detached from the target port" time="0.000526625">
        </testcase>
        <testcase classname="src/app/workspace/service/workflow-graph/model/sync-texera-model.spec.ts" name="SyncTexeraModel &gt; should delete and then re-add the link if link target is changed from one port to another" time="0.000771584">
        </testcase>
        <testcase classname="src/app/workspace/service/workflow-graph/model/sync-texera-model.spec.ts" name="SyncTexeraModel &gt; getOperatorLink &gt; transforms a fully connected joint link into the matching OperatorLink" time="0.000311709">
        </testcase>
        <testcase classname="src/app/workspace/service/workflow-graph/model/sync-texera-model.spec.ts" name="SyncTexeraModel &gt; getOperatorLink &gt; throws when the joint link has no source attribute" time="0.000310625">
        </testcase>
        <testcase classname="src/app/workspace/service/workflow-graph/model/sync-texera-model.spec.ts" name="SyncTexeraModel &gt; getOperatorLink &gt; throws when the joint link has no target attribute" time="0.000260333">
        </testcase>
    </testsuite>
    <testsuite name="src/app/workspace/service/workflow-graph/model/workflow-action.service.spec.ts" timestamp="2026-09-01T22:49:41.824Z" hostname="dhcp-172-27-096-224.mobile.uci.edu" tests="67" failures="0" errors="0" skipped="0" time="0.547976083">
        <testcase classname="src/app/workspace/service/workflow-graph/model/workflow-action.service.spec.ts" name="WorkflowActionService &gt; should be created" time="0.003634292">
        </testcase>
        <testcase classname="src/app/workspace/service/workflow-graph/model/workflow-action.service.spec.ts" name="WorkflowActionService &gt; should add an operator to both jointjs and texera graph correctly" time="0.005307708">
        </testcase>
        <testcase classname="src/app/workspace/service/workflow-graph/model/workflow-action.service.spec.ts" name="WorkflowActionService &gt; should add commentBox to both jointjs and texera graph correctly" time="0.017054166">
        </testcase>
        <testcase classname="src/app/workspace/service/workflow-graph/model/workflow-action.service.spec.ts" name="WorkflowActionService &gt; should throw an error when adding an existed operator" time="0.007069917">
        </testcase>
        <testcase classname="src/app/workspace/service/workflow-graph/model/workflow-action.service.spec.ts" name="WorkflowActionService &gt; should throw an error when adding an operator with invalid operator type" time="0.007956416">
        </testcase>
        <testcase classname="src/app/workspace/service/workflow-graph/model/workflow-action.service.spec.ts" name="WorkflowActionService &gt; should delete an operator to both jointjs and texera graph correctly" time="0.005726542">
        </testcase>
        <testcase classname="src/app/workspace/service/workflow-graph/model/workflow-action.service.spec.ts" name="WorkflowActionService &gt; should throw an error when trying to delete an non-existing operator" time="0.001749166">
        </testcase>
        <testcase classname="src/app/workspace/service/workflow-graph/model/workflow-action.service.spec.ts" name="WorkflowActionService &gt; should add a link to both jointjs and texera graph correctly" time="0.013579625">
        </testcase>
        <testcase classname="src/app/workspace/service/workflow-graph/model/workflow-action.service.spec.ts" name="WorkflowActionService &gt; should throw appropriate errors when adding various types of incorrect links" time="0.010109792">
        </testcase>
        <testcase classname="src/app/workspace/service/workflow-graph/model/workflow-action.service.spec.ts" name="WorkflowActionService &gt; should delete a link by link ID from both jointjs and texera graph correctly" time="0.0226225">
        </testcase>
        <testcase classname="src/app/workspace/service/workflow-graph/model/workflow-action.service.spec.ts" name="WorkflowActionService &gt; should delete a link by source and target from both jointjs and texera graph correctly" time="0.0036955">
        </testcase>
        <testcase classname="src/app/workspace/service/workflow-graph/model/workflow-action.service.spec.ts" name="WorkflowActionService &gt; should throw an error when trying to delete non-existing link" time="0.004004791">
        </testcase>
        <testcase classname="src/app/workspace/service/workflow-graph/model/workflow-action.service.spec.ts" name="WorkflowActionService &gt; should set operator property to texera graph correctly" time="0.003131042">
        </testcase>
        <testcase classname="src/app/workspace/service/workflow-graph/model/workflow-action.service.spec.ts" name="WorkflowActionService &gt; should throw an error when trying to set operator property of an nonexist operator" time="0.0037115">
        </testcase>
        <testcase classname="src/app/workspace/service/workflow-graph/model/workflow-action.service.spec.ts" name="WorkflowActionService &gt; should handle delete an operator causing connected links to be deleted correctly" time="0.004189167">
        </testcase>
        <testcase classname="src/app/workspace/service/workflow-graph/model/workflow-action.service.spec.ts" name="WorkflowActionService &gt; should reformat the workflow" time="0.075450125">
        </testcase>
        <testcase classname="src/app/workspace/service/workflow-graph/model/workflow-action.service.spec.ts" name="WorkflowActionService &gt; should reload a workflow, repopulating the graph and clearing the undo/redo stacks" time="0.011889375">
        </testcase>
        <testcase classname="src/app/workspace/service/workflow-graph/model/workflow-action.service.spec.ts" name="WorkflowActionService &gt; should throw when a reloaded operator is missing its position" time="0.004155292">
        </testcase>
        <testcase classname="src/app/workspace/service/workflow-graph/model/workflow-action.service.spec.ts" name="WorkflowActionService &gt; should empty the graph and skip viewport restore when reloading undefined" time="0.009768458">
        </testcase>
        <testcase classname="src/app/workspace/service/workflow-graph/model/workflow-action.service.spec.ts" name="WorkflowActionService &gt; should clear the workflow back to its defaults" time="0.006856458">
        </testcase>
        <testcase classname="src/app/workspace/service/workflow-graph/model/workflow-action.service.spec.ts" name="WorkflowActionService &gt; should emit on workflowChanged when resetting as a new workflow" time="0.004277417">
        </testcase>
        <testcase classname="src/app/workspace/service/workflow-graph/model/workflow-action.service.spec.ts" name="WorkflowActionService &gt; should only emit metadata changes when the reference changes" time="0.006545666">
        </testcase>
        <testcase classname="src/app/workspace/service/workflow-graph/model/workflow-action.service.spec.ts" name="WorkflowActionService &gt; should set the workflow name, defaulting blank names" time="0.008760708">
        </testcase>
        <testcase classname="src/app/workspace/service/workflow-graph/model/workflow-action.service.spec.ts" name="WorkflowActionService &gt; should manage workflow settings and publish state" time="0.004891708">
        </testcase>
        <testcase classname="src/app/workspace/service/workflow-graph/model/workflow-action.service.spec.ts" name="WorkflowActionService &gt; should toggle the shared-editing connection through temp workflow" time="0.010253666">
        </testcase>
        <testcase classname="src/app/workspace/service/workflow-graph/model/workflow-action.service.spec.ts" name="WorkflowActionService &gt; should add a dynamic input port to both the texera and joint graphs" time="0.019182833">
        </testcase>
        <testcase classname="src/app/workspace/service/workflow-graph/model/workflow-action.service.spec.ts" name="WorkflowActionService &gt; should honor disallowMultiInputs when adding an input port" time="0.011017833">
        </testcase>
        <testcase classname="src/app/workspace/service/workflow-graph/model/workflow-action.service.spec.ts" name="WorkflowActionService &gt; should remove the last dynamic port from both the texera and joint graphs" time="0.029620625">
        </testcase>
        <testcase classname="src/app/workspace/service/workflow-graph/model/workflow-action.service.spec.ts" name="WorkflowActionService &gt; should throw when adding a port to an operator without dynamic ports" time="0.006227333">
        </testcase>
        <testcase classname="src/app/workspace/service/workflow-graph/model/workflow-action.service.spec.ts" name="WorkflowActionService &gt; should disable and enable operators, reflecting in the graph and change stream" time="0.005478666">
        </testcase>
        <testcase classname="src/app/workspace/service/workflow-graph/model/workflow-action.service.spec.ts" name="WorkflowActionService &gt; should mark and unmark operators for result reuse" time="0.016553125">
            <system-out>
seeting marked for reuse in shared model

            </system-out>
        </testcase>
        <testcase classname="src/app/workspace/service/workflow-graph/model/workflow-action.service.spec.ts" name="WorkflowActionService &gt; should set and unset operators for viewing results" time="0.002704708">
        </testcase>
        <testcase classname="src/app/workspace/service/workflow-graph/model/workflow-action.service.spec.ts" name="WorkflowActionService &gt; should highlight and unhighlight ports honoring multiselect mode" time="0.00246525">
        </testcase>
        <testcase classname="src/app/workspace/service/workflow-graph/model/workflow-action.service.spec.ts" name="WorkflowActionService &gt; should highlight mixed operator and comment-box elements with multiselect" time="0.017594042">
        </testcase>
        <testcase classname="src/app/workspace/service/workflow-graph/model/workflow-action.service.spec.ts" name="WorkflowActionService &gt; should update an operator&apos;s version in the graph" time="0.004776666">
        </testcase>
        <testcase classname="src/app/workspace/service/workflow-graph/model/workflow-action.service.spec.ts" name="WorkflowActionService &gt; should set a port property on an existing port and throw on a missing one" time="0.009586">
        </testcase>
        <testcase classname="src/app/workspace/service/workflow-graph/model/workflow-action.service.spec.ts" name="WorkflowActionService &gt; should compute the top-left position across all operators" time="0.003308166">
        </testcase>
        <testcase classname="src/app/workspace/service/workflow-graph/model/workflow-action.service.spec.ts" name="WorkflowActionService &gt; should leave the center point at its default when there are no operators" time="0.003176625">
        </testcase>
        <testcase classname="src/app/workspace/service/workflow-graph/model/workflow-action.service.spec.ts" name="WorkflowActionService &gt; should toggle the workflow-modification lock and emit each state on the stream" time="0.003538916">
        </testcase>
        <testcase classname="src/app/workspace/service/workflow-graph/model/workflow-action.service.spec.ts" name="WorkflowActionService &gt; should expose the underlying joint graph instance" time="0.001934709">
        </testcase>
        <testcase classname="src/app/workspace/service/workflow-graph/model/workflow-action.service.spec.ts" name="WorkflowActionService &gt; should resolve a conflicting port ID when adding a dynamic input port" time="0.038243583">
        </testcase>
        <testcase classname="src/app/workspace/service/workflow-graph/model/workflow-action.service.spec.ts" name="WorkflowActionService &gt; should add a dynamic output port to an operator that allows them" time="0.006724083">
        </testcase>
        <testcase classname="src/app/workspace/service/workflow-graph/model/workflow-action.service.spec.ts" name="WorkflowActionService &gt; should throw when adding an output port to an operator without dynamic output ports" time="0.024147">
        </testcase>
        <testcase classname="src/app/workspace/service/workflow-graph/model/workflow-action.service.spec.ts" name="WorkflowActionService &gt; should throw when specifying disallowMultiInputs on an output port" time="0.009535375">
        </testcase>
        <testcase classname="src/app/workspace/service/workflow-graph/model/workflow-action.service.spec.ts" name="WorkflowActionService &gt; should add a comment box together with its initial comments" time="0.003768792">
        </testcase>
        <testcase classname="src/app/workspace/service/workflow-graph/model/workflow-action.service.spec.ts" name="WorkflowActionService &gt; should delete a comment box and throw when deleting a non-existing one" time="0.002101583">
        </testcase>
        <testcase classname="src/app/workspace/service/workflow-graph/model/workflow-action.service.spec.ts" name="WorkflowActionService &gt; should add, edit, and delete a comment inside a comment box" time="0.002339375">
        </testcase>
        <testcase classname="src/app/workspace/service/workflow-graph/model/workflow-action.service.spec.ts" name="WorkflowActionService &gt; should delete multiple operators along with their connecting links" time="0.0051415">
        </testcase>
        <testcase classname="src/app/workspace/service/workflow-graph/model/workflow-action.service.spec.ts" name="WorkflowActionService &gt; should delete a downstream operator and drop links matched by their target" time="0.008475208">
        </testcase>
        <testcase classname="src/app/workspace/service/workflow-graph/model/workflow-action.service.spec.ts" name="WorkflowActionService &gt; should record comment-box positions during auto layout" time="0.003591042">
        </testcase>
        <testcase classname="src/app/workspace/service/workflow-graph/model/workflow-action.service.spec.ts" name="WorkflowActionService &gt; should emit open and close events on the result-panel stream" time="0.001342458">
        </testcase>
        <testcase classname="src/app/workspace/service/workflow-graph/model/workflow-action.service.spec.ts" name="WorkflowActionService &gt; should not replace the workflow settings object when given the same reference" time="0.001076042">
        </testcase>
        <testcase classname="src/app/workspace/service/workflow-graph/model/workflow-action.service.spec.ts" name="WorkflowActionService &gt; should assemble workflow content and the full workflow from graph state" time="0.003173834">
        </testcase>
        <testcase classname="src/app/workspace/service/workflow-graph/model/workflow-action.service.spec.ts" name="WorkflowActionService &gt; formBinding (Form View definition) &gt; should start empty for a workflow that was never set up" time="0.002950917">
        </testcase>
        <testcase classname="src/app/workspace/service/workflow-graph/model/workflow-action.service.spec.ts" name="WorkflowActionService &gt; formBinding (Form View definition) &gt; should round-trip through workflow content" time="0.003890666">
        </testcase>
        <testcase classname="src/app/workspace/service/workflow-graph/model/workflow-action.service.spec.ts" name="WorkflowActionService &gt; formBinding (Form View definition) &gt; should be restored when a workflow carrying one is reloaded" time="0.002300333">
        </testcase>
        <testcase classname="src/app/workspace/service/workflow-graph/model/workflow-action.service.spec.ts" name="WorkflowActionService &gt; formBinding (Form View definition) &gt; should fall back to an empty definition for a workflow without one" time="0.001354791">
        </testcase>
        <testcase classname="src/app/workspace/service/workflow-graph/model/workflow-action.service.spec.ts" name="WorkflowActionService &gt; formBinding (Form View definition) &gt; should clear a leftover definition when reset to a blank workflow" time="0.006148333">
        </testcase>
        <testcase classname="src/app/workspace/service/workflow-graph/model/workflow-action.service.spec.ts" name="WorkflowActionService &gt; formBinding (Form View definition) &gt; should omit formBinding from content for a workflow that never had one" time="0.001826292">
        </testcase>
        <testcase classname="src/app/workspace/service/workflow-graph/model/workflow-action.service.spec.ts" name="WorkflowActionService &gt; formBinding (Form View definition) &gt; should report an edit through workflowChanged" time="0.001328708">
        </testcase>
        <testcase classname="src/app/workspace/service/workflow-graph/model/workflow-action.service.spec.ts" name="WorkflowActionService &gt; formBinding (Form View definition) &gt; should stay silent while a workflow is being opened" time="0.000992292">
        </testcase>
        <testcase classname="src/app/workspace/service/workflow-graph/model/workflow-action.service.spec.ts" name="WorkflowActionService &gt; should clear pre-existing comment boxes and fall back to default settings when reloading" time="0.002404125">
        </testcase>
        <testcase classname="src/app/workspace/service/workflow-graph/model/workflow-action.service.spec.ts" name="WorkflowActionService &gt; should drag all highlighted elements together when one highlighted operator is moved" time="0.006776">
        </testcase>
        <testcase classname="src/app/workspace/service/workflow-graph/model/workflow-action.service.spec.ts" name="WorkflowActionService &gt; adds operators without links or comment boxes when neither is supplied" time="0.007702584">
        </testcase>
        <testcase classname="src/app/workspace/service/workflow-graph/model/workflow-action.service.spec.ts" name="WorkflowActionService &gt; does nothing when modification is enabled again while already enabled" time="0.001542292">
        </testcase>
        <testcase classname="src/app/workspace/service/workflow-graph/model/workflow-action.service.spec.ts" name="WorkflowActionService &gt; takes the smaller of each coordinate independently when computing the top-left" time="0.003136708">
        </testcase>
        <testcase classname="src/app/workspace/service/workflow-graph/model/workflow-action.service.spec.ts" name="WorkflowActionService &gt; disconnects the shared-editing provider only when it is meant to be connected" time="0.001347916">
        </testcase>
    </testsuite>
    <testsuite name="src/app/workspace/service/workflow-graph/model/workflow-graph.spec.ts" timestamp="2026-09-01T22:49:41.827Z" hostname="dhcp-172-27-096-224.mobile.uci.edu" tests="69" failures="0" errors="0" skipped="0" time="0.126181375">
        <testcase classname="src/app/workspace/service/workflow-graph/model/workflow-graph.spec.ts" name="WorkflowGraph &gt; should have an empty graph from the beginning" time="0.005344833">
        </testcase>
        <testcase classname="src/app/workspace/service/workflow-graph/model/workflow-graph.spec.ts" name="WorkflowGraph &gt; should load an existing graph properly" time="0.001515041">
        </testcase>
        <testcase classname="src/app/workspace/service/workflow-graph/model/workflow-graph.spec.ts" name="WorkflowGraph &gt; should add an operator and get it properly" time="0.001181125">
        </testcase>
        <testcase classname="src/app/workspace/service/workflow-graph/model/workflow-graph.spec.ts" name="WorkflowGraph &gt; should return undefined when get an operator with a nonexist operator ID" time="0.002220208">
        </testcase>
        <testcase classname="src/app/workspace/service/workflow-graph/model/workflow-graph.spec.ts" name="WorkflowGraph &gt; should throw an error when trying to add an operator with an existing operator ID" time="0.000559417">
        </testcase>
        <testcase classname="src/app/workspace/service/workflow-graph/model/workflow-graph.spec.ts" name="WorkflowGraph &gt; should delete an operator properly" time="0.000749583">
        </testcase>
        <testcase classname="src/app/workspace/service/workflow-graph/model/workflow-graph.spec.ts" name="WorkflowGraph &gt; should throw an error when tring to delete an operator that doesn&apos;t exist" time="0.000872708">
        </testcase>
        <testcase classname="src/app/workspace/service/workflow-graph/model/workflow-graph.spec.ts" name="WorkflowGraph &gt; should add and get a link properly" time="0.004363916">
        </testcase>
        <testcase classname="src/app/workspace/service/workflow-graph/model/workflow-graph.spec.ts" name="WorkflowGraph &gt; should throw an error when try to add a link with an existingID" time="0.002938334">
        </testcase>
        <testcase classname="src/app/workspace/service/workflow-graph/model/workflow-graph.spec.ts" name="WorkflowGraph &gt; should throw an error when try to add a link with exising source and target but different ID" time="0.003378625">
        </testcase>
        <testcase classname="src/app/workspace/service/workflow-graph/model/workflow-graph.spec.ts" name="WorkflowGraph &gt; should return undefined when tring to get a nonexist link by link ID" time="0.003649416">
        </testcase>
        <testcase classname="src/app/workspace/service/workflow-graph/model/workflow-graph.spec.ts" name="WorkflowGraph &gt; should throw an error when tring to get a nonexist link by link source and target" time="0.001223708">
        </testcase>
        <testcase classname="src/app/workspace/service/workflow-graph/model/workflow-graph.spec.ts" name="WorkflowGraph &gt; should delete a link by ID properly" time="0.002848083">
        </testcase>
        <testcase classname="src/app/workspace/service/workflow-graph/model/workflow-graph.spec.ts" name="WorkflowGraph &gt; should delete a link by source and target properly" time="0.002077167">
        </testcase>
        <testcase classname="src/app/workspace/service/workflow-graph/model/workflow-graph.spec.ts" name="WorkflowGraph &gt; should throw an error when trying to delete a link (by ID) that doesn&apos;t exist" time="0.022007084">
        </testcase>
        <testcase classname="src/app/workspace/service/workflow-graph/model/workflow-graph.spec.ts" name="WorkflowGraph &gt; should throw an error when trying to delete a link (by source and target) that doesn&apos;t exist" time="0.00352">
        </testcase>
        <testcase classname="src/app/workspace/service/workflow-graph/model/workflow-graph.spec.ts" name="WorkflowGraph &gt; should set the operator property(attributes) properly" time="0.00509325">
        </testcase>
        <testcase classname="src/app/workspace/service/workflow-graph/model/workflow-graph.spec.ts" name="WorkflowGraph &gt; should drop a property the new object leaves out" time="0.003671792">
        </testcase>
        <testcase classname="src/app/workspace/service/workflow-graph/model/workflow-graph.spec.ts" name="WorkflowGraph &gt; should throw an error when trying to set the property of an nonexist operator" time="0.002399333">
        </testcase>
        <testcase classname="src/app/workspace/service/workflow-graph/model/workflow-graph.spec.ts" name="WorkflowGraph &gt; it should get input links of the certain operator correctly" time="0.00530125">
        </testcase>
        <testcase classname="src/app/workspace/service/workflow-graph/model/workflow-graph.spec.ts" name="WorkflowGraph &gt; it should get output links of the certain operator correctly" time="0.002178833">
        </testcase>
        <testcase classname="src/app/workspace/service/workflow-graph/model/workflow-graph.spec.ts" name="WorkflowGraph &gt; should disable and enable an operator" time="0.0021385">
        </testcase>
        <testcase classname="src/app/workspace/service/workflow-graph/model/workflow-graph.spec.ts" name="WorkflowGraph &gt; should calculate if link is disabled based on the disabled operator" time="0.0021045">
        </testcase>
        <testcase classname="src/app/workspace/service/workflow-graph/model/workflow-graph.spec.ts" name="WorkflowGraph &gt; should set and un-set viewing result status of an operator" time="0.00158175">
        </testcase>
        <testcase classname="src/app/workspace/service/workflow-graph/model/workflow-graph.spec.ts" name="WorkflowGraph &gt; should ignore set the view result of the sink operator" time="0.001375125">
        </testcase>
        <testcase classname="src/app/workspace/service/workflow-graph/model/workflow-graph.spec.ts" name="WorkflowGraph &gt; sync flags and shared model lifecycle &gt; should default to syncing both graphs and toggle the sync flags" time="0.003410584">
        </testcase>
        <testcase classname="src/app/workspace/service/workflow-graph/model/workflow-graph.spec.ts" name="WorkflowGraph &gt; sync flags and shared model lifecycle &gt; should expose the shared awareness and forward awareness updates without a user" time="0.001358792">
        </testcase>
        <testcase classname="src/app/workspace/service/workflow-graph/model/workflow-graph.spec.ts" name="WorkflowGraph &gt; sync flags and shared model lifecycle &gt; should load a fresh Y model, discarding previous operators and emitting the loaded event" time="0.003851709">
        </testcase>
        <testcase classname="src/app/workspace/service/workflow-graph/model/workflow-graph.spec.ts" name="WorkflowGraph &gt; sync flags and shared model lifecycle &gt; should run a bundled action as an atomic transaction that mutates the graph" time="0.00105975">
        </testcase>
        <testcase classname="src/app/workspace/service/workflow-graph/model/workflow-graph.spec.ts" name="WorkflowGraph &gt; shared-editing accessors &gt; should return the shared operator property type" time="0.00116275">
        </testcase>
        <testcase classname="src/app/workspace/service/workflow-graph/model/workflow-graph.spec.ts" name="WorkflowGraph &gt; shared-editing accessors &gt; should return the shared port description type for input and output ports" time="0.000517333">
        </testcase>
        <testcase classname="src/app/workspace/service/workflow-graph/model/workflow-graph.spec.ts" name="WorkflowGraph &gt; shared-editing accessors &gt; should return undefined for a shared port description of a nonexistent port" time="0.000663292">
        </testcase>
        <testcase classname="src/app/workspace/service/workflow-graph/model/workflow-graph.spec.ts" name="WorkflowGraph &gt; shared-editing accessors &gt; should throw when getting the shared operator type of a nonexistent operator" time="0.00106675">
        </testcase>
        <testcase classname="src/app/workspace/service/workflow-graph/model/workflow-graph.spec.ts" name="WorkflowGraph &gt; operator version and reuse-cache state &gt; should change the operator version and emit the change" time="0.000893875">
        </testcase>
        <testcase classname="src/app/workspace/service/workflow-graph/model/workflow-graph.spec.ts" name="WorkflowGraph &gt; operator version and reuse-cache state &gt; should not emit or change when the operator version is unchanged" time="0.001394875">
        </testcase>
        <testcase classname="src/app/workspace/service/workflow-graph/model/workflow-graph.spec.ts" name="WorkflowGraph &gt; operator version and reuse-cache state &gt; should mark and un-mark an operator for reuse-cache result" time="0.001782666">
            <system-out>
seeting marked for reuse in shared model

            </system-out>
        </testcase>
        <testcase classname="src/app/workspace/service/workflow-graph/model/workflow-graph.spec.ts" name="WorkflowGraph &gt; operator version and reuse-cache state &gt; should ignore reuse-cache marking of a sink operator" time="0.001304875">
        </testcase>
        <testcase classname="src/app/workspace/service/workflow-graph/model/workflow-graph.spec.ts" name="WorkflowGraph &gt; operator version and reuse-cache state &gt; should throw on reuse-cache queries against a nonexistent operator" time="0.001331167">
        </testcase>
        <testcase classname="src/app/workspace/service/workflow-graph/model/workflow-graph.spec.ts" name="WorkflowGraph &gt; disabled / view-result guard branches &gt; should be a no-op when disabling an already-disabled operator and enabling an already-enabled one" time="0.000720875">
        </testcase>
        <testcase classname="src/app/workspace/service/workflow-graph/model/workflow-graph.spec.ts" name="WorkflowGraph &gt; disabled / view-result guard branches &gt; should be a no-op when re-setting an already-set view result and un-setting an already-unset one" time="0.000382167">
        </testcase>
        <testcase classname="src/app/workspace/service/workflow-graph/model/workflow-graph.spec.ts" name="WorkflowGraph &gt; disabled / view-result guard branches &gt; should throw on disabled / view-result queries against nonexistent operators" time="0.000771125">
        </testcase>
        <testcase classname="src/app/workspace/service/workflow-graph/model/workflow-graph.spec.ts" name="WorkflowGraph &gt; disabled / view-result guard branches &gt; should report only enabled operators from getAllEnabledOperators" time="0.00059425">
        </testcase>
        <testcase classname="src/app/workspace/service/workflow-graph/model/workflow-graph.spec.ts" name="WorkflowGraph &gt; ports &gt; should add and remove input and output ports" time="0.000626167">
        </testcase>
        <testcase classname="src/app/workspace/service/workflow-graph/model/workflow-graph.spec.ts" name="WorkflowGraph &gt; ports &gt; should throw when adding or removing a port on a nonexistent operator" time="0.000373417">
        </testcase>
        <testcase classname="src/app/workspace/service/workflow-graph/model/workflow-graph.spec.ts" name="WorkflowGraph &gt; ports &gt; should report port existence via hasPort" time="0.000420875">
        </testcase>
        <testcase classname="src/app/workspace/service/workflow-graph/model/workflow-graph.spec.ts" name="WorkflowGraph &gt; ports &gt; should return the port description for an existing port and throw for a missing one" time="0.000674959">
        </testcase>
        <testcase classname="src/app/workspace/service/workflow-graph/model/workflow-graph.spec.ts" name="WorkflowGraph &gt; ports &gt; should set the partition and dependency properties of a port" time="0.001145083">
        </testcase>
        <testcase classname="src/app/workspace/service/workflow-graph/model/workflow-graph.spec.ts" name="WorkflowGraph &gt; ports &gt; should throw when setting a property on a nonexistent port" time="0.000782708">
        </testcase>
        <testcase classname="src/app/workspace/service/workflow-graph/model/workflow-graph.spec.ts" name="WorkflowGraph &gt; comment boxes &gt; should load comment boxes provided to the constructor" time="0.001866084">
        </testcase>
        <testcase classname="src/app/workspace/service/workflow-graph/model/workflow-graph.spec.ts" name="WorkflowGraph &gt; comment boxes &gt; should add, query, and delete a comment box" time="0.000914375">
        </testcase>
        <testcase classname="src/app/workspace/service/workflow-graph/model/workflow-graph.spec.ts" name="WorkflowGraph &gt; comment boxes &gt; should throw when adding a duplicate comment box" time="0.00047675">
        </testcase>
        <testcase classname="src/app/workspace/service/workflow-graph/model/workflow-graph.spec.ts" name="WorkflowGraph &gt; comment boxes &gt; should throw when operating on a nonexistent comment box" time="0.000411833">
        </testcase>
        <testcase classname="src/app/workspace/service/workflow-graph/model/workflow-graph.spec.ts" name="WorkflowGraph &gt; comment boxes &gt; should throw from assertCommentBoxNotExists when the comment box already exists" time="0.000298875">
        </testcase>
        <testcase classname="src/app/workspace/service/workflow-graph/model/workflow-graph.spec.ts" name="WorkflowGraph &gt; comment boxes &gt; should add, edit, and delete a comment within a comment box" time="0.000609625">
        </testcase>
        <testcase classname="src/app/workspace/service/workflow-graph/model/workflow-graph.spec.ts" name="WorkflowGraph &gt; comment boxes &gt; should throw when adding a comment to a nonexistent comment box" time="0.000452417">
        </testcase>
        <testcase classname="src/app/workspace/service/workflow-graph/model/workflow-graph.spec.ts" name="WorkflowGraph &gt; debug state &gt; should create, get, and idempotently re-create an operator debug state" time="0.000471541">
        </testcase>
        <testcase classname="src/app/workspace/service/workflow-graph/model/workflow-graph.spec.ts" name="WorkflowGraph &gt; debug state &gt; should throw when getting a debug state that was never created" time="0.000728208">
        </testcase>
        <testcase classname="src/app/workspace/service/workflow-graph/model/workflow-graph.spec.ts" name="WorkflowGraph &gt; link assertions and guards &gt; should throw the duplicate-link error when two links share source and target" time="0.00165375">
        </testcase>
        <testcase classname="src/app/workspace/service/workflow-graph/model/workflow-graph.spec.ts" name="WorkflowGraph &gt; link assertions and guards &gt; should not throw from assertLinkNotDuplicated for a unique link" time="0.000579458">
        </testcase>
        <testcase classname="src/app/workspace/service/workflow-graph/model/workflow-graph.spec.ts" name="WorkflowGraph &gt; link assertions and guards &gt; should throw from assertLinkWithIDExists and assertLinkExists for missing links" time="0.000334334">
        </testcase>
        <testcase classname="src/app/workspace/service/workflow-graph/model/workflow-graph.spec.ts" name="WorkflowGraph &gt; link assertions and guards &gt; should validate a link&apos;s source port existence" time="0.000385291">
        </testcase>
        <testcase classname="src/app/workspace/service/workflow-graph/model/workflow-graph.spec.ts" name="WorkflowGraph &gt; link assertions and guards &gt; should validate a link&apos;s target port existence" time="0.00037025">
        </testcase>
        <testcase classname="src/app/workspace/service/workflow-graph/model/workflow-graph.spec.ts" name="WorkflowGraph &gt; link assertions and guards &gt; should throw when validating a link whose source or target operator is missing" time="0.000435">
        </testcase>
        <testcase classname="src/app/workspace/service/workflow-graph/model/workflow-graph.spec.ts" name="WorkflowGraph &gt; link assertions and guards &gt; should throw the correct errors when deleting nonexistent links (both overloads)" time="0.000311416">
        </testcase>
        <testcase classname="src/app/workspace/service/workflow-graph/model/workflow-graph.spec.ts" name="WorkflowGraph &gt; getSubDAG &gt; should build the whole subDAG from terminal operators when no target is given" time="0.000921125">
        </testcase>
        <testcase classname="src/app/workspace/service/workflow-graph/model/workflow-graph.spec.ts" name="WorkflowGraph &gt; getSubDAG &gt; should build a subDAG rooted at a specific target operator" time="0.0007395">
        </testcase>
        <testcase classname="src/app/workspace/service/workflow-graph/model/workflow-graph.spec.ts" name="WorkflowGraph &gt; getSubDAG &gt; should exclude disabled operators and their links from the subDAG" time="0.000928583">
        </testcase>
        <testcase classname="src/app/workspace/service/workflow-graph/model/workflow-graph.spec.ts" name="WorkflowGraph &gt; event stream getters &gt; should expose observable streams that forward emissions from their subjects" time="0.000953208">
        </testcase>
        <testcase classname="src/app/workspace/service/workflow-graph/model/workflow-graph.spec.ts" name="WorkflowGraph &gt; event stream getters &gt; should emit on the center-event stream when triggerCenterEvent is called" time="0.000306917">
        </testcase>
    </testsuite>
    <testsuite name="src/app/workspace/service/workflow-graph/util/workflow-util.service.spec.ts" timestamp="2026-09-01T22:49:41.831Z" hostname="dhcp-172-27-096-224.mobile.uci.edu" tests="16" failures="0" errors="0" skipped="0" time="0.203662875">
        <testcase classname="src/app/workspace/service/workflow-graph/util/workflow-util.service.spec.ts" name="WorkflowUtilService &gt; should be created" time="0.003303083">
        </testcase>
        <testcase classname="src/app/workspace/service/workflow-graph/util/workflow-util.service.spec.ts" name="WorkflowUtilService &gt; should be able to generate an operator predicate properly given a valid operator type" time="0.038313458">
        </testcase>
        <testcase classname="src/app/workspace/service/workflow-graph/util/workflow-util.service.spec.ts" name="WorkflowUtilService &gt; should throw an error when trying to generate an operator predicate with non exist operator type" time="0.004744875">
        </testcase>
        <testcase classname="src/app/workspace/service/workflow-graph/util/workflow-util.service.spec.ts" name="WorkflowUtilService &gt; should be able to generate different operator IDs" time="0.002824125">
        </testcase>
        <testcase classname="src/app/workspace/service/workflow-graph/util/workflow-util.service.spec.ts" name="WorkflowUtilService &gt; should be able to generate different link IDs" time="0.004652958">
        </testcase>
        <testcase classname="src/app/workspace/service/workflow-graph/util/workflow-util.service.spec.ts" name="WorkflowUtilService &gt; should be able to assign different operator IDs to newly generated operators" time="0.126956416">
        </testcase>
        <testcase classname="src/app/workspace/service/workflow-graph/util/workflow-util.service.spec.ts" name="WorkflowUtilService &gt; should rebuild ports and version from the schema when the operator has no ports" time="0.00306575">
        </testcase>
        <testcase classname="src/app/workspace/service/workflow-graph/util/workflow-util.service.spec.ts" name="WorkflowUtilService &gt; should keep the operator&apos;s existing ports when they are already present" time="0.003266792">
        </testcase>
        <testcase classname="src/app/workspace/service/workflow-graph/util/workflow-util.service.spec.ts" name="WorkflowUtilService &gt; should throw an error when updating the version of an operator with an unknown type" time="0.002822916">
        </testcase>
        <testcase classname="src/app/workspace/service/workflow-graph/util/workflow-util.service.spec.ts" name="WorkflowUtilService &gt; should parse the workflow content string into an object" time="0.002088333">
        </testcase>
        <testcase classname="src/app/workspace/service/workflow-graph/util/workflow-util.service.spec.ts" name="WorkflowUtilService &gt; should leave workflow content untouched when it is already an object" time="0.00249475">
        </testcase>
        <testcase classname="src/app/workspace/service/workflow-graph/util/workflow-util.service.spec.ts" name="WorkflowUtilService &gt; should create a fresh comment box at the default position" time="0.001797291">
        </testcase>
        <testcase classname="src/app/workspace/service/workflow-graph/util/workflow-util.service.spec.ts" name="WorkflowUtilService &gt; should generate a distinct comment box each time" time="0.001248916">
        </testcase>
        <testcase classname="src/app/workspace/service/workflow-graph/util/workflow-util.service.spec.ts" name="WorkflowUtilService &gt; should list every operator type carried by the loaded metadata" time="0.001198042">
        </testcase>
        <testcase classname="src/app/workspace/service/workflow-graph/util/workflow-util.service.spec.ts" name="WorkflowUtilService &gt; should prefix group and breakpoint uuids distinctly" time="0.001657042">
        </testcase>
        <testcase classname="src/app/workspace/service/workflow-graph/util/workflow-util.service.spec.ts" name="WorkflowUtilService &gt; should announce on the schema-list-created stream once the metadata arrives" time="0.00269125">
        </testcase>
    </testsuite>
    <testsuite name="src/app/workspace/service/workflow-result/panel-resize/panel-resize.service.spec.ts" timestamp="2026-09-01T22:49:41.831Z" hostname="dhcp-172-27-096-224.mobile.uci.edu" tests="1" failures="0" errors="0" skipped="0" time="0.002114708">
        <testcase classname="src/app/workspace/service/workflow-result/panel-resize/panel-resize.service.spec.ts" name="PanelResizeService &gt; should be created" time="0.00196225">
        </testcase>
    </testsuite>
    <testsuite name="src/app/dashboard/component/user/files-uploader/conflicting-file-modal-content/conflicting-file-modal-content.component.spec.ts" timestamp="2026-09-01T22:49:41.831Z" hostname="dhcp-172-27-096-224.mobile.uci.edu" tests="2" failures="0" errors="0" skipped="0" time="0.007297584">
        <testcase classname="src/app/dashboard/component/user/files-uploader/conflicting-file-modal-content/conflicting-file-modal-content.component.spec.ts" name="ConflictingFileModalContentComponent &gt; should create" time="0.005372334">
        </testcase>
        <testcase classname="src/app/dashboard/component/user/files-uploader/conflicting-file-modal-content/conflicting-file-modal-content.component.spec.ts" name="ConflictingFileModalContentComponent &gt; should expose injected modal data" time="0.00175225">
        </testcase>
    </testsuite>
    <testsuite name="src/app/dashboard/component/user/list-item/card-item/card-item.component.spec.ts" timestamp="2026-09-01T22:49:41.832Z" hostname="dhcp-172-27-096-224.mobile.uci.edu" tests="78" failures="0" errors="0" skipped="0" time="1.846872209">
        <testcase classname="src/app/dashboard/component/user/list-item/card-item/card-item.component.spec.ts" name="CardItemComponent &gt; should update workflow name successfully" time="0.041638167">
        </testcase>
        <testcase classname="src/app/dashboard/component/user/list-item/card-item/card-item.component.spec.ts" name="CardItemComponent &gt; should revert the name and exit edit mode when the update fails" time="0.056467541">
        </testcase>
        <testcase classname="src/app/dashboard/component/user/list-item/card-item/card-item.component.spec.ts" name="CardItemComponent &gt; should reject an invalid dataset name, revert to original, and exit editing" time="0.035360125">
        </testcase>
        <testcase classname="src/app/dashboard/component/user/list-item/card-item/card-item.component.spec.ts" name="CardItemComponent &gt; should call the dataset service for a valid dataset rename" time="0.041071708">
        </testcase>
        <testcase classname="src/app/dashboard/component/user/list-item/card-item/card-item.component.spec.ts" name="CardItemComponent &gt; should surface the error message and revert the name when a dataset rename fails" time="0.042912083">
        </testcase>
        <testcase classname="src/app/dashboard/component/user/list-item/card-item/card-item.component.spec.ts" name="CardItemComponent &gt; should update workflow description successfully" time="0.016556">
        </testcase>
        <testcase classname="src/app/dashboard/component/user/list-item/card-item/card-item.component.spec.ts" name="CardItemComponent &gt; should revert the description and exit edit mode when the update fails" time="0.027010208">
        </testcase>
        <testcase classname="src/app/dashboard/component/user/list-item/card-item/card-item.component.spec.ts" name="CardItemComponent &gt; should route owners to the workspace and non-owners to the hub detail view" time="0.011953625">
        </testcase>
        <testcase classname="src/app/dashboard/component/user/list-item/card-item/card-item.component.spec.ts" name="CardItemComponent &gt; should format counts as kilo for values &gt;= 1000" time="0.010039208">
        </testcase>
        <testcase classname="src/app/dashboard/component/user/list-item/card-item/card-item.component.spec.ts" name="CardItemComponent &gt; should return &apos;Unknown&apos; for undefined timestamps" time="0.017549625">
        </testcase>
        <testcase classname="src/app/dashboard/component/user/list-item/card-item/card-item.component.spec.ts" name="CardItemComponent &gt; should emit deleted when the parent triggers the delete confirmation" time="0.008454416">
        </testcase>
        <testcase classname="src/app/dashboard/component/user/list-item/card-item/card-item.component.spec.ts" name="CardItemComponent &gt; should toggle the entry checked flag and emit checkboxChanged" time="0.009859792">
        </testcase>
        <testcase classname="src/app/dashboard/component/user/list-item/card-item/card-item.component.spec.ts" name="CardItemComponent &gt; should show cover controls only for an owned workflow in private search" time="0.011165542">
        </testcase>
        <testcase classname="src/app/dashboard/component/user/list-item/card-item/card-item.component.spec.ts" name="CardItemComponent &gt; should use the stored cover image on initialization" time="0.006756583">
        </testcase>
        <testcase classname="src/app/dashboard/component/user/list-item/card-item/card-item.component.spec.ts" name="CardItemComponent &gt; should fall back to the default preview image when no cover is set" time="0.012479375">
        </testcase>
        <testcase classname="src/app/dashboard/component/user/list-item/card-item/card-item.component.spec.ts" name="CardItemComponent &gt; should upload a selected image and use the returned data URL as the cover" time="0.010684125">
        </testcase>
        <testcase classname="src/app/dashboard/component/user/list-item/card-item/card-item.component.spec.ts" name="CardItemComponent &gt; should reject a non-image file and not upload it" time="0.02234275">
        </testcase>
        <testcase classname="src/app/dashboard/component/user/list-item/card-item/card-item.component.spec.ts" name="CardItemComponent &gt; should notify on upload failure and keep the previous preview image" time="0.031440542">
        </testcase>
        <testcase classname="src/app/dashboard/component/user/list-item/card-item/card-item.component.spec.ts" name="CardItemComponent &gt; should clear the cover and revert to the default image on reset" time="0.065804667">
        </testcase>
        <testcase classname="src/app/dashboard/component/user/list-item/card-item/card-item.component.spec.ts" name="CardItemComponent &gt; should notify and keep the cover when reset fails" time="0.019781291">
        </testcase>
        <testcase classname="src/app/dashboard/component/user/list-item/card-item/card-item.component.spec.ts" name="CardItemComponent &gt; openImagePicker clicks the hidden file input" time="0.018484625">
        </testcase>
        <testcase classname="src/app/dashboard/component/user/list-item/card-item/card-item.component.spec.ts" name="CardItemComponent &gt; openImagePicker is a no-op when the file input is absent" time="0.026279167">
        </testcase>
        <testcase classname="src/app/dashboard/component/user/list-item/card-item/card-item.component.spec.ts" name="CardItemComponent &gt; should do nothing when no file is selected" time="0.014791084">
        </testcase>
        <testcase classname="src/app/dashboard/component/user/list-item/card-item/card-item.component.spec.ts" name="CardItemComponent &gt; should not upload when the entry id is not numeric" time="0.025623666">
        </testcase>
        <testcase classname="src/app/dashboard/component/user/list-item/card-item/card-item.component.spec.ts" name="CardItemComponent &gt; resetImage does nothing when the entry id is not numeric" time="0.017684917">
        </testcase>
        <testcase classname="src/app/dashboard/component/user/list-item/card-item/card-item.component.spec.ts" name="CardItemComponent &gt; should load the dataset cover into the preview when the entry has a cover" time="0.018485166">
        </testcase>
        <testcase classname="src/app/dashboard/component/user/list-item/card-item/card-item.component.spec.ts" name="CardItemComponent &gt; should fall back to the default preview when the cover fetch fails" time="0.018595209">
        </testcase>
        <testcase classname="src/app/dashboard/component/user/list-item/card-item/card-item.component.spec.ts" name="CardItemComponent &gt; should reset the preview to the default image on cover load error" time="0.00645975">
        </testcase>
        <testcase classname="src/app/dashboard/component/user/list-item/card-item/card-item.component.spec.ts" name="CardItemComponent &gt; should keep the default preview for non-dataset entries" time="0.037288334">
        </testcase>
        <testcase classname="src/app/dashboard/component/user/list-item/card-item/card-item.component.spec.ts" name="CardItemComponent &gt; should not fetch a cover when the dataset has no cover image" time="0.021839">
        </testcase>
        <testcase classname="src/app/dashboard/component/user/list-item/card-item/card-item.component.spec.ts" name="CardItemComponent &gt; should use the default preview when the cover url resolves to null" time="0.006115041">
        </testcase>
        <testcase classname="src/app/dashboard/component/user/list-item/card-item/card-item.component.spec.ts" name="CardItemComponent &gt; initializeEntry configures workflow metadata: disableDelete, workspace link, icon, counts" time="0.021105708">
        </testcase>
        <testcase classname="src/app/dashboard/component/user/list-item/card-item/card-item.component.spec.ts" name="CardItemComponent &gt; initializeEntry uses the folder-open icon for a file entry" time="0.030818458">
        </testcase>
        <testcase classname="src/app/dashboard/component/user/list-item/card-item/card-item.component.spec.ts" name="CardItemComponent &gt; initializeEntry throws for an unexpected entry type" time="0.017640791">
        </testcase>
        <testcase classname="src/app/dashboard/component/user/list-item/card-item/card-item.component.spec.ts" name="CardItemComponent &gt; onEditName captures the original name, enters edit mode, and focuses the input at the caret end" time="0.015029791">
        </testcase>
        <testcase classname="src/app/dashboard/component/user/list-item/card-item/card-item.component.spec.ts" name="CardItemComponent &gt; onEditName enters edit mode without throwing when the input is not rendered" time="0.005229708">
        </testcase>
        <testcase classname="src/app/dashboard/component/user/list-item/card-item/card-item.component.spec.ts" name="CardItemComponent &gt; onEditDescription captures the original description, enters edit mode, and focuses the textarea at the caret end" time="0.0353475">
        </testcase>
        <testcase classname="src/app/dashboard/component/user/list-item/card-item/card-item.component.spec.ts" name="CardItemComponent &gt; openDetailModal opens the workflow detail modal and bumps the view count" time="0.012774625">
        </testcase>
        <testcase classname="src/app/dashboard/component/user/list-item/card-item/card-item.component.spec.ts" name="CardItemComponent &gt; openDetailModal defaults nzData wid to 0 and skips the count fetch when wid is undefined" time="0.006775625">
        </testcase>
        <testcase classname="src/app/dashboard/component/user/list-item/card-item/card-item.component.spec.ts" name="CardItemComponent &gt; openDetailModal skips the count fetch when the modal has no component instance" time="0.005876291">
        </testcase>
        <testcase classname="src/app/dashboard/component/user/list-item/card-item/card-item.component.spec.ts" name="CardItemComponent &gt; toggleLike posts a like and refreshes the count when the entry is not yet liked" time="0.027779334">
        </testcase>
        <testcase classname="src/app/dashboard/component/user/list-item/card-item/card-item.component.spec.ts" name="CardItemComponent &gt; toggleLike posts an unlike and refreshes the count when the entry is already liked" time="0.0416115">
        </testcase>
        <testcase classname="src/app/dashboard/component/user/list-item/card-item/card-item.component.spec.ts" name="CardItemComponent &gt; toggleLike leaves state unchanged and skips the count fetch when the like request reports failure" time="0.032366125">
        </testcase>
        <testcase classname="src/app/dashboard/component/user/list-item/card-item/card-item.component.spec.ts" name="CardItemComponent &gt; toggleLike is a no-op when there is no current user" time="0.010659167">
        </testcase>
        <testcase classname="src/app/dashboard/component/user/list-item/card-item/card-item.component.spec.ts" name="CardItemComponent &gt; toggleLike is a no-op when the entry has no id" time="0.02795175">
        </testcase>
        <testcase classname="src/app/dashboard/component/user/list-item/card-item/card-item.component.spec.ts" name="CardItemComponent &gt; extended coverage &gt; entry getter throws when no entry has been provided" time="0.032886667">
        </testcase>
        <testcase classname="src/app/dashboard/component/user/list-item/card-item/card-item.component.spec.ts" name="CardItemComponent &gt; extended coverage &gt; initializeEntry routes an owning dataset user to the user dataset view" time="0.019588708">
        </testcase>
        <testcase classname="src/app/dashboard/component/user/list-item/card-item/card-item.component.spec.ts" name="CardItemComponent &gt; extended coverage &gt; initializeEntry routes a non-owning dataset user to the hub dataset detail view" time="0.013116334">
        </testcase>
        <testcase classname="src/app/dashboard/component/user/list-item/card-item/card-item.component.spec.ts" name="CardItemComponent &gt; extended coverage &gt; onClickDownload downloads a workflow via the download service" time="0.029548083">
        </testcase>
        <testcase classname="src/app/dashboard/component/user/list-item/card-item/card-item.component.spec.ts" name="CardItemComponent &gt; extended coverage &gt; onClickDownload downloads a dataset via the download service" time="0.047359292">
        </testcase>
        <testcase classname="src/app/dashboard/component/user/list-item/card-item/card-item.component.spec.ts" name="CardItemComponent &gt; extended coverage &gt; onClickDownload is a no-op when the entry has no id" time="0.0130575">
        </testcase>
        <testcase classname="src/app/dashboard/component/user/list-item/card-item/card-item.component.spec.ts" name="CardItemComponent &gt; extended coverage &gt; onClickOpenShareAccess opens the workflow share modal and forwards refresh events" time="0.031734667">
        </testcase>
        <testcase classname="src/app/dashboard/component/user/list-item/card-item/card-item.component.spec.ts" name="CardItemComponent &gt; extended coverage &gt; onClickOpenShareAccess opens the dataset share modal with dataset-specific data" time="0.043617834">
        </testcase>
        <testcase classname="src/app/dashboard/component/user/list-item/card-item/card-item.component.spec.ts" name="CardItemComponent &gt; extended coverage &gt; onClickOpenShareAccess does not open a modal for a non-shareable entry type" time="0.00765575">
        </testcase>
        <testcase classname="src/app/dashboard/component/user/list-item/card-item/card-item.component.spec.ts" name="CardItemComponent &gt; extended coverage &gt; confirmUpdateCustomName surfaces a missing-id error and skips the update" time="0.050135791">
        </testcase>
        <testcase classname="src/app/dashboard/component/user/list-item/card-item/card-item.component.spec.ts" name="CardItemComponent &gt; extended coverage &gt; confirmUpdateCustomName falls back to the default workflow name when the new name is blank" time="0.022131834">
        </testcase>
        <testcase classname="src/app/dashboard/component/user/list-item/card-item/card-item.component.spec.ts" name="CardItemComponent &gt; extended coverage &gt; confirmUpdateCustomName falls back to the default dataset name when the new name is blank" time="0.032448916">
        </testcase>
        <testcase classname="src/app/dashboard/component/user/list-item/card-item/card-item.component.spec.ts" name="CardItemComponent &gt; extended coverage &gt; confirmUpdateCustomDescription updates a dataset description via the dataset service" time="0.0105145">
        </testcase>
        <testcase classname="src/app/dashboard/component/user/list-item/card-item/card-item.component.spec.ts" name="CardItemComponent &gt; extended coverage &gt; confirmUpdateCustomDescription writes an empty string when the description is undefined" time="0.013631666">
        </testcase>
        <testcase classname="src/app/dashboard/component/user/list-item/card-item/card-item.component.spec.ts" name="CardItemComponent &gt; extended coverage &gt; confirmUpdateCustomDescription falls back to an empty string when the update fails without an original" time="0.0146525">
        </testcase>
        <testcase classname="src/app/dashboard/component/user/list-item/card-item/card-item.component.spec.ts" name="CardItemComponent &gt; extended coverage &gt; openDetailModal defaults the bumped view count to 1 when no counts are returned" time="0.021011042">
        </testcase>
        <testcase classname="src/app/dashboard/component/user/list-item/card-item/card-item.component.spec.ts" name="CardItemComponent &gt; extended coverage &gt; toggleLike defaults the like count to 0 when the refreshed count is missing" time="0.008168125">
        </testcase>
        <testcase classname="src/app/dashboard/component/user/list-item/card-item/card-item.component.spec.ts" name="CardItemComponent &gt; extended coverage &gt; toggleLike defaults the like count to 0 after an unlike when the refreshed count is missing" time="0.005446875">
        </testcase>
        <testcase classname="src/app/dashboard/component/user/list-item/card-item/card-item.component.spec.ts" name="CardItemComponent &gt; template rendering &gt; renders the full private-search action set for an owned workflow (and no like button)" time="0.063813958">
        </testcase>
        <testcase classname="src/app/dashboard/component/user/list-item/card-item/card-item.component.spec.ts" name="CardItemComponent &gt; template rendering &gt; wires each private-search action click to its handler / output" time="0.048744875">
        </testcase>
        <testcase classname="src/app/dashboard/component/user/list-item/card-item/card-item.component.spec.ts" name="CardItemComponent &gt; template rendering &gt; enters name-editing mode from the edit button and swaps the display for the input" time="0.05370275">
        </testcase>
        <testcase classname="src/app/dashboard/component/user/list-item/card-item/card-item.component.spec.ts" name="CardItemComponent &gt; template rendering &gt; renders and wires the cover-image controls when the cover is editable" time="0.038084208">
        </testcase>
        <testcase classname="src/app/dashboard/component/user/list-item/card-item/card-item.component.spec.ts" name="CardItemComponent &gt; template rendering &gt; renders the like button in non-private mode and toggles like on click" time="0.007483125">
        </testcase>
        <testcase classname="src/app/dashboard/component/user/list-item/card-item/card-item.component.spec.ts" name="CardItemComponent &gt; template rendering &gt; reflects liked state and disables the like button without a current user" time="0.021596042">
        </testcase>
        <testcase classname="src/app/dashboard/component/user/list-item/card-item/card-item.component.spec.ts" name="CardItemComponent &gt; template rendering &gt; shows Download but hides Detail/Copy/checkbox for a dataset in private mode" time="0.037068959">
        </testcase>
        <testcase classname="src/app/dashboard/component/user/list-item/card-item/card-item.component.spec.ts" name="CardItemComponent &gt; template rendering &gt; renders the size row when a size is set and handles a cover-image load error" time="0.02522425">
        </testcase>
        <testcase classname="src/app/dashboard/component/user/list-item/card-item/card-item.component.spec.ts" name="CardItemComponent &gt; template rendering &gt; writes what was typed in the name editor back onto the entry" time="0.024721083">
        </testcase>
        <testcase classname="src/app/dashboard/component/user/list-item/card-item/card-item.component.spec.ts" name="CardItemComponent &gt; template rendering &gt; keeps a click inside the name editor from opening the card" time="0.021400708">
        </testcase>
        <testcase classname="src/app/dashboard/component/user/list-item/card-item/card-item.component.spec.ts" name="CardItemComponent &gt; guard paths &gt; ngOnChanges ignores a change set that does not carry the entry" time="0.018084792">
        </testcase>
        <testcase classname="src/app/dashboard/component/user/list-item/card-item/card-item.component.spec.ts" name="CardItemComponent &gt; guard paths &gt; onEditDescription tolerates a textarea that has not rendered yet" time="0.005777458">
        </testcase>
        <testcase classname="src/app/dashboard/component/user/list-item/card-item/card-item.component.spec.ts" name="CardItemComponent &gt; guard paths &gt; does not attempt a rename for a kind that has no rename endpoint" time="0.004894417">
        </testcase>
        <testcase classname="src/app/dashboard/component/user/list-item/card-item/card-item.component.spec.ts" name="CardItemComponent &gt; guard paths &gt; does not attempt a description update for a kind that has no description endpoint" time="0.038368292">
        </testcase>
        <testcase classname="src/app/dashboard/component/user/list-item/card-item/card-item.component.spec.ts" name="CardItemComponent &gt; guard paths &gt; toggleLike leaves the liked state and the count alone when the unlike reports failure" time="0.017769125">
        </testcase>
    </testsuite>
    <testsuite name="src/app/dashboard/component/user/user-computing-unit/user-computing-unit-list-item/user-computing-unit-list-item.component.spec.ts" timestamp="2026-09-01T22:49:41.835Z" hostname="dhcp-172-27-096-224.mobile.uci.edu" tests="45" failures="0" errors="0" skipped="0" time="1.399650958">
        <testcase classname="src/app/dashboard/component/user/user-computing-unit/user-computing-unit-list-item/user-computing-unit-list-item.component.spec.ts" name="UserComputingUnitListItemComponent &gt; should create" time="0.016077792">
        </testcase>
        <testcase classname="src/app/dashboard/component/user/user-computing-unit/user-computing-unit-list-item/user-computing-unit-list-item.component.spec.ts" name="UserComputingUnitListItemComponent &gt; ngOnInit &gt; populates gpuOptions from the service" time="0.020542042">
        </testcase>
        <testcase classname="src/app/dashboard/component/user/user-computing-unit/user-computing-unit-list-item/user-computing-unit-list-item.component.spec.ts" name="UserComputingUnitListItemComponent &gt; ngOnInit &gt; notifies the user when the resource options request fails" time="0.041786167">
        </testcase>
        <testcase classname="src/app/dashboard/component/user/user-computing-unit/user-computing-unit-list-item/user-computing-unit-list-item.component.spec.ts" name="UserComputingUnitListItemComponent &gt; entry and unit getters &gt; throws when entry is accessed before being set" time="0.022605208">
        </testcase>
        <testcase classname="src/app/dashboard/component/user/user-computing-unit/user-computing-unit-list-item/user-computing-unit-list-item.component.spec.ts" name="UserComputingUnitListItemComponent &gt; entry and unit getters &gt; returns the entry once set" time="0.00896125">
        </testcase>
        <testcase classname="src/app/dashboard/component/user/user-computing-unit/user-computing-unit-list-item/user-computing-unit-list-item.component.spec.ts" name="UserComputingUnitListItemComponent &gt; entry and unit getters &gt; exposes the computing unit via the unit getter" time="0.021009083">
        </testcase>
        <testcase classname="src/app/dashboard/component/user/user-computing-unit/user-computing-unit-list-item/user-computing-unit-list-item.component.spec.ts" name="UserComputingUnitListItemComponent &gt; entry and unit getters &gt; throws when the entry has no computing unit" time="0.013878542">
        </testcase>
        <testcase classname="src/app/dashboard/component/user/user-computing-unit/user-computing-unit-list-item/user-computing-unit-list-item.component.spec.ts" name="UserComputingUnitListItemComponent &gt; startEditingUnitName &gt; rejects renaming for non-owners" time="0.037080042">
        </testcase>
        <testcase classname="src/app/dashboard/component/user/user-computing-unit/user-computing-unit-list-item/user-computing-unit-list-item.component.spec.ts" name="UserComputingUnitListItemComponent &gt; startEditingUnitName &gt; enters editing mode for owners" time="0.023264625">
        </testcase>
        <testcase classname="src/app/dashboard/component/user/user-computing-unit/user-computing-unit-list-item/user-computing-unit-list-item.component.spec.ts" name="UserComputingUnitListItemComponent &gt; cancelEditingUnitName &gt; clears the editing state" time="0.027081959">
        </testcase>
        <testcase classname="src/app/dashboard/component/user/user-computing-unit/user-computing-unit-list-item/user-computing-unit-list-item.component.spec.ts" name="UserComputingUnitListItemComponent &gt; confirmUpdateUnitName &gt; rejects an empty name without calling the rename endpoint" time="0.015247084">
        </testcase>
        <testcase classname="src/app/dashboard/component/user/user-computing-unit/user-computing-unit-list-item/user-computing-unit-list-item.component.spec.ts" name="UserComputingUnitListItemComponent &gt; confirmUpdateUnitName &gt; renames with the trimmed name, updates the entry, refreshes, and resets editing on success" time="0.026507833">
        </testcase>
        <testcase classname="src/app/dashboard/component/user/user-computing-unit/user-computing-unit-list-item/user-computing-unit-list-item.component.spec.ts" name="UserComputingUnitListItemComponent &gt; confirmUpdateUnitName &gt; does not rewrite the entry name when the cuid does not match" time="0.012791709">
        </testcase>
        <testcase classname="src/app/dashboard/component/user/user-computing-unit/user-computing-unit-list-item/user-computing-unit-list-item.component.spec.ts" name="UserComputingUnitListItemComponent &gt; confirmUpdateUnitName &gt; notifies on failure, leaves the name unchanged, and resets editing" time="0.033107542">
        </testcase>
        <testcase classname="src/app/dashboard/component/user/user-computing-unit/user-computing-unit-list-item/user-computing-unit-list-item.component.spec.ts" name="UserComputingUnitListItemComponent &gt; onClickOpenShareAccess &gt; delegates to the actions service with inWorkspace = false" time="0.014809583">
        </testcase>
        <testcase classname="src/app/dashboard/component/user/user-computing-unit/user-computing-unit-list-item/user-computing-unit-list-item.component.spec.ts" name="UserComputingUnitListItemComponent &gt; deleted output &gt; is an EventEmitter" time="0.013755333">
        </testcase>
        <testcase classname="src/app/dashboard/component/user/user-computing-unit/user-computing-unit-list-item/user-computing-unit-list-item.component.spec.ts" name="UserComputingUnitListItemComponent &gt; deleted output &gt; emits when the delete button is clicked" time="0.037766083">
        </testcase>
        <testcase classname="src/app/dashboard/component/user/user-computing-unit/user-computing-unit-list-item/user-computing-unit-list-item.component.spec.ts" name="UserComputingUnitListItemComponent &gt; resource getters &gt; reads resource limits straight from the unit" time="0.039891208">
        </testcase>
        <testcase classname="src/app/dashboard/component/user/user-computing-unit/user-computing-unit-list-item/user-computing-unit-list-item.component.spec.ts" name="UserComputingUnitListItemComponent &gt; resource getters &gt; returns zero usage values when metrics are unavailable" time="0.027839875">
        </testcase>
        <testcase classname="src/app/dashboard/component/user/user-computing-unit/user-computing-unit-list-item/user-computing-unit-list-item.component.spec.ts" name="UserComputingUnitListItemComponent &gt; resource getters &gt; shows GPU selection when more than one option is available" time="0.038136083">
        </testcase>
        <testcase classname="src/app/dashboard/component/user/user-computing-unit/user-computing-unit-list-item/user-computing-unit-list-item.component.spec.ts" name="UserComputingUnitListItemComponent &gt; ngOnInit gpuOptions fallback &gt; defaults gpuOptions to an empty array when the service omits gpuLimitOptions" time="0.036338125">
        </testcase>
        <testcase classname="src/app/dashboard/component/user/user-computing-unit/user-computing-unit-list-item/user-computing-unit-list-item.component.spec.ts" name="UserComputingUnitListItemComponent &gt; startEditingUnitName focus behavior &gt; focuses and selects the rendered input after the timeout fires" time="0.027045">
        </testcase>
        <testcase classname="src/app/dashboard/component/user/user-computing-unit/user-computing-unit-list-item/user-computing-unit-list-item.component.spec.ts" name="UserComputingUnitListItemComponent &gt; openComputingUnitMetadataModal &gt; opens the metadata modal with the expected configuration" time="0.023901958">
        </testcase>
        <testcase classname="src/app/dashboard/component/user/user-computing-unit/user-computing-unit-list-item/user-computing-unit-list-item.component.spec.ts" name="UserComputingUnitListItemComponent &gt; status and label computations &gt; delegates badge color to the status util" time="0.207908792">
        </testcase>
        <testcase classname="src/app/dashboard/component/user/user-computing-unit/user-computing-unit-list-item/user-computing-unit-list-item.component.spec.ts" name="UserComputingUnitListItemComponent &gt; status and label computations &gt; delegates the status tooltip to the status util" time="0.034311541">
        </testcase>
        <testcase classname="src/app/dashboard/component/user/user-computing-unit/user-computing-unit-list-item/user-computing-unit-list-item.component.spec.ts" name="UserComputingUnitListItemComponent &gt; status and label computations &gt; computes CPU/memory percentages and maps them to progress statuses under heavy load" time="0.030474375">
        </testcase>
        <testcase classname="src/app/dashboard/component/user/user-computing-unit/user-computing-unit-list-item/user-computing-unit-list-item.component.spec.ts" name="UserComputingUnitListItemComponent &gt; status and label computations &gt; reports 0% and success statuses for the default entry&apos;s N/A (unavailable) metrics" time="0.0133275">
        </testcase>
        <testcase classname="src/app/dashboard/component/user/user-computing-unit/user-computing-unit-list-item/user-computing-unit-list-item.component.spec.ts" name="UserComputingUnitListItemComponent &gt; resource limit units &gt; returns CPU for a unitless core limit and passes through the raw unit otherwise" time="0.047991875">
        </testcase>
        <testcase classname="src/app/dashboard/component/user/user-computing-unit/user-computing-unit-list-item/user-computing-unit-list-item.component.spec.ts" name="UserComputingUnitListItemComponent &gt; resource limit units &gt; returns the memory limit unit parsed from the limit string" time="0.050327875">
        </testcase>
        <testcase classname="src/app/dashboard/component/user/user-computing-unit/user-computing-unit-list-item/user-computing-unit-list-item.component.spec.ts" name="UserComputingUnitListItemComponent &gt; getCpuValue / getMemoryValue with real usage &gt; converts CPU usage to cores when the limit is expressed in cores" time="0.02378225">
        </testcase>
        <testcase classname="src/app/dashboard/component/user/user-computing-unit/user-computing-unit-list-item/user-computing-unit-list-item.component.spec.ts" name="UserComputingUnitListItemComponent &gt; getCpuValue / getMemoryValue with real usage &gt; converts CPU usage into the limit&apos;s unit when the limit carries a suffix" time="0.025069833">
        </testcase>
        <testcase classname="src/app/dashboard/component/user/user-computing-unit/user-computing-unit-list-item/user-computing-unit-list-item.component.spec.ts" name="UserComputingUnitListItemComponent &gt; fallback getters when metrics/resource are absent &gt; returns N/A for every usage and limit getter" time="0.014956875">
        </testcase>
        <testcase classname="src/app/dashboard/component/user/user-computing-unit/user-computing-unit-list-item/user-computing-unit-list-item.component.spec.ts" name="UserComputingUnitListItemComponent &gt; showGpuSelection edge cases &gt; hides the selection when the only option is the zero option" time="0.020927834">
        </testcase>
        <testcase classname="src/app/dashboard/component/user/user-computing-unit/user-computing-unit-list-item/user-computing-unit-list-item.component.spec.ts" name="UserComputingUnitListItemComponent &gt; showGpuSelection edge cases &gt; hides the selection when there are no options" time="0.035288792">
        </testcase>
        <testcase classname="src/app/dashboard/component/user/user-computing-unit/user-computing-unit-list-item/user-computing-unit-list-item.component.spec.ts" name="UserComputingUnitListItemComponent &gt; showGpuSelection edge cases &gt; shows the selection when the single option is a non-zero value" time="0.019802375">
        </testcase>
        <testcase classname="src/app/dashboard/component/user/user-computing-unit/user-computing-unit-list-item/user-computing-unit-list-item.component.spec.ts" name="UserComputingUnitListItemComponent &gt; template interactions &gt; the rename button starts inline editing" time="0.0323905">
        </testcase>
        <testcase classname="src/app/dashboard/component/user/user-computing-unit/user-computing-unit-list-item/user-computing-unit-list-item.component.spec.ts" name="UserComputingUnitListItemComponent &gt; template interactions &gt; clicking the unit name opens the metadata modal" time="0.025785833">
        </testcase>
        <testcase classname="src/app/dashboard/component/user/user-computing-unit/user-computing-unit-list-item/user-computing-unit-list-item.component.spec.ts" name="UserComputingUnitListItemComponent &gt; template interactions &gt; escape on the rename input cancels editing" time="0.04377525">
        </testcase>
        <testcase classname="src/app/dashboard/component/user/user-computing-unit/user-computing-unit-list-item/user-computing-unit-list-item.component.spec.ts" name="UserComputingUnitListItemComponent &gt; template interactions &gt; enter on the rename input confirms with the typed value" time="0.027794458">
        </testcase>
        <testcase classname="src/app/dashboard/component/user/user-computing-unit/user-computing-unit-list-item/user-computing-unit-list-item.component.spec.ts" name="UserComputingUnitListItemComponent &gt; template interactions &gt; a click inside the rename input does not bubble to the row" time="0.009000041">
        </testcase>
        <testcase classname="src/app/dashboard/component/user/user-computing-unit/user-computing-unit-list-item/user-computing-unit-list-item.component.spec.ts" name="UserComputingUnitListItemComponent &gt; template interactions &gt; the delete button emits the deleted output" time="0.0349285">
        </testcase>
        <testcase classname="src/app/dashboard/component/user/user-computing-unit/user-computing-unit-list-item/user-computing-unit-list-item.component.spec.ts" name="UserComputingUnitListItemComponent &gt; template interactions &gt; omits the share button while sharing is disabled" time="0.013882667">
        </testcase>
        <testcase classname="src/app/dashboard/component/user/user-computing-unit/user-computing-unit-list-item/user-computing-unit-list-item.component.spec.ts" name="UserComputingUnitListItemComponent &gt; template interactions &gt; the share button opens the share-access modal when sharing is enabled" time="0.010456375">
        </testcase>
        <testcase classname="src/app/dashboard/component/user/user-computing-unit/user-computing-unit-list-item/user-computing-unit-list-item.component.spec.ts" name="UserComputingUnitListItemComponent &gt; template interactions &gt; the metrics popover renders the CPU and RAM rows" time="0.042782041">
        </testcase>
        <testcase classname="src/app/dashboard/component/user/user-computing-unit/user-computing-unit-list-item/user-computing-unit-list-item.component.spec.ts" name="UserComputingUnitListItemComponent &gt; template interactions &gt; the metrics popover adds the GPU, JVM and shared-memory rows when those limits are set" time="0.052995542">
        </testcase>
    </testsuite>
    <testsuite name="src/app/dashboard/component/user/user-dataset/user-dataset-explorer/dataset-detail.component.spec.ts" timestamp="2026-09-01T22:49:41.837Z" hostname="dhcp-172-27-096-224.mobile.uci.edu" tests="142" failures="0" errors="0" skipped="0" time="7.646160459">
        <testcase classname="src/app/dashboard/component/user/user-dataset/user-dataset-explorer/dataset-detail.component.spec.ts" name="DatasetDetailComponent rendered explorer &gt; rendered explorer &gt; download gating &gt; offers the file download to a logged-in user who is allowed to download" time="0.381742">
        </testcase>
        <testcase classname="src/app/dashboard/component/user/user-dataset/user-dataset-explorer/dataset-detail.component.spec.ts" name="DatasetDetailComponent rendered explorer &gt; rendered explorer &gt; download gating &gt; withholds it from a signed-out visitor" time="0.15511125">
        </testcase>
        <testcase classname="src/app/dashboard/component/user/user-dataset/user-dataset-explorer/dataset-detail.component.spec.ts" name="DatasetDetailComponent rendered explorer &gt; rendered explorer &gt; download gating &gt; withholds it when the dataset is not downloadable" time="0.110846458">
        </testcase>
        <testcase classname="src/app/dashboard/component/user/user-dataset/user-dataset-explorer/dataset-detail.component.spec.ts" name="DatasetDetailComponent rendered explorer &gt; rendered explorer &gt; download gating &gt; applies the same rule to the whole-version download" time="0.131187709">
        </testcase>
        <testcase classname="src/app/dashboard/component/user/user-dataset/user-dataset-explorer/dataset-detail.component.spec.ts" name="DatasetDetailComponent rendered explorer &gt; rendered explorer &gt; download gating &gt; offers no download at all until a version is selected" time="0.110341292">
        </testcase>
        <testcase classname="src/app/dashboard/component/user/user-dataset/user-dataset-explorer/dataset-detail.component.spec.ts" name="DatasetDetailComponent rendered explorer &gt; rendered explorer &gt; view size toggle &gt; offers only Maximize while the view is normal" time="0.121407667">
        </testcase>
        <testcase classname="src/app/dashboard/component/user/user-dataset/user-dataset-explorer/dataset-detail.component.spec.ts" name="DatasetDetailComponent rendered explorer &gt; rendered explorer &gt; view size toggle &gt; offers only Minimize once the view is maximized" time="0.168428708">
        </testcase>
        <testcase classname="src/app/dashboard/component/user/user-dataset/user-dataset-explorer/dataset-detail.component.spec.ts" name="DatasetDetailComponent rendered explorer &gt; rendered explorer &gt; file heading &gt; offers the copy-path control only once a file is on screen" time="0.125426667">
        </testcase>
        <testcase classname="src/app/dashboard/component/user/user-dataset/user-dataset-explorer/dataset-detail.component.spec.ts" name="DatasetDetailComponent rendered explorer &gt; rendered explorer &gt; file heading &gt; copies the path of the file being shown" time="0.110228125">
        </testcase>
        <testcase classname="src/app/dashboard/component/user/user-dataset/user-dataset-explorer/dataset-detail.component.spec.ts" name="DatasetDetailComponent rendered explorer &gt; rendered explorer &gt; file heading &gt; shows the file size in human units, and nothing when it is unknown" time="0.081897584">
        </testcase>
        <testcase classname="src/app/dashboard/component/user/user-dataset/user-dataset-explorer/dataset-detail.component.spec.ts" name="DatasetDetailComponent rendered explorer &gt; rendered explorer &gt; version details &gt; reports the version size and creation time once a version is chosen" time="0.103014625">
        </testcase>
        <testcase classname="src/app/dashboard/component/user/user-dataset/user-dataset-explorer/dataset-detail.component.spec.ts" name="DatasetDetailComponent rendered explorer &gt; rendered explorer &gt; version details &gt; hides the creation time when the version has none" time="0.130321459">
        </testcase>
        <testcase classname="src/app/dashboard/component/user/user-dataset/user-dataset-explorer/dataset-detail.component.spec.ts" name="DatasetDetailComponent rendered explorer &gt; rendered explorer &gt; stages a file deletion and lets the panel count it" time="0.06983125">
        </testcase>
        <testcase classname="src/app/dashboard/component/user/user-dataset/user-dataset-explorer/dataset-detail.component.spec.ts" name="DatasetDetailComponent rendered explorer &gt; rendered explorer &gt; reloads the version list once the panel reports a new version" time="0.114524916">
        </testcase>
        <testcase classname="src/app/dashboard/component/user/user-dataset/user-dataset-explorer/dataset-detail.component.spec.ts" name="DatasetDetailComponent rendered explorer &gt; contributor cards &gt; renders one card per contributor with values, a creator star, and dashes for blanks" time="0.070929041">
        </testcase>
        <testcase classname="src/app/dashboard/component/user/user-dataset/user-dataset-explorer/dataset-detail.component.spec.ts" name="DatasetDetailComponent rendered explorer &gt; contributor cards &gt; shows edit controls only with write access" time="0.1185795">
        </testcase>
        <testcase classname="src/app/dashboard/component/user/user-dataset/user-dataset-explorer/dataset-detail.component.spec.ts" name="DatasetDetailComponent rendered explorer &gt; contributor cards &gt; starts adding a contributor when the add tile is clicked" time="0.090615459">
        </testcase>
        <testcase classname="src/app/dashboard/component/user/user-dataset/user-dataset-explorer/dataset-detail.component.spec.ts" name="DatasetDetailComponent behavior &gt; ngOnInit &gt; loads info, versions, like and view counts but skips liked/upload settings without a current user" time="0.055877667">
        </testcase>
        <testcase classname="src/app/dashboard/component/user/user-dataset/user-dataset-explorer/dataset-detail.component.spec.ts" name="DatasetDetailComponent behavior &gt; ngOnInit &gt; fetches liked status for a logged-in user" time="0.028517417">
        </testcase>
        <testcase classname="src/app/dashboard/component/user/user-dataset/user-dataset-explorer/dataset-detail.component.spec.ts" name="DatasetDetailComponent behavior &gt; ngOnInit &gt; makes no hub calls when the route carries no did" time="0.00931275">
        </testcase>
        <testcase classname="src/app/dashboard/component/user/user-dataset/user-dataset-explorer/dataset-detail.component.spec.ts" name="DatasetDetailComponent behavior &gt; ngOnInit &gt; reads a counts response with no like tally as no likes, and no liked record as not liked" time="0.033276625">
        </testcase>
        <testcase classname="src/app/dashboard/component/user/user-dataset/user-dataset-explorer/dataset-detail.component.spec.ts" name="DatasetDetailComponent behavior &gt; retrieveDatasetInfo &gt; maps dataset fields, formats numeric creation time, and resolves the cover image url" time="0.025181709">
        </testcase>
        <testcase classname="src/app/dashboard/component/user/user-dataset/user-dataset-explorer/dataset-detail.component.spec.ts" name="DatasetDetailComponent behavior &gt; retrieveDatasetInfo &gt; nulls the cover image url when its retrieval fails" time="0.016005666">
        </testcase>
        <testcase classname="src/app/dashboard/component/user/user-dataset/user-dataset-explorer/dataset-detail.component.spec.ts" name="DatasetDetailComponent behavior &gt; retrieveDatasetInfo &gt; leaves the cover image url null and skips the cover fetch when there is no cover image" time="0.014288791">
        </testcase>
        <testcase classname="src/app/dashboard/component/user/user-dataset/user-dataset-explorer/dataset-detail.component.spec.ts" name="DatasetDetailComponent behavior &gt; retrieveDatasetInfo &gt; takes the tooltip&apos;s time zone from the spelled-out name the formatter appends" time="0.025901834">
        </testcase>
        <testcase classname="src/app/dashboard/component/user/user-dataset/user-dataset-explorer/dataset-detail.component.spec.ts" name="DatasetDetailComponent behavior &gt; retrieveDatasetInfo &gt; leaves the tooltip&apos;s time zone empty when the runtime supplies no zone name" time="0.006953291">
        </testcase>
        <testcase classname="src/app/dashboard/component/user/user-dataset/user-dataset-explorer/dataset-detail.component.spec.ts" name="DatasetDetailComponent behavior &gt; retrieveDatasetVersionList &gt; selects the first version and delegates to onVersionSelected when the list is non-empty" time="0.014639">
        </testcase>
        <testcase classname="src/app/dashboard/component/user/user-dataset/user-dataset-explorer/dataset-detail.component.spec.ts" name="DatasetDetailComponent behavior &gt; retrieveDatasetVersionList &gt; makes no selection when the version list is empty" time="0.004553292">
        </testcase>
        <testcase classname="src/app/dashboard/component/user/user-dataset/user-dataset-explorer/dataset-detail.component.spec.ts" name="DatasetDetailComponent behavior &gt; onVersionSelected &gt; walks nested directories to the first file leaf and loads it" time="0.023969208">
        </testcase>
        <testcase classname="src/app/dashboard/component/user/user-dataset/user-dataset-explorer/dataset-detail.component.spec.ts" name="DatasetDetailComponent behavior &gt; onVersionSelected &gt; does not fetch a file tree for a version without a dvid" time="0.008544291">
        </testcase>
        <testcase classname="src/app/dashboard/component/user/user-dataset/user-dataset-explorer/dataset-detail.component.spec.ts" name="DatasetDetailComponent behavior &gt; onVersionSelected &gt; does not throw and leaves the displayed file untouched when the version has no files" time="0.021117084">
        </testcase>
        <testcase classname="src/app/dashboard/component/user/user-dataset/user-dataset-explorer/dataset-detail.component.spec.ts" name="DatasetDetailComponent behavior &gt; retrieveLatestVersionFile &gt; fetches the latest version independently and sets latestVersionFileName to the first leaf file" time="0.022616792">
        </testcase>
        <testcase classname="src/app/dashboard/component/user/user-dataset/user-dataset-explorer/dataset-detail.component.spec.ts" name="DatasetDetailComponent behavior &gt; retrieveLatestVersionFile &gt; walks nested directories to find the first leaf file" time="0.007325583">
        </testcase>
        <testcase classname="src/app/dashboard/component/user/user-dataset/user-dataset-explorer/dataset-detail.component.spec.ts" name="DatasetDetailComponent behavior &gt; retrieveLatestVersionFile &gt; sets latestVersionFileName to an empty string when the latest version has no files" time="0.005882709">
        </testcase>
        <testcase classname="src/app/dashboard/component/user/user-dataset/user-dataset-explorer/dataset-detail.component.spec.ts" name="DatasetDetailComponent behavior &gt; retrieveLatestVersionFile &gt; derives latestVersionCreationTime from the latest version&apos;s creationTime" time="0.013664416">
        </testcase>
        <testcase classname="src/app/dashboard/component/user/user-dataset/user-dataset-explorer/dataset-detail.component.spec.ts" name="DatasetDetailComponent behavior &gt; retrieveLatestVersionFile &gt; leaves latestVersionCreationTime empty when the latest version has no creation time" time="0.010938292">
        </testcase>
        <testcase classname="src/app/dashboard/component/user/user-dataset/user-dataset-explorer/dataset-detail.component.spec.ts" name="DatasetDetailComponent behavior &gt; retrieveLatestVersionFile &gt; sets latestVersionSize from a file-tree fetch for the latest version&apos;s dvid" time="0.007559208">
        </testcase>
        <testcase classname="src/app/dashboard/component/user/user-dataset/user-dataset-explorer/dataset-detail.component.spec.ts" name="DatasetDetailComponent behavior &gt; retrieveLatestVersionFile &gt; does not fetch a size when the latest version has no dvid" time="0.009607416">
        </testcase>
        <testcase classname="src/app/dashboard/component/user/user-dataset/user-dataset-explorer/dataset-detail.component.spec.ts" name="DatasetDetailComponent behavior &gt; retrieveLatestVersionFile &gt; clears a previously fetched latestVersionSize when the latest version has no dvid" time="0.006445083">
        </testcase>
        <testcase classname="src/app/dashboard/component/user/user-dataset/user-dataset-explorer/dataset-detail.component.spec.ts" name="DatasetDetailComponent behavior &gt; retrieveLatestVersionFile &gt; ignores a superseded call&apos;s size response that resolves after a newer one" time="0.005854625">
        </testcase>
        <testcase classname="src/app/dashboard/component/user/user-dataset/user-dataset-explorer/dataset-detail.component.spec.ts" name="DatasetDetailComponent behavior &gt; retrieveLatestVersionFile &gt; keeps the latest-version facts fixed when a different version is later selected" time="0.012521459">
        </testcase>
        <testcase classname="src/app/dashboard/component/user/user-dataset/user-dataset-explorer/dataset-detail.component.spec.ts" name="DatasetDetailComponent behavior &gt; retrieveLatestVersionFile &gt; does nothing when there is no did" time="0.010897584">
        </testcase>
        <testcase classname="src/app/dashboard/component/user/user-dataset/user-dataset-explorer/dataset-detail.component.spec.ts" name="DatasetDetailComponent behavior &gt; isDownloadAllowed and userHasWriteAccess &gt; always allows the owner to download, even when the dataset is not downloadable" time="0.01205275">
        </testcase>
        <testcase classname="src/app/dashboard/component/user/user-dataset/user-dataset-explorer/dataset-detail.component.spec.ts" name="DatasetDetailComponent behavior &gt; isDownloadAllowed and userHasWriteAccess &gt; allows a non-owner to download a public downloadable dataset without explicit access" time="0.009458292">
        </testcase>
        <testcase classname="src/app/dashboard/component/user/user-dataset/user-dataset-explorer/dataset-detail.component.spec.ts" name="DatasetDetailComponent behavior &gt; isDownloadAllowed and userHasWriteAccess &gt; blocks a non-owner from a private downloadable dataset without access" time="0.006297209">
        </testcase>
        <testcase classname="src/app/dashboard/component/user/user-dataset/user-dataset-explorer/dataset-detail.component.spec.ts" name="DatasetDetailComponent behavior &gt; isDownloadAllowed and userHasWriteAccess &gt; blocks download when the dataset is not downloadable" time="0.006950917">
        </testcase>
        <testcase classname="src/app/dashboard/component/user/user-dataset/user-dataset-explorer/dataset-detail.component.spec.ts" name="DatasetDetailComponent behavior &gt; isDownloadAllowed and userHasWriteAccess &gt; reports write access only for the WRITE privilege" time="0.015603041">
        </testcase>
        <testcase classname="src/app/dashboard/component/user/user-dataset/user-dataset-explorer/dataset-detail.component.spec.ts" name="DatasetDetailComponent behavior &gt; publicity and downloadable toggles &gt; marks the dataset public and toasts on success" time="0.004403875">
        </testcase>
        <testcase classname="src/app/dashboard/component/user/user-dataset/user-dataset-explorer/dataset-detail.component.spec.ts" name="DatasetDetailComponent behavior &gt; publicity and downloadable toggles &gt; keeps the public flag and toasts an error when the publicity update fails" time="0.004049125">
        </testcase>
        <testcase classname="src/app/dashboard/component/user/user-dataset/user-dataset-explorer/dataset-detail.component.spec.ts" name="DatasetDetailComponent behavior &gt; publicity and downloadable toggles &gt; marks downloads not-allowed and toasts on success" time="0.027849834">
        </testcase>
        <testcase classname="src/app/dashboard/component/user/user-dataset/user-dataset-explorer/dataset-detail.component.spec.ts" name="DatasetDetailComponent behavior &gt; publicity and downloadable toggles &gt; keeps the downloadable flag and toasts an error when the update fails" time="0.019400167">
        </testcase>
        <testcase classname="src/app/dashboard/component/user/user-dataset/user-dataset-explorer/dataset-detail.component.spec.ts" name="DatasetDetailComponent behavior &gt; publicity and downloadable toggles &gt; marks the dataset private and names that state, not the one it left" time="0.016747958">
        </testcase>
        <testcase classname="src/app/dashboard/component/user/user-dataset/user-dataset-explorer/dataset-detail.component.spec.ts" name="DatasetDetailComponent behavior &gt; publicity and downloadable toggles &gt; marks downloads allowed and names that state, not the one it left" time="0.015456584">
        </testcase>
        <testcase classname="src/app/dashboard/component/user/user-dataset/user-dataset-explorer/dataset-detail.component.spec.ts" name="DatasetDetailComponent behavior &gt; publicity and downloadable toggles &gt; does not attempt a publicity change without a dataset id" time="0.006492791">
        </testcase>
        <testcase classname="src/app/dashboard/component/user/user-dataset/user-dataset-explorer/dataset-detail.component.spec.ts" name="DatasetDetailComponent behavior &gt; publicity and downloadable toggles &gt; does not attempt a download-permission change without a dataset id" time="0.0121375">
        </testcase>
        <testcase classname="src/app/dashboard/component/user/user-dataset/user-dataset-explorer/dataset-detail.component.spec.ts" name="DatasetDetailComponent behavior &gt; creating a version &gt; hands the panel a call that commits through DatasetService" time="0.006319125">
        </testcase>
        <testcase classname="src/app/dashboard/component/user/user-dataset/user-dataset-explorer/dataset-detail.component.spec.ts" name="DatasetDetailComponent behavior &gt; creating a version &gt; reloads the version list and the latest-version facts once the panel reports one" time="0.007616584">
        </testcase>
        <testcase classname="src/app/dashboard/component/user/user-dataset/user-dataset-explorer/dataset-detail.component.spec.ts" name="DatasetDetailComponent behavior &gt; downloads &gt; downloads the selected version as a zip when did and dvid are present" time="0.004291792">
        </testcase>
        <testcase classname="src/app/dashboard/component/user/user-dataset/user-dataset-explorer/dataset-detail.component.spec.ts" name="DatasetDetailComponent behavior &gt; downloads &gt; does not download a zip when no version is selected" time="0.003640125">
        </testcase>
        <testcase classname="src/app/dashboard/component/user/user-dataset/user-dataset-explorer/dataset-detail.component.spec.ts" name="DatasetDetailComponent behavior &gt; downloads &gt; uses the public endpoint to download the current file for a public non-owner dataset" time="0.022372125">
        </testcase>
        <testcase classname="src/app/dashboard/component/user/user-dataset/user-dataset-explorer/dataset-detail.component.spec.ts" name="DatasetDetailComponent behavior &gt; downloads &gt; uses the authenticated endpoint to download the current file for the owner" time="0.006510667">
        </testcase>
        <testcase classname="src/app/dashboard/component/user/user-dataset/user-dataset-explorer/dataset-detail.component.spec.ts" name="DatasetDetailComponent behavior &gt; downloads &gt; does not download the current file without a selected version dvid" time="0.008203542">
        </testcase>
        <testcase classname="src/app/dashboard/component/user/user-dataset/user-dataset-explorer/dataset-detail.component.spec.ts" name="DatasetDetailComponent behavior &gt; view flags &gt; toggles the maximize, right-bar and precise-view-count flags" time="0.035288083">
        </testcase>
        <testcase classname="src/app/dashboard/component/user/user-dataset/user-dataset-explorer/dataset-detail.component.spec.ts" name="DatasetDetailComponent behavior &gt; toggleLike &gt; unlikes and decrements the like count when currently liked" time="0.02688875">
        </testcase>
        <testcase classname="src/app/dashboard/component/user/user-dataset/user-dataset-explorer/dataset-detail.component.spec.ts" name="DatasetDetailComponent behavior &gt; toggleLike &gt; likes and increments the like count when not currently liked" time="0.014993417">
        </testcase>
        <testcase classname="src/app/dashboard/component/user/user-dataset/user-dataset-explorer/dataset-detail.component.spec.ts" name="DatasetDetailComponent behavior &gt; toggleLike &gt; does nothing when no user is logged in" time="0.026518084">
        </testcase>
        <testcase classname="src/app/dashboard/component/user/user-dataset/user-dataset-explorer/dataset-detail.component.spec.ts" name="DatasetDetailComponent behavior &gt; toggleLike &gt; leaves the dataset liked when the server refuses the unlike" time="0.010352791">
        </testcase>
        <testcase classname="src/app/dashboard/component/user/user-dataset/user-dataset-explorer/dataset-detail.component.spec.ts" name="DatasetDetailComponent behavior &gt; toggleLike &gt; leaves the dataset unliked when the server refuses the like" time="0.037853292">
        </testcase>
        <testcase classname="src/app/dashboard/component/user/user-dataset/user-dataset-explorer/dataset-detail.component.spec.ts" name="DatasetDetailComponent behavior &gt; toggleLike &gt; reads a refreshed count with no like tally as no likes after unliking" time="0.009264458">
        </testcase>
        <testcase classname="src/app/dashboard/component/user/user-dataset/user-dataset-explorer/dataset-detail.component.spec.ts" name="DatasetDetailComponent behavior &gt; toggleLike &gt; reads a refreshed count with no like tally as no likes after liking" time="0.004286917">
        </testcase>
        <testcase classname="src/app/dashboard/component/user/user-dataset/user-dataset-explorer/dataset-detail.component.spec.ts" name="DatasetDetailComponent behavior &gt; cover image and description persistence &gt; refreshes the cover url and toasts success after setting a cover image" time="0.019898625">
        </testcase>
        <testcase classname="src/app/dashboard/component/user/user-dataset/user-dataset-explorer/dataset-detail.component.spec.ts" name="DatasetDetailComponent behavior &gt; cover image and description persistence &gt; surfaces the backend message when setting the cover image fails" time="0.008085959">
        </testcase>
        <testcase classname="src/app/dashboard/component/user/user-dataset/user-dataset-explorer/dataset-detail.component.spec.ts" name="DatasetDetailComponent behavior &gt; cover image and description persistence &gt; drops the previous cover url when the refreshed one cannot be fetched" time="0.008431333">
        </testcase>
        <testcase classname="src/app/dashboard/component/user/user-dataset/user-dataset-explorer/dataset-detail.component.spec.ts" name="DatasetDetailComponent behavior &gt; cover image and description persistence &gt; does not surface a non-HTTP failure&apos;s own message when setting the cover image" time="0.011773209">
        </testcase>
        <testcase classname="src/app/dashboard/component/user/user-dataset/user-dataset-explorer/dataset-detail.component.spec.ts" name="DatasetDetailComponent behavior &gt; cover image and description persistence &gt; falls back to a generic message when the error body carries none" time="0.007800417">
        </testcase>
        <testcase classname="src/app/dashboard/component/user/user-dataset/user-dataset-explorer/dataset-detail.component.spec.ts" name="DatasetDetailComponent behavior &gt; cover image and description persistence &gt; does nothing when there is no selected version to attach the cover to" time="0.010387875">
        </testcase>
        <testcase classname="src/app/dashboard/component/user/user-dataset/user-dataset-explorer/dataset-detail.component.spec.ts" name="DatasetDetailComponent behavior &gt; cover image and description persistence &gt; persists a changed description and updates the field" time="0.007791917">
        </testcase>
        <testcase classname="src/app/dashboard/component/user/user-dataset/user-dataset-explorer/dataset-detail.component.spec.ts" name="DatasetDetailComponent behavior &gt; cover image and description persistence &gt; skips the persistence call when the description is unchanged" time="0.006636458">
        </testcase>
        <testcase classname="src/app/dashboard/component/user/user-dataset/user-dataset-explorer/dataset-detail.component.spec.ts" name="DatasetDetailComponent behavior &gt; cover image and description persistence &gt; reverts the description and toasts an error when persistence fails" time="0.011402875">
        </testcase>
        <testcase classname="src/app/dashboard/component/user/user-dataset/user-dataset-explorer/dataset-detail.component.spec.ts" name="DatasetDetailComponent behavior &gt; cover image and description persistence &gt; stores an empty description when the editor hands back nothing" time="0.004434166">
        </testcase>
        <testcase classname="src/app/dashboard/component/user/user-dataset/user-dataset-explorer/dataset-detail.component.spec.ts" name="DatasetDetailComponent behavior &gt; copyCurrentFilePath &gt; writes the displayed path to the clipboard and toasts success" time="0.004485791">
        </testcase>
        <testcase classname="src/app/dashboard/component/user/user-dataset/user-dataset-explorer/dataset-detail.component.spec.ts" name="DatasetDetailComponent behavior &gt; copyCurrentFilePath &gt; does nothing when no file is displayed" time="0.005840583">
        </testcase>
        <testcase classname="src/app/dashboard/component/user/user-dataset/user-dataset-explorer/dataset-detail.component.spec.ts" name="DatasetDetailComponent behavior &gt; copyCurrentFilePath &gt; toasts an error when the clipboard write rejects" time="0.01086825">
        </testcase>
        <testcase classname="src/app/dashboard/component/user/user-dataset/user-dataset-explorer/dataset-detail.component.spec.ts" name="DatasetDetailComponent behavior &gt; version-node selection &gt; onVersionFileTreeNodeSelected loads the selected node&apos;s content" time="0.001074375">
        </testcase>
        <testcase classname="src/app/dashboard/component/user/user-dataset/user-dataset-explorer/dataset-detail.component.spec.ts" name="DatasetDetailComponent behavior &gt; onPreviouslyUploadedFileDeleted &gt; does not delete a file without a dataset id" time="0.00449625">
        </testcase>
        <testcase classname="src/app/dashboard/component/user/user-dataset/user-dataset-explorer/dataset-detail.component.spec.ts" name="DatasetDetailComponent behavior &gt; onPreviouslyUploadedFileDeleted &gt; toasts an error and stages nothing when the deletion fails" time="0.007498667">
        </testcase>
        <testcase classname="src/app/dashboard/component/user/user-dataset/user-dataset-explorer/dataset-detail.component.spec.ts" name="DatasetDetailComponent behavior &gt; onPreviouslyUploadedFileDeleted &gt; deletes by the path relative to the version root, which is what the diff reports" time="0.004379209">
        </testcase>
        <testcase classname="src/app/dashboard/component/user/user-dataset/user-dataset-explorer/dataset-detail.component.spec.ts" name="DatasetDetailComponent behavior &gt; onSaveDatasetName &gt; seeds editedDatasetName from the loaded dataset name" time="0.010680459">
        </testcase>
        <testcase classname="src/app/dashboard/component/user/user-dataset/user-dataset-explorer/dataset-detail.component.spec.ts" name="DatasetDetailComponent behavior &gt; onSaveDatasetName &gt; persists a valid name unchanged and toasts success" time="0.005033209">
        </testcase>
        <testcase classname="src/app/dashboard/component/user/user-dataset/user-dataset-explorer/dataset-detail.component.spec.ts" name="DatasetDetailComponent behavior &gt; onSaveDatasetName &gt; rejects an invalid name with a validation error and does not call the rename API" time="0.004467416">
        </testcase>
        <testcase classname="src/app/dashboard/component/user/user-dataset/user-dataset-explorer/dataset-detail.component.spec.ts" name="DatasetDetailComponent behavior &gt; onSaveDatasetName &gt; toasts an error and leaves the name unchanged when the rename fails" time="0.004216333">
        </testcase>
        <testcase classname="src/app/dashboard/component/user/user-dataset/user-dataset-explorer/dataset-detail.component.spec.ts" name="DatasetDetailComponent behavior &gt; onSaveDatasetName &gt; does nothing when there is no did" time="0.015688">
        </testcase>
        <testcase classname="src/app/dashboard/component/user/user-dataset/user-dataset-explorer/dataset-detail.component.spec.ts" name="DatasetDetailComponent behavior &gt; onDeleteDataset &gt; deletes the dataset, toasts success and navigates back to the dataset list" time="0.00592375">
        </testcase>
        <testcase classname="src/app/dashboard/component/user/user-dataset/user-dataset-explorer/dataset-detail.component.spec.ts" name="DatasetDetailComponent behavior &gt; onDeleteDataset &gt; toasts an error and does not navigate when the deletion fails" time="0.041666917">
        </testcase>
        <testcase classname="src/app/dashboard/component/user/user-dataset/user-dataset-explorer/dataset-detail.component.spec.ts" name="DatasetDetailComponent behavior &gt; onDeleteDataset &gt; does nothing when there is no did" time="0.010787875">
        </testcase>
        <testcase classname="src/app/dashboard/component/user/user-dataset/user-dataset-explorer/dataset-detail.component.spec.ts" name="DatasetDetailComponent behavior &gt; delete button disabled state &gt; disables the delete button for a non-owner with write access" time="0.085389417">
        </testcase>
        <testcase classname="src/app/dashboard/component/user/user-dataset/user-dataset-explorer/dataset-detail.component.spec.ts" name="DatasetDetailComponent behavior &gt; delete button disabled state &gt; enables the delete button for the owner" time="0.114781375">
        </testcase>
        <testcase classname="src/app/dashboard/component/user/user-dataset/user-dataset-explorer/dataset-detail.component.spec.ts" name="DatasetDetailComponent behavior &gt; contributors &gt; maps contributors from the dashboard dataset and falls back to an empty list" time="0.009596584">
        </testcase>
        <testcase classname="src/app/dashboard/component/user/user-dataset/user-dataset-explorer/dataset-detail.component.spec.ts" name="DatasetDetailComponent behavior &gt; contributors &gt; onAddContributor appends the modal result and persists the list" time="0.015381458">
        </testcase>
        <testcase classname="src/app/dashboard/component/user/user-dataset/user-dataset-explorer/dataset-detail.component.spec.ts" name="DatasetDetailComponent behavior &gt; contributors &gt; onAddContributor does not persist when the modal is cancelled" time="0.019622208">
        </testcase>
        <testcase classname="src/app/dashboard/component/user/user-dataset/user-dataset-explorer/dataset-detail.component.spec.ts" name="DatasetDetailComponent behavior &gt; contributors &gt; onEditContributor replaces the edited row and persists the list" time="0.02012175">
        </testcase>
        <testcase classname="src/app/dashboard/component/user/user-dataset/user-dataset-explorer/dataset-detail.component.spec.ts" name="DatasetDetailComponent behavior &gt; contributors &gt; onDeleteContributor removes the row and persists the list" time="0.023862625">
        </testcase>
        <testcase classname="src/app/dashboard/component/user/user-dataset/user-dataset-explorer/dataset-detail.component.spec.ts" name="DatasetDetailComponent behavior &gt; contributors &gt; rolls the list back and notifies when persisting fails" time="0.005429708">
        </testcase>
        <testcase classname="src/app/dashboard/component/user/user-dataset/user-dataset-explorer/dataset-detail.component.spec.ts" name="DatasetDetailComponent behavior &gt; contributors &gt; does not call the service when did is missing" time="0.014731708">
        </testcase>
        <testcase classname="src/app/dashboard/component/user/user-dataset/user-dataset-explorer/dataset-detail.component.spec.ts" name="DatasetDetailComponent behavior &gt; template rendering &gt; toggles the like through the like tag when logged in" time="0.063896417">
        </testcase>
        <testcase classname="src/app/dashboard/component/user/user-dataset/user-dataset-explorer/dataset-detail.component.spec.ts" name="DatasetDetailComponent behavior &gt; template rendering &gt; unlikes through the same tag when the dataset is already liked" time="0.056979042">
        </testcase>
        <testcase classname="src/app/dashboard/component/user/user-dataset/user-dataset-explorer/dataset-detail.component.spec.ts" name="DatasetDetailComponent behavior &gt; template rendering &gt; does not toggle the like when logged out" time="0.037899708">
        </testcase>
        <testcase classname="src/app/dashboard/component/user/user-dataset/user-dataset-explorer/dataset-detail.component.spec.ts" name="DatasetDetailComponent behavior &gt; template rendering &gt; omits the cover image when there is no cover URL" time="0.0415665">
        </testcase>
        <testcase classname="src/app/dashboard/component/user/user-dataset/user-dataset-explorer/dataset-detail.component.spec.ts" name="DatasetDetailComponent behavior &gt; template rendering &gt; renders the cover image bound to the cover URL" time="0.043381">
        </testcase>
        <testcase classname="src/app/dashboard/component/user/user-dataset/user-dataset-explorer/dataset-detail.component.spec.ts" name="DatasetDetailComponent behavior &gt; template rendering &gt; collapses the right bar from the template, then renders the restore control" time="0.094163083">
        </testcase>
        <testcase classname="src/app/dashboard/component/user/user-dataset/user-dataset-explorer/dataset-detail.component.spec.ts" name="DatasetDetailComponent behavior &gt; template rendering &gt; binds the dataset name input and saves it from the template" time="0.157711083">
        </testcase>
        <testcase classname="src/app/dashboard/component/user/user-dataset/user-dataset-explorer/dataset-detail.component.spec.ts" name="DatasetDetailComponent behavior &gt; template rendering &gt; renders every contributor row from the list" time="0.10005075">
        </testcase>
        <testcase classname="src/app/dashboard/component/user/user-dataset/user-dataset-explorer/dataset-detail.component.spec.ts" name="DatasetDetailComponent behavior &gt; template rendering &gt; routes the settings switches&apos; ngModelChange bindings to the service" time="0.113677167">
        </testcase>
        <testcase classname="src/app/dashboard/component/user/user-dataset/user-dataset-explorer/dataset-detail.component.spec.ts" name="DatasetDetailComponent behavior &gt; template rendering &gt; renders a row per contributor with the actions trigger" time="0.123590833">
        </testcase>
        <testcase classname="src/app/dashboard/component/user/user-dataset/user-dataset-explorer/dataset-detail.component.spec.ts" name="DatasetDetailComponent behavior &gt; template rendering &gt; edits the chosen contributor through the menu&apos;s binding target" time="0.103141542">
        </testcase>
        <testcase classname="src/app/dashboard/component/user/user-dataset/user-dataset-explorer/dataset-detail.component.spec.ts" name="DatasetDetailComponent behavior &gt; template rendering &gt; deletes the chosen contributor through the popconfirm&apos;s binding target" time="0.056502959">
        </testcase>
        <testcase classname="src/app/dashboard/component/user/user-dataset/user-dataset-explorer/dataset-detail.component.spec.ts" name="DatasetDetailComponent behavior &gt; template rendering &gt; downloads the current file from the toolbar" time="0.127973042">
        </testcase>
        <testcase classname="src/app/dashboard/component/user/user-dataset/user-dataset-explorer/dataset-detail.component.spec.ts" name="DatasetDetailComponent behavior &gt; template rendering &gt; toggles the scaled view from the toolbar" time="0.080143667">
        </testcase>
        <testcase classname="src/app/dashboard/component/user/user-dataset/user-dataset-explorer/dataset-detail.component.spec.ts" name="DatasetDetailComponent behavior &gt; template rendering &gt; applies the dragged sider width on the next animation frame" time="0.041474709">
        </testcase>
        <testcase classname="src/app/dashboard/component/user/user-dataset/user-dataset-explorer/dataset-detail.component.spec.ts" name="DatasetDetailComponent behavior &gt; template rendering &gt; cancels the frame the previous resize scheduled" time="0.028008375">
        </testcase>
        <testcase classname="src/app/dashboard/component/user/user-dataset/user-dataset-explorer/dataset-detail.component.spec.ts" name="DatasetDetailComponent rendered template &gt; status tags &gt; labels a public, downloadable dataset with the globe and download icons" time="0.062911709">
        </testcase>
        <testcase classname="src/app/dashboard/component/user/user-dataset/user-dataset-explorer/dataset-detail.component.spec.ts" name="DatasetDetailComponent rendered template &gt; status tags &gt; labels a private, download-restricted dataset with the lock and stop icons" time="0.039440584">
        </testcase>
        <testcase classname="src/app/dashboard/component/user/user-dataset/user-dataset-explorer/dataset-detail.component.spec.ts" name="DatasetDetailComponent rendered template &gt; status tags &gt; tells the view counter and the like counter apart" time="0.118091292">
        </testcase>
        <testcase classname="src/app/dashboard/component/user/user-dataset/user-dataset-explorer/dataset-detail.component.spec.ts" name="DatasetDetailComponent rendered template &gt; settings hints &gt; spells out what public visibility and blocked downloads mean" time="0.086309291">
        </testcase>
        <testcase classname="src/app/dashboard/component/user/user-dataset/user-dataset-explorer/dataset-detail.component.spec.ts" name="DatasetDetailComponent rendered template &gt; settings hints &gt; spells out what private visibility and permitted downloads mean" time="0.070061625">
        </testcase>
        <testcase classname="src/app/dashboard/component/user/user-dataset/user-dataset-explorer/dataset-detail.component.spec.ts" name="DatasetDetailComponent rendered template &gt; contributor row menu &gt; edits the contributor whose own row menu was used" time="0.316768875">
        </testcase>
        <testcase classname="src/app/dashboard/component/user/user-dataset/user-dataset-explorer/dataset-detail.component.spec.ts" name="DatasetDetailComponent rendered template &gt; contributor row menu &gt; deletes the contributor whose own row menu was used, once the deletion is confirmed" time="0.307488459">
        </testcase>
        <testcase classname="src/app/dashboard/component/user/user-dataset/user-dataset-explorer/dataset-detail.component.spec.ts" name="DatasetDetailComponent rendered template &gt; contributor row menu &gt; adds a contributor from the keyboard on the add tile" time="0.126436583">
        </testcase>
        <testcase classname="src/app/dashboard/component/user/user-dataset/user-dataset-explorer/dataset-detail.component.spec.ts" name="DatasetDetailComponent rendered template &gt; file toolbar &gt; downloads the file that is on screen" time="0.140440042">
        </testcase>
        <testcase classname="src/app/dashboard/component/user/user-dataset/user-dataset-explorer/dataset-detail.component.spec.ts" name="DatasetDetailComponent rendered template &gt; file toolbar &gt; downloads the file that is on screen over the public endpoint for a non-owner" time="0.117740417">
        </testcase>
        <testcase classname="src/app/dashboard/component/user/user-dataset/user-dataset-explorer/dataset-detail.component.spec.ts" name="DatasetDetailComponent rendered template &gt; file toolbar &gt; keeps the owner of a public dataset on the authenticated endpoint" time="0.130099167">
        </testcase>
        <testcase classname="src/app/dashboard/component/user/user-dataset/user-dataset-explorer/dataset-detail.component.spec.ts" name="DatasetDetailComponent rendered template &gt; file toolbar &gt; maximizes the view from the toolbar and offers the way back" time="0.098631666">
        </testcase>
        <testcase classname="src/app/dashboard/component/user/user-dataset/user-dataset-explorer/dataset-detail.component.spec.ts" name="DatasetDetailComponent rendered template &gt; file toolbar &gt; applies a width the resize handle reports, between the bounds it declares" time="0.156811333">
        </testcase>
        <testcase classname="src/app/dashboard/component/user/user-dataset/user-dataset-explorer/dataset-detail.component.spec.ts" name="DatasetDetailComponent rendered template &gt; version picker &gt; offers every known version and loads the one that is picked" time="0.100244125">
        </testcase>
        <testcase classname="src/app/dashboard/component/user/user-dataset/user-dataset-explorer/dataset-detail.component.spec.ts" name="DatasetDetailComponent rendered template &gt; version picker &gt; loads a picked version over the anonymous endpoint when nobody is signed in" time="0.076053542">
        </testcase>
        <testcase classname="src/app/dashboard/component/user/user-dataset/user-dataset-explorer/dataset-detail.component.spec.ts" name="DatasetDetailComponent rendered template &gt; version picker &gt; downloads the whole selected version as a zip" time="0.138249833">
        </testcase>
        <testcase classname="src/app/dashboard/component/user/user-dataset/user-dataset-explorer/dataset-detail.component.spec.ts" name="DatasetDetailComponent rendered template &gt; version file tree &gt; hands the tree the nodes of the version on screen" time="0.115648291">
        </testcase>
        <testcase classname="src/app/dashboard/component/user/user-dataset/user-dataset-explorer/dataset-detail.component.spec.ts" name="DatasetDetailComponent rendered template &gt; version file tree &gt; shows the file the tree selected" time="0.126562042">
        </testcase>
        <testcase classname="src/app/dashboard/component/user/user-dataset/user-dataset-explorer/dataset-detail.component.spec.ts" name="DatasetDetailComponent rendered template &gt; version file tree &gt; deletes the file the tree asked to remove" time="0.112515958">
        </testcase>
        <testcase classname="src/app/dashboard/component/user/user-dataset/user-dataset-explorer/dataset-detail.component.spec.ts" name="DatasetDetailComponent rendered template &gt; version file tree &gt; adopts the cover image the tree offered, qualified by the selected version" time="0.119345417">
        </testcase>
        <testcase classname="src/app/dashboard/component/user/user-dataset/user-dataset-explorer/dataset-detail.component.spec.ts" name="DatasetDetailComponent rendered template &gt; settings tab &gt; persists a description edited on the Settings tab" time="0.122555">
        </testcase>
        <testcase classname="src/app/dashboard/component/user/user-dataset/user-dataset-explorer/dataset-detail.component.spec.ts" name="DatasetDetailComponent rendered template &gt; settings tab &gt; deletes the dataset only once the confirmation is accepted" time="0.169110125">
        </testcase>
    </testsuite>
    <testsuite name="src/app/dashboard/component/user/user-model/user-model-creator/user-model-creator.component.spec.ts" timestamp="2026-09-01T22:49:41.844Z" hostname="dhcp-172-27-096-224.mobile.uci.edu" tests="12" failures="0" errors="0" skipped="0" time="0.157945042">
        <testcase classname="src/app/dashboard/component/user/user-model/user-model-creator/user-model-creator.component.spec.ts" name="sanitizeModelName &gt; keeps underscores and hyphens, unlike the dataset sanitizer" time="0.000281333">
        </testcase>
        <testcase classname="src/app/dashboard/component/user/user-model/user-model-creator/user-model-creator.component.spec.ts" name="sanitizeModelName &gt; lower-cases and replaces disallowed runs with a single hyphen" time="0.000062458">
        </testcase>
        <testcase classname="src/app/dashboard/component/user/user-model/user-model-creator/user-model-creator.component.spec.ts" name="sanitizeModelName &gt; trims leading whitespace" time="0.000047167">
        </testcase>
        <testcase classname="src/app/dashboard/component/user/user-model/user-model-creator/user-model-creator.component.spec.ts" name="UserModelCreatorComponent &gt; renders the four create fields, with no version-description field" time="0.030374375">
        </testcase>
        <testcase classname="src/app/dashboard/component/user/user-model/user-model-creator/user-model-creator.component.spec.ts" name="UserModelCreatorComponent &gt; offers exactly the framework and format values the backend accepts" time="0.02034475">
        </testcase>
        <testcase classname="src/app/dashboard/component/user/user-model/user-model-creator/user-model-creator.component.spec.ts" name="UserModelCreatorComponent &gt; does nothing when the required name is empty" time="0.016514625">
        </testcase>
        <testcase classname="src/app/dashboard/component/user/user-model/user-model-creator/user-model-creator.component.spec.ts" name="UserModelCreatorComponent &gt; creates the model with the sanitized name and the toggle values" time="0.016891584">
        </testcase>
        <testcase classname="src/app/dashboard/component/user/user-model/user-model-creator/user-model-creator.component.spec.ts" name="UserModelCreatorComponent &gt; reports the rename when the entered name had to be sanitized" time="0.012085916">
        </testcase>
        <testcase classname="src/app/dashboard/component/user/user-model/user-model-creator/user-model-creator.component.spec.ts" name="UserModelCreatorComponent &gt; refuses a name that sanitizes to nothing, without calling the backend" time="0.011780417">
        </testcase>
        <testcase classname="src/app/dashboard/component/user/user-model/user-model-creator/user-model-creator.component.spec.ts" name="UserModelCreatorComponent &gt; refuses a name past the length limit, without calling the backend" time="0.013437458">
        </testcase>
        <testcase classname="src/app/dashboard/component/user/user-model/user-model-creator/user-model-creator.component.spec.ts" name="UserModelCreatorComponent &gt; surfaces the server message and keeps the modal open when creation fails" time="0.014313125">
        </testcase>
        <testcase classname="src/app/dashboard/component/user/user-model/user-model-creator/user-model-creator.component.spec.ts" name="UserModelCreatorComponent &gt; closes with null on cancel without calling the backend" time="0.021431291">
        </testcase>
    </testsuite>
    <testsuite name="src/app/dashboard/component/user/user-model/user-model-explorer/model-detail.component.spec.ts" timestamp="2026-09-01T22:49:41.844Z" hostname="dhcp-172-27-096-224.mobile.uci.edu" tests="75" failures="0" errors="0" skipped="0" time="7.170236666">
        <testcase classname="src/app/dashboard/component/user/user-model/user-model-explorer/model-detail.component.spec.ts" name="ModelDetailComponent &gt; reads the mid off the route as a number and loads the model" time="0.376406708">
        </testcase>
        <testcase classname="src/app/dashboard/component/user/user-model/user-model-explorer/model-detail.component.spec.ts" name="ModelDetailComponent &gt; skips the cover fetch for a model that has none" time="0.155104833">
        </testcase>
        <testcase classname="src/app/dashboard/component/user/user-model/user-model-explorer/model-detail.component.spec.ts" name="ModelDetailComponent &gt; resolves a presigned cover url only when the model carries a cover" time="0.088983792">
        </testcase>
        <testcase classname="src/app/dashboard/component/user/user-model/user-model-explorer/model-detail.component.spec.ts" name="ModelDetailComponent &gt; falls back to no cover when the presign call fails" time="0.112007167">
        </testcase>
        <testcase classname="src/app/dashboard/component/user/user-model/user-model-explorer/model-detail.component.spec.ts" name="ModelDetailComponent &gt; selects the newest version and opens its first file" time="0.120956125">
        </testcase>
        <testcase classname="src/app/dashboard/component/user/user-model/user-model-explorer/model-detail.component.spec.ts" name="ModelDetailComponent &gt; descends into directories to find the file it opens first" time="0.089792709">
        </testcase>
        <testcase classname="src/app/dashboard/component/user/user-model/user-model-explorer/model-detail.component.spec.ts" name="ModelDetailComponent &gt; clears the open file when the selected version holds none" time="0.11007625">
        </testcase>
        <testcase classname="src/app/dashboard/component/user/user-model/user-model-explorer/model-detail.component.spec.ts" name="ModelDetailComponent &gt; leaves nothing selected for a model with no versions" time="0.093365208">
        </testcase>
        <testcase classname="src/app/dashboard/component/user/user-model/user-model-explorer/model-detail.component.spec.ts" name="ModelDetailComponent &gt; keeps the latest-version facts when an older version is selected" time="0.182146583">
        </testcase>
        <testcase classname="src/app/dashboard/component/user/user-model/user-model-explorer/model-detail.component.spec.ts" name="ModelDetailComponent &gt; survives the version select being cleared" time="0.073123">
        </testcase>
        <testcase classname="src/app/dashboard/component/user/user-model/user-model-explorer/model-detail.component.spec.ts" name="ModelDetailComponent &gt; reports a failure instead of rendering a blank page" time="0.027200916">
        </testcase>
        <testcase classname="src/app/dashboard/component/user/user-model/user-model-explorer/model-detail.component.spec.ts" name="ModelDetailComponent &gt; refuses a route segment that is not a model id" time="0.037313959">
        </testcase>
        <testcase classname="src/app/dashboard/component/user/user-model/user-model-explorer/model-detail.component.spec.ts" name="ModelDetailComponent &gt; opens the file a tree node points at" time="0.098445459">
        </testcase>
        <testcase classname="src/app/dashboard/component/user/user-model/user-model-explorer/model-detail.component.spec.ts" name="ModelDetailComponent &gt; downloads the open file through the authenticated endpoint for an owner" time="0.047439708">
        </testcase>
        <testcase classname="src/app/dashboard/component/user/user-model/user-model-explorer/model-detail.component.spec.ts" name="ModelDetailComponent &gt; downloads a public model&apos;s file through the anonymous endpoint for a non-owner" time="0.132428625">
        </testcase>
        <testcase classname="src/app/dashboard/component/user/user-model/user-model-explorer/model-detail.component.spec.ts" name="ModelDetailComponent &gt; downloads the selected version as a zip" time="0.0917475">
        </testcase>
        <testcase classname="src/app/dashboard/component/user/user-model/user-model-explorer/model-detail.component.spec.ts" name="ModelDetailComponent &gt; downloads nothing while no version is selected" time="0.063972166">
        </testcase>
        <testcase classname="src/app/dashboard/component/user/user-model/user-model-explorer/model-detail.component.spec.ts" name="ModelDetailComponent &gt; allows a download for an owner, and for a grantee only while downloads are permitted" time="0.098747875">
        </testcase>
        <testcase classname="src/app/dashboard/component/user/user-model/user-model-explorer/model-detail.component.spec.ts" name="ModelDetailComponent &gt; copies the open file&apos;s path and reports failure" time="0.1042985">
        </testcase>
        <testcase classname="src/app/dashboard/component/user/user-model/user-model-explorer/model-detail.component.spec.ts" name="ModelDetailComponent &gt; renders the model&apos;s name, tags and stats" time="0.112616917">
        </testcase>
        <testcase classname="src/app/dashboard/component/user/user-model/user-model-explorer/model-detail.component.spec.ts" name="ModelDetailComponent &gt; shows view and like counters as placeholder zeros" time="0.070526917">
        </testcase>
        <testcase classname="src/app/dashboard/component/user/user-model/user-model-explorer/model-detail.component.spec.ts" name="ModelDetailComponent &gt; dashes out the latest-version facts for a model with no versions" time="0.053335208">
        </testcase>
        <testcase classname="src/app/dashboard/component/user/user-model/user-model-explorer/model-detail.component.spec.ts" name="ModelDetailComponent &gt; shows the empty-version notice until a version exists" time="0.06942275">
        </testcase>
        <testcase classname="src/app/dashboard/component/user/user-model/user-model-explorer/model-detail.component.spec.ts" name="ModelDetailComponent &gt; hands the file renderer the model kind and the selected version" time="0.126459958">
        </testcase>
        <testcase classname="src/app/dashboard/component/user/user-model/user-model-explorer/model-detail.component.spec.ts" name="ModelDetailComponent &gt; renders a cover image only once one resolves" time="0.06234725">
        </testcase>
        <testcase classname="src/app/dashboard/component/user/user-model/user-model-explorer/model-detail.component.spec.ts" name="ModelDetailComponent &gt; hands the version uploader the model endpoint and the model&apos;s identity" time="0.063012875">
        </testcase>
        <testcase classname="src/app/dashboard/component/user/user-model/user-model-explorer/model-detail.component.spec.ts" name="ModelDetailComponent &gt; reads its upload settings from the model keys, not the dataset ones" time="0.085050375">
        </testcase>
        <testcase classname="src/app/dashboard/component/user/user-model/user-model-explorer/model-detail.component.spec.ts" name="ModelDetailComponent &gt; shows the upload panel only to a user who can write" time="0.115285917">
        </testcase>
        <testcase classname="src/app/dashboard/component/user/user-model/user-model-explorer/model-detail.component.spec.ts" name="ModelDetailComponent &gt; commits a version through ModelService" time="0.103088417">
        </testcase>
        <testcase classname="src/app/dashboard/component/user/user-model/user-model-explorer/model-detail.component.spec.ts" name="ModelDetailComponent &gt; reloads the version list once the panel reports a new version" time="0.075226875">
        </testcase>
        <testcase classname="src/app/dashboard/component/user/user-model/user-model-explorer/model-detail.component.spec.ts" name="ModelDetailComponent &gt; stages a deletion of an already-committed file" time="0.062712459">
        </testcase>
        <testcase classname="src/app/dashboard/component/user/user-model/user-model-explorer/model-detail.component.spec.ts" name="ModelDetailComponent &gt; stages nothing and reports the failure when the deletion is rejected" time="0.045810042">
        </testcase>
        <testcase classname="src/app/dashboard/component/user/user-model/user-model-explorer/model-detail.component.spec.ts" name="ModelDetailComponent &gt; deletes nothing without a model id" time="0.086397125">
        </testcase>
        <testcase classname="src/app/dashboard/component/user/user-model/user-model-explorer/model-detail.component.spec.ts" name="ModelDetailComponent &gt; hides the Settings tab from a reader" time="0.091392958">
        </testcase>
        <testcase classname="src/app/dashboard/component/user/user-model/user-model-explorer/model-detail.component.spec.ts" name="ModelDetailComponent &gt; renames the model from the Settings tab" time="0.026444541">
        </testcase>
        <testcase classname="src/app/dashboard/component/user/user-model/user-model-explorer/model-detail.component.spec.ts" name="ModelDetailComponent &gt; refreshes the file tree after a rename, so paths carry the new name" time="0.144849667">
        </testcase>
        <testcase classname="src/app/dashboard/component/user/user-model/user-model-explorer/model-detail.component.spec.ts" name="ModelDetailComponent &gt; lists the newest version&apos;s objects once on load, not once per consumer" time="0.095859958">
        </testcase>
        <testcase classname="src/app/dashboard/component/user/user-model/user-model-explorer/model-detail.component.spec.ts" name="ModelDetailComponent &gt; refreshes the Model Card too when an older version is on screen, without moving the picker" time="0.0939555">
        </testcase>
        <testcase classname="src/app/dashboard/component/user/user-model/user-model-explorer/model-detail.component.spec.ts" name="ModelDetailComponent &gt; reopens the file you were reading after a rename, not the version&apos;s first" time="0.073424166">
        </testcase>
        <testcase classname="src/app/dashboard/component/user/user-model/user-model-explorer/model-detail.component.spec.ts" name="ModelDetailComponent &gt; falls back to the first file when a rename outlives the file that was open" time="0.084477125">
        </testcase>
        <testcase classname="src/app/dashboard/component/user/user-model/user-model-explorer/model-detail.component.spec.ts" name="ModelDetailComponent &gt; skips the tree refresh for a model with no versions" time="0.076181708">
        </testcase>
        <testcase classname="src/app/dashboard/component/user/user-model/user-model-explorer/model-detail.component.spec.ts" name="ModelDetailComponent &gt; refuses to rename while an upload is in flight" time="0.15477125">
        </testcase>
        <testcase classname="src/app/dashboard/component/user/user-model/user-model-explorer/model-detail.component.spec.ts" name="ModelDetailComponent &gt; rejects an invalid name without calling the server" time="0.087378959">
        </testcase>
        <testcase classname="src/app/dashboard/component/user/user-model/user-model-explorer/model-detail.component.spec.ts" name="ModelDetailComponent &gt; restores the previous description when the update fails" time="0.091487208">
        </testcase>
        <testcase classname="src/app/dashboard/component/user/user-model/user-model-explorer/model-detail.component.spec.ts" name="ModelDetailComponent &gt; skips the description update when nothing changed" time="0.183485542">
        </testcase>
        <testcase classname="src/app/dashboard/component/user/user-model/user-model-explorer/model-detail.component.spec.ts" name="ModelDetailComponent &gt; saves the framework and format, and rolls back a rejected one" time="0.07564725">
        </testcase>
        <testcase classname="src/app/dashboard/component/user/user-model/user-model-explorer/model-detail.component.spec.ts" name="ModelDetailComponent &gt; offers exactly the frameworks and formats the backend accepts" time="0.04178825">
        </testcase>
        <testcase classname="src/app/dashboard/component/user/user-model/user-model-explorer/model-detail.component.spec.ts" name="ModelDetailComponent &gt; toggles visibility and downloadability, keeping the switch on the server&apos;s answer" time="0.106990375">
        </testcase>
        <testcase classname="src/app/dashboard/component/user/user-model/user-model-explorer/model-detail.component.spec.ts" name="ModelDetailComponent &gt; follows the server when a stale switch toggles the wrong way, and moves the switch back" time="0.052794208">
        </testcase>
        <testcase classname="src/app/dashboard/component/user/user-model/user-model-explorer/model-detail.component.spec.ts" name="ModelDetailComponent &gt; reads the downloadable flag back too, since that endpoint also toggles" time="0.093698708">
        </testcase>
        <testcase classname="src/app/dashboard/component/user/user-model/user-model-explorer/model-detail.component.spec.ts" name="ModelDetailComponent &gt; keeps a landed toggle when the read-back fails" time="0.041743916">
        </testcase>
        <testcase classname="src/app/dashboard/component/user/user-model/user-model-explorer/model-detail.component.spec.ts" name="ModelDetailComponent &gt; rolls the switch back when the toggle itself fails" time="0.063056875">
        </testcase>
        <testcase classname="src/app/dashboard/component/user/user-model/user-model-explorer/model-detail.component.spec.ts" name="ModelDetailComponent &gt; renders both visibility switches on the Settings tab" time="0.120314334">
        </testcase>
        <testcase classname="src/app/dashboard/component/user/user-model/user-model-explorer/model-detail.component.spec.ts" name="ModelDetailComponent &gt; prefixes the cover path with the selected version and reloads the resolved url" time="0.087284541">
        </testcase>
        <testcase classname="src/app/dashboard/component/user/user-model/user-model-explorer/model-detail.component.spec.ts" name="ModelDetailComponent &gt; does not set a cover while no version is selected" time="0.024536416">
        </testcase>
        <testcase classname="src/app/dashboard/component/user/user-model/user-model-explorer/model-detail.component.spec.ts" name="ModelDetailComponent &gt; collapses and restores the right sider, and maximizes the preview" time="0.062877875">
        </testcase>
        <testcase classname="src/app/dashboard/component/user/user-model/user-model-explorer/model-detail.component.spec.ts" name="ModelDetailComponent &gt; tracks the signed-in user as the session changes under it" time="0.08922625">
        </testcase>
        <testcase classname="src/app/dashboard/component/user/user-model/user-model-explorer/model-detail.component.spec.ts" name="ModelDetailComponent &gt; stores the dragged sider width on the next animation frame" time="0.093379209">
        </testcase>
        <testcase classname="src/app/dashboard/component/user/user-model/user-model-explorer/model-detail.component.spec.ts" name="ModelDetailComponent &gt; fetches nothing without a model id" time="0.04947275">
        </testcase>
        <testcase classname="src/app/dashboard/component/user/user-model/user-model-explorer/model-detail.component.spec.ts" name="ModelDetailComponent &gt; saves nothing and changes nothing on screen without a model id" time="0.05640125">
        </testcase>
        <testcase classname="src/app/dashboard/component/user/user-model/user-model-explorer/model-detail.component.spec.ts" name="ModelDetailComponent &gt; leaves the creation time blank when the model carries no usable timestamp" time="0.116218">
        </testcase>
        <testcase classname="src/app/dashboard/component/user/user-model/user-model-explorer/model-detail.component.spec.ts" name="ModelDetailComponent &gt; leaves a version&apos;s creation time blank, and its row off the sider, without a timestamp" time="0.196141125">
        </testcase>
        <testcase classname="src/app/dashboard/component/user/user-model/user-model-explorer/model-detail.component.spec.ts" name="ModelDetailComponent &gt; reports a file-tree failure for the version being opened" time="0.105351792">
        </testcase>
        <testcase classname="src/app/dashboard/component/user/user-model/user-model-explorer/model-detail.component.spec.ts" name="ModelDetailComponent &gt; reports a rejected rename and keeps the old name on screen" time="0.072220667">
        </testcase>
        <testcase classname="src/app/dashboard/component/user/user-model/user-model-explorer/model-detail.component.spec.ts" name="ModelDetailComponent &gt; reports a failure refreshing the Model Card after a rename" time="0.085446792">
        </testcase>
        <testcase classname="src/app/dashboard/component/user/user-model/user-model-explorer/model-detail.component.spec.ts" name="ModelDetailComponent &gt; clears the Model Card facts when no version is left to describe" time="0.101460208">
        </testcase>
        <testcase classname="src/app/dashboard/component/user/user-model/user-model-explorer/model-detail.component.spec.ts" name="ModelDetailComponent &gt; falls back to the version&apos;s first file when the path being reopened is gone" time="0.125199792">
        </testcase>
        <testcase classname="src/app/dashboard/component/user/user-model/user-model-explorer/model-detail.component.spec.ts" name="ModelDetailComponent &gt; treats a cleared description as an empty one" time="0.067517625">
        </testcase>
        <testcase classname="src/app/dashboard/component/user/user-model/user-model-explorer/model-detail.component.spec.ts" name="ModelDetailComponent &gt; rolls back a rejected framework, and confirms an accepted format" time="0.06598025">
        </testcase>
        <testcase classname="src/app/dashboard/component/user/user-model/user-model-explorer/model-detail.component.spec.ts" name="ModelDetailComponent &gt; skips a framework or format change that is already the current value" time="0.05650875">
        </testcase>
        <testcase classname="src/app/dashboard/component/user/user-model/user-model-explorer/model-detail.component.spec.ts" name="ModelDetailComponent &gt; wires each preview toolbar button to its own handler" time="0.152609583">
        </testcase>
        <testcase classname="src/app/dashboard/component/user/user-model/user-model-explorer/model-detail.component.spec.ts" name="ModelDetailComponent &gt; wires the sider&apos;s resize handle to the width the page keeps" time="0.173919375">
        </testcase>
        <testcase classname="src/app/dashboard/component/user/user-model/user-model-explorer/model-detail.component.spec.ts" name="ModelDetailComponent &gt; wires the version picker to both the selection and the file tree" time="0.1113805">
        </testcase>
        <testcase classname="src/app/dashboard/component/user/user-model/user-model-explorer/model-detail.component.spec.ts" name="ModelDetailComponent &gt; wires each Settings control to its own field" time="0.140376542">
        </testcase>
        <testcase classname="src/app/dashboard/component/user/user-model/user-model-explorer/model-detail.component.spec.ts" name="ModelDetailComponent &gt; wires the version uploader&apos;s own outputs to the page&apos;s state" time="0.09427225">
        </testcase>
    </testsuite>
    <testsuite name="src/app/dashboard/component/user/user-workflow/ngbd-modal-workflow-executions/workflow-execution-history.component.spec.ts" timestamp="2026-09-01T22:49:41.848Z" hostname="dhcp-172-27-096-224.mobile.uci.edu" tests="61" failures="0" errors="0" skipped="0" time="14.815578625">
        <testcase classname="src/app/dashboard/component/user/user-workflow/ngbd-modal-workflow-executions/workflow-execution-history.component.spec.ts" name="WorkflowExecutionHistoryComponent &gt; initialization and wid resolution &gt; takes the wid from NZ_MODAL_DATA and loads that workflow&apos;s executions" time="0.392549333">
        </testcase>
        <testcase classname="src/app/dashboard/component/user/user-workflow/ngbd-modal-workflow-executions/workflow-execution-history.component.spec.ts" name="WorkflowExecutionHistoryComponent &gt; initialization and wid resolution &gt; falls back to the route snapshot id when modal data is absent" time="0.215947875">
        </testcase>
        <testcase classname="src/app/dashboard/component/user/user-workflow/ngbd-modal-workflow-executions/workflow-execution-history.component.spec.ts" name="WorkflowExecutionHistoryComponent &gt; initialization and wid resolution &gt; defaults the wid to 0 when neither modal data nor route param exists" time="0.141563792">
        </testcase>
        <testcase classname="src/app/dashboard/component/user/user-workflow/ngbd-modal-workflow-executions/workflow-execution-history.component.spec.ts" name="WorkflowExecutionHistoryComponent &gt; charts (ngAfterViewInit) &gt; draws a username pie, a status pie, and a process-time bar chart" time="0.123149583">
        </testcase>
        <testcase classname="src/app/dashboard/component/user/user-workflow/ngbd-modal-workflow-executions/workflow-execution-history.component.spec.ts" name="WorkflowExecutionHistoryComponent &gt; charts (ngAfterViewInit) &gt; buckets 20 rows into ceil(20/10)=2-row groups keyed by position and averages minutes" time="0.123896125">
        </testcase>
        <testcase classname="src/app/dashboard/component/user/user-workflow/ngbd-modal-workflow-executions/workflow-execution-history.component.spec.ts" name="WorkflowExecutionHistoryComponent &gt; getExecutionStatus &gt; maps every status code to its [label, icon, color] triple" time="0.118206791">
        </testcase>
        <testcase classname="src/app/dashboard/component/user/user-workflow/ngbd-modal-workflow-executions/workflow-execution-history.component.spec.ts" name="WorkflowExecutionHistoryComponent &gt; getExecutionStatus &gt; falls back to a question-circle for unknown codes" time="0.145910667">
        </testcase>
        <testcase classname="src/app/dashboard/component/user/user-workflow/ngbd-modal-workflow-executions/workflow-execution-history.component.spec.ts" name="WorkflowExecutionHistoryComponent &gt; sorting &gt; sorts by Name (ID) case-insensitively in both directions" time="0.262922458">
        </testcase>
        <testcase classname="src/app/dashboard/component/user/user-workflow/ngbd-modal-workflow-executions/workflow-execution-history.component.spec.ts" name="WorkflowExecutionHistoryComponent &gt; sorting &gt; sorts by Username in both directions" time="0.241226667">
        </testcase>
        <testcase classname="src/app/dashboard/component/user/user-workflow/ngbd-modal-workflow-executions/workflow-execution-history.component.spec.ts" name="WorkflowExecutionHistoryComponent &gt; sorting &gt; sorts by Execution Start Time in both directions" time="0.183518708">
        </testcase>
        <testcase classname="src/app/dashboard/component/user/user-workflow/ngbd-modal-workflow-executions/workflow-execution-history.component.spec.ts" name="WorkflowExecutionHistoryComponent &gt; sorting &gt; sorts by Execution Completion Time in both directions" time="0.265475667">
        </testcase>
        <testcase classname="src/app/dashboard/component/user/user-workflow/ngbd-modal-workflow-executions/workflow-execution-history.component.spec.ts" name="WorkflowExecutionHistoryComponent &gt; sorting &gt; sorts by Computing Unit ID numerically in both directions" time="0.216253291">
        </testcase>
        <testcase classname="src/app/dashboard/component/user/user-workflow/ngbd-modal-workflow-executions/workflow-execution-history.component.spec.ts" name="WorkflowExecutionHistoryComponent &gt; sorting &gt; onHit alternates between descending and ascending on repeated clicks" time="0.277192291">
        </testcase>
        <testcase classname="src/app/dashboard/component/user/user-workflow/ngbd-modal-workflow-executions/workflow-execution-history.component.spec.ts" name="WorkflowExecutionHistoryComponent &gt; pagination &gt; shows the first page of 10 by default and re-slices on page index change" time="0.209030167">
        </testcase>
        <testcase classname="src/app/dashboard/component/user/user-workflow/ngbd-modal-workflow-executions/workflow-execution-history.component.spec.ts" name="WorkflowExecutionHistoryComponent &gt; pagination &gt; re-slices with the new size on page size change (index is kept)" time="0.281389667">
        </testcase>
        <testcase classname="src/app/dashboard/component/user/user-workflow/ngbd-modal-workflow-executions/workflow-execution-history.component.spec.ts" name="WorkflowExecutionHistoryComponent &gt; pagination &gt; clears the search box whenever the page is re-sliced" time="0.239242958">
        </testcase>
        <testcase classname="src/app/dashboard/component/user/user-workflow/ngbd-modal-workflow-executions/workflow-execution-history.component.spec.ts" name="WorkflowExecutionHistoryComponent &gt; row selection &gt; updateEidSet and updateRowSet add on check and delete on uncheck" time="0.173163625">
        </testcase>
        <testcase classname="src/app/dashboard/component/user/user-workflow/ngbd-modal-workflow-executions/workflow-execution-history.component.spec.ts" name="WorkflowExecutionHistoryComponent &gt; row selection &gt; onAllChecked(true) selects every paginated row and sets the header checkbox" time="0.136654792">
        </testcase>
        <testcase classname="src/app/dashboard/component/user/user-workflow/ngbd-modal-workflow-executions/workflow-execution-history.component.spec.ts" name="WorkflowExecutionHistoryComponent &gt; row selection &gt; onItemChecked leaves the header checkbox unchecked until all rows are selected" time="0.169045125">
        </testcase>
        <testcase classname="src/app/dashboard/component/user/user-workflow/ngbd-modal-workflow-executions/workflow-execution-history.component.spec.ts" name="WorkflowExecutionHistoryComponent &gt; bookmarking &gt; onBookmarkToggle flips the flag and sends the previous value to the service" time="0.163314041">
        </testcase>
        <testcase classname="src/app/dashboard/component/user/user-workflow/ngbd-modal-workflow-executions/workflow-execution-history.component.spec.ts" name="WorkflowExecutionHistoryComponent &gt; bookmarking &gt; onBookmarkToggle reverts the flag when the service errors" time="0.171554041">
        </testcase>
        <testcase classname="src/app/dashboard/component/user/user-workflow/ngbd-modal-workflow-executions/workflow-execution-history.component.spec.ts" name="WorkflowExecutionHistoryComponent &gt; bookmarking &gt; setBookmarked bookmarks everything when the selection is mixed" time="0.211699125">
        </testcase>
        <testcase classname="src/app/dashboard/component/user/user-workflow/ngbd-modal-workflow-executions/workflow-execution-history.component.spec.ts" name="WorkflowExecutionHistoryComponent &gt; bookmarking &gt; setBookmarked un-bookmarks everything when all selected rows are bookmarked" time="0.157610292">
        </testcase>
        <testcase classname="src/app/dashboard/component/user/user-workflow/ngbd-modal-workflow-executions/workflow-execution-history.component.spec.ts" name="WorkflowExecutionHistoryComponent &gt; deletion &gt; onDelete removes the row and refreshes the pagination" time="0.183464208">
        </testcase>
        <testcase classname="src/app/dashboard/component/user/user-workflow/ngbd-modal-workflow-executions/workflow-execution-history.component.spec.ts" name="WorkflowExecutionHistoryComponent &gt; deletion &gt; onGroupDelete removes all selected rows and clears both selection sets" time="0.199002834">
        </testcase>
        <testcase classname="src/app/dashboard/component/user/user-workflow/ngbd-modal-workflow-executions/workflow-execution-history.component.spec.ts" name="WorkflowExecutionHistoryComponent &gt; deletion &gt; deleting the only row on page 2 moves back to page 1" time="0.213688958">
        </testcase>
        <testcase classname="src/app/dashboard/component/user/user-workflow/ngbd-modal-workflow-executions/workflow-execution-history.component.spec.ts" name="WorkflowExecutionHistoryComponent &gt; renaming &gt; skips the API call and just closes the editor when the name is unchanged" time="0.220158334">
        </testcase>
        <testcase classname="src/app/dashboard/component/user/user-workflow/ngbd-modal-workflow-executions/workflow-execution-history.component.spec.ts" name="WorkflowExecutionHistoryComponent &gt; renaming &gt; persists a changed name, updates all three lists, and resets the fuse collection" time="0.235532833">
        </testcase>
        <testcase classname="src/app/dashboard/component/user/user-workflow/ngbd-modal-workflow-executions/workflow-execution-history.component.spec.ts" name="WorkflowExecutionHistoryComponent &gt; renaming &gt; clears the editing flag even when the rename request errors" time="0.24709675">
        </testcase>
        <testcase classname="src/app/dashboard/component/user/user-workflow/ngbd-modal-workflow-executions/workflow-execution-history.component.spec.ts" name="WorkflowExecutionHistoryComponent &gt; searchExecution &gt; restores the full page when the search box is blank" time="0.194633875">
        </testcase>
        <testcase classname="src/app/dashboard/component/user/user-workflow/ngbd-modal-workflow-executions/workflow-execution-history.component.spec.ts" name="WorkflowExecutionHistoryComponent &gt; searchExecution &gt; translates status:running into a fuse $and query with the mapped code" time="0.148019416">
        </testcase>
        <testcase classname="src/app/dashboard/component/user/user-workflow/ngbd-modal-workflow-executions/workflow-execution-history.component.spec.ts" name="WorkflowExecutionHistoryComponent &gt; searchExecution &gt; combines multiple conditions into one $and query" time="0.198969417">
        </testcase>
        <testcase classname="src/app/dashboard/component/user/user-workflow/ngbd-modal-workflow-executions/workflow-execution-history.component.spec.ts" name="WorkflowExecutionHistoryComponent &gt; searchExecution &gt; treats a bare token as an execution-name search" time="0.155864875">
        </testcase>
        <testcase classname="src/app/dashboard/component/user/user-workflow/ngbd-modal-workflow-executions/workflow-execution-history.component.spec.ts" name="WorkflowExecutionHistoryComponent &gt; searchExecution &gt; rejects a malformed token with more than one colon" time="0.19611075">
        </testcase>
        <testcase classname="src/app/dashboard/component/user/user-workflow/ngbd-modal-workflow-executions/workflow-execution-history.component.spec.ts" name="WorkflowExecutionHistoryComponent &gt; searchExecution &gt; rejects an unknown search field" time="0.220643042">
        </testcase>
        <testcase classname="src/app/dashboard/component/user/user-workflow/ngbd-modal-workflow-executions/workflow-execution-history.component.spec.ts" name="WorkflowExecutionHistoryComponent &gt; searchExecution &gt; rejects a status value that is not a known execution status" time="0.235947792">
        </testcase>
        <testcase classname="src/app/dashboard/component/user/user-workflow/ngbd-modal-workflow-executions/workflow-execution-history.component.spec.ts" name="WorkflowExecutionHistoryComponent &gt; searchInputOnChange autocomplete &gt; suggests matching statuses with the field prefix preserved" time="0.2483395">
        </testcase>
        <testcase classname="src/app/dashboard/component/user/user-workflow/ngbd-modal-workflow-executions/workflow-execution-history.component.spec.ts" name="WorkflowExecutionHistoryComponent &gt; searchInputOnChange autocomplete &gt; suggests execution names for free text" time="0.195978042">
        </testcase>
        <testcase classname="src/app/dashboard/component/user/user-workflow/ngbd-modal-workflow-executions/workflow-execution-history.component.spec.ts" name="WorkflowExecutionHistoryComponent &gt; searchInputOnChange autocomplete &gt; deduplicates suggestions across rows with the same value" time="0.225339333">
        </testcase>
        <testcase classname="src/app/dashboard/component/user/user-workflow/ngbd-modal-workflow-executions/workflow-execution-history.component.spec.ts" name="WorkflowExecutionHistoryComponent &gt; runtime statistics modal &gt; fetches the stats then opens the runtime-statistics modal with them" time="0.228074417">
        </testcase>
        <testcase classname="src/app/dashboard/component/user/user-workflow/ngbd-modal-workflow-executions/workflow-execution-history.component.spec.ts" name="WorkflowExecutionHistoryComponent &gt; display helpers &gt; abbreviate cuts execution names at 20 characters and usernames at 5" time="0.247893459">
        </testcase>
        <testcase classname="src/app/dashboard/component/user/user-workflow/ngbd-modal-workflow-executions/workflow-execution-history.component.spec.ts" name="WorkflowExecutionHistoryComponent &gt; display helpers &gt; setAvatarColor returns a stable rgba color per user" time="0.214924583">
        </testcase>
        <testcase classname="src/app/dashboard/component/user/user-workflow/ngbd-modal-workflow-executions/workflow-execution-history.component.spec.ts" name="WorkflowExecutionHistoryComponent &gt; template rendering &gt; renders one table row per execution with its name and id" time="0.216608917">
        </testcase>
        <testcase classname="src/app/dashboard/component/user/user-workflow/ngbd-modal-workflow-executions/workflow-execution-history.component.spec.ts" name="WorkflowExecutionHistoryComponent &gt; template rendering &gt; colors the status icon from the status mapping" time="0.343607792">
        </testcase>
        <testcase classname="src/app/dashboard/component/user/user-workflow/ngbd-modal-workflow-executions/workflow-execution-history.component.spec.ts" name="WorkflowExecutionHistoryComponent &gt; template rendering &gt; swaps the name label for an input while the row is being renamed" time="0.301856792">
        </testcase>
        <testcase classname="src/app/dashboard/component/user/user-workflow/ngbd-modal-workflow-executions/workflow-execution-history.component.spec.ts" name="WorkflowExecutionHistoryComponent &gt; template rendering &gt; shows the group bookmark/delete actions only when rows are selected" time="0.261184709">
        </testcase>
        <testcase classname="src/app/dashboard/component/user/user-workflow/ngbd-modal-workflow-executions/workflow-execution-history.component.spec.ts" name="WorkflowExecutionHistoryComponent &gt; template-driven interactions &gt; searches from the rendered input when Enter is pressed in it" time="0.297204792">
        </testcase>
        <testcase classname="src/app/dashboard/component/user/user-workflow/ngbd-modal-workflow-executions/workflow-execution-history.component.spec.ts" name="WorkflowExecutionHistoryComponent &gt; template-driven interactions &gt; feeds the autocomplete as the rendered input changes" time="0.300973625">
        </testcase>
        <testcase classname="src/app/dashboard/component/user/user-workflow/ngbd-modal-workflow-executions/workflow-execution-history.component.spec.ts" name="WorkflowExecutionHistoryComponent &gt; template-driven interactions &gt; renders the search-criteria help once the instructions popover is opened" time="0.503620541">
        </testcase>
        <testcase classname="src/app/dashboard/component/user/user-workflow/ngbd-modal-workflow-executions/workflow-execution-history.component.spec.ts" name="WorkflowExecutionHistoryComponent &gt; template-driven interactions &gt; bookmarks the whole selection from the card&apos;s group action" time="0.408696708">
        </testcase>
        <testcase classname="src/app/dashboard/component/user/user-workflow/ngbd-modal-workflow-executions/workflow-execution-history.component.spec.ts" name="WorkflowExecutionHistoryComponent &gt; template-driven interactions &gt; deletes the whole selection when the group popconfirm is confirmed" time="0.302819084">
        </testcase>
        <testcase classname="src/app/dashboard/component/user/user-workflow/ngbd-modal-workflow-executions/workflow-execution-history.component.spec.ts" name="WorkflowExecutionHistoryComponent &gt; template-driven interactions &gt; re-slices the table when the paginator reports a new page index" time="0.406558833">
        </testcase>
        <testcase classname="src/app/dashboard/component/user/user-workflow/ngbd-modal-workflow-executions/workflow-execution-history.component.spec.ts" name="WorkflowExecutionHistoryComponent &gt; template-driven interactions &gt; selects and clears every row from the header checkbox" time="0.266647333">
        </testcase>
        <testcase classname="src/app/dashboard/component/user/user-workflow/ngbd-modal-workflow-executions/workflow-execution-history.component.spec.ts" name="WorkflowExecutionHistoryComponent &gt; template-driven interactions &gt; sorts descending from a header whose arrow points down" time="0.190409583">
        </testcase>
        <testcase classname="src/app/dashboard/component/user/user-workflow/ngbd-modal-workflow-executions/workflow-execution-history.component.spec.ts" name="WorkflowExecutionHistoryComponent &gt; template-driven interactions &gt; sorts ascending from a header whose arrow points up" time="0.245077833">
        </testcase>
        <testcase classname="src/app/dashboard/component/user/user-workflow/ngbd-modal-workflow-executions/workflow-execution-history.component.spec.ts" name="WorkflowExecutionHistoryComponent &gt; template-driven interactions &gt; adds and removes one row from the selection through its own checkbox" time="0.228377625">
        </testcase>
        <testcase classname="src/app/dashboard/component/user/user-workflow/ngbd-modal-workflow-executions/workflow-execution-history.component.spec.ts" name="WorkflowExecutionHistoryComponent &gt; template-driven interactions &gt; toggles one row&apos;s bookmark from its star icon" time="0.308925958">
        </testcase>
        <testcase classname="src/app/dashboard/component/user/user-workflow/ngbd-modal-workflow-executions/workflow-execution-history.component.spec.ts" name="WorkflowExecutionHistoryComponent &gt; template-driven interactions &gt; opens the rename editor from the pencil and persists the new name on focusout" time="0.52273825">
        </testcase>
        <testcase classname="src/app/dashboard/component/user/user-workflow/ngbd-modal-workflow-executions/workflow-execution-history.component.spec.ts" name="WorkflowExecutionHistoryComponent &gt; template-driven interactions &gt; persists the new name when Enter is pressed in the rename editor" time="0.251549916">
        </testcase>
        <testcase classname="src/app/dashboard/component/user/user-workflow/ngbd-modal-workflow-executions/workflow-execution-history.component.spec.ts" name="WorkflowExecutionHistoryComponent &gt; template-driven interactions &gt; opens the runtime-statistics modal from a row&apos;s chart button" time="0.388120791">
        </testcase>
        <testcase classname="src/app/dashboard/component/user/user-workflow/ngbd-modal-workflow-executions/workflow-execution-history.component.spec.ts" name="WorkflowExecutionHistoryComponent &gt; template-driven interactions &gt; deletes one row when its popconfirm is confirmed" time="0.431221625">
        </testcase>
    </testsuite>
    <testsuite name="src/app/dashboard/component/user/user-workflow/user-workflow-list-item/highlight-search-terms.pipe.spec.ts" timestamp="2026-09-01T22:49:41.850Z" hostname="dhcp-172-27-096-224.mobile.uci.edu" tests="6" failures="0" errors="0" skipped="0" time="0.00332825">
        <testcase classname="src/app/dashboard/component/user/user-workflow/user-workflow-list-item/highlight-search-terms.pipe.spec.ts" name="HighlightSearchTermsPipe &gt; returns an empty string when the value is undefined" time="0.001307417">
        </testcase>
        <testcase classname="src/app/dashboard/component/user/user-workflow/user-workflow-list-item/highlight-search-terms.pipe.spec.ts" name="HighlightSearchTermsPipe &gt; returns the value unchanged when there are no terms to highlight" time="0.000528709">
        </testcase>
        <testcase classname="src/app/dashboard/component/user/user-workflow/user-workflow-list-item/highlight-search-terms.pipe.spec.ts" name="HighlightSearchTermsPipe &gt; wraps a single matching token in a highlight span" time="0.000370334">
        </testcase>
        <testcase classname="src/app/dashboard/component/user/user-workflow/user-workflow-list-item/highlight-search-terms.pipe.spec.ts" name="HighlightSearchTermsPipe &gt; matches case-insensitively and preserves the original casing inside the span" time="0.000314042">
        </testcase>
        <testcase classname="src/app/dashboard/component/user/user-workflow/user-workflow-list-item/highlight-search-terms.pipe.spec.ts" name="HighlightSearchTermsPipe &gt; wraps every occurrence of a token (global flag)" time="0.000303833">
        </testcase>
        <testcase classname="src/app/dashboard/component/user/user-workflow/user-workflow-list-item/highlight-search-terms.pipe.spec.ts" name="HighlightSearchTermsPipe &gt; wraps each token independently when multiple terms are given" time="0.000327917">
        </testcase>
    </testsuite>
    <testsuite name="src/app/dashboard/component/user/user-workflow/user-workflow-list-item/user-workflow-list-item.component.spec.ts" timestamp="2026-09-01T22:49:41.851Z" hostname="dhcp-172-27-096-224.mobile.uci.edu" tests="29" failures="0" errors="0" skipped="0" time="1.425424">
        <testcase classname="src/app/dashboard/component/user/user-workflow/user-workflow-list-item/user-workflow-list-item.component.spec.ts" name="UserWorkflowListItemComponent &gt; should create" time="0.112125875">
        </testcase>
        <testcase classname="src/app/dashboard/component/user/user-workflow/user-workflow-list-item/user-workflow-list-item.component.spec.ts" name="UserWorkflowListItemComponent &gt; sends http request to backend to retrieve export json" time="0.072085333">
        </testcase>
        <testcase classname="src/app/dashboard/component/user/user-workflow/user-workflow-list-item/user-workflow-list-item.component.spec.ts" name="UserWorkflowListItemComponent &gt; adding a workflow description adds a description to the workflow" time="0.074696167">
            <system-err>
AssertionError: expected null to be truthy
    at /Users/karyzheng/dev/texera_workflow_to_py_3/frontend/src/app/dashboard/component/user/user-workflow/user-workflow-list-item/user-workflow-list-item.component.spec.ts:125:40
    at _ZoneDelegate.invoke (/Users/karyzheng/dev/texera_workflow_to_py_3/frontend/node_modules/zone.js/fesm2015/zone.js:398:28)
    at ProxyZoneSpec.onInvoke (/Users/karyzheng/dev/texera_workflow_to_py_3/frontend/node_modules/zone.js/fesm2015/zone-testing.js:2132:39)
    at _ZoneDelegate.invoke (/Users/karyzheng/dev/texera_workflow_to_py_3/frontend/node_modules/zone.js/fesm2015/zone.js:397:34)
    at ZoneImpl.run (/Users/karyzheng/dev/texera_workflow_to_py_3/frontend/node_modules/zone.js/fesm2015/zone.js:113:43)
    at /Users/karyzheng/dev/texera_workflow_to_py_3/frontend/node_modules/zone.js/fesm2015/zone.js:2537:40
    at _ZoneDelegate.invokeTask (/Users/karyzheng/dev/texera_workflow_to_py_3/frontend/node_modules/zone.js/fesm2015/zone.js:431:33)
    at ProxyZoneSpec.onInvokeTask (/Users/karyzheng/dev/texera_workflow_to_py_3/frontend/node_modules/zone.js/fesm2015/zone-testing.js:2163:39)
    at _ZoneDelegate.invokeTask (/Users/karyzheng/dev/texera_workflow_to_py_3/frontend/node_modules/zone.js/fesm2015/zone.js:430:38)
    at ZoneImpl.runTask (/Users/karyzheng/dev/texera_workflow_to_py_3/frontend/node_modules/zone.js/fesm2015/zone.js:161:47) {
  actual: null,
  expected: true,
  showDiff: true,
  operator: &apos;strictEqual&apos;
}

            </system-err>
        </testcase>
        <testcase classname="src/app/dashboard/component/user/user-workflow/user-workflow-list-item/user-workflow-list-item.component.spec.ts" name="UserWorkflowListItemComponent &gt; Editing a workflow description edits a description to the workflow" time="0.028703209">
            <system-err>
AssertionError: expected null to be truthy
    at /Users/karyzheng/dev/texera_workflow_to_py_3/frontend/src/app/dashboard/component/user/user-workflow/user-workflow-list-item/user-workflow-list-item.component.spec.ts:145:41
    at _ZoneDelegate.invoke (/Users/karyzheng/dev/texera_workflow_to_py_3/frontend/node_modules/zone.js/fesm2015/zone.js:398:28)
    at ProxyZoneSpec.onInvoke (/Users/karyzheng/dev/texera_workflow_to_py_3/frontend/node_modules/zone.js/fesm2015/zone-testing.js:2132:39)
    at _ZoneDelegate.invoke (/Users/karyzheng/dev/texera_workflow_to_py_3/frontend/node_modules/zone.js/fesm2015/zone.js:397:34)
    at ZoneImpl.run (/Users/karyzheng/dev/texera_workflow_to_py_3/frontend/node_modules/zone.js/fesm2015/zone.js:113:43)
    at /Users/karyzheng/dev/texera_workflow_to_py_3/frontend/node_modules/zone.js/fesm2015/zone.js:2537:40
    at _ZoneDelegate.invokeTask (/Users/karyzheng/dev/texera_workflow_to_py_3/frontend/node_modules/zone.js/fesm2015/zone.js:431:33)
    at ProxyZoneSpec.onInvokeTask (/Users/karyzheng/dev/texera_workflow_to_py_3/frontend/node_modules/zone.js/fesm2015/zone-testing.js:2163:39)
    at _ZoneDelegate.invokeTask (/Users/karyzheng/dev/texera_workflow_to_py_3/frontend/node_modules/zone.js/fesm2015/zone.js:430:38)
    at ZoneImpl.runTask (/Users/karyzheng/dev/texera_workflow_to_py_3/frontend/node_modules/zone.js/fesm2015/zone.js:161:47) {
  actual: null,
  expected: true,
  showDiff: true,
  operator: &apos;strictEqual&apos;
}

            </system-err>
        </testcase>
        <testcase classname="src/app/dashboard/component/user/user-workflow/user-workflow-list-item/user-workflow-list-item.component.spec.ts" name="UserWorkflowListItemComponent &gt; method coverage &gt; confirmUpdateWorkflowCustomName &gt; persists the new name, updates the workflow, and stops editing" time="0.044911042">
        </testcase>
        <testcase classname="src/app/dashboard/component/user/user-workflow/user-workflow-list-item/user-workflow-list-item.component.spec.ts" name="UserWorkflowListItemComponent &gt; method coverage &gt; confirmUpdateWorkflowCustomName &gt; falls back to the default name when the input is empty" time="0.049379791">
        </testcase>
        <testcase classname="src/app/dashboard/component/user/user-workflow/user-workflow-list-item/user-workflow-list-item.component.spec.ts" name="UserWorkflowListItemComponent &gt; method coverage &gt; confirmUpdateWorkflowCustomName &gt; is a no-op when the workflow has no id" time="0.045085625">
        </testcase>
        <testcase classname="src/app/dashboard/component/user/user-workflow/user-workflow-list-item/user-workflow-list-item.component.spec.ts" name="UserWorkflowListItemComponent &gt; method coverage &gt; confirmUpdateWorkflowCustomDescription &gt; persists the new description and stops editing" time="0.033664458">
        </testcase>
        <testcase classname="src/app/dashboard/component/user/user-workflow/user-workflow-list-item/user-workflow-list-item.component.spec.ts" name="UserWorkflowListItemComponent &gt; method coverage &gt; confirmUpdateWorkflowCustomDescription &gt; is a no-op when the workflow has no id" time="0.037693541">
        </testcase>
        <testcase classname="src/app/dashboard/component/user/user-workflow/user-workflow-list-item/user-workflow-list-item.component.spec.ts" name="UserWorkflowListItemComponent &gt; method coverage &gt; onClickGetWorkflowExecutions opens the execution-history modal for the workflow" time="0.020168333">
        </testcase>
        <testcase classname="src/app/dashboard/component/user/user-workflow/user-workflow-list-item/user-workflow-list-item.component.spec.ts" name="UserWorkflowListItemComponent &gt; method coverage &gt; onClickDownloadWorkfllow &gt; delegates to the download service with the workflow id and name" time="0.022224042">
        </testcase>
        <testcase classname="src/app/dashboard/component/user/user-workflow/user-workflow-list-item/user-workflow-list-item.component.spec.ts" name="UserWorkflowListItemComponent &gt; method coverage &gt; onClickDownloadWorkfllow &gt; does nothing when the workflow has no id" time="0.024479">
        </testcase>
        <testcase classname="src/app/dashboard/component/user/user-workflow/user-workflow-list-item/user-workflow-list-item.component.spec.ts" name="UserWorkflowListItemComponent &gt; method coverage &gt; opens the share modal for this row&apos;s workflow, carrying its write access and the owner list" time="0.01891875">
        </testcase>
        <testcase classname="src/app/dashboard/component/user/user-workflow/user-workflow-list-item/user-workflow-list-item.component.spec.ts" name="UserWorkflowListItemComponent &gt; method coverage &gt; marks the share modal read-only for a row the viewer can only read" time="0.041970667">
        </testcase>
        <testcase classname="src/app/dashboard/component/user/user-workflow/user-workflow-list-item/user-workflow-list-item.component.spec.ts" name="UserWorkflowListItemComponent &gt; method coverage &gt; mis-wired inputs &gt; refuses to read the entry before one has been provided" time="0.010453208">
        </testcase>
        <testcase classname="src/app/dashboard/component/user/user-workflow/user-workflow-list-item/user-workflow-list-item.component.spec.ts" name="UserWorkflowListItemComponent &gt; method coverage &gt; mis-wired inputs &gt; refuses to read a workflow off an entry that carries no workflow payload" time="0.017350584">
        </testcase>
        <testcase classname="src/app/dashboard/component/user/user-workflow/user-workflow-list-item/user-workflow-list-item.component.spec.ts" name="UserWorkflowListItemComponent rendering &gt; renaming &gt; forwards the text that was typed, not the name it started with" time="0.036502125">
        </testcase>
        <testcase classname="src/app/dashboard/component/user/user-workflow/user-workflow-list-item/user-workflow-list-item.component.spec.ts" name="UserWorkflowListItemComponent rendering &gt; inline description editing &gt; opens for a viewer who may edit" time="0.030062541">
        </testcase>
        <testcase classname="src/app/dashboard/component/user/user-workflow/user-workflow-list-item/user-workflow-list-item.component.spec.ts" name="UserWorkflowListItemComponent rendering &gt; inline description editing &gt; stays shut for a read-only viewer" time="0.032646458">
        </testcase>
        <testcase classname="src/app/dashboard/component/user/user-workflow/user-workflow-list-item/user-workflow-list-item.component.spec.ts" name="UserWorkflowListItemComponent rendering &gt; ownership &gt; tells a non-owner what access they have and who shared it" time="0.097391709">
        </testcase>
        <testcase classname="src/app/dashboard/component/user/user-workflow/user-workflow-list-item/user-workflow-list-item.component.spec.ts" name="UserWorkflowListItemComponent rendering &gt; ownership &gt; shows no shared-access marker to the owner" time="0.120460542">
        </testcase>
        <testcase classname="src/app/dashboard/component/user/user-workflow/user-workflow-list-item/user-workflow-list-item.component.spec.ts" name="UserWorkflowListItemComponent rendering &gt; ownership &gt; disables deleting a workflow the viewer does not own" time="0.074014167">
        </testcase>
        <testcase classname="src/app/dashboard/component/user/user-workflow/user-workflow-list-item/user-workflow-list-item.component.spec.ts" name="UserWorkflowListItemComponent rendering &gt; row actions &gt; withholds the executions action while execution tracking is off" time="0.026124459">
        </testcase>
        <testcase classname="src/app/dashboard/component/user/user-workflow/user-workflow-list-item/user-workflow-list-item.component.spec.ts" name="UserWorkflowListItemComponent rendering &gt; row actions &gt; offers the executions action once execution tracking is on" time="0.056664959">
        </testcase>
        <testcase classname="src/app/dashboard/component/user/user-workflow/user-workflow-list-item/user-workflow-list-item.component.spec.ts" name="UserWorkflowListItemComponent rendering &gt; row actions &gt; keeps duplicate and delete on their own outputs" time="0.057851542">
        </testcase>
        <testcase classname="src/app/dashboard/component/user/user-workflow/user-workflow-list-item/user-workflow-list-item.component.spec.ts" name="UserWorkflowListItemComponent rendering &gt; row actions &gt; opens the executions modal from the history action" time="0.049141791">
        </testcase>
        <testcase classname="src/app/dashboard/component/user/user-workflow/user-workflow-list-item/user-workflow-list-item.component.spec.ts" name="UserWorkflowListItemComponent rendering &gt; inline name and description editors &gt; puts name editing behind the pencil and description editing behind the plus" time="0.079624125">
        </testcase>
        <testcase classname="src/app/dashboard/component/user/user-workflow/user-workflow-list-item/user-workflow-list-item.component.spec.ts" name="UserWorkflowListItemComponent rendering &gt; selection checkbox &gt; indents the avatar only when the checkbox is absent" time="0.044998625">
        </testcase>
        <testcase classname="src/app/dashboard/component/user/user-workflow/user-workflow-list-item/user-workflow-list-item.component.spec.ts" name="UserWorkflowListItemComponent rendering &gt; selection checkbox &gt; records the selection on the entry" time="0.064734458">
        </testcase>
    </testsuite>
    <testsuite name="src/app/workspace/component/agent/agent-panel/agent-chat/agent-chat.component.spec.ts" timestamp="2026-09-01T22:49:41.852Z" hostname="dhcp-172-27-096-224.mobile.uci.edu" tests="58" failures="0" errors="0" skipped="0" time="2.356274834">
        <testcase classname="src/app/workspace/component/agent/agent-panel/agent-chat/agent-chat.component.spec.ts" name="AgentChatComponent &gt; ngOnInit workflow polling &gt; ensures workflow polling when the agent delegate carries a workflowId" time="0.017339291">
        </testcase>
        <testcase classname="src/app/workspace/component/agent/agent-panel/agent-chat/agent-chat.component.spec.ts" name="AgentChatComponent &gt; ngOnInit workflow polling &gt; does not start polling when there is no delegate" time="0.025169958">
        </testcase>
        <testcase classname="src/app/workspace/component/agent/agent-panel/agent-chat/agent-chat.component.spec.ts" name="AgentChatComponent &gt; auto-persist toggling on state transitions &gt; disables persistence when generation starts and re-enables when it finishes" time="0.015326125">
        </testcase>
        <testcase classname="src/app/workspace/component/agent/agent-panel/agent-chat/agent-chat.component.spec.ts" name="AgentChatComponent &gt; auto-persist toggling on state transitions &gt; re-enables persistence when STOPPING resolves to AVAILABLE" time="0.028131083">
        </testcase>
        <testcase classname="src/app/workspace/component/agent/agent-panel/agent-chat/agent-chat.component.spec.ts" name="AgentChatComponent &gt; auto-persist toggling on state transitions &gt; re-enables persistence on destroy if it was left disabled" time="0.0407015">
        </testcase>
        <testcase classname="src/app/workspace/component/agent/agent-panel/agent-chat/agent-chat.component.spec.ts" name="AgentChatComponent &gt; auto-persist toggling on state transitions &gt; does not touch the flag on destroy when it was never disabled" time="0.014812959">
        </testcase>
        <testcase classname="src/app/workspace/component/agent/agent-panel/agent-chat/agent-chat.component.spec.ts" name="AgentChatComponent &gt; step subscription and hovered-message tracking &gt; auto-advances the hover highlight to the latest step on new emissions" time="0.052703583">
        </testcase>
        <testcase classname="src/app/workspace/component/agent/agent-panel/agent-chat/agent-chat.component.spec.ts" name="AgentChatComponent &gt; step subscription and hovered-message tracking &gt; keeps a manually hovered non-latest step across the next emission" time="0.026785417">
        </testcase>
        <testcase classname="src/app/workspace/component/agent/agent-panel/agent-chat/agent-chat.component.spec.ts" name="AgentChatComponent &gt; step subscription and hovered-message tracking &gt; advances a hover that was sitting on the previous latest step" time="0.02943225">
        </testcase>
        <testcase classname="src/app/workspace/component/agent/agent-panel/agent-chat/agent-chat.component.spec.ts" name="AgentChatComponent &gt; step subscription and hovered-message tracking &gt; reverts to the latest step when unhovered (null)" time="0.018560375">
        </testcase>
        <testcase classname="src/app/workspace/component/agent/agent-panel/agent-chat/agent-chat.component.spec.ts" name="AgentChatComponent &gt; HEAD-path filtering of visible steps &gt; shows only the root-to-HEAD ancestor chain when a HEAD is set" time="0.038557875">
        </testcase>
        <testcase classname="src/app/workspace/component/agent/agent-panel/agent-chat/agent-chat.component.spec.ts" name="AgentChatComponent &gt; workflow reload while the tab is active &gt; reloads on activation, deduplicates identical content, and stops when deactivated" time="0.081717375">
        </testcase>
        <testcase classname="src/app/workspace/component/agent/agent-panel/agent-chat/agent-chat.component.spec.ts" name="AgentChatComponent &gt; sendMessage / onEnterPress &gt; ignores whitespace-only input" time="0.060195">
        </testcase>
        <testcase classname="src/app/workspace/component/agent/agent-panel/agent-chat/agent-chat.component.spec.ts" name="AgentChatComponent &gt; sendMessage / onEnterPress &gt; does not send while the agent is not AVAILABLE" time="0.0507785">
        </testcase>
        <testcase classname="src/app/workspace/component/agent/agent-panel/agent-chat/agent-chat.component.spec.ts" name="AgentChatComponent &gt; sendMessage / onEnterPress &gt; sends the trimmed text and clears the input" time="0.028388917">
        </testcase>
        <testcase classname="src/app/workspace/component/agent/agent-panel/agent-chat/agent-chat.component.spec.ts" name="AgentChatComponent &gt; sendMessage / onEnterPress &gt; Enter sends the message and prevents the default newline" time="0.031253125">
        </testcase>
        <testcase classname="src/app/workspace/component/agent/agent-panel/agent-chat/agent-chat.component.spec.ts" name="AgentChatComponent &gt; sendMessage / onEnterPress &gt; Shift+Enter inserts a newline instead of sending" time="0.058056208">
        </testcase>
        <testcase classname="src/app/workspace/component/agent/agent-panel/agent-chat/agent-chat.component.spec.ts" name="AgentChatComponent &gt; state display helpers &gt; maps Available to icon &quot;check-circle&quot;, color &quot;#52c41a&quot; and its tooltip" time="0.025348708">
        </testcase>
        <testcase classname="src/app/workspace/component/agent/agent-panel/agent-chat/agent-chat.component.spec.ts" name="AgentChatComponent &gt; state display helpers &gt; maps Generating to icon &quot;sync&quot;, color &quot;#1890ff&quot; and its tooltip" time="0.090845584">
        </testcase>
        <testcase classname="src/app/workspace/component/agent/agent-panel/agent-chat/agent-chat.component.spec.ts" name="AgentChatComponent &gt; state display helpers &gt; maps Stopping to icon &quot;sync&quot;, color &quot;#1890ff&quot; and its tooltip" time="0.035615542">
        </testcase>
        <testcase classname="src/app/workspace/component/agent/agent-panel/agent-chat/agent-chat.component.spec.ts" name="AgentChatComponent &gt; state display helpers &gt; maps Unavailable to icon &quot;close-circle&quot;, color &quot;#ff4d4f&quot; and its tooltip" time="0.021551">
        </testcase>
        <testcase classname="src/app/workspace/component/agent/agent-panel/agent-chat/agent-chat.component.spec.ts" name="AgentChatComponent &gt; state display helpers &gt; reports the per-state boolean flags" time="0.0249165">
        </testcase>
        <testcase classname="src/app/workspace/component/agent/agent-panel/agent-chat/agent-chat.component.spec.ts" name="AgentChatComponent &gt; state display helpers &gt; falls back to the unknown-status tooltip for an unrecognized state" time="0.012857">
        </testcase>
        <testcase classname="src/app/workspace/component/agent/agent-panel/agent-chat/agent-chat.component.spec.ts" name="AgentChatComponent &gt; tool result and operator-access helpers &gt; prefers output, then result, then the raw entry" time="0.012110417">
        </testcase>
        <testcase classname="src/app/workspace/component/agent/agent-panel/agent-chat/agent-chat.component.spec.ts" name="AgentChatComponent &gt; tool result and operator-access helpers &gt; returns null for missing tool results or an out-of-range index" time="0.014777416">
        </testcase>
        <testcase classname="src/app/workspace/component/agent/agent-panel/agent-chat/agent-chat.component.spec.ts" name="AgentChatComponent &gt; tool result and operator-access helpers &gt; resolves per-tool-call operator access from the map" time="0.027196459">
        </testcase>
        <testcase classname="src/app/workspace/component/agent/agent-panel/agent-chat/agent-chat.component.spec.ts" name="AgentChatComponent &gt; tool result and operator-access helpers &gt; reports no operator access for a missing or empty map" time="0.013050583">
        </testcase>
        <testcase classname="src/app/workspace/component/agent/agent-panel/agent-chat/agent-chat.component.spec.ts" name="AgentChatComponent &gt; showSystemInfo / refreshSystemInfo &gt; populates prompt and tools, applies default settings, and sorts operator types" time="0.14350275">
        </testcase>
        <testcase classname="src/app/workspace/component/agent/agent-panel/agent-chat/agent-chat.component.spec.ts" name="AgentChatComponent &gt; showSystemInfo / refreshSystemInfo &gt; applies explicit settings values from the server" time="0.065459667">
        </testcase>
        <testcase classname="src/app/workspace/component/agent/agent-panel/agent-chat/agent-chat.component.spec.ts" name="AgentChatComponent &gt; showSystemInfo / refreshSystemInfo &gt; closeSystemInfoModal hides the modal" time="0.015089208">
        </testcase>
        <testcase classname="src/app/workspace/component/agent/agent-panel/agent-chat/agent-chat.component.spec.ts" name="AgentChatComponent &gt; settings save methods &gt; saveMaxCharLimit sends only { maxOperatorResultCharLimit } and toasts &quot;Max character limit saved&quot;" time="0.017876875">
        </testcase>
        <testcase classname="src/app/workspace/component/agent/agent-panel/agent-chat/agent-chat.component.spec.ts" name="AgentChatComponent &gt; settings save methods &gt; saveMaxCellCharLimit sends only { maxOperatorResultCellCharLimit } and toasts &quot;Max cell character limit saved&quot;" time="0.010374917">
        </testcase>
        <testcase classname="src/app/workspace/component/agent/agent-panel/agent-chat/agent-chat.component.spec.ts" name="AgentChatComponent &gt; settings save methods &gt; saveToolTimeout sends only { toolTimeoutSeconds } and toasts &quot;Tool timeout saved&quot;" time="0.043425167">
        </testcase>
        <testcase classname="src/app/workspace/component/agent/agent-panel/agent-chat/agent-chat.component.spec.ts" name="AgentChatComponent &gt; settings save methods &gt; saveExecutionTimeout sends only { executionTimeoutMinutes } and toasts &quot;Execution timeout saved&quot;" time="0.015910542">
        </testcase>
        <testcase classname="src/app/workspace/component/agent/agent-panel/agent-chat/agent-chat.component.spec.ts" name="AgentChatComponent &gt; settings save methods &gt; saveMaxSteps sends only { maxSteps } and toasts &quot;Max steps saved&quot;" time="0.020429375">
        </testcase>
        <testcase classname="src/app/workspace/component/agent/agent-panel/agent-chat/agent-chat.component.spec.ts" name="AgentChatComponent &gt; settings save methods &gt; stays silent when the settings update errors (service already notified)" time="0.045838042">
        </testcase>
        <testcase classname="src/app/workspace/component/agent/agent-panel/agent-chat/agent-chat.component.spec.ts" name="AgentChatComponent &gt; operator type selection &gt; toggling on adds without duplicates and saves; toggling off removes" time="0.0412845">
        </testcase>
        <testcase classname="src/app/workspace/component/agent/agent-panel/agent-chat/agent-chat.component.spec.ts" name="AgentChatComponent &gt; operator type selection &gt; enableAllOperatorTypes selects every known type; deselectAllOperatorTypes clears" time="0.019681667">
        </testcase>
        <testcase classname="src/app/workspace/component/agent/agent-panel/agent-chat/agent-chat.component.spec.ts" name="AgentChatComponent &gt; operator type selection &gt; filters operator types by type or description, case-insensitively" time="0.020894125">
        </testcase>
        <testcase classname="src/app/workspace/component/agent/agent-panel/agent-chat/agent-chat.component.spec.ts" name="AgentChatComponent &gt; exportReActSteps &gt; warns and skips the fetch when there is nothing to export" time="0.031291542">
        </testcase>
        <testcase classname="src/app/workspace/component/agent/agent-panel/agent-chat/agent-chat.component.spec.ts" name="AgentChatComponent &gt; exportReActSteps &gt; downloads fetched steps as JSON with operatorAccess flattened to a plain object" time="0.039923458">
        </testcase>
        <testcase classname="src/app/workspace/component/agent/agent-panel/agent-chat/agent-chat.component.spec.ts" name="AgentChatComponent &gt; exportReActSteps &gt; shows an error toast when the fetch fails" time="0.024233917">
        </testcase>
        <testcase classname="src/app/workspace/component/agent/agent-panel/agent-chat/agent-chat.component.spec.ts" name="AgentChatComponent &gt; scroll-to-step requests &gt; scrolls to and highlights the requested step of this agent" time="0.022345625">
        </testcase>
        <testcase classname="src/app/workspace/component/agent/agent-panel/agent-chat/agent-chat.component.spec.ts" name="AgentChatComponent &gt; scroll-to-step requests &gt; ignores scroll requests addressed to other agents" time="0.013250417">
        </testcase>
        <testcase classname="src/app/workspace/component/agent/agent-panel/agent-chat/agent-chat.component.spec.ts" name="AgentChatComponent &gt; template rendering &gt; renders user and agent message bubbles with roles, content and tool summary" time="0.025800875">
        </testcase>
        <testcase classname="src/app/workspace/component/agent/agent-panel/agent-chat/agent-chat.component.spec.ts" name="AgentChatComponent &gt; template rendering &gt; pluralises the tool-call summary and opens the details modal from the hover button" time="0.09069175">
        </testcase>
        <testcase classname="src/app/workspace/component/agent/agent-panel/agent-chat/agent-chat.component.spec.ts" name="AgentChatComponent &gt; template rendering &gt; closing the step-detail modal clears the flag through its two-way binding" time="0.043621416">
        </testcase>
        <testcase classname="src/app/workspace/component/agent/agent-panel/agent-chat/agent-chat.component.spec.ts" name="AgentChatComponent &gt; template rendering &gt; mirrors typed text into currentMessage through the textarea&apos;s ngModel binding" time="0.037843083">
        </testcase>
        <testcase classname="src/app/workspace/component/agent/agent-panel/agent-chat/agent-chat.component.spec.ts" name="AgentChatComponent &gt; template rendering &gt; shows the thinking spinner and stop button while generating" time="0.030823708">
        </testcase>
        <testcase classname="src/app/workspace/component/agent/agent-panel/agent-chat/agent-chat.component.spec.ts" name="AgentChatComponent &gt; template rendering &gt; shows the stopping indicator while the agent stops" time="0.038908583">
        </testcase>
        <testcase classname="src/app/workspace/component/agent/agent-panel/agent-chat/agent-chat.component.spec.ts" name="AgentChatComponent &gt; template rendering &gt; shows the disconnected banner and hides the clear button when unavailable" time="0.013647125">
        </testcase>
        <testcase classname="src/app/workspace/component/agent/agent-panel/agent-chat/agent-chat.component.spec.ts" name="AgentChatComponent &gt; template rendering &gt; disables the send button until there is input and the agent is available" time="0.019533791">
        </testcase>
        <testcase classname="src/app/workspace/component/agent/agent-panel/agent-chat/agent-chat.component.spec.ts" name="AgentChatComponent &gt; template rendering &gt; clear button delegates to the service" time="0.015203792">
        </testcase>
        <testcase classname="src/app/workspace/component/agent/agent-panel/agent-chat/agent-chat.component.spec.ts" name="AgentChatComponent &gt; template rendering &gt; system-info modal &gt; opens from the toolbar info button and renders all four tab headers" time="0.097375333">
        </testcase>
        <testcase classname="src/app/workspace/component/agent/agent-panel/agent-chat/agent-chat.component.spec.ts" name="AgentChatComponent &gt; template rendering &gt; system-info modal &gt; renders the tools list, parameter inputs, and sorted operator toggles per tab" time="0.120771">
        </testcase>
        <testcase classname="src/app/workspace/component/agent/agent-panel/agent-chat/agent-chat.component.spec.ts" name="AgentChatComponent &gt; template rendering &gt; system-info modal &gt; edits and saves every parameter from the Parameters tab" time="0.06945025">
        </testcase>
        <testcase classname="src/app/workspace/component/agent/agent-panel/agent-chat/agent-chat.component.spec.ts" name="AgentChatComponent &gt; template rendering &gt; system-info modal &gt; toggles, bulk-selects and searches operator types from the Operators tab" time="0.144947209">
        </testcase>
        <testcase classname="src/app/workspace/component/agent/agent-panel/agent-chat/agent-chat.component.spec.ts" name="AgentChatComponent &gt; template rendering &gt; system-info modal &gt; clears the modal flag when nz-modal reports that it closed" time="0.119000042">
        </testcase>
    </testsuite>
    <testsuite name="src/app/workspace/component/agent/agent-panel/agent-registration/agent-registration.component.spec.ts" timestamp="2026-09-01T22:49:41.855Z" hostname="dhcp-172-27-096-224.mobile.uci.edu" tests="19" failures="0" errors="0" skipped="0" time="0.401805667">
        <testcase classname="src/app/workspace/component/agent/agent-panel/agent-registration/agent-registration.component.spec.ts" name="AgentRegistrationComponent &gt; should create and default customAgentName to &apos;Texera Agent&apos;" time="0.021698792">
        </testcase>
        <testcase classname="src/app/workspace/component/agent/agent-panel/agent-registration/agent-registration.component.spec.ts" name="AgentRegistrationComponent &gt; ngOnInit &gt; loads the fetched model types and clears the loading flag" time="0.017500459">
        </testcase>
        <testcase classname="src/app/workspace/component/agent/agent-panel/agent-registration/agent-registration.component.spec.ts" name="AgentRegistrationComponent &gt; ngOnInit &gt; flags an error and notifies when no models are returned" time="0.019974583">
        </testcase>
        <testcase classname="src/app/workspace/component/agent/agent-panel/agent-registration/agent-registration.component.spec.ts" name="AgentRegistrationComponent &gt; ngOnInit &gt; flags an error and notifies when fetching models fails" time="0.012642625">
        </testcase>
        <testcase classname="src/app/workspace/component/agent/agent-panel/agent-registration/agent-registration.component.spec.ts" name="AgentRegistrationComponent &gt; ngOnInit &gt; stringifies a rejection that is not an Error into the same message" time="0.036027166">
        </testcase>
        <testcase classname="src/app/workspace/component/agent/agent-panel/agent-registration/agent-registration.component.spec.ts" name="AgentRegistrationComponent &gt; ngOnInit &gt; marks the computing unit connected only when the status is Running" time="0.016079">
        </testcase>
        <testcase classname="src/app/workspace/component/agent/agent-panel/agent-registration/agent-registration.component.spec.ts" name="AgentRegistrationComponent &gt; ngOnInit &gt; marks the computing unit disconnected for a non-Running status" time="0.022758375">
        </testcase>
        <testcase classname="src/app/workspace/component/agent/agent-panel/agent-registration/agent-registration.component.spec.ts" name="AgentRegistrationComponent &gt; selectModelType &gt; updates the selected model type" time="0.00726925">
        </testcase>
        <testcase classname="src/app/workspace/component/agent/agent-panel/agent-registration/agent-registration.component.spec.ts" name="AgentRegistrationComponent &gt; createAgent &gt; emits agentCreated with the new id and resets the form on success" time="0.011078125">
        </testcase>
        <testcase classname="src/app/workspace/component/agent/agent-panel/agent-registration/agent-registration.component.spec.ts" name="AgentRegistrationComponent &gt; createAgent &gt; passes undefined as the name when customAgentName is blank" time="0.005250417">
        </testcase>
        <testcase classname="src/app/workspace/component/agent/agent-panel/agent-registration/agent-registration.component.spec.ts" name="AgentRegistrationComponent &gt; createAgent &gt; does nothing when no model type is selected" time="0.012297459">
        </testcase>
        <testcase classname="src/app/workspace/component/agent/agent-panel/agent-registration/agent-registration.component.spec.ts" name="AgentRegistrationComponent &gt; createAgent &gt; does nothing when a creation is already in progress" time="0.031919625">
        </testcase>
        <testcase classname="src/app/workspace/component/agent/agent-panel/agent-registration/agent-registration.component.spec.ts" name="AgentRegistrationComponent &gt; createAgent &gt; notifies and clears isCreating when creation fails" time="0.009418">
        </testcase>
        <testcase classname="src/app/workspace/component/agent/agent-panel/agent-registration/agent-registration.component.spec.ts" name="AgentRegistrationComponent &gt; canCreate &gt; is true only with a selected model, an idle form, and a connected computing unit" time="0.007735083">
        </testcase>
        <testcase classname="src/app/workspace/component/agent/agent-panel/agent-registration/agent-registration.component.spec.ts" name="AgentRegistrationComponent &gt; template rendering &gt; renders the spinner and its caption while the models are loading" time="0.019142458">
        </testcase>
        <testcase classname="src/app/workspace/component/agent/agent-panel/agent-registration/agent-registration.component.spec.ts" name="AgentRegistrationComponent &gt; template rendering &gt; renders a card per model type and selects the clicked one" time="0.016834041">
        </testcase>
        <testcase classname="src/app/workspace/component/agent/agent-panel/agent-registration/agent-registration.component.spec.ts" name="AgentRegistrationComponent &gt; template rendering &gt; writes what the user types in the name box back into customAgentName" time="0.031890208">
        </testcase>
        <testcase classname="src/app/workspace/component/agent/agent-panel/agent-registration/agent-registration.component.spec.ts" name="AgentRegistrationComponent &gt; template rendering &gt; labels the submit button Creating... while a creation is in flight" time="0.053420167">
        </testcase>
        <testcase classname="src/app/workspace/component/agent/agent-panel/agent-registration/agent-registration.component.spec.ts" name="AgentRegistrationComponent &gt; template rendering &gt; keeps the submit button shut, and says why, until a model and a computing unit are both there" time="0.04812625">
        </testcase>
    </testsuite>
    <testsuite name="src/app/workspace/component/agent/agent-panel/react-step-detail-modal/react-step-detail-modal.component.spec.ts" timestamp="2026-09-01T22:49:41.856Z" hostname="dhcp-172-27-096-224.mobile.uci.edu" tests="27" failures="0" errors="0" skipped="0" time="0.321275833">
        <testcase classname="src/app/workspace/component/agent/agent-panel/react-step-detail-modal/react-step-detail-modal.component.spec.ts" name="ReActStepDetailModalComponent &gt; should create" time="0.00344925">
        </testcase>
        <testcase classname="src/app/workspace/component/agent/agent-panel/react-step-detail-modal/react-step-detail-modal.component.spec.ts" name="ReActStepDetailModalComponent &gt; closeModal &gt; hides the modal and emits the new visibility" time="0.003102334">
        </testcase>
        <testcase classname="src/app/workspace/component/agent/agent-panel/react-step-detail-modal/react-step-detail-modal.component.spec.ts" name="ReActStepDetailModalComponent &gt; formatResult / formatJson &gt; returns a string result unchanged" time="0.002825916">
        </testcase>
        <testcase classname="src/app/workspace/component/agent/agent-panel/react-step-detail-modal/react-step-detail-modal.component.spec.ts" name="ReActStepDetailModalComponent &gt; formatResult / formatJson &gt; pretty-prints an object result" time="0.00206275">
        </testcase>
        <testcase classname="src/app/workspace/component/agent/agent-panel/react-step-detail-modal/react-step-detail-modal.component.spec.ts" name="ReActStepDetailModalComponent &gt; formatResult / formatJson &gt; formatJson always pretty-prints" time="0.00128725">
        </testcase>
        <testcase classname="src/app/workspace/component/agent/agent-panel/react-step-detail-modal/react-step-detail-modal.component.spec.ts" name="ReActStepDetailModalComponent &gt; getToolResult &gt; returns null when there are no tool results" time="0.0011145">
        </testcase>
        <testcase classname="src/app/workspace/component/agent/agent-panel/react-step-detail-modal/react-step-detail-modal.component.spec.ts" name="ReActStepDetailModalComponent &gt; getToolResult &gt; returns null when the index is out of range" time="0.001045917">
        </testcase>
        <testcase classname="src/app/workspace/component/agent/agent-panel/react-step-detail-modal/react-step-detail-modal.component.spec.ts" name="ReActStepDetailModalComponent &gt; getToolResult &gt; prefers output, then result, then the raw entry" time="0.0011165">
        </testcase>
        <testcase classname="src/app/workspace/component/agent/agent-panel/react-step-detail-modal/react-step-detail-modal.component.spec.ts" name="ReActStepDetailModalComponent &gt; getToolOperatorAccess / hasOperatorAccess &gt; returns null when the step has no operator access" time="0.001066583">
        </testcase>
        <testcase classname="src/app/workspace/component/agent/agent-panel/react-step-detail-modal/react-step-detail-modal.component.spec.ts" name="ReActStepDetailModalComponent &gt; getToolOperatorAccess / hasOperatorAccess &gt; returns the access entry for a tool-call index" time="0.002949083">
        </testcase>
        <testcase classname="src/app/workspace/component/agent/agent-panel/react-step-detail-modal/react-step-detail-modal.component.spec.ts" name="ReActStepDetailModalComponent &gt; getToolOperatorAccess / hasOperatorAccess &gt; reports no access for an empty map" time="0.005357084">
        </testcase>
        <testcase classname="src/app/workspace/component/agent/agent-panel/react-step-detail-modal/react-step-detail-modal.component.spec.ts" name="ReActStepDetailModalComponent &gt; getMessageRoleColor &gt; maps known roles and falls back to default" time="0.002932333">
        </testcase>
        <testcase classname="src/app/workspace/component/agent/agent-panel/react-step-detail-modal/react-step-detail-modal.component.spec.ts" name="ReActStepDetailModalComponent &gt; getTextFromMessage &gt; returns empty string when there is no content" time="0.003486542">
        </testcase>
        <testcase classname="src/app/workspace/component/agent/agent-panel/react-step-detail-modal/react-step-detail-modal.component.spec.ts" name="ReActStepDetailModalComponent &gt; getTextFromMessage &gt; returns string content directly" time="0.004825875">
        </testcase>
        <testcase classname="src/app/workspace/component/agent/agent-panel/react-step-detail-modal/react-step-detail-modal.component.spec.ts" name="ReActStepDetailModalComponent &gt; getTextFromMessage &gt; joins the text parts of array content" time="0.001492417">
        </testcase>
        <testcase classname="src/app/workspace/component/agent/agent-panel/react-step-detail-modal/react-step-detail-modal.component.spec.ts" name="ReActStepDetailModalComponent &gt; getToolCallSummaries &gt; returns an empty array for non-array content" time="0.001239833">
        </testcase>
        <testcase classname="src/app/workspace/component/agent/agent-panel/react-step-detail-modal/react-step-detail-modal.component.spec.ts" name="ReActStepDetailModalComponent &gt; getToolCallSummaries &gt; summarizes tool-call parts and defaults the operatorId" time="0.001316459">
        </testcase>
        <testcase classname="src/app/workspace/component/agent/agent-panel/react-step-detail-modal/react-step-detail-modal.component.spec.ts" name="ReActStepDetailModalComponent &gt; getToolCallStrings (function-call formatting) &gt; renders tool calls as toolName(key=value, ...)" time="0.001666875">
        </testcase>
        <testcase classname="src/app/workspace/component/agent/agent-panel/react-step-detail-modal/react-step-detail-modal.component.spec.ts" name="ReActStepDetailModalComponent &gt; getToolCallStrings (function-call formatting) &gt; truncates long string and non-string argument values" time="0.005987375">
        </testcase>
        <testcase classname="src/app/workspace/component/agent/agent-panel/react-step-detail-modal/react-step-detail-modal.component.spec.ts" name="ReActStepDetailModalComponent &gt; getToolResultFullItems / getToolResultItems &gt; returns [] for non-array content" time="0.003752458">
        </testcase>
        <testcase classname="src/app/workspace/component/agent/agent-panel/react-step-detail-modal/react-step-detail-modal.component.spec.ts" name="ReActStepDetailModalComponent &gt; getToolResultFullItems / getToolResultItems &gt; resolves tool names, content, token count and the trimmed flag" time="0.001881541">
        </testcase>
        <testcase classname="src/app/workspace/component/agent/agent-panel/react-step-detail-modal/react-step-detail-modal.component.spec.ts" name="ReActStepDetailModalComponent &gt; getToolResultFullItems / getToolResultItems &gt; getToolResultItems returns name, token count and trimmed flag" time="0.0015335">
        </testcase>
        <testcase classname="src/app/workspace/component/agent/agent-panel/react-step-detail-modal/react-step-detail-modal.component.spec.ts" name="ReActStepDetailModalComponent &gt; template rendering &gt; renders identification, content, usage, input messages, tool calls and operator access for a maximal step" time="0.066318125">
        </testcase>
        <testcase classname="src/app/workspace/component/agent/agent-panel/react-step-detail-modal/react-step-detail-modal.component.spec.ts" name="ReActStepDetailModalComponent &gt; template rendering &gt; shows the empty-state message when every optional section is absent" time="0.024224834">
        </testcase>
        <testcase classname="src/app/workspace/component/agent/agent-panel/react-step-detail-modal/react-step-detail-modal.component.spec.ts" name="ReActStepDetailModalComponent &gt; template rendering &gt; hides the result and operator-access blocks without toolResults, and renders &apos;result&apos; via formatResult" time="0.138028417">
        </testcase>
        <testcase classname="src/app/workspace/component/agent/agent-panel/react-step-detail-modal/react-step-detail-modal.component.spec.ts" name="ReActStepDetailModalComponent &gt; template rendering &gt; emits visibleChange(false) and closes when the modal close button is clicked" time="0.029833791">
        </testcase>
        <testcase classname="src/app/workspace/component/agent/agent-panel/react-step-detail-modal/react-step-detail-modal.component.spec.ts" name="ReActStepDetailModalComponent &gt; template rendering &gt; renders no overlay content while hidden, and an empty body when visible without a step" time="0.006746">
        </testcase>
    </testsuite>
    <testsuite name="src/app/workspace/component/left-panel/operator-menu/operator-label/operator-label.component.spec.ts" timestamp="2026-09-01T22:49:41.857Z" hostname="dhcp-172-27-096-224.mobile.uci.edu" tests="5" failures="0" errors="0" skipped="0" time="0.035381708">
        <testcase classname="src/app/workspace/component/left-panel/operator-menu/operator-label/operator-label.component.spec.ts" name="OperatorLabelComponent &gt; should create" time="0.00791925">
        </testcase>
        <testcase classname="src/app/workspace/component/left-panel/operator-menu/operator-label/operator-label.component.spec.ts" name="OperatorLabelComponent &gt; should display operator user friendly name on the UI" time="0.007948041">
        </testcase>
        <testcase classname="src/app/workspace/component/left-panel/operator-menu/operator-label/operator-label.component.spec.ts" name="OperatorLabelComponent &gt; drag handling &gt; announces the dragged operator&apos;s type, not its display name" time="0.004631209">
        </testcase>
        <testcase classname="src/app/workspace/component/left-panel/operator-menu/operator-label/operator-label.component.spec.ts" name="OperatorLabelComponent &gt; drag handling &gt; refuses to start a drag while the workflow is read-only" time="0.009385959">
        </testcase>
        <testcase classname="src/app/workspace/component/left-panel/operator-menu/operator-label/operator-label.component.spec.ts" name="OperatorLabelComponent &gt; drag handling &gt; forwards the drop point of a completed drag" time="0.005259958">
        </testcase>
    </testsuite>
    <testsuite name="src/app/workspace/component/workflow-editor/context-menu/context-menu/context-menu.component.spec.ts" timestamp="2026-09-01T22:49:41.857Z" hostname="dhcp-172-27-096-224.mobile.uci.edu" tests="45" failures="0" errors="0" skipped="0" time="0.571596833">
        <testcase classname="src/app/workspace/component/workflow-editor/context-menu/context-menu/context-menu.component.spec.ts" name="ContextMenuComponent &gt; should create" time="0.014765166">
        </testcase>
        <testcase classname="src/app/workspace/component/workflow-editor/context-menu/context-menu/context-menu.component.spec.ts" name="ContextMenuComponent &gt; isSelectedOperatorValid &gt; should return false when multiple operators are highlighted" time="0.004781916">
        </testcase>
        <testcase classname="src/app/workspace/component/workflow-editor/context-menu/context-menu/context-menu.component.spec.ts" name="ContextMenuComponent &gt; isSelectedOperatorValid &gt; should return false when no operators are highlighted" time="0.012802792">
        </testcase>
        <testcase classname="src/app/workspace/component/workflow-editor/context-menu/context-menu/context-menu.component.spec.ts" name="ContextMenuComponent &gt; isSelectedOperatorValid &gt; should return false when workflow is not modifiable" time="0.020835666">
        </testcase>
        <testcase classname="src/app/workspace/component/workflow-editor/context-menu/context-menu/context-menu.component.spec.ts" name="ContextMenuComponent &gt; isSelectedOperatorValid &gt; should return true when single operator is highlighted, workflow is modifiable, and operator is valid" time="0.00977925">
        </testcase>
        <testcase classname="src/app/workspace/component/workflow-editor/context-menu/context-menu/context-menu.component.spec.ts" name="ContextMenuComponent &gt; isSelectedOperatorValid &gt; should return false when single operator is highlighted but operator is invalid" time="0.007396208">
        </testcase>
        <testcase classname="src/app/workspace/component/workflow-editor/context-menu/context-menu/context-menu.component.spec.ts" name="ContextMenuComponent &gt; canExecuteOperator &gt; should return false when multiple operators are highlighted" time="0.003724458">
        </testcase>
        <testcase classname="src/app/workspace/component/workflow-editor/context-menu/context-menu/context-menu.component.spec.ts" name="ContextMenuComponent &gt; canExecuteOperator &gt; should return false when no operators are highlighted" time="0.005489417">
        </testcase>
        <testcase classname="src/app/workspace/component/workflow-editor/context-menu/context-menu/context-menu.component.spec.ts" name="ContextMenuComponent &gt; canExecuteOperator &gt; should return false when workflow is not modifiable" time="0.007918291">
        </testcase>
        <testcase classname="src/app/workspace/component/workflow-editor/context-menu/context-menu/context-menu.component.spec.ts" name="ContextMenuComponent &gt; canExecuteOperator &gt; should return true when all conditions are met (valid, enabled, modifiable)" time="0.009823083">
        </testcase>
        <testcase classname="src/app/workspace/component/workflow-editor/context-menu/context-menu/context-menu.component.spec.ts" name="ContextMenuComponent &gt; canExecuteOperator &gt; should return false when operator is invalid and not check disabled status" time="0.007702458">
        </testcase>
        <testcase classname="src/app/workspace/component/workflow-editor/context-menu/context-menu/context-menu.component.spec.ts" name="ContextMenuComponent &gt; canExecuteOperator &gt; should return false when operator is valid but disabled" time="0.008754541">
        </testcase>
        <testcase classname="src/app/workspace/component/workflow-editor/context-menu/context-menu/context-menu.component.spec.ts" name="ContextMenuComponent &gt; canExecuteOperator &gt; should return false when the target operator failed to compile" time="0.013873458">
        </testcase>
        <testcase classname="src/app/workspace/component/workflow-editor/context-menu/context-menu/context-menu.component.spec.ts" name="ContextMenuComponent &gt; canExecuteOperator &gt; should return false when an upstream operator failed to compile" time="0.009261792">
        </testcase>
        <testcase classname="src/app/workspace/component/workflow-editor/context-menu/context-menu/context-menu.component.spec.ts" name="ContextMenuComponent &gt; canExecuteOperator &gt; should return true when the compilation error is outside the target&apos;s sub-DAG" time="0.005134">
        </testcase>
        <testcase classname="src/app/workspace/component/workflow-editor/context-menu/context-menu/context-menu.component.spec.ts" name="ContextMenuComponent &gt; canExecuteOperator &gt; should check disabled status only for valid operators" time="0.009012917">
        </testcase>
        <testcase classname="src/app/workspace/component/workflow-editor/context-menu/context-menu/context-menu.component.spec.ts" name="ContextMenuComponent &gt; onCopy / onPaste &gt; should delegate onCopy to OperatorMenuService.saveHighlightedElements" time="0.007157458">
        </testcase>
        <testcase classname="src/app/workspace/component/workflow-editor/context-menu/context-menu/context-menu.component.spec.ts" name="ContextMenuComponent &gt; onCopy / onPaste &gt; should delegate onPaste to OperatorMenuService.performPasteOperation" time="0.010191167">
        </testcase>
        <testcase classname="src/app/workspace/component/workflow-editor/context-menu/context-menu/context-menu.component.spec.ts" name="ContextMenuComponent &gt; onCut &gt; should copy the highlighted elements before deleting them" time="0.005551333">
        </testcase>
        <testcase classname="src/app/workspace/component/workflow-editor/context-menu/context-menu/context-menu.component.spec.ts" name="ContextMenuComponent &gt; hasHighlightedLinks &gt; should return false when no links are highlighted" time="0.003190125">
        </testcase>
        <testcase classname="src/app/workspace/component/workflow-editor/context-menu/context-menu/context-menu.component.spec.ts" name="ContextMenuComponent &gt; hasHighlightedLinks &gt; should return true when at least one link is highlighted" time="0.009801167">
        </testcase>
        <testcase classname="src/app/workspace/component/workflow-editor/context-menu/context-menu/context-menu.component.spec.ts" name="ContextMenuComponent &gt; onDelete &gt; should delete highlighted operators, standalone links, and comment boxes in one bundled action" time="0.006549833">
        </testcase>
        <testcase classname="src/app/workspace/component/workflow-editor/context-menu/context-menu/context-menu.component.spec.ts" name="ContextMenuComponent &gt; onDelete &gt; should perform every deletion inside the bundleActions callback" time="0.008222334">
        </testcase>
        <testcase classname="src/app/workspace/component/workflow-editor/context-menu/context-menu/context-menu.component.spec.ts" name="ContextMenuComponent &gt; onDelete &gt; should skip highlighted links that no longer exist in the graph" time="0.003867125">
        </testcase>
        <testcase classname="src/app/workspace/component/workflow-editor/context-menu/context-menu/context-menu.component.spec.ts" name="ContextMenuComponent &gt; onDelete &gt; should snapshot the highlighted IDs before deletion mutates the highlight state" time="0.003269584">
        </testcase>
        <testcase classname="src/app/workspace/component/workflow-editor/context-menu/context-menu/context-menu.component.spec.ts" name="ContextMenuComponent &gt; onClickExportHighlightedExecutionResult &gt; should open the result exportation modal with the workflow name and context-menu source" time="0.006330625">
        </testcase>
        <testcase classname="src/app/workspace/component/workflow-editor/context-menu/context-menu/context-menu.component.spec.ts" name="ContextMenuComponent &gt; highlight subscriptions &gt; should keep highlightedOperatorIds in sync with OperatorMenuService emissions" time="0.011608042">
        </testcase>
        <testcase classname="src/app/workspace/component/workflow-editor/context-menu/context-menu/context-menu.component.spec.ts" name="ContextMenuComponent &gt; highlight subscriptions &gt; should keep highlightedCommentBoxIds in sync with OperatorMenuService emissions" time="0.003752875">
        </testcase>
        <testcase classname="src/app/workspace/component/workflow-editor/context-menu/context-menu/context-menu.component.spec.ts" name="ContextMenuComponent &gt; menu item click bindings &gt; copy invokes onCopy" time="0.0355085">
        </testcase>
        <testcase classname="src/app/workspace/component/workflow-editor/context-menu/context-menu/context-menu.component.spec.ts" name="ContextMenuComponent &gt; menu item click bindings &gt; cut invokes onCut" time="0.053331708">
        </testcase>
        <testcase classname="src/app/workspace/component/workflow-editor/context-menu/context-menu/context-menu.component.spec.ts" name="ContextMenuComponent &gt; menu item click bindings &gt; paste invokes onPaste" time="0.014715584">
        </testcase>
        <testcase classname="src/app/workspace/component/workflow-editor/context-menu/context-menu/context-menu.component.spec.ts" name="ContextMenuComponent &gt; menu item click bindings &gt; disable invokes operatorMenuService.disableHighlightedOperators" time="0.043694667">
        </testcase>
        <testcase classname="src/app/workspace/component/workflow-editor/context-menu/context-menu/context-menu.component.spec.ts" name="ContextMenuComponent &gt; menu item click bindings &gt; enable invokes operatorMenuService.disableHighlightedOperators" time="0.006141458">
        </testcase>
        <testcase classname="src/app/workspace/component/workflow-editor/context-menu/context-menu/context-menu.component.spec.ts" name="ContextMenuComponent &gt; menu item click bindings &gt; view result invokes operatorMenuService.viewResultHighlightedOperators" time="0.013907583">
        </testcase>
        <testcase classname="src/app/workspace/component/workflow-editor/context-menu/context-menu/context-menu.component.spec.ts" name="ContextMenuComponent &gt; menu item click bindings &gt; remove view result invokes operatorMenuService.viewResultHighlightedOperators" time="0.010641541">
        </testcase>
        <testcase classname="src/app/workspace/component/workflow-editor/context-menu/context-menu/context-menu.component.spec.ts" name="ContextMenuComponent &gt; menu item click bindings &gt; renders the reuse result item (disabled) when marked for reuse" time="0.0089705">
        </testcase>
        <testcase classname="src/app/workspace/component/workflow-editor/context-menu/context-menu/context-menu.component.spec.ts" name="ContextMenuComponent &gt; menu item click bindings &gt; remove reusing result invokes operatorMenuService.reuseResultHighlightedOperator" time="0.019624166">
        </testcase>
        <testcase classname="src/app/workspace/component/workflow-editor/context-menu/context-menu/context-menu.component.spec.ts" name="ContextMenuComponent &gt; menu item click bindings &gt; delete invokes onDelete when operators are highlighted" time="0.01702475">
        </testcase>
        <testcase classname="src/app/workspace/component/workflow-editor/context-menu/context-menu/context-menu.component.spec.ts" name="ContextMenuComponent &gt; menu item click bindings &gt; delete invokes onDelete for a links-only selection" time="0.005383625">
        </testcase>
        <testcase classname="src/app/workspace/component/workflow-editor/context-menu/context-menu/context-menu.component.spec.ts" name="ContextMenuComponent &gt; menu item click bindings &gt; execute to this operator invokes executeUpToOperator" time="0.011329542">
        </testcase>
        <testcase classname="src/app/workspace/component/workflow-editor/context-menu/context-menu/context-menu.component.spec.ts" name="ContextMenuComponent &gt; menu item click bindings &gt; Export result invokes onClickExportHighlightedExecutionResult" time="0.009698125">
        </testcase>
        <testcase classname="src/app/workspace/component/workflow-editor/context-menu/context-menu/context-menu.component.spec.ts" name="ContextMenuComponent onDelete with real WorkflowActionService &gt; should delete a highlighted operator with its attached link without double-deleting the link" time="0.049312959">
        </testcase>
        <testcase classname="src/app/workspace/component/workflow-editor/context-menu/context-menu/context-menu.component.spec.ts" name="ContextMenuComponent onDelete with real WorkflowActionService &gt; should delete a standalone highlighted link and keep its endpoint operators" time="0.007037459">
        </testcase>
        <testcase classname="src/app/workspace/component/workflow-editor/context-menu/context-menu/context-menu.component.spec.ts" name="ContextMenuComponent onDelete with real WorkflowActionService &gt; should delete highlighted comment boxes" time="0.005484042">
        </testcase>
        <testcase classname="src/app/workspace/component/workflow-editor/context-menu/context-menu/context-menu.component.spec.ts" name="ContextMenuComponent onDelete with real WorkflowActionService &gt; should bundle the whole deletion into a single undo step" time="0.027964667">
        </testcase>
    </testsuite>
    <testsuite name="src/app/dashboard/component/user/user-dataset/user-dataset-explorer/user-dataset-contributor-editor/user-dataset-contributor-editor.component.spec.ts" timestamp="2026-09-01T22:49:41.859Z" hostname="dhcp-172-27-096-224.mobile.uci.edu" tests="6" failures="0" errors="0" skipped="0" time="0.1104135">
        <testcase classname="src/app/dashboard/component/user/user-dataset/user-dataset-explorer/user-dataset-contributor-editor/user-dataset-contributor-editor.component.spec.ts" name="UserDatasetContributorEditorComponent &gt; starts with an empty model when adding a new contributor" time="0.012599542">
        </testcase>
        <testcase classname="src/app/dashboard/component/user/user-dataset/user-dataset-explorer/user-dataset-contributor-editor/user-dataset-contributor-editor.component.spec.ts" name="UserDatasetContributorEditorComponent &gt; prefills the model from the modal data when editing" time="0.030954834">
        </testcase>
        <testcase classname="src/app/dashboard/component/user/user-dataset/user-dataset-explorer/user-dataset-contributor-editor/user-dataset-contributor-editor.component.spec.ts" name="UserDatasetContributorEditorComponent &gt; submit closes the modal with a copy of the model when the form is valid" time="0.012118708">
        </testcase>
        <testcase classname="src/app/dashboard/component/user/user-dataset/user-dataset-explorer/user-dataset-contributor-editor/user-dataset-contributor-editor.component.spec.ts" name="UserDatasetContributorEditorComponent &gt; submit does nothing when the email is invalid" time="0.0274665">
        </testcase>
        <testcase classname="src/app/dashboard/component/user/user-dataset/user-dataset-explorer/user-dataset-contributor-editor/user-dataset-contributor-editor.component.spec.ts" name="UserDatasetContributorEditorComponent &gt; submit does nothing when the required name is empty (invalid form)" time="0.004660625">
        </testcase>
        <testcase classname="src/app/dashboard/component/user/user-dataset/user-dataset-explorer/user-dataset-contributor-editor/user-dataset-contributor-editor.component.spec.ts" name="UserDatasetContributorEditorComponent &gt; cancel closes the modal without a value" time="0.022210041">
        </testcase>
    </testsuite>
    <testsuite name="src/app/dashboard/component/user/user-dataset/user-dataset-explorer/user-dataset-file-renderer/user-dataset-file-renderer.component.spec.ts" timestamp="2026-09-01T22:49:41.860Z" hostname="dhcp-172-27-096-224.mobile.uci.edu" tests="55" failures="0" errors="0" skipped="0" time="0.933301541">
        <testcase classname="src/app/dashboard/component/user/user-dataset/user-dataset-explorer/user-dataset-file-renderer/user-dataset-file-renderer.component.spec.ts" name="UserDatasetFileRendererComponent &gt; should return true for supported MIME type" time="0.007163459">
        </testcase>
        <testcase classname="src/app/dashboard/component/user/user-dataset/user-dataset-explorer/user-dataset-file-renderer/user-dataset-file-renderer.component.spec.ts" name="UserDatasetFileRendererComponent &gt; should return false for unsupported MIME type" time="0.002886417">
        </testcase>
        <testcase classname="src/app/dashboard/component/user/user-dataset/user-dataset-explorer/user-dataset-file-renderer/user-dataset-file-renderer.component.spec.ts" name="UserDatasetFileRendererComponent &gt; reloadFileContent &gt; flags an unsupported file type and does not hit the backend" time="0.00660125">
        </testcase>
        <testcase classname="src/app/dashboard/component/user/user-dataset/user-dataset-explorer/user-dataset-file-renderer/user-dataset-file-renderer.component.spec.ts" name="UserDatasetFileRendererComponent &gt; reloadFileContent &gt; flags an oversized file and does not hit the backend" time="0.0059735">
        </testcase>
        <testcase classname="src/app/dashboard/component/user/user-dataset/user-dataset-explorer/user-dataset-file-renderer/user-dataset-file-renderer.component.spec.ts" name="UserDatasetFileRendererComponent &gt; reloadFileContent &gt; retrieves a supported file and switches on the matching display" time="0.004796459">
        </testcase>
        <testcase classname="src/app/dashboard/component/user/user-dataset/user-dataset-explorer/user-dataset-file-renderer/user-dataset-file-renderer.component.spec.ts" name="UserDatasetFileRendererComponent &gt; reloadFileContent &gt; fetches from the model endpoint when the file belongs to a model" time="0.007501416">
        </testcase>
        <testcase classname="src/app/dashboard/component/user/user-dataset/user-dataset-explorer/user-dataset-file-renderer/user-dataset-file-renderer.component.spec.ts" name="UserDatasetFileRendererComponent &gt; reloadFileContent &gt; hits nothing for a kind that has no file preview" time="0.003175833">
        </testcase>
        <testcase classname="src/app/dashboard/component/user/user-dataset/user-dataset-explorer/user-dataset-file-renderer/user-dataset-file-renderer.component.spec.ts" name="UserDatasetFileRendererComponent &gt; error handlers &gt; onFileLoadingError sets the loading-error state and clears displays" time="0.004594875">
        </testcase>
        <testcase classname="src/app/dashboard/component/user/user-dataset/user-dataset-explorer/user-dataset-file-renderer/user-dataset-file-renderer.component.spec.ts" name="UserDatasetFileRendererComponent &gt; error handlers &gt; onFileSizeNotLoadable sets the size-unloadable state" time="0.0040995">
        </testcase>
        <testcase classname="src/app/dashboard/component/user/user-dataset/user-dataset-explorer/user-dataset-file-renderer/user-dataset-file-renderer.component.spec.ts" name="UserDatasetFileRendererComponent &gt; error handlers &gt; onFileTypePreviewUnsupported sets the unsupported-type state" time="0.005191875">
        </testcase>
        <testcase classname="src/app/dashboard/component/user/user-dataset/user-dataset-explorer/user-dataset-file-renderer/user-dataset-file-renderer.component.spec.ts" name="UserDatasetFileRendererComponent &gt; display toggles &gt; toggleImageModal flips showImageModal" time="0.006848542">
        </testcase>
        <testcase classname="src/app/dashboard/component/user/user-dataset/user-dataset-explorer/user-dataset-file-renderer/user-dataset-file-renderer.component.spec.ts" name="UserDatasetFileRendererComponent &gt; display toggles &gt; turnOffAllDisplay resets every display and error flag" time="0.002642542">
        </testcase>
        <testcase classname="src/app/dashboard/component/user/user-dataset/user-dataset-explorer/user-dataset-file-renderer/user-dataset-file-renderer.component.spec.ts" name="UserDatasetFileRendererComponent &gt; getMimeType &gt; maps known extensions to their MIME type" time="0.002698458">
        </testcase>
        <testcase classname="src/app/dashboard/component/user/user-dataset/user-dataset-explorer/user-dataset-file-renderer/user-dataset-file-renderer.component.spec.ts" name="UserDatasetFileRendererComponent &gt; getMimeType &gt; resolves the extension case-insensitively" time="0.002195">
        </testcase>
        <testcase classname="src/app/dashboard/component/user/user-dataset/user-dataset-explorer/user-dataset-file-renderer/user-dataset-file-renderer.component.spec.ts" name="UserDatasetFileRendererComponent &gt; getMimeType &gt; uses only the final extension for names with multiple dots" time="0.003354875">
        </testcase>
        <testcase classname="src/app/dashboard/component/user/user-dataset/user-dataset-explorer/user-dataset-file-renderer/user-dataset-file-renderer.component.spec.ts" name="UserDatasetFileRendererComponent &gt; getMimeType &gt; falls back to octet-stream for unknown extensions" time="0.003976417">
        </testcase>
        <testcase classname="src/app/dashboard/component/user/user-dataset/user-dataset-explorer/user-dataset-file-renderer/user-dataset-file-renderer.component.spec.ts" name="UserDatasetFileRendererComponent &gt; getMimeType &gt; falls back to octet-stream when there is no extension" time="0.007143083">
        </testcase>
        <testcase classname="src/app/dashboard/component/user/user-dataset/user-dataset-explorer/user-dataset-file-renderer/user-dataset-file-renderer.component.spec.ts" name="UserDatasetFileRendererComponent &gt; file content loading &gt; loadTabularFile sets the header, pads short rows to the header width, and keeps longer rows intact" time="0.004800667">
        </testcase>
        <testcase classname="src/app/dashboard/component/user/user-dataset/user-dataset-explorer/user-dataset-file-renderer/user-dataset-file-renderer.component.spec.ts" name="UserDatasetFileRendererComponent &gt; file content loading &gt; loadTabularFile leaves state unchanged for empty data" time="0.002454125">
        </testcase>
        <testcase classname="src/app/dashboard/component/user/user-dataset/user-dataset-explorer/user-dataset-file-renderer/user-dataset-file-renderer.component.spec.ts" name="UserDatasetFileRendererComponent &gt; file content loading &gt; readFileAsText reads the blob text into textContent" time="0.004568417">
        </testcase>
        <testcase classname="src/app/dashboard/component/user/user-dataset/user-dataset-explorer/user-dataset-file-renderer/user-dataset-file-renderer.component.spec.ts" name="UserDatasetFileRendererComponent &gt; ngOnChanges &gt; reloads when filePath changes" time="0.006486375">
        </testcase>
        <testcase classname="src/app/dashboard/component/user/user-dataset/user-dataset-explorer/user-dataset-file-renderer/user-dataset-file-renderer.component.spec.ts" name="UserDatasetFileRendererComponent &gt; ngOnChanges &gt; reloads when both resourceId and versionId change together" time="0.006311166">
        </testcase>
        <testcase classname="src/app/dashboard/component/user/user-dataset/user-dataset-explorer/user-dataset-file-renderer/user-dataset-file-renderer.component.spec.ts" name="UserDatasetFileRendererComponent &gt; ngOnChanges &gt; does not reload when only resourceId changes without versionId" time="0.005061167">
        </testcase>
        <testcase classname="src/app/dashboard/component/user/user-dataset/user-dataset-explorer/user-dataset-file-renderer/user-dataset-file-renderer.component.spec.ts" name="UserDatasetFileRendererComponent &gt; ngOnChanges &gt; does not reload for an unrelated input change" time="0.0052145">
        </testcase>
        <testcase classname="src/app/dashboard/component/user/user-dataset/user-dataset-explorer/user-dataset-file-renderer/user-dataset-file-renderer.component.spec.ts" name="UserDatasetFileRendererComponent &gt; ngOnDestroy &gt; revokes the object URL when one was created" time="0.008881333">
        </testcase>
        <testcase classname="src/app/dashboard/component/user/user-dataset/user-dataset-explorer/user-dataset-file-renderer/user-dataset-file-renderer.component.spec.ts" name="UserDatasetFileRendererComponent &gt; ngOnDestroy &gt; does nothing when no object URL exists" time="0.004866333">
        </testcase>
        <testcase classname="src/app/dashboard/component/user/user-dataset/user-dataset-explorer/user-dataset-file-renderer/user-dataset-file-renderer.component.spec.ts" name="UserDatasetFileRendererComponent &gt; turnOffAllDisplay URL cleanup &gt; revokes both the raw and the safe object URLs when present" time="0.006075917">
        </testcase>
        <testcase classname="src/app/dashboard/component/user/user-dataset/user-dataset-explorer/user-dataset-file-renderer/user-dataset-file-renderer.component.spec.ts" name="UserDatasetFileRendererComponent &gt; reloadFileContent viewer selection &gt; selects the image viewer and builds a safe URL for a PNG" time="0.00312375">
        </testcase>
        <testcase classname="src/app/dashboard/component/user/user-dataset/user-dataset-explorer/user-dataset-file-renderer/user-dataset-file-renderer.component.spec.ts" name="UserDatasetFileRendererComponent &gt; reloadFileContent viewer selection &gt; selects the video viewer for an MP4" time="0.029047917">
        </testcase>
        <testcase classname="src/app/dashboard/component/user/user-dataset/user-dataset-explorer/user-dataset-file-renderer/user-dataset-file-renderer.component.spec.ts" name="UserDatasetFileRendererComponent &gt; reloadFileContent viewer selection &gt; selects the audio viewer for an MP3" time="0.0106095">
        </testcase>
        <testcase classname="src/app/dashboard/component/user/user-dataset/user-dataset-explorer/user-dataset-file-renderer/user-dataset-file-renderer.component.spec.ts" name="UserDatasetFileRendererComponent &gt; reloadFileContent viewer selection &gt; selects the markdown viewer for a MD file" time="0.003538584">
        </testcase>
        <testcase classname="src/app/dashboard/component/user/user-dataset/user-dataset-explorer/user-dataset-file-renderer/user-dataset-file-renderer.component.spec.ts" name="UserDatasetFileRendererComponent &gt; reloadFileContent viewer selection &gt; selects the JSON viewer for a JSON file" time="0.00563125">
        </testcase>
        <testcase classname="src/app/dashboard/component/user/user-dataset/user-dataset-explorer/user-dataset-file-renderer/user-dataset-file-renderer.component.spec.ts" name="UserDatasetFileRendererComponent &gt; reloadFileContent viewer selection &gt; selects the CSV viewer and parses the file into the tabular header and content" time="0.064480583">
        </testcase>
        <testcase classname="src/app/dashboard/component/user/user-dataset/user-dataset-explorer/user-dataset-file-renderer/user-dataset-file-renderer.component.spec.ts" name="UserDatasetFileRendererComponent &gt; reloadFileContent viewer selection &gt; flags an oversized blob returned by the backend and warns the user" time="0.173001334">
        </testcase>
        <testcase classname="src/app/dashboard/component/user/user-dataset/user-dataset-explorer/user-dataset-file-renderer/user-dataset-file-renderer.component.spec.ts" name="UserDatasetFileRendererComponent &gt; reloadFileContent viewer selection &gt; re-checks preview support on the loaded blob and rejects an unsupported one" time="0.00598825">
        </testcase>
        <testcase classname="src/app/dashboard/component/user/user-dataset/user-dataset-explorer/user-dataset-file-renderer/user-dataset-file-renderer.component.spec.ts" name="UserDatasetFileRendererComponent &gt; reloadFileContent viewer selection &gt; does not fetch when the dataset ids are missing" time="0.007376333">
        </testcase>
        <testcase classname="src/app/dashboard/component/user/user-dataset/user-dataset-explorer/user-dataset-file-renderer/user-dataset-file-renderer.component.spec.ts" name="UserDatasetFileRendererComponent &gt; reloadFileContent viewer selection &gt; selects the spreadsheet viewer and parses the workbook into the table" time="0.068477458">
        </testcase>
        <testcase classname="src/app/dashboard/component/user/user-dataset/user-dataset-explorer/user-dataset-file-renderer/user-dataset-file-renderer.component.spec.ts" name="UserDatasetFileRendererComponent &gt; reloadFileContent viewer selection &gt; leaves the spreadsheet viewer off for a workbook with no rows" time="0.143578541">
        </testcase>
        <testcase classname="src/app/dashboard/component/user/user-dataset/user-dataset-explorer/user-dataset-file-renderer/user-dataset-file-renderer.component.spec.ts" name="UserDatasetFileRendererComponent &gt; CSV parsing outcomes &gt; leaves the table empty when the CSV has no rows" time="0.008794167">
        </testcase>
        <testcase classname="src/app/dashboard/component/user/user-dataset/user-dataset-explorer/user-dataset-file-renderer/user-dataset-file-renderer.component.spec.ts" name="UserDatasetFileRendererComponent &gt; CSV parsing outcomes &gt; flags a loading error when the CSV cannot be read" time="0.082565792">
        </testcase>
        <testcase classname="src/app/dashboard/component/user/user-dataset/user-dataset-explorer/user-dataset-file-renderer/user-dataset-file-renderer.component.spec.ts" name="UserDatasetFileRendererComponent rendering &gt; status messages &gt; shows a spinner while the file is loading" time="0.020131791">
        </testcase>
        <testcase classname="src/app/dashboard/component/user/user-dataset/user-dataset-explorer/user-dataset-file-renderer/user-dataset-file-renderer.component.spec.ts" name="UserDatasetFileRendererComponent rendering &gt; status messages &gt; shows an error alert when loading failed" time="0.012490792">
        </testcase>
        <testcase classname="src/app/dashboard/component/user/user-dataset/user-dataset-explorer/user-dataset-file-renderer/user-dataset-file-renderer.component.spec.ts" name="UserDatasetFileRendererComponent rendering &gt; status messages &gt; shows a distinct alert for a file that is too large" time="0.016370084">
        </testcase>
        <testcase classname="src/app/dashboard/component/user/user-dataset/user-dataset-explorer/user-dataset-file-renderer/user-dataset-file-renderer.component.spec.ts" name="UserDatasetFileRendererComponent rendering &gt; status messages &gt; shows a distinct alert for an unsupported file type" time="0.006194583">
        </testcase>
        <testcase classname="src/app/dashboard/component/user/user-dataset/user-dataset-explorer/user-dataset-file-renderer/user-dataset-file-renderer.component.spec.ts" name="UserDatasetFileRendererComponent rendering &gt; tabular preview &gt; renders the parsed header and cells for a CSV" time="0.032638708">
        </testcase>
        <testcase classname="src/app/dashboard/component/user/user-dataset/user-dataset-explorer/user-dataset-file-renderer/user-dataset-file-renderer.component.spec.ts" name="UserDatasetFileRendererComponent rendering &gt; tabular preview &gt; uses the same table for a spreadsheet" time="0.032638084">
        </testcase>
        <testcase classname="src/app/dashboard/component/user/user-dataset/user-dataset-explorer/user-dataset-file-renderer/user-dataset-file-renderer.component.spec.ts" name="UserDatasetFileRendererComponent rendering &gt; media previews &gt; renders an image and opens the full-size modal when it is clicked" time="0.015580333">
        </testcase>
        <testcase classname="src/app/dashboard/component/user/user-dataset/user-dataset-explorer/user-dataset-file-renderer/user-dataset-file-renderer.component.spec.ts" name="UserDatasetFileRendererComponent rendering &gt; media previews &gt; renders a video for an MP4 and not an audio player" time="0.00894175">
        </testcase>
        <testcase classname="src/app/dashboard/component/user/user-dataset/user-dataset-explorer/user-dataset-file-renderer/user-dataset-file-renderer.component.spec.ts" name="UserDatasetFileRendererComponent rendering &gt; media previews &gt; renders an audio player for an MP3 and not a video" time="0.003274583">
        </testcase>
        <testcase classname="src/app/dashboard/component/user/user-dataset/user-dataset-explorer/user-dataset-file-renderer/user-dataset-file-renderer.component.spec.ts" name="UserDatasetFileRendererComponent rendering &gt; media previews &gt; renders no media element while the safe URL is still missing" time="0.005305583">
        </testcase>
        <testcase classname="src/app/dashboard/component/user/user-dataset/user-dataset-explorer/user-dataset-file-renderer/user-dataset-file-renderer.component.spec.ts" name="UserDatasetFileRendererComponent rendering &gt; text previews &gt; renders markdown through the markdown viewer" time="0.009605625">
        </testcase>
        <testcase classname="src/app/dashboard/component/user/user-dataset/user-dataset-explorer/user-dataset-file-renderer/user-dataset-file-renderer.component.spec.ts" name="UserDatasetFileRendererComponent rendering &gt; text previews &gt; renders JSON through the JSON viewer" time="0.003428333">
        </testcase>
        <testcase classname="src/app/dashboard/component/user/user-dataset/user-dataset-explorer/user-dataset-file-renderer/user-dataset-file-renderer.component.spec.ts" name="UserDatasetFileRendererComponent rendering &gt; text previews &gt; renders plain text inline" time="0.002371667">
        </testcase>
        <testcase classname="src/app/dashboard/component/user/user-dataset/user-dataset-explorer/user-dataset-file-renderer/user-dataset-file-renderer.component.spec.ts" name="UserDatasetFileRendererComponent rendering &gt; renders nothing in the display area until a viewer is selected" time="0.012298333">
        </testcase>
        <testcase classname="src/app/dashboard/component/user/user-dataset/user-dataset-explorer/user-dataset-file-renderer/user-dataset-file-renderer.component.spec.ts" name="UserDatasetFileRendererComponent rendering &gt; fills the container height only when maximized" time="0.007905959">
        </testcase>
    </testsuite>
    <testsuite name="src/app/dashboard/component/user/user-dataset/user-dataset-explorer/user-dataset-version-creator/user-dataset-version-creator.component.spec.ts" timestamp="2026-09-01T22:49:41.862Z" hostname="dhcp-172-27-096-224.mobile.uci.edu" tests="19" failures="0" errors="0" skipped="0" time="0.401077375">
        <testcase classname="src/app/dashboard/component/user/user-dataset/user-dataset-explorer/user-dataset-version-creator/user-dataset-version-creator.component.spec.ts" name="UserDatasetVersionCreatorComponent &gt; should create and render the formly form (dataset-creation mode)" time="0.036849083">
        </testcase>
        <testcase classname="src/app/dashboard/component/user/user-dataset/user-dataset-explorer/user-dataset-version-creator/user-dataset-version-creator.component.spec.ts" name="UserDatasetVersionCreatorComponent &gt; ngOnInit builds the version-description field when creating a version" time="0.010295792">
        </testcase>
        <testcase classname="src/app/dashboard/component/user/user-dataset/user-dataset-explorer/user-dataset-version-creator/user-dataset-version-creator.component.spec.ts" name="UserDatasetVersionCreatorComponent &gt; ngOnInit builds the name + description fields when creating a dataset" time="0.007699959">
        </testcase>
        <testcase classname="src/app/dashboard/component/user/user-dataset/user-dataset-explorer/user-dataset-version-creator/user-dataset-version-creator.component.spec.ts" name="UserDatasetVersionCreatorComponent &gt; onClickCreate does nothing when the required name is empty (invalid form)" time="0.022824666">
        </testcase>
        <testcase classname="src/app/dashboard/component/user/user-dataset/user-dataset-explorer/user-dataset-version-creator/user-dataset-version-creator.component.spec.ts" name="UserDatasetVersionCreatorComponent &gt; onClickCreate creates a dataset with a sanitized name and closes the modal on success" time="0.027434709">
        </testcase>
        <testcase classname="src/app/dashboard/component/user/user-dataset/user-dataset-explorer/user-dataset-version-creator/user-dataset-version-creator.component.spec.ts" name="UserDatasetVersionCreatorComponent &gt; onClickCreate reports both the typed and the sanitized name when the name had to be rewritten" time="0.016005083">
        </testcase>
        <testcase classname="src/app/dashboard/component/user/user-dataset/user-dataset-explorer/user-dataset-version-creator/user-dataset-version-creator.component.spec.ts" name="UserDatasetVersionCreatorComponent &gt; onClickCreate reports a name that needed no rewriting just once" time="0.086145708">
        </testcase>
        <testcase classname="src/app/dashboard/component/user/user-dataset/user-dataset-explorer/user-dataset-version-creator/user-dataset-version-creator.component.spec.ts" name="UserDatasetVersionCreatorComponent &gt; onClickCreate notifies with the stored name and closes with null when dataset creation fails" time="0.014665292">
        </testcase>
        <testcase classname="src/app/dashboard/component/user/user-dataset/user-dataset-explorer/user-dataset-version-creator/user-dataset-version-creator.component.spec.ts" name="UserDatasetVersionCreatorComponent &gt; onClickCreate locks the form while the creation request is still outstanding" time="0.010574667">
        </testcase>
        <testcase classname="src/app/dashboard/component/user/user-dataset/user-dataset-explorer/user-dataset-version-creator/user-dataset-version-creator.component.spec.ts" name="UserDatasetVersionCreatorComponent &gt; onClickCreate creates a dataset version and closes the modal on success" time="0.010203333">
        </testcase>
        <testcase classname="src/app/dashboard/component/user/user-dataset/user-dataset-explorer/user-dataset-version-creator/user-dataset-version-creator.component.spec.ts" name="UserDatasetVersionCreatorComponent &gt; onClickCreate notifies and closes with null when version creation fails" time="0.02976175">
        </testcase>
        <testcase classname="src/app/dashboard/component/user/user-dataset/user-dataset-explorer/user-dataset-version-creator/user-dataset-version-creator.component.spec.ts" name="UserDatasetVersionCreatorComponent &gt; onClickCancel closes the modal with null" time="0.022416542">
        </testcase>
        <testcase classname="src/app/dashboard/component/user/user-dataset/user-dataset-explorer/user-dataset-version-creator/user-dataset-version-creator.component.spec.ts" name="UserDatasetVersionCreatorComponent &gt; datasetNameSanitization lowercases, dashes non-alphanumerics, and flags the change" time="0.022324375">
        </testcase>
        <testcase classname="src/app/dashboard/component/user/user-dataset/user-dataset-explorer/user-dataset-version-creator/user-dataset-version-creator.component.spec.ts" name="UserDatasetVersionCreatorComponent &gt; switch handlers toggle the public and downloadable flags" time="0.007218">
        </testcase>
        <testcase classname="src/app/dashboard/component/user/user-dataset/user-dataset-explorer/user-dataset-version-creator/user-dataset-version-creator.component.spec.ts" name="UserDatasetVersionCreatorComponent &gt; rendered controls &gt; submits the dataset from the create button" time="0.025688375">
        </testcase>
        <testcase classname="src/app/dashboard/component/user/user-dataset/user-dataset-explorer/user-dataset-version-creator/user-dataset-version-creator.component.spec.ts" name="UserDatasetVersionCreatorComponent &gt; rendered controls &gt; dismisses the modal from the cancel button without creating anything" time="0.016555542">
        </testcase>
        <testcase classname="src/app/dashboard/component/user/user-dataset/user-dataset-explorer/user-dataset-version-creator/user-dataset-version-creator.component.spec.ts" name="UserDatasetVersionCreatorComponent &gt; rendered controls &gt; routes the first switch to the dataset&apos;s visibility only" time="0.015993208">
        </testcase>
        <testcase classname="src/app/dashboard/component/user/user-dataset/user-dataset-explorer/user-dataset-version-creator/user-dataset-version-creator.component.spec.ts" name="UserDatasetVersionCreatorComponent &gt; rendered controls &gt; routes the second switch to the dataset&apos;s downloadability only" time="0.011968292">
        </testcase>
        <testcase classname="src/app/dashboard/component/user/user-dataset/user-dataset-explorer/user-dataset-version-creator/user-dataset-version-creator.component.spec.ts" name="UserDatasetVersionCreatorComponent &gt; rendered controls &gt; offers no visibility or downloadability switch when adding a version" time="0.00597625">
        </testcase>
    </testsuite>
    <testsuite name="src/app/dashboard/component/user/user-dataset/user-dataset-explorer/user-dataset-version-filetree/user-dataset-version-filetree.component.spec.ts" timestamp="2026-09-01T22:49:41.863Z" hostname="dhcp-172-27-096-224.mobile.uci.edu" tests="17" failures="0" errors="0" skipped="0" time="0.291288292">
        <testcase classname="src/app/dashboard/component/user/user-dataset/user-dataset-explorer/user-dataset-version-filetree/user-dataset-version-filetree.component.spec.ts" name="UserDatasetVersionFiletreeComponent &gt; enables virtual scrolling with the 24px node height the row styles pin" time="0.006681167">
        </testcase>
        <testcase classname="src/app/dashboard/component/user/user-dataset/user-dataset-explorer/user-dataset-version-filetree/user-dataset-version-filetree.component.spec.ts" name="UserDatasetVersionFiletreeComponent &gt; keeps the full tree in the model without one DOM row per file" time="0.056753458">
        </testcase>
        <testcase classname="src/app/dashboard/component/user/user-dataset/user-dataset-explorer/user-dataset-version-filetree/user-dataset-version-filetree.component.spec.ts" name="UserDatasetVersionFiletreeComponent &gt; collapses the container when there are no files" time="0.004470875">
        </testcase>
        <testcase classname="src/app/dashboard/component/user/user-dataset/user-dataset-explorer/user-dataset-version-filetree/user-dataset-version-filetree.component.spec.ts" name="UserDatasetVersionFiletreeComponent &gt; sizes the container to its content for small trees" time="0.014229042">
        </testcase>
        <testcase classname="src/app/dashboard/component/user/user-dataset/user-dataset-explorer/user-dataset-version-filetree/user-dataset-version-filetree.component.spec.ts" name="UserDatasetVersionFiletreeComponent &gt; caps the container height at 200px for large trees" time="0.05886725">
        </testcase>
        <testcase classname="src/app/dashboard/component/user/user-dataset/user-dataset-explorer/user-dataset-version-filetree/user-dataset-version-filetree.component.spec.ts" name="UserDatasetVersionFiletreeComponent &gt; counts nested folder contents when sizing the container" time="0.005136167">
        </testcase>
        <testcase classname="src/app/dashboard/component/user/user-dataset/user-dataset-explorer/user-dataset-version-filetree/user-dataset-version-filetree.component.spec.ts" name="UserDatasetVersionFiletreeComponent &gt; treats a missing files input as an empty tree" time="0.006692709">
        </testcase>
        <testcase classname="src/app/dashboard/component/user/user-dataset/user-dataset-explorer/user-dataset-version-filetree/user-dataset-version-filetree.component.spec.ts" name="UserDatasetVersionFiletreeComponent &gt; expands all folders after view init when isExpandAllAfterViewInit is set" time="0.006746292">
        </testcase>
        <testcase classname="src/app/dashboard/component/user/user-dataset/user-dataset-explorer/user-dataset-version-filetree/user-dataset-version-filetree.component.spec.ts" name="UserDatasetVersionFiletreeComponent &gt; toggles expansion without emitting selectedTreeNode when a folder is clicked" time="0.003399916">
        </testcase>
        <testcase classname="src/app/dashboard/component/user/user-dataset/user-dataset-explorer/user-dataset-version-filetree/user-dataset-version-filetree.component.spec.ts" name="UserDatasetVersionFiletreeComponent &gt; emits selectedTreeNode when a leaf node is clicked" time="0.0043515">
        </testcase>
        <testcase classname="src/app/dashboard/component/user/user-dataset/user-dataset-explorer/user-dataset-version-filetree/user-dataset-version-filetree.component.spec.ts" name="UserDatasetVersionFiletreeComponent &gt; emits deletedTreeNode when a node deletion is requested" time="0.003180083">
        </testcase>
        <testcase classname="src/app/dashboard/component/user/user-dataset/user-dataset-explorer/user-dataset-version-filetree/user-dataset-version-filetree.component.spec.ts" name="UserDatasetVersionFiletreeComponent &gt; identifies image files by extension, case-insensitively" time="0.006344709">
        </testcase>
        <testcase classname="src/app/dashboard/component/user/user-dataset/user-dataset-explorer/user-dataset-version-filetree/user-dataset-version-filetree.component.spec.ts" name="UserDatasetVersionFiletreeComponent &gt; node template &gt; marks folders and files with their own icon, and labels every row" time="0.0277355">
        </testcase>
        <testcase classname="src/app/dashboard/component/user/user-dataset/user-dataset-explorer/user-dataset-version-filetree/user-dataset-version-filetree.component.spec.ts" name="UserDatasetVersionFiletreeComponent &gt; node template &gt; offers deletion on files only, and never on the folders holding them" time="0.020390958">
        </testcase>
        <testcase classname="src/app/dashboard/component/user/user-dataset/user-dataset-explorer/user-dataset-version-filetree/user-dataset-version-filetree.component.spec.ts" name="UserDatasetVersionFiletreeComponent &gt; node template &gt; withholds deletion entirely when the tree is not deletable" time="0.035528542">
        </testcase>
        <testcase classname="src/app/dashboard/component/user/user-dataset/user-dataset-explorer/user-dataset-version-filetree/user-dataset-version-filetree.component.spec.ts" name="UserDatasetVersionFiletreeComponent &gt; node template &gt; offers Set-as-cover on image files only" time="0.02770825">
        </testcase>
        <testcase classname="src/app/dashboard/component/user/user-dataset/user-dataset-explorer/user-dataset-version-filetree/user-dataset-version-filetree.component.spec.ts" name="UserDatasetVersionFiletreeComponent &gt; emits the file&apos;s dataset-relative path when set as cover" time="0.0021665">
        </testcase>
    </testsuite>
    <testsuite name="src/app/dashboard/component/user/user-workflow/ngbd-modal-workflow-executions/workflow-runtime-statistics/workflow-runtime-statistics.component.spec.ts" timestamp="2026-09-01T22:49:41.864Z" hostname="dhcp-172-27-096-224.mobile.uci.edu" tests="12" failures="0" errors="0" skipped="0" time="0.53203025">
        <testcase classname="src/app/dashboard/component/user/user-workflow/ngbd-modal-workflow-executions/workflow-runtime-statistics/workflow-runtime-statistics.component.spec.ts" name="WorkflowRuntimeStatisticsComponent &gt; should create" time="0.162924834">
        </testcase>
        <testcase classname="src/app/dashboard/component/user/user-workflow/ngbd-modal-workflow-executions/workflow-runtime-statistics/workflow-runtime-statistics.component.spec.ts" name="WorkflowRuntimeStatisticsComponent &gt; ngOnInit plots the metric-0 dataset and layout onto the #chart div" time="0.081801333">
        </testcase>
        <testcase classname="src/app/dashboard/component/user/user-workflow/ngbd-modal-workflow-executions/workflow-runtime-statistics/workflow-runtime-statistics.component.spec.ts" name="WorkflowRuntimeStatisticsComponent &gt; ngOnInit warns and does not plot when workflowRuntimeStatistics is undefined" time="0.019144916">
        </testcase>
        <testcase classname="src/app/dashboard/component/user/user-workflow/ngbd-modal-workflow-executions/workflow-runtime-statistics/workflow-runtime-statistics.component.spec.ts" name="WorkflowRuntimeStatisticsComponent &gt; groupStatisticsByOperatorId converts ns-&gt;s, makes timestamps relative, and groups repeated operatorIds" time="0.002401792">
        </testcase>
        <testcase classname="src/app/dashboard/component/user/user-workflow/ngbd-modal-workflow-executions/workflow-runtime-statistics/workflow-runtime-statistics.component.spec.ts" name="WorkflowRuntimeStatisticsComponent &gt; groupStatisticsByOperatorId skips stats missing an operatorId" time="0.010334541">
        </testcase>
        <testcase classname="src/app/dashboard/component/user/user-workflow/ngbd-modal-workflow-executions/workflow-runtime-statistics/workflow-runtime-statistics.component.spec.ts" name="WorkflowRuntimeStatisticsComponent &gt; createDataset removes sink operators and names series &apos;&lt;operatorName&gt;-&lt;last6ofId&gt;&apos;" time="0.017274625">
        </testcase>
        <testcase classname="src/app/dashboard/component/user/user-workflow/ngbd-modal-workflow-executions/workflow-runtime-statistics/workflow-runtime-statistics.component.spec.ts" name="WorkflowRuntimeStatisticsComponent &gt; createDataset selects the metric by index and scales x by 1/1000" time="0.013123625">
        </testcase>
        <testcase classname="src/app/dashboard/component/user/user-workflow/ngbd-modal-workflow-executions/workflow-runtime-statistics/workflow-runtime-statistics.component.spec.ts" name="WorkflowRuntimeStatisticsComponent &gt; onTabChanged re-plots the newly selected metric onto the #chart div" time="0.133882292">
        </testcase>
        <testcase classname="src/app/dashboard/component/user/user-workflow/ngbd-modal-workflow-executions/workflow-runtime-statistics/workflow-runtime-statistics.component.spec.ts" name="WorkflowRuntimeStatisticsComponent &gt; createChart warns and does not plot when the dataset is empty (only a sink operator)" time="0.027804917">
        </testcase>
        <testcase classname="src/app/dashboard/component/user/user-workflow/ngbd-modal-workflow-executions/workflow-runtime-statistics/workflow-runtime-statistics.component.spec.ts" name="WorkflowRuntimeStatisticsComponent &gt; createChart warns twice and does not plot when the statistics array is empty" time="0.023223625">
        </testcase>
        <testcase classname="src/app/dashboard/component/user/user-workflow/ngbd-modal-workflow-executions/workflow-runtime-statistics/workflow-runtime-statistics.component.spec.ts" name="WorkflowRuntimeStatisticsComponent &gt; onTabChanged after a statistics-less init yields an empty dataset and warns instead of plotting" time="0.034177791">
        </testcase>
        <testcase classname="src/app/dashboard/component/user/user-workflow/ngbd-modal-workflow-executions/workflow-runtime-statistics/workflow-runtime-statistics.component.spec.ts" name="WorkflowRuntimeStatisticsComponent &gt; createDataset falls back to the numberOfWorkers metric for an out-of-range metric index" time="0.005578334">
        </testcase>
    </testsuite>
</testsuites>
